ARM Linker, 4.1 [Build 791] [Professional]

==============================================================================

Section Cross References

    main.o(.text) refers to flash_if.o(.text) for App_SetVectorTable
    main.o(.text) refers to mymiscfunc.o(.text) for Delay
    main.o(.text) refers to myboard.o(.text) for RCC_Configuration
    main.o(.text) refers to mytimer.o(.text) for SysTick_Init
    main.o(.text) refers to p_sys.o(.text) for feed_dog
    main.o(.text) refers to myapp.o(.text) for AppInit
    main.o(.text) refers to mystorage.o(.text) for StorageInit
    main.o(.text) refers to mynet.o(.text) for NetInit
    main.o(.text) refers to process_ledscreen.o(.text) for ledscreen_init
    main.o(.text) refers to mylwip.o(.text) for LwipProcess
    main.o(.text) refers to process_net.o(.text) for udp_CtrlMsg_send_process
    main.o(.text) refers to mycommander.o(.text) for send_AppInfo
    main.o(.text) refers to main.o(.data) for timer_3
    main.o(.text) refers to mytimer.o(.data) for MyTmCnt10
    p_sys.o(.text) refers to stm32f2xx_gpio.o(.text) for GPIO_Init
    p_sys.o(.text) refers to p_sys.o(.data) for tmp
    p_sys.o(.text) refers to process_ledscreen.o(.data) for roll_speed
    p_sys.o(.text) refers to main.o(.data) for timer2_flag
    hc595.o(.text) refers to stm32f2xx_gpio.o(.text) for GPIO_SetBits
    hc595.o(.text) refers to process_ledscreen.o(.text) for clr_led_buf
    hc595.o(.text) refers to mymiscfunc.o(.text) for Delay
    hc595.o(.text) refers to hc595.o(.constdata) for led_row_select
    hc595.o(.text) refers to hc595.o(.data) for line_No
    hc595.o(.text) refers to hc595.o(.bss) for green_CN
    hc595.o(.text) refers to process_ledscreen.o(.data) for brightness
    hc595.o(.text) refers to main.o(.data) for refresh_flag
    myapp.o(.text) refers to bsp_dev_id.o(.text) for get_devecie_id
    myapp.o(.text) refers to mycommander.o(.text) for CommanderInit
    myapp.o(.text) refers to mystorage.o(.text) for StorageInfoSave
    myapp.o(.text) refers to myapp.o(.data) for AppStartTimer
    myaudio.o(.text) refers to myi2s.o(.text) for L3Uda1341SetVolume
    myaudio.o(.text) refers to mystorage.o(.text) for StorageInfoSave
    myaudio.o(.text) refers to mymiscfunc.o(.text) for Delay
    myaudio.o(.text) refers to myaudio.o(.data) for AudioVolume
    myaudio.o(.text) refers to myaudio.o(.bss) for ListenLeftFifo
    myaudio.o(.text) refers to myi2s.o(.data) for DmaPlayFlag
    myboard.o(.text) refers to stm32f2xx_rcc.o(.text) for RCC_AHB1PeriphClockCmd
    myboard.o(.text) refers to stm32f2xx_gpio.o(.text) for GPIO_Init
    myboard.o(.text) refers to p_sys.o(.text) for watchdog_GPIO_config
    myboard.o(.text) refers to bsp_dev_id.o(.text) for Device_id_GPIO_config
    myboard.o(.text) refers to hc595.o(.text) for HC595_GPIO_config
    mycommander.o(.text) refers to _printf_percent.o(.ARM.Collect$$_printf_percent$$00000000) for _printf_percent
    mycommander.o(.text) refers to _printf_d.o(.ARM.Collect$$_printf_percent$$00000009) for _printf_d
    mycommander.o(.text) refers to _printf_dec.o(.text) for _printf_int_dec
    mycommander.o(.text) refers to strlen.o(.text) for strlen
    mycommander.o(.text) refers to mylwip.o(.text) for UdpCommanderSend
    mycommander.o(.text) refers to rt_memclr.o(.text) for __aeabi_memclr
    mycommander.o(.text) refers to noretval__2sprintf.o(.text) for __2sprintf
    mycommander.o(.text) refers to rt_memcpy_w.o(.text) for __aeabi_memcpy4
    mycommander.o(.text) refers to rt_memclr_w.o(.text) for __aeabi_memclr4
    mycommander.o(.text) refers to mymiscfunc.o(.text) for LineToWords
    mycommander.o(.text) refers to strcmpv7m.o(.text) for strcmp
    mycommander.o(.text) refers to mynet.o(.text) for NetSetLocalIp4
    mycommander.o(.text) refers to myapp.o(.text) for SetDeviceId
    mycommander.o(.text) refers to myaudio.o(.text) for AudioSetVolume
    mycommander.o(.text) refers to mycommander.o(.bss) for OutStr
    mycommander.o(.text) refers to myapp.o(.data) for TrainId
    mycommander.o(.text) refers to mynet.o(.data) for NetLocalIp
    mycommander.o(.text) refers to mycommander.o(.constdata) for .constdata
    myethernet.o(.text) refers to stm32f2xx_rcc.o(.text) for RCC_AHB1PeriphClockCmd
    myethernet.o(.text) refers to stm32f2x7_eth.o(.text) for ETH_DeInit
    myethernet.o(.text) refers to stm32f2xx_gpio.o(.text) for GPIO_Init
    myethernet.o(.text) refers to stm32f2xx_syscfg.o(.text) for SYSCFG_ETH_MediaInterfaceConfig
    myethernet.o(.text) refers to myethernet.o(.data) for EthInitStatus
    myflash.o(.text) refers to stm32f2xx_flash.o(.text) for FLASH_Unlock
    myflash.o(.text) refers to myflash.o(.data) for FlashPage1Addr
    myflash.o(.text) refers to mystorage.o(.bss) for StorageInfo
    myhttpd.o(.text) refers to _printf_percent.o(.ARM.Collect$$_printf_percent$$00000000) for _printf_percent
    myhttpd.o(.text) refers to _printf_s.o(.ARM.Collect$$_printf_percent$$00000014) for _printf_s
[...]
    SPI3_IRQHandler                          0x08063563   Thumb Code     0  startup_stm32f2xx.o(.text)
    TAMP_STAMP_IRQHandler                    0x08063563   Thumb Code     0  startup_stm32f2xx.o(.text)
    TIM1_BRK_TIM9_IRQHandler                 0x08063563   Thumb Code     0  startup_stm32f2xx.o(.text)
    TIM1_CC_IRQHandler                       0x08063563   Thumb Code     0  startup_stm32f2xx.o(.text)
    TIM1_TRG_COM_TIM11_IRQHandler            0x08063563   Thumb Code     0  startup_stm32f2xx.o(.text)
    TIM1_UP_TIM10_IRQHandler                 0x08063563   Thumb Code     0  startup_stm32f2xx.o(.text)
    TIM2_IRQHandler                          0x08063563   Thumb Code     0  startup_stm32f2xx.o(.text)
    TIM3_IRQHandler                          0x08063563   Thumb Code     0  startup_stm32f2xx.o(.text)
    TIM4_IRQHandler                          0x08063563   Thumb Code     0  startup_stm32f2xx.o(.text)
    TIM5_IRQHandler                          0x08063563   Thumb Code     0  startup_stm32f2xx.o(.text)
    TIM6_DAC_IRQHandler                      0x08063563   Thumb Code     0  startup_stm32f2xx.o(.text)
    TIM7_IRQHandler                          0x08063563   Thumb Code     0  startup_stm32f2xx.o(.text)
    TIM8_BRK_TIM12_IRQHandler                0x08063563   Thumb Code     0  startup_stm32f2xx.o(.text)
    TIM8_CC_IRQHandler                       0x08063563   Thumb Code     0  startup_stm32f2xx.o(.text)
    TIM8_TRG_COM_TIM14_IRQHandler            0x08063563   Thumb Code     0  startup_stm32f2xx.o(.text)
    TIM8_UP_TIM13_IRQHandler                 0x08063563   Thumb Code     0  startup_stm32f2xx.o(.text)
    UART4_IRQHandler                         0x08063563   Thumb Code     0  startup_stm32f2xx.o(.text)
    UART5_IRQHandler                         0x08063563   Thumb Code     0  startup_stm32f2xx.o(.text)
    USART1_IRQHandler                        0x08063563   Thumb Code     0  startup_stm32f2xx.o(.text)
    USART2_IRQHandler                        0x08063563   Thumb Code     0  startup_stm32f2xx.o(.text)
    USART3_IRQHandler                        0x08063563   Thumb Code     0  startup_stm32f2xx.o(.text)
    USART6_IRQHandler                        0x08063563   Thumb Code     0  startup_stm32f2xx.o(.text)
    WWDG_IRQHandler                          0x08063563   Thumb Code     0  startup_stm32f2xx.o(.text)
    __user_initial_stackheap                 0x08063565   Thumb Code     0  startup_stm32f2xx.o(.text)
    SystemInit                               0x08063633   Thumb Code    78  system_stm32f2xx.o(.text)
    SystemCoreClockUpdate                    0x08063681   Thumb Code   172  system_stm32f2xx.o(.text)
    ETH_DeInit                               0x08063773   Thumb Code    22  stm32f2x7_eth.o(.text)
    ETH_StructInit                           0x08063789   Thumb Code   210  stm32f2x7_eth.o(.text)
    ETH_Init                                 0x0806385b   Thumb Code   516  stm32f2x7_eth.o(.text)
    ETH_DMAReceptionCmd                      0x08063a5f   Thumb Code    30  stm32f2x7_eth.o(.text)
    ETH_DMATransmissionCmd                   0x08063a7d   Thumb Code    30  stm32f2x7_eth.o(.text)
    ETH_MACReceptionCmd                      0x08063a9b   Thumb Code    30  stm32f2x7_eth.o(.text)
    ETH_FlushTransmitFIFO                    0x08063ab9   Thumb Code    14  stm32f2x7_eth.o(.text)
    ETH_MACTransmissionCmd                   0x08063ac7   Thumb Code    30  stm32f2x7_eth.o(.text)
    ETH_Start                                0x08063ae5   Thumb Code    32  stm32f2x7_eth.o(.text)
    ETH_GetFlowControlBusyStatus             0x08063b05   Thumb Code    26  stm32f2x7_eth.o(.text)
    ETH_InitiatePauseControlFrame            0x08063b1f   Thumb Code    14  stm32f2x7_eth.o(.text)
    ETH_BackPressureActivationCmd            0x08063b2d   Thumb Code    30  stm32f2x7_eth.o(.text)
    ETH_GetMACFlagStatus                     0x08063b4b   Thumb Code    26  stm32f2x7_eth.o(.text)
    ETH_GetMACITStatus                       0x08063b65   Thumb Code    26  stm32f2x7_eth.o(.text)
    ETH_MACITConfig                          0x08063b7f   Thumb Code    30  stm32f2x7_eth.o(.text)
    ETH_MACAddressConfig                     0x08063b9d   Thumb Code    48  stm32f2x7_eth.o(.text)
    ETH_GetMACAddress                        0x08063bcd   Thumb Code    44  stm32f2x7_eth.o(.text)
    ETH_MACAddressPerfectFilterCmd           0x08063bf9   Thumb Code    38  stm32f2x7_eth.o(.text)
    ETH_MACAddressFilterConfig               0x08063c1f   Thumb Code    82  stm32f2x7_eth.o(.text)
    ETH_MACAddressMaskBytesFilterConfig      0x08063c71   Thumb Code    34  stm32f2x7_eth.o(.text)
    ETH_Get_Received_Frame                   0x08063c93   Thumb Code    86  stm32f2x7_eth.o(.text)
    ETH_Get_Received_Frame_interrupt         0x08063ce9   Thumb Code   274  stm32f2x7_eth.o(.text)
    ETH_Prepare_Transmit_Descriptors         0x08063dfb   Thumb Code   240  stm32f2x7_eth.o(.text)
    ETH_DMARxDescChainInit                   0x08063eeb   Thumb Code    90  stm32f2x7_eth.o(.text)
    ETH_CheckFrameReceived                   0x08063f45   Thumb Code   200  stm32f2x7_eth.o(.text)
    ETH_DMATxDescChainInit                   0x0806400d   Thumb Code   104  stm32f2x7_eth.o(.text)
    ETH_GetDMATxDescFlagStatus               0x08064075   Thumb Code    24  stm32f2x7_eth.o(.text)
    ETH_GetDMATxDescCollisionCount           0x0806408d   Thumb Code    10  stm32f2x7_eth.o(.text)
    ETH_SetDMATxDescOwnBit                   0x08064097   Thumb Code    10  stm32f2x7_eth.o(.text)
    ETH_DMATxDescTransmitITConfig            0x080640a1   Thumb Code    22  stm32f2x7_eth.o(.text)
    ETH_DMATxDescFrameSegmentConfig          0x080640b7   Thumb Code    10  stm32f2x7_eth.o(.text)
    ETH_DMATxDescChecksumInsertionConfig     0x080640c1   Thumb Code    10  stm32f2x7_eth.o(.text)
    ETH_DMATxDescCRCCmd                      0x080640cb   Thumb Code    22  stm32f2x7_eth.o(.text)
    ETH_DMATxDescSecondAddressChainedCmd     0x080640e1   Thumb Code    22  stm32f2x7_eth.o(.text)
    ETH_DMATxDescShortFramePaddingCmd        0x080640f7   Thumb Code    22  stm32f2x7_eth.o(.text)
    ETH_DMATxDescBufferSizeConfig            0x0806410d   Thumb Code    16  stm32f2x7_eth.o(.text)
    ETH_GetDMARxDescFlagStatus               0x0806411d   Thumb Code    24  stm32f2x7_eth.o(.text)
    ETH_GetDMAPTPRxDescExtendedFlagStatus    0x08064135   Thumb Code    24  stm32f2x7_eth.o(.text)
    ETH_SetDMARxDescOwnBit                   0x0806414d   Thumb Code    10  stm32f2x7_eth.o(.text)
    ETH_GetDMARxDescFrameLength              0x08064157   Thumb Code    10  stm32f2x7_eth.o(.text)
    ETH_DMARxDescReceiveITConfig             0x08064161   Thumb Code    22  stm32f2x7_eth.o(.text)
    ETH_GetDMARxDescBufferSize               0x08064177   Thumb Code    20  stm32f2x7_eth.o(.text)
    ETH_GetRxPktSize                         0x0806418b   Thumb Code    44  stm32f2x7_eth.o(.text)
    ETH_EnhancedDescriptorCmd                0x080641b7   Thumb Code    30  stm32f2x7_eth.o(.text)
    ETH_SoftwareReset                        0x080641d5   Thumb Code    14  stm32f2x7_eth.o(.text)
    ETH_GetSoftwareResetStatus               0x080641e3   Thumb Code    26  stm32f2x7_eth.o(.text)
    ETH_GetDMAFlagStatus                     0x080641fd   Thumb Code    26  stm32f2x7_eth.o(.text)
    ETH_DMAClearFlag                         0x08064217   Thumb Code     6  stm32f2x7_eth.o(.text)
    ETH_DMAITConfig                          0x0806421d   Thumb Code    30  stm32f2x7_eth.o(.text)
    ETH_GetDMAITStatus                       0x0806423b   Thumb Code    26  stm32f2x7_eth.o(.text)
    ETH_DMAClearITPendingBit                 0x08064255   Thumb Code     6  stm32f2x7_eth.o(.text)
    ETH_GetTransmitProcessState              0x0806425b   Thumb Code    10  stm32f2x7_eth.o(.text)
    ETH_GetReceiveProcessState               0x08064265   Thumb Code    10  stm32f2x7_eth.o(.text)
    ETH_GetFlushTransmitFIFOStatus           0x0806426f   Thumb Code    26  stm32f2x7_eth.o(.text)
    ETH_GetDMAOverflowStatus                 0x08064289   Thumb Code    26  stm32f2x7_eth.o(.text)
    ETH_GetRxOverflowMissedFrameCounter      0x080642a3   Thumb Code    10  stm32f2x7_eth.o(.text)
    ETH_GetBufferUnavailableMissedFrameCounter 0x080642ad   Thumb Code     8  stm32f2x7_eth.o(.text)
    ETH_GetCurrentTxDescStartAddress         0x080642b5   Thumb Code     6  stm32f2x7_eth.o(.text)
    ETH_GetCurrentRxDescStartAddress         0x080642bb   Thumb Code     6  stm32f2x7_eth.o(.text)
    ETH_GetCurrentTxBufferAddress            0x080642c1   Thumb Code     6  stm32f2x7_eth.o(.text)
    ETH_GetCurrentRxBufferAddress            0x080642c7   Thumb Code     6  stm32f2x7_eth.o(.text)
    ETH_ResumeDMATransmission                0x080642cd   Thumb Code    10  stm32f2x7_eth.o(.text)
    ETH_ResumeDMAReception                   0x080642d7   Thumb Code    10  stm32f2x7_eth.o(.text)
    ETH_SetReceiveWatchdogTimer              0x080642e1   Thumb Code     6  stm32f2x7_eth.o(.text)
    ETH_ReadPHYRegister                      0x080642e7   Thumb Code    96  stm32f2x7_eth.o(.text)
    ETH_WritePHYRegister                     0x08064347   Thumb Code    96  stm32f2x7_eth.o(.text)
    ETH_PHYLoopBackCmd                       0x080643a7   Thumb Code    56  stm32f2x7_eth.o(.text)
    ETH_ResetWakeUpFrameFilterRegisterPointer 0x080643df   Thumb Code    14  stm32f2x7_eth.o(.text)
    ETH_SetWakeUpFrameFilterRegister         0x080643ed   Thumb Code    28  stm32f2x7_eth.o(.text)
    ETH_GlobalUnicastWakeUpCmd               0x08064409   Thumb Code    30  stm32f2x7_eth.o(.text)
    ETH_GetPMTFlagStatus                     0x08064427   Thumb Code    26  stm32f2x7_eth.o(.text)
    ETH_WakeUpFrameDetectionCmd              0x08064441   Thumb Code    30  stm32f2x7_eth.o(.text)
    ETH_MagicPacketDetectionCmd              0x0806445f   Thumb Code    30  stm32f2x7_eth.o(.text)
    ETH_PowerDownCmd                         0x0806447d   Thumb Code    30  stm32f2x7_eth.o(.text)
    ETH_MMCCounterFullPreset                 0x0806449b   Thumb Code    16  stm32f2x7_eth.o(.text)
    ETH_MMCCounterHalfPreset                 0x080644ab   Thumb Code    30  stm32f2x7_eth.o(.text)
    ETH_MMCCounterFreezeCmd                  0x080644c9   Thumb Code    34  stm32f2x7_eth.o(.text)
    ETH_MMCResetOnReadCmd                    0x080644eb   Thumb Code    34  stm32f2x7_eth.o(.text)
    ETH_MMCCounterRolloverCmd                0x0806450d   Thumb Code    34  stm32f2x7_eth.o(.text)
    ETH_MMCCountersReset                     0x0806452f   Thumb Code    16  stm32f2x7_eth.o(.text)
    ETH_MMCITConfig                          0x0806453f   Thumb Code    78  stm32f2x7_eth.o(.text)
    ETH_GetMMCITStatus                       0x0806458d   Thumb Code    96  stm32f2x7_eth.o(.text)
    ETH_GetMMCRegister                       0x080645ed   Thumb Code     8  stm32f2x7_eth.o(.text)
    mem_init                                 0x08064681   Thumb Code    86  mem.o(.text)
    mem_free                                 0x080646d7   Thumb Code    70  mem.o(.text)
    mem_realloc                              0x0806471d   Thumb Code   302  mem.o(.text)
    mem_malloc                               0x0806484b   Thumb Code   244  mem.o(.text)
    mem_calloc                               0x0806493f   Thumb Code    34  mem.o(.text)
    memp_init                                0x08064975   Thumb Code    94  memp.o(.text)
    memp_malloc                              0x080649d3   Thumb Code    40  memp.o(.text)
    memp_free                                0x080649fb   Thumb Code    28  memp.o(.text)
    netif_set_gw                             0x08064a29   Thumb Code    14  netif.o(.text)
    netif_set_netmask                        0x08064a37   Thumb Code    14  netif.o(.text)
    netif_set_ipaddr                         0x08064a45   Thumb Code   114  netif.o(.text)
    netif_set_addr                           0x08064ab7   Thumb Code    40  netif.o(.text)
    netif_add                                0x08064adf   Thumb Code   102  netif.o(.text)
    netif_set_default                        0x08064b45   Thumb Code     6  netif.o(.text)
    netif_remove                             0x08064b4b   Thumb Code    74  netif.o(.text)
    netif_find                               0x08064b95   Thumb Code    66  netif.o(.text)
    netif_set_up                             0x08064bd7   Thumb Code    44  netif.o(.text)
    netif_set_down                           0x08064c03   Thumb Code    24  netif.o(.text)
    netif_is_up                              0x08064c1b   Thumb Code    12  netif.o(.text)
    pbuf_free                                0x08064c3d   Thumb Code   118  pbuf.o(.text)
    pbuf_alloc                               0x08064cb3   Thumb Code   442  pbuf.o(.text)
    pbuf_realloc                             0x08064e6d   Thumb Code   124  pbuf.o(.text)
    pbuf_header                              0x08064ee9   Thumb Code   134  pbuf.o(.text)
    pbuf_clen                                0x08064f6f   Thumb Code    22  pbuf.o(.text)
    pbuf_ref                                 0x08064f85   Thumb Code    12  pbuf.o(.text)
    pbuf_cat                                 0x08064f91   Thumb Code    56  pbuf.o(.text)
    pbuf_chain                               0x08064fc9   Thumb Code    22  pbuf.o(.text)
    pbuf_dechain                             0x08064fdf   Thumb Code    62  pbuf.o(.text)
    pbuf_copy                                0x0806501d   Thumb Code   192  pbuf.o(.text)
    pbuf_copy_partial                        0x080650dd   Thumb Code   154  pbuf.o(.text)
    pbuf_take                                0x08065177   Thumb Code   116  pbuf.o(.text)
    pbuf_coalesce                            0x080651eb   Thumb Code    60  pbuf.o(.text)
    raw_input                                0x08065229   Thumb Code   102  raw.o(.text)
    raw_bind                                 0x0806528f   Thumb Code    18  raw.o(.text)
    raw_connect                              0x080652a1   Thumb Code    18  raw.o(.text)
    raw_recv                                 0x080652b3   Thumb Code     6  raw.o(.text)
    raw_sendto                               0x080652b9   Thumb Code   156  raw.o(.text)
    raw_send                                 0x08065355   Thumb Code    20  raw.o(.text)
    raw_remove                               0x08065369   Thumb Code    60  raw.o(.text)
    raw_new                                  0x080653a5   Thumb Code    46  raw.o(.text)
    tcp_seg_free                             0x080653d9   Thumb Code    34  tcp.o(.text)
    tcp_segs_free                            0x080653fb   Thumb Code    32  tcp.o(.text)
    tcp_pcb_purge                            0x0806541b   Thumb Code    58  tcp.o(.text)
    tcp_slowtmr                              0x08065455   Thumb Code   758  tcp.o(.text)
    tcp_pcb_remove                           0x0806574b   Thumb Code   150  tcp.o(.text)
    tcp_close                                0x080657e1   Thumb Code   292  tcp.o(.text)
    tcp_update_rcv_ann_wnd                   0x08065905   Thumb Code    78  tcp.o(.text)
    tcp_recved                               0x08065953   Thumb Code    70  tcp.o(.text)
    tcp_recv_null                            0x08065999   Thumb Code    46  tcp.o(.text)
    tcp_fasttmr                              0x080659c7   Thumb Code   116  tcp.o(.text)
    tcp_tmr                                  0x08065a3b   Thumb Code    32  tcp.o(.text)
    tcp_abandon                              0x08065a5b   Thumb Code   148  tcp.o(.text)
    tcp_bind                                 0x08065b57   Thumb Code   228  tcp.o(.text)
    tcp_listen_with_backlog                  0x08065c43   Thumb Code   224  tcp.o(.text)
    tcp_eff_send_mss                         0x08065d23   Thumb Code    48  tcp.o(.text)
    tcp_next_iss                             0x08065d53   Thumb Code    20  tcp.o(.text)
    tcp_connect                              0x08065d67   Thumb Code   282  tcp.o(.text)
    tcp_setprio                              0x08065e81   Thumb Code     4  tcp.o(.text)
    tcp_alloc                                0x08065f0f   Thumb Code   200  tcp.o(.text)
    tcp_new                                  0x08065fd7   Thumb Code    10  tcp.o(.text)
    tcp_arg                                  0x08065fe1   Thumb Code     4  tcp.o(.text)
    tcp_recv                                 0x08065fe5   Thumb Code     6  tcp.o(.text)
    tcp_sent                                 0x08065feb   Thumb Code     6  tcp.o(.text)
    tcp_err                                  0x08065ff1   Thumb Code     6  tcp.o(.text)
    tcp_accept                               0x08065ff7   Thumb Code     4  tcp.o(.text)
    tcp_poll                                 0x08065ffb   Thumb Code    10  tcp.o(.text)
    tcp_debug_state_str                      0x08066005   Thumb Code    10  tcp.o(.text)
    tcp_input                                0x08066ec1   Thumb Code  1128  tcp_in.o(.text)
    tcp_enqueue                              0x080673e7   Thumb Code  1042  tcp_out.o(.text)
    tcp_send_ctrl                            0x080677f9   Thumb Code    32  tcp_out.o(.text)
    tcp_write                                0x08067819   Thumb Code    72  tcp_out.o(.text)
    tcp_send_empty_ack                       0x08067861   Thumb Code   104  tcp_out.o(.text)
    tcp_output                               0x08067993   Thumb Code   488  tcp_out.o(.text)
    tcp_rst                                  0x08067b7b   Thumb Code   186  tcp_out.o(.text)
    tcp_rexmit_rto                           0x08067c35   Thumb Code    64  tcp_out.o(.text)
    tcp_rexmit                               0x08067c75   Thumb Code    84  tcp_out.o(.text)
    tcp_rexmit_fast                          0x08067cc9   Thumb Code   146  tcp_out.o(.text)
    tcp_keepalive                            0x08067d5b   Thumb Code    94  tcp_out.o(.text)
    tcp_zero_window_probe                    0x08067db9   Thumb Code   180  tcp_out.o(.text)
    udp_input                                0x08067e6d   Thumb Code   400  udp.o(.text)
    udp_bind                                 0x08067ffd   Thumb Code   112  udp.o(.text)
    udp_sendto_if                            0x0806806d   Thumb Code   208  udp.o(.text)
    udp_sendto                               0x0806813d   Thumb Code    46  udp.o(.text)
    udp_send                                 0x0806816b   Thumb Code    22  udp.o(.text)
    udp_connect                              0x08068181   Thumb Code    96  udp.o(.text)
    udp_disconnect                           0x080681e1   Thumb Code    32  udp.o(.text)
    udp_recv                                 0x08068201   Thumb Code     6  udp.o(.text)
    udp_remove                               0x08068207   Thumb Code    60  udp.o(.text)
    udp_new                                  0x08068243   Thumb Code    30  udp.o(.text)
    autoip_init                              0x08068269   Thumb Code     2  autoip.o(.text)
    autoip_start                             0x0806832b   Thumb Code   106  autoip.o(.text)
    autoip_network_changed                   0x0806844d   Thumb Code    28  autoip.o(.text)
    autoip_stop                              0x08068469   Thumb Code    22  autoip.o(.text)
    autoip_tmr                               0x0806847f   Thumb Code   306  autoip.o(.text)
    autoip_arp_reply                         0x080685b1   Thumb Code   186  autoip.o(.text)
    icmp_input                               0x0806868d   Thumb Code   380  icmp.o(.text)
    icmp_dest_unreach                        0x08068881   Thumb Code    20  icmp.o(.text)
    icmp_time_exceeded                       0x08068895   Thumb Code    20  icmp.o(.text)
    htonl                                    0x080688a9   Thumb Code    28  inet.o(.text)
    inet_aton                                0x080688c5   Thumb Code   362  inet.o(.text)
    inet_addr                                0x08068a2f   Thumb Code    24  inet.o(.text)
    inet_ntoa                                0x08068a47   Thumb Code   130  inet.o(.text)
    htons                                    0x08068ac9   Thumb Code    16  inet.o(.text)
    ntohs                                    0x08068ad9   Thumb Code    12  inet.o(.text)
    ntohl                                    0x08068ae5   Thumb Code    12  inet.o(.text)
    inet_chksum_pseudo                       0x08068b4d   Thumb Code   168  inet_chksum.o(.text)
    inet_chksum                              0x08068bf5   Thumb Code    20  inet_chksum.o(.text)
    inet_chksum_pbuf                         0x08068c09   Thumb Code    90  inet_chksum.o(.text)
    ip_route                                 0x08068c65   Thumb Code    70  ip.o(.text)
    ip_input                                 0x08068cab   Thumb Code   396  ip.o(.text)
    ip_output_if                             0x08068e37   Thumb Code   254  ip.o(.text)
    ip_output                                0x08068f35   Thumb Code    52  ip.o(.text)
    ip_addr_isbroadcast                      0x08068f7d   Thumb Code    78  ip_addr.o(.text)
    ip_reass_tmr                             0x0806907b   Thumb Code    52  ip_frag.o(.text)
    ip_reass                                 0x080692eb   Thumb Code   422  ip_frag.o(.text)
    ip_frag                                  0x08069491   Thumb Code   346  ip_frag.o(.text)
    etharp_tmr                               0x0806961f   Thumb Code   164  etharp.o(.text)
    etharp_find_addr                         0x080699ed   Thumb Code    96  etharp.o(.text)
    etharp_ip_input                          0x08069a4d   Thumb Code    64  etharp.o(.text)
    etharp_arp_input                         0x08069a8d   Thumb Code   344  etharp.o(.text)
    etharp_raw                               0x08069be5   Thumb Code   224  etharp.o(.text)
    etharp_request                           0x08069cc5   Thumb Code    40  etharp.o(.text)
    etharp_query                             0x08069ced   Thumb Code   394  etharp.o(.text)
    etharp_output                            0x08069e77   Thumb Code   206  etharp.o(.text)
    ethernet_input                           0x08069f45   Thumb Code   128  etharp.o(.text)
    ethernetif_input                         0x0806a13f   Thumb Code    46  ethernetif.o(.text)
    ethernetif_init                          0x0806a16d   Thumb Code    44  ethernetif.o(.text)
    NVIC_PriorityGroupConfig                 0x0806a1c1   Thumb Code    12  misc.o(.text)
    NVIC_Init                                0x0806a1cd   Thumb Code   136  misc.o(.text)
    NVIC_SetVectorTable                      0x0806a255   Thumb Code    16  misc.o(.text)
    NVIC_SystemLPConfig                      0x0806a265   Thumb Code    30  misc.o(.text)
    SysTick_CLKSourceConfig                  0x0806a283   Thumb Code    40  misc.o(.text)
    DMA_DeInit                               0x0806a2c9   Thumb Code   300  stm32f2xx_dma.o(.text)
    DMA_Init                                 0x0806a3f5   Thumb Code   110  stm32f2xx_dma.o(.text)
    DMA_StructInit                           0x0806a463   Thumb Code    36  stm32f2xx_dma.o(.text)
    DMA_Cmd                                  0x0806a487   Thumb Code    22  stm32f2xx_dma.o(.text)
    DMA_PeriphIncOffsetSizeConfig            0x0806a49d   Thumb Code    22  stm32f2xx_dma.o(.text)
    DMA_FlowControllerConfig                 0x0806a4b3   Thumb Code    22  stm32f2xx_dma.o(.text)
    DMA_SetCurrDataCounter                   0x0806a4c9   Thumb Code     4  stm32f2xx_dma.o(.text)
    DMA_GetCurrDataCounter                   0x0806a4cd   Thumb Code     8  stm32f2xx_dma.o(.text)
    DMA_DoubleBufferModeConfig               0x0806a4d5   Thumb Code    24  stm32f2xx_dma.o(.text)
    DMA_DoubleBufferModeCmd                  0x0806a4ed   Thumb Code    22  stm32f2xx_dma.o(.text)
    DMA_MemoryTargetConfig                   0x0806a503   Thumb Code    10  stm32f2xx_dma.o(.text)
    DMA_GetCurrentMemoryTarget               0x0806a50d   Thumb Code    26  stm32f2xx_dma.o(.text)
    DMA_GetCmdStatus                         0x0806a527   Thumb Code    26  stm32f2xx_dma.o(.text)
    DMA_GetFIFOStatus                        0x0806a541   Thumb Code    14  stm32f2xx_dma.o(.text)
    DMA_GetFlagStatus                        0x0806a54f   Thumb Code    58  stm32f2xx_dma.o(.text)
    DMA_ClearFlag                            0x0806a589   Thumb Code    40  stm32f2xx_dma.o(.text)
    DMA_ITConfig                             0x0806a5b1   Thumb Code    62  stm32f2xx_dma.o(.text)
    DMA_GetITStatus                          0x0806a5ef   Thumb Code    88  stm32f2xx_dma.o(.text)
    DMA_ClearITPendingBit                    0x0806a647   Thumb Code    40  stm32f2xx_dma.o(.text)
    FLASH_SetLatency                         0x0806a6a1   Thumb Code     6  stm32f2xx_flash.o(.text)
    FLASH_PrefetchBufferCmd                  0x0806a6a7   Thumb Code    30  stm32f2xx_flash.o(.text)
    FLASH_InstructionCacheCmd                0x0806a6c5   Thumb Code    30  stm32f2xx_flash.o(.text)
    FLASH_DataCacheCmd                       0x0806a6e3   Thumb Code    30  stm32f2xx_flash.o(.text)
    FLASH_InstructionCacheReset              0x0806a701   Thumb Code    14  stm32f2xx_flash.o(.text)
    FLASH_DataCacheReset                     0x0806a70f   Thumb Code    14  stm32f2xx_flash.o(.text)
    FLASH_Unlock                             0x0806a71d   Thumb Code    24  stm32f2xx_flash.o(.text)
    FLASH_Lock                               0x0806a735   Thumb Code    14  stm32f2xx_flash.o(.text)
    FLASH_GetStatus                          0x0806a743   Thumb Code    78  stm32f2xx_flash.o(.text)
    FLASH_WaitForLastOperation               0x0806a791   Thumb Code    28  stm32f2xx_flash.o(.text)
    FLASH_EraseSector                        0x0806a7ad   Thumb Code   142  stm32f2xx_flash.o(.text)
    FLASH_EraseAllSectors                    0x0806a83b   Thumb Code   114  stm32f2xx_flash.o(.text)
    FLASH_ProgramDoubleWord                  0x0806a8ad   Thumb Code    80  stm32f2xx_flash.o(.text)
    FLASH_ProgramWord                        0x0806a8fd   Thumb Code    76  stm32f2xx_flash.o(.text)
    FLASH_ProgramHalfWord                    0x0806a949   Thumb Code    76  stm32f2xx_flash.o(.text)
    FLASH_ProgramByte                        0x0806a995   Thumb Code    72  stm32f2xx_flash.o(.text)
    FLASH_OB_Unlock                          0x0806a9dd   Thumb Code    24  stm32f2xx_flash.o(.text)
    FLASH_OB_Lock                            0x0806a9f5   Thumb Code    14  stm32f2xx_flash.o(.text)
    FLASH_OB_WRPConfig                       0x0806aa03   Thumb Code    52  stm32f2xx_flash.o(.text)
    FLASH_OB_RDPConfig                       0x0806aa37   Thumb Code    24  stm32f2xx_flash.o(.text)
    FLASH_OB_UserConfig                      0x0806aa4f   Thumb Code   102  stm32f2xx_flash.o(.text)
    FLASH_OB_BORConfig                       0x0806aab5   Thumb Code    24  stm32f2xx_flash.o(.text)
    FLASH_OB_Launch                          0x0806aacd   Thumb Code    28  stm32f2xx_flash.o(.text)
    FLASH_OB_GetUser                         0x0806aae9   Thumb Code    10  stm32f2xx_flash.o(.text)
    FLASH_OB_GetWRP                          0x0806aaf3   Thumb Code     8  stm32f2xx_flash.o(.text)
    FLASH_OB_GetRDP                          0x0806aafb   Thumb Code    24  stm32f2xx_flash.o(.text)
    FLASH_OB_GetBOR                          0x0806ab13   Thumb Code    10  stm32f2xx_flash.o(.text)
    FLASH_ITConfig                           0x0806ab1d   Thumb Code    30  stm32f2xx_flash.o(.text)
    FLASH_GetFlagStatus                      0x0806ab3b   Thumb Code    26  stm32f2xx_flash.o(.text)
    FLASH_ClearFlag                          0x0806ab55   Thumb Code     6  stm32f2xx_flash.o(.text)
    GPIO_DeInit                              0x0806ab6d   Thumb Code   220  stm32f2xx_gpio.o(.text)
    GPIO_Init                                0x0806ac49   Thumb Code   202  stm32f2xx_gpio.o(.text)
    GPIO_StructInit                          0x0806ad13   Thumb Code    20  stm32f2xx_gpio.o(.text)
    GPIO_PinLockConfig                       0x0806ad27   Thumb Code    20  stm32f2xx_gpio.o(.text)
    GPIO_ReadInputDataBit                    0x0806ad3b   Thumb Code    24  stm32f2xx_gpio.o(.text)
    GPIO_ReadInputData                       0x0806ad53   Thumb Code     8  stm32f2xx_gpio.o(.text)
    GPIO_ReadOutputDataBit                   0x0806ad5b   Thumb Code    24  stm32f2xx_gpio.o(.text)
    GPIO_ReadOutputData                      0x0806ad73   Thumb Code     8  stm32f2xx_gpio.o(.text)
    GPIO_SetBits                             0x0806ad7b   Thumb Code     4  stm32f2xx_gpio.o(.text)
    GPIO_ResetBits                           0x0806ad7f   Thumb Code     4  stm32f2xx_gpio.o(.text)
    GPIO_WriteBit                            0x0806ad83   Thumb Code    10  stm32f2xx_gpio.o(.text)
    GPIO_Write                               0x0806ad8d   Thumb Code     4  stm32f2xx_gpio.o(.text)
    GPIO_ToggleBits                          0x0806ad91   Thumb Code    10  stm32f2xx_gpio.o(.text)
    GPIO_PinAFConfig                         0x0806ad9b   Thumb Code    94  stm32f2xx_gpio.o(.text)
    I2C_DeInit                               0x0806ae1d   Thumb Code    82  stm32f2xx_i2c.o(.text)
    I2C_Init                                 0x0806ae6f   Thumb Code   246  stm32f2xx_i2c.o(.text)
    I2C_StructInit                           0x0806af65   Thumb Code    34  stm32f2xx_i2c.o(.text)
    I2C_Cmd                                  0x0806af87   Thumb Code    26  stm32f2xx_i2c.o(.text)
    I2C_GenerateSTART                        0x0806afa1   Thumb Code    26  stm32f2xx_i2c.o(.text)
    I2C_GenerateSTOP                         0x0806afbb   Thumb Code    26  stm32f2xx_i2c.o(.text)
    I2C_Send7bitAddress                      0x0806afd5   Thumb Code    16  stm32f2xx_i2c.o(.text)
    I2C_AcknowledgeConfig                    0x0806afe5   Thumb Code    26  stm32f2xx_i2c.o(.text)
    I2C_OwnAddress2Config                    0x0806afff   Thumb Code    28  stm32f2xx_i2c.o(.text)
    I2C_DualAddressCmd                       0x0806b01b   Thumb Code    26  stm32f2xx_i2c.o(.text)
    I2C_GeneralCallCmd                       0x0806b035   Thumb Code    26  stm32f2xx_i2c.o(.text)
    I2C_SoftwareResetCmd                     0x0806b04f   Thumb Code    22  stm32f2xx_i2c.o(.text)
    I2C_StretchClockCmd                      0x0806b065   Thumb Code    26  stm32f2xx_i2c.o(.text)
    I2C_FastModeDutyCycleConfig              0x0806b07f   Thumb Code    30  stm32f2xx_i2c.o(.text)
    I2C_NACKPositionConfig                   0x0806b09d   Thumb Code    30  stm32f2xx_i2c.o(.text)
    I2C_SMBusAlertConfig                     0x0806b0bb   Thumb Code    30  stm32f2xx_i2c.o(.text)
    I2C_ARPCmd                               0x0806b0d9   Thumb Code    26  stm32f2xx_i2c.o(.text)
    I2C_SendData                             0x0806b0f3   Thumb Code     4  stm32f2xx_i2c.o(.text)
    I2C_ReceiveData                          0x0806b0f7   Thumb Code     8  stm32f2xx_i2c.o(.text)
    I2C_TransmitPEC                          0x0806b0ff   Thumb Code    26  stm32f2xx_i2c.o(.text)
    I2C_PECPositionConfig                    0x0806b119   Thumb Code    30  stm32f2xx_i2c.o(.text)
    I2C_CalculatePEC                         0x0806b137   Thumb Code    26  stm32f2xx_i2c.o(.text)
    I2C_GetPEC                               0x0806b151   Thumb Code    10  stm32f2xx_i2c.o(.text)
    I2C_DMACmd                               0x0806b15b   Thumb Code    26  stm32f2xx_i2c.o(.text)
    I2C_DMALastTransferCmd                   0x0806b175   Thumb Code    26  stm32f2xx_i2c.o(.text)
    I2C_ReadRegister                         0x0806b18f   Thumb Code    14  stm32f2xx_i2c.o(.text)
    I2C_ITConfig                             0x0806b19d   Thumb Code    30  stm32f2xx_i2c.o(.text)
    I2C_CheckEvent                           0x0806b1bb   Thumb Code    50  stm32f2xx_i2c.o(.text)
    I2C_GetLastEvent                         0x0806b1ed   Thumb Code    56  stm32f2xx_i2c.o(.text)
    I2C_GetFlagStatus                        0x0806b225   Thumb Code    56  stm32f2xx_i2c.o(.text)
    I2C_ClearFlag                            0x0806b25d   Thumb Code    16  stm32f2xx_i2c.o(.text)
    I2C_GetITStatus                          0x0806b26d   Thumb Code    44  stm32f2xx_i2c.o(.text)
    I2C_ClearITPendingBit                    0x0806b299   Thumb Code    16  stm32f2xx_i2c.o(.text)
    RCC_DeInit                               0x0806b2a9   Thumb Code    64  stm32f2xx_rcc.o(.text)
    RCC_HSEConfig                            0x0806b2e9   Thumb Code    14  stm32f2xx_rcc.o(.text)
    RCC_GetFlagStatus                        0x0806b2f7   Thumb Code    68  stm32f2xx_rcc.o(.text)
    RCC_WaitForHSEStartUp                    0x0806b33b   Thumb Code    56  stm32f2xx_rcc.o(.text)
    RCC_AdjustHSICalibrationValue            0x0806b373   Thumb Code    22  stm32f2xx_rcc.o(.text)
    RCC_HSICmd                               0x0806b389   Thumb Code     6  stm32f2xx_rcc.o(.text)
    RCC_LSEConfig                            0x0806b38f   Thumb Code    46  stm32f2xx_rcc.o(.text)
    RCC_LSICmd                               0x0806b3bd   Thumb Code     6  stm32f2xx_rcc.o(.text)
    RCC_PLLConfig                            0x0806b3c3   Thumb Code    34  stm32f2xx_rcc.o(.text)
    RCC_PLLCmd                               0x0806b3e5   Thumb Code     6  stm32f2xx_rcc.o(.text)
    RCC_PLLI2SConfig                         0x0806b3eb   Thumb Code    14  stm32f2xx_rcc.o(.text)
    RCC_PLLI2SCmd                            0x0806b3f9   Thumb Code     6  stm32f2xx_rcc.o(.text)
    RCC_ClockSecuritySystemCmd               0x0806b3ff   Thumb Code     6  stm32f2xx_rcc.o(.text)
    RCC_MCO1Config                           0x0806b405   Thumb Code    28  stm32f2xx_rcc.o(.text)
    RCC_MCO2Config                           0x0806b421   Thumb Code    28  stm32f2xx_rcc.o(.text)
    RCC_SYSCLKConfig                         0x0806b43d   Thumb Code    22  stm32f2xx_rcc.o(.text)
    RCC_GetSYSCLKSource                      0x0806b453   Thumb Code    10  stm32f2xx_rcc.o(.text)
    RCC_HCLKConfig                           0x0806b45d   Thumb Code    22  stm32f2xx_rcc.o(.text)
    RCC_PCLK1Config                          0x0806b473   Thumb Code    22  stm32f2xx_rcc.o(.text)
    RCC_PCLK2Config                          0x0806b489   Thumb Code    22  stm32f2xx_rcc.o(.text)
    RCC_GetClocksFreq                        0x0806b49f   Thumb Code   222  stm32f2xx_rcc.o(.text)
    RCC_RTCCLKConfig                         0x0806b57d   Thumb Code    54  stm32f2xx_rcc.o(.text)
    RCC_RTCCLKCmd                            0x0806b5b3   Thumb Code     6  stm32f2xx_rcc.o(.text)
    RCC_BackupResetCmd                       0x0806b5b9   Thumb Code     6  stm32f2xx_rcc.o(.text)
    RCC_I2SCLKConfig                         0x0806b5bf   Thumb Code     6  stm32f2xx_rcc.o(.text)
    RCC_AHB1PeriphClockCmd                   0x0806b5c5   Thumb Code    30  stm32f2xx_rcc.o(.text)
    RCC_AHB2PeriphClockCmd                   0x0806b5e3   Thumb Code    30  stm32f2xx_rcc.o(.text)
    RCC_AHB3PeriphClockCmd                   0x0806b601   Thumb Code    30  stm32f2xx_rcc.o(.text)
    RCC_APB1PeriphClockCmd                   0x0806b61f   Thumb Code    30  stm32f2xx_rcc.o(.text)
    RCC_APB2PeriphClockCmd                   0x0806b63d   Thumb Code    30  stm32f2xx_rcc.o(.text)
    RCC_AHB1PeriphResetCmd                   0x0806b65b   Thumb Code    30  stm32f2xx_rcc.o(.text)
    RCC_AHB2PeriphResetCmd                   0x0806b679   Thumb Code   136  stm32f2xx_rcc.o(.text)
    RCC_AHB3PeriphResetCmd                   0x0806b701   Thumb Code    30  stm32f2xx_rcc.o(.text)
    RCC_APB1PeriphResetCmd                   0x0806b71f   Thumb Code    30  stm32f2xx_rcc.o(.text)
    RCC_APB2PeriphResetCmd                   0x0806b73d   Thumb Code    30  stm32f2xx_rcc.o(.text)
    RCC_AHB1PeriphClockLPModeCmd             0x0806b75b   Thumb Code    30  stm32f2xx_rcc.o(.text)
    RCC_AHB2PeriphClockLPModeCmd             0x0806b779   Thumb Code    30  stm32f2xx_rcc.o(.text)
    RCC_AHB3PeriphClockLPModeCmd             0x0806b797   Thumb Code    30  stm32f2xx_rcc.o(.text)
    RCC_APB1PeriphClockLPModeCmd             0x0806b7b5   Thumb Code    30  stm32f2xx_rcc.o(.text)
    RCC_APB2PeriphClockLPModeCmd             0x0806b7d3   Thumb Code    30  stm32f2xx_rcc.o(.text)
    RCC_ITConfig                             0x0806b7f1   Thumb Code    36  stm32f2xx_rcc.o(.text)
    RCC_ClearFlag                            0x0806b815   Thumb Code    14  stm32f2xx_rcc.o(.text)
    RCC_GetITStatus                          0x0806b823   Thumb Code    26  stm32f2xx_rcc.o(.text)
    RCC_ClearITPendingBit                    0x0806b83d   Thumb Code     6  stm32f2xx_rcc.o(.text)
    SPI_I2S_DeInit                           0x0806b879   Thumb Code    76  stm32f2xx_spi.o(.text)
    SPI_Init                                 0x0806b8c5   Thumb Code    80  stm32f2xx_spi.o(.text)
    I2S_Init                                 0x0806b915   Thumb Code   292  stm32f2xx_spi.o(.text)
    SPI_StructInit                           0x0806ba39   Thumb Code    28  stm32f2xx_spi.o(.text)
    I2S_StructInit                           0x0806ba55   Thumb Code    26  stm32f2xx_spi.o(.text)
    SPI_Cmd                                  0x0806ba6f   Thumb Code    26  stm32f2xx_spi.o(.text)
    I2S_Cmd                                  0x0806ba89   Thumb Code    26  stm32f2xx_spi.o(.text)
    SPI_DataSizeConfig                       0x0806baa3   Thumb Code    22  stm32f2xx_spi.o(.text)
    SPI_BiDirectionalLineConfig              0x0806bab9   Thumb Code    30  stm32f2xx_spi.o(.text)
    SPI_NSSInternalSoftwareConfig            0x0806bad7   Thumb Code    32  stm32f2xx_spi.o(.text)
    SPI_SSOutputCmd                          0x0806baf7   Thumb Code    26  stm32f2xx_spi.o(.text)
    SPI_TIModeCmd                            0x0806bb11   Thumb Code    26  stm32f2xx_spi.o(.text)
    SPI_I2S_ReceiveData                      0x0806bb2b   Thumb Code     6  stm32f2xx_spi.o(.text)
    SPI_I2S_SendData                         0x0806bb31   Thumb Code     4  stm32f2xx_spi.o(.text)
    SPI_CalculateCRC                         0x0806bb35   Thumb Code    26  stm32f2xx_spi.o(.text)
    SPI_TransmitCRC                          0x0806bb4f   Thumb Code    10  stm32f2xx_spi.o(.text)
    SPI_GetCRC                               0x0806bb59   Thumb Code    18  stm32f2xx_spi.o(.text)
    SPI_GetCRCPolynomial                     0x0806bb6b   Thumb Code     6  stm32f2xx_spi.o(.text)
    SPI_I2S_DMACmd                           0x0806bb71   Thumb Code    30  stm32f2xx_spi.o(.text)
    SPI_I2S_ITConfig                         0x0806bb8f   Thumb Code    50  stm32f2xx_spi.o(.text)
    SPI_I2S_GetFlagStatus                    0x0806bbc1   Thumb Code    24  stm32f2xx_spi.o(.text)
    SPI_I2S_ClearFlag                        0x0806bbd9   Thumb Code     8  stm32f2xx_spi.o(.text)
    SPI_I2S_GetITStatus                      0x0806bbe1   Thumb Code    68  stm32f2xx_spi.o(.text)
    SPI_I2S_ClearITPendingBit                0x0806bc25   Thumb Code    28  stm32f2xx_spi.o(.text)
    SYSCFG_DeInit                            0x0806bc55   Thumb Code    22  stm32f2xx_syscfg.o(.text)
    SYSCFG_MemoryRemapConfig                 0x0806bc6b   Thumb Code     6  stm32f2xx_syscfg.o(.text)
    SYSCFG_EXTILineConfig                    0x0806bc71   Thumb Code    84  stm32f2xx_syscfg.o(.text)
    SYSCFG_ETH_MediaInterfaceConfig          0x0806bcc5   Thumb Code     6  stm32f2xx_syscfg.o(.text)
    SYSCFG_CompensationCellCmd               0x0806bccb   Thumb Code     6  stm32f2xx_syscfg.o(.text)
    SYSCFG_GetCompensationCellStatus         0x0806bcd1   Thumb Code    26  stm32f2xx_syscfg.o(.text)
    report_error                             0x0806bd01   Thumb Code     6  process_net.o(.text)
    read_local_info                          0x0806bd07   Thumb Code    34  process_net.o(.text)
    pis_pack_data                            0x0806bd29   Thumb Code    78  process_net.o(.text)
    send_ProcessData                         0x0806bd77   Thumb Code     2  process_net.o(.text)
    send_ProcessData_ledScreen               0x0806bd79   Thumb Code    88  process_net.o(.text)
    send_ip_mac_id                           0x0806bdd1   Thumb Code    76  process_net.o(.text)
    send_ip_mac_id_ledScreen                 0x0806be1d   Thumb Code    76  process_net.o(.text)
    send_softwareVersion                     0x0806be69   Thumb Code    80  process_net.o(.text)
    send_softwareVersion_ledScreen           0x0806beb9   Thumb Code    80  process_net.o(.text)
    udp_CtrlMsg_send_process                 0x0806bf09   Thumb Code    56  process_net.o(.text)
    check_dst_is_self                        0x0806bf41   Thumb Code    36  process_net.o(.text)
    respond_Ctrl_KEYWORD_ProcessData         0x0806bf65   Thumb Code   242  process_net.o(.text)
    respond_Ctrl_KEYWORD_ProcessData_ledscreen 0x0806c057   Thumb Code   300  process_net.o(.text)
    respond_Get_KEYWORD_softwareVersion      0x0806c183   Thumb Code    26  process_net.o(.text)
    respond_Get_KEYWORD_softwareVersion_ledscreen 0x0806c19d   Thumb Code    26  process_net.o(.text)
    respond_Get_KEYWORD_ip_mac_id            0x0806c1b7   Thumb Code    26  process_net.o(.text)
    respond_Get_KEYWORD_ip_mac_id_ledscreen  0x0806c1d1   Thumb Code    26  process_net.o(.text)
    respond_Set_KEYWORD_mac                  0x0806c1eb   Thumb Code   112  process_net.o(.text)
    respond_Set_KEYWORD_mac_ledscreen        0x0806c25b   Thumb Code   142  process_net.o(.text)
    respond_Set_KEYWORD_IP                   0x0806c2e9   Thumb Code    50  process_net.o(.text)
    respond_Set_KEYWORD_IP_ledscreen         0x0806c31b   Thumb Code    98  process_net.o(.text)
    reset_TAG_Disp_Info                      0x0806c37d   Thumb Code    34  process_net.o(.text)
    reset_TAG_protocol_Disp_Info             0x0806c39f   Thumb Code    32  process_net.o(.text)
    clr_dispinfo                             0x0806c3bf   Thumb Code    22  process_net.o(.text)
    prc_set_roll_speed                       0x0806c3d5   Thumb Code    38  process_net.o(.text)
    prc_set_brightness                       0x0806c3fb   Thumb Code    46  process_net.o(.text)
    prc_down_content                         0x0806c429   Thumb Code   466  process_net.o(.text)
    udp_CtrlMsg_receive_process              0x0806c5fb   Thumb Code    62  process_net.o(.text)
    screen_roll                              0x0806c679   Thumb Code   628  process_ledscreen.o(.text)
    Vertical_8_16_to_dispbuf                 0x0806c8ed   Thumb Code    84  process_ledscreen.o(.text)
    Vertical_16_16_to_dispbuf                0x0806c941   Thumb Code    84  process_ledscreen.o(.text)
    static_test_fill_ledbuf                  0x0806c995   Thumb Code    64  process_ledscreen.o(.text)
    test_fill_ledbuf                         0x0806c9d5   Thumb Code    90  process_ledscreen.o(.text)
    clr_led_buf                              0x0806ca2f   Thumb Code   178  process_ledscreen.o(.text)
    turn_off_screen_clrbuf                   0x0806cae1   Thumb Code    18  process_ledscreen.o(.text)
    turn_off_screen                          0x0806caf3   Thumb Code    14  process_ledscreen.o(.text)
    ledscreen_init                           0x0806cb01   Thumb Code    12  process_ledscreen.o(.text)
    set_dispmode_SCREEN_MODE_softwareVersion 0x0806cb0d   Thumb Code    52  process_ledscreen.o(.text)
    dispcall_SCREEN_MODE_softwareVersion     0x0806cb41   Thumb Code   104  process_ledscreen.o(.text)
    set_dispmode_SCREEN_MODE_test            0x0806cba9   Thumb Code    18  process_ledscreen.o(.text)
    dispcall_SCREEN_MODE_test                0x0806cbbb   Thumb Code   140  process_ledscreen.o(.text)
    set_dispmode_SCREEN_MODE_static_test     0x0806cc47   Thumb Code    18  process_ledscreen.o(.text)
    set_dispmode_SCREEN_MODE_off             0x0806cc59   Thumb Code    18  process_ledscreen.o(.text)
    set_dispmode_SCREEN_MODE_stationID       0x0806cc6b   Thumb Code    18  process_ledscreen.o(.text)
    dispcall_SCREEN_MODE_off                 0x0806cc7d   Thumb Code    16  process_ledscreen.o(.text)
    callback_SCREEN_MODE_stationID_m2        0x0806cc8d   Thumb Code   350  process_ledscreen.o(.text)
    callback_SCREEN_MODE_stationID_m1        0x0806cdeb   Thumb Code   290  process_ledscreen.o(.text)
    dispcall_SCREEN_MODE_stationID           0x0806cf0d   Thumb Code    76  process_ledscreen.o(.text)
    dispcall_SCREEN_MODE_static_test         0x0806cf59   Thumb Code    20  process_ledscreen.o(.text)
    set_dispmode                             0x0806cf6d   Thumb Code    50  process_ledscreen.o(.text)
    LedScreen_process                        0x0806cf9f   Thumb Code   160  process_ledscreen.o(.text)
    FLASH_If_Init                            0x0806d145   Thumb Code    18  flash_if.o(.text)
    FLASH_If_Write                           0x0806d157   Thumb Code   100  flash_if.o(.text)
    FLASH_If_AddrSectorErease                0x0806d1bb   Thumb Code   114  flash_if.o(.text)
    FLASH_If_write_flash                     0x0806d22d   Thumb Code   162  flash_if.o(.text)
    FLASH_If_set_flash                       0x0806d2cf   Thumb Code   154  flash_if.o(.text)
    FLASH_If_Erase_Application_sectors       0x0806d369   Thumb Code   132  flash_if.o(.text)
    check_prog_flag                          0x0806d3ed   Thumb Code    36  flash_if.o(.text)
    clr_prog_flag                            0x0806d411   Thumb Code   112  flash_if.o(.text)
    set_prog_flag                            0x0806d481   Thumb Code    56  flash_if.o(.text)
    app_to_iap_init                          0x0806d4b9   Thumb Code     8  flash_if.o(.text)
    iap_to_app_init                          0x0806d4c1   Thumb Code     8  flash_if.o(.text)
    run_app                                  0x0806d4c9   Thumb Code     2  flash_if.o(.text)
    run_iap_prog                             0x0806d4cb   Thumb Code    78  flash_if.o(.text)
    flash_pro_test                           0x0806d519   Thumb Code     2  flash_if.o(.text)
    Check_And_RunAPP                         0x0806d51b   Thumb Code    44  flash_if.o(.text)
    App_SetVectorTable                       0x0806d547   Thumb Code    16  flash_if.o(.text)
    __2sprintf                               0x0806d571   Thumb Code    34  noretval__2sprintf.o(.text)
    __printf                                 0x0806d599   Thumb Code   106  __printf.o(.text)
    _printf_str                              0x0806d603   Thumb Code    82  _printf_str.o(.text)
    _printf_int_dec                          0x0806d655   Thumb Code   102  _printf_dec.o(.text)
    memcmp                                   0x0806d6cd   Thumb Code    88  memcmp.o(.text)
    strlen                                   0x0806d725   Thumb Code    62  strlen.o(.text)
    strncmp                                  0x0806d763   Thumb Code   150  strncmp.o(.text)
    __aeabi_memcpy                           0x0806d7f9   Thumb Code     0  rt_memcpy_v6.o(.text)
    __rt_memcpy                              0x0806d7f9   Thumb Code   138  rt_memcpy_v6.o(.text)
    _memcpy_lastbytes                        0x0806d85f   Thumb Code     0  rt_memcpy_v6.o(.text)
    __aeabi_memcpy4                          0x0806d883   Thumb Code     0  rt_memcpy_w.o(.text)
    __aeabi_memcpy8                          0x0806d883   Thumb Code     0  rt_memcpy_w.o(.text)
    __rt_memcpy_w                            0x0806d883   Thumb Code   100  rt_memcpy_w.o(.text)
    _memcpy_lastbytes_aligned                0x0806d8cb   Thumb Code     0  rt_memcpy_w.o(.text)
    __aeabi_memset                           0x0806d8e7   Thumb Code    16  aeabi_memset.o(.text)
    __aeabi_memclr                           0x0806d8f7   Thumb Code     0  rt_memclr.o(.text)
    __rt_memclr                              0x0806d8f7   Thumb Code    68  rt_memclr.o(.text)
    _memset                                  0x0806d8fb   Thumb Code     0  rt_memclr.o(.text)
    __aeabi_memclr4                          0x0806d93b   Thumb Code     0  rt_memclr_w.o(.text)
    __aeabi_memclr8                          0x0806d93b   Thumb Code     0  rt_memclr_w.o(.text)
    __rt_memclr_w                            0x0806d93b   Thumb Code    78  rt_memclr_w.o(.text)
    _memset_w                                0x0806d93f   Thumb Code     0  rt_memclr_w.o(.text)
    strcmp                                   0x0806d989   Thumb Code   128  strcmpv7m.o(.text)
    __use_two_region_memory                  0x0806da09   Thumb Code     2  heapauxi.o(.text)
    __rt_heap_escrow$2region                 0x0806da0b   Thumb Code     2  heapauxi.o(.text)
    __rt_heap_expand$2region                 0x0806da0d   Thumb Code     2  heapauxi.o(.text)
    _printf_int_common                       0x0806da0f   Thumb Code   184  _printf_intcommon.o(.text)
    _printf_char_common                      0x0806dad3   Thumb Code    32  _printf_char_common.o(.text)
    _sputc                                   0x0806daf9   Thumb Code    10  _sputc.o(.text)
    _printf_cs_common                        0x0806db03   Thumb Code    20  _printf_char.o(.text)
    _printf_char                             0x0806db17   Thumb Code    16  _printf_char.o(.text)
    _printf_string                           0x0806db27   Thumb Code     8  _printf_char.o(.text)
    __user_setup_stackheap                   0x0806db2f   Thumb Code    74  sys_stackheap_outer.o(.text)
    exit                                     0x0806db79   Thumb Code    12  exit.o(.text)
    __user_libspace                          0x0806db85   Thumb Code     8  libspace.o(.text)
    __user_perproc_libspace                  0x0806db85   Thumb Code     0  libspace.o(.text)
    __user_perthread_libspace                0x0806db85   Thumb Code     0  libspace.o(.text)
    __rt_fp_status_addr                      0x0806db8d   Thumb Code     8  rt_fp_status_addr_intlibspace.o(.text)
    _sys_exit                                0x0806db95   Thumb Code     8  sys_exit.o(.text)
    __I$use$semihosting                      0x0806dba1   Thumb Code     0  use_no_semi.o(.text)
    __use_no_semihosting_swi                 0x0806dba1   Thumb Code     2  use_no_semi.o(.text)
    __semihosting_library_function           0x0806dba3   Thumb Code     0  indicate_semi.o(.text)
    _fp_init                                 0x0806dba3   Thumb Code    14  fpinit.o(x$fpl$fpinit)
    __fplib_config_pureend_doubles           0x0806dbaf   Thumb Code     0  fpinit.o(x$fpl$fpinit)
    led_row_select                           0x0806dbb0   Data          34  hc595.o(.constdata)
    tcp_backoff                              0x0806de18   Data          13  tcp.o(.constdata)
    tcp_persist_backoff                      0x0806de25   Data           7  tcp.o(.constdata)
    ip_addr_any                              0x0806de2c   Data           4  ip_addr.o(.constdata)
    ip_addr_broadcast                        0x0806de30   Data           4  ip_addr.o(.constdata)
    ethbroadcast                             0x0806de34   Data           6  etharp.o(.constdata)
    ethzero                                  0x0806de3a   Data           6  etharp.o(.constdata)
    Evt_udp_CtrlMsg_send_Tbl_ledScreen       0x0806de40   Data          40  process_net.o(.constdata)
    Evt_udp_CtrlMsg_recv_Tbl                 0x0806de68   Data          56  process_net.o(.constdata)
    Evt_udp_CtrlMsg_recv_Tbl_ledScreen       0x0806dea0   Data          56  process_net.o(.constdata)
    Software_Version_V10                     0x0806ded8   Data         336  process_ledscreen.o(.constdata)
    device_name                              0x0806e028   Data         384  process_ledscreen.o(.constdata)
    ceshizhong                               0x0806e1a8   Data          96  process_ledscreen.o(.constdata)
    Region$$Table$$Base                      0x0806e270   Number         0  anon$$obj.o(Region$$Table)
    Region$$Table$$Limit                     0x0806e290   Number         0  anon$$obj.o(Region$$Table)
    timer_flag                               0x20000000   Data           1  main.o(.data)
    refresh_flag                             0x20000001   Data           1  main.o(.data)
    timer2_flag                              0x20000002   Data           1  main.o(.data)
    Debuger                                  0x20000010   Data           4  main.o(.data)
    test                                     0x20000014   Data           2  main.o(.data)
    timer3_flag                              0x20000016   Data           1  main.o(.data)
    blank_buf                                0x20000022   Data           6  hc595.o(.data)
    DevType                                  0x2000002c   Data           1  myapp.o(.data)
    DevId                                    0x2000002d   Data           1  myapp.o(.data)
    TrainId                                  0x2000002e   Data           2  myapp.o(.data)
    AppStartTimer                            0x20000030   Data           4  myapp.o(.data)
    AppStartFlag                             0x20000034   Data           4  myapp.o(.data)
    PlayLeftFifo                             0x20000038   Data           1  myaudio.o(.data)
    pPlayLeftFifo                            0x2000003c   Data           4  myaudio.o(.data)
    PlayLeftProduceIndex                     0x20000040   Data           4  myaudio.o(.data)
    PlayLeftConsumeIndex                     0x20000044   Data           4  myaudio.o(.data)
    PlayLeftWaitFlag                         0x20000048   Data           4  myaudio.o(.data)
    PlayRightFifo                            0x2000004c   Data           1  myaudio.o(.data)
    pPlayRightFifo                           0x20000050   Data           4  myaudio.o(.data)
    PlayRightProduceIndex                    0x20000054   Data           4  myaudio.o(.data)
    PlayRightConsumeIndex                    0x20000058   Data           4  myaudio.o(.data)
    PlayRightWaitFlag                        0x2000005c   Data           4  myaudio.o(.data)
    pListenLeftFifo                          0x20000060   Data           4  myaudio.o(.data)
    ListenLeftProduceIndex                   0x20000064   Data           4  myaudio.o(.data)
    ListenLeftConsumeIndex                   0x20000068   Data           4  myaudio.o(.data)
    pListenRightFifo                         0x2000006c   Data           4  myaudio.o(.data)
    ListenRightProduceIndex                  0x20000070   Data           4  myaudio.o(.data)
    ListenRightConsumeIndex                  0x20000074   Data           4  myaudio.o(.data)
    ListenFlag                               0x20000078   Data           4  myaudio.o(.data)
    ListenEnable                             0x2000007c   Data           4  myaudio.o(.data)
    AudioPlayInfo                            0x20000080   Data           8  myaudio.o(.data)
    AudioVolume                              0x20000088   Data           4  myaudio.o(.data)
    AudioTreble                              0x2000008c   Data           4  myaudio.o(.data)
    AudioBass                                0x20000090   Data           4  myaudio.o(.data)
    AudioFrontPlayFlag                       0x20000094   Data           4  myaudio.o(.data)
    AudioBackPlayFlag                        0x20000098   Data           4  myaudio.o(.data)
    PlayClock                                0x2000009c   Data           4  myaudio.o(.data)
    PlayClockSendFlag                        0x200000a0   Data           4  myaudio.o(.data)
    EthInitStatus                            0x200000a4   Data           4  myethernet.o(.data)
    EthLinkStatus                            0x200000a8   Data           1  myethernet.o(.data)
    HttpTestAAA                              0x200000a9   Data         128  myhttpd.o(.data)
    HttpTestBBB                              0x20000129   Data         128  myhttpd.o(.data)
    DmaPlayFlag                              0x200001ac   Data           4  myi2s.o(.data)
    AllBroadIpAddr                           0x200001b4   Data           4  mylwip.o(.data)
    pUdpTestPcb                              0x200001b8   Data           4  mylwip.o(.data)
    pUdpCommanderPcb                         0x200001bc   Data           4  mylwip.o(.data)
    pUdpControlRcvPcb                        0x200001c0   Data           4  mylwip.o(.data)
    pUdpControlSendPcb                       0x200001c4   Data           4  mylwip.o(.data)
    pUdpBroadcastRcvPcb                      0x200001c8   Data           4  mylwip.o(.data)
    pUdpBroadcastSendPcb                     0x200001cc   Data           4  mylwip.o(.data)
    pUdpTalkRcvPcb                           0x200001d0   Data           4  mylwip.o(.data)
    pUdpTalkSendPcb                          0x200001d4   Data           4  mylwip.o(.data)
    pUdpPlayclkRcvPcb                        0x200001d8   Data           4  mylwip.o(.data)
    pUdpPlayclkSendPcb                       0x200001dc   Data           4  mylwip.o(.data)
    NetLocalMac                              0x200001e0   Data           6  mynet.o(.data)
    NetLocalIp                               0x200001e6   Data           4  mynet.o(.data)
    NetRouterIp                              0x200001ea   Data           4  mynet.o(.data)
    NetMaskIp                                0x200001ee   Data           4  mynet.o(.data)
    NetShowIp                                0x200001f2   Data           4  mynet.o(.data)
    pNetReceiveBuf                           0x200001f8   Data           4  mynet.o(.data)
    NetReceiveBufSize                        0x200001fc   Data           4  mynet.o(.data)
    pNetSendBuf                              0x20000200   Data           4  mynet.o(.data)
    NetSendBufSize                           0x20000204   Data           4  mynet.o(.data)
    NetStartingFlag                          0x20000208   Data           4  mynet.o(.data)
    NetListenSendFlag                        0x2000020c   Data           4  mynet.o(.data)
    ProtocolLocalInfo                        0x20000214   Data           8  myprotocol.o(.data)
    ProtocolBroadInfo                        0x2000021c   Data           8  myprotocol.o(.data)
    StorageInfoSaveFlag                      0x20000224   Data           4  mystorage.o(.data)
    MyTmCnt10                                0x20000228   Data           4  mytimer.o(.data)
    MyTmCnt20                                0x2000022c   Data           4  mytimer.o(.data)
    MyTmCnt50                                0x20000230   Data           4  mytimer.o(.data)
    MyTmCnt100                               0x20000234   Data           4  mytimer.o(.data)
    MyTmCnt500                               0x20000238   Data           4  mytimer.o(.data)
    MyTmCnt1000                              0x2000023c   Data           4  mytimer.o(.data)
    MyTmCnt2000                              0x20000240   Data           4  mytimer.o(.data)
    SystemCoreClock                          0x20000244   Data           4  system_stm32f2xx.o(.data)
    AHBPrescTable                            0x20000248   Data          16  system_stm32f2xx.o(.data)
    DMATxDescToSet                           0x20000258   Data           4  stm32f2x7_eth.o(.data)
    DMARxDescToGet                           0x2000025c   Data           4  stm32f2x7_eth.o(.data)
    DMA_RX_FRAME_infos                       0x20000260   Data           4  stm32f2x7_eth.o(.data)
    Frame_Rx_index                           0x20000264   Data           4  stm32f2x7_eth.o(.data)
    netif_list                               0x2000027c   Data           4  netif.o(.data)
    netif_default                            0x20000280   Data           4  netif.o(.data)
    tcp_state_str                            0x20000288   Data          44  tcp.o(.data)
    tcp_ticks                                0x200002bc   Data           4  tcp.o(.data)
    tcp_bound_pcbs                           0x200002c0   Data           4  tcp.o(.data)
    tcp_listen_pcbs                          0x200002c4   Data           4  tcp.o(.data)
    tcp_active_pcbs                          0x200002c8   Data           4  tcp.o(.data)
    tcp_tw_pcbs                              0x200002cc   Data           4  tcp.o(.data)
    tcp_tmp_pcb                              0x200002d0   Data           4  tcp.o(.data)
    tcp_input_pcb                            0x200002f4   Data           4  tcp_in.o(.data)
    udp_pcbs                                 0x200002f8   Data           4  udp.o(.data)
    current_netif                            0x20000300   Data           4  ip.o(.data)
    current_header                           0x20000304   Data           4  ip.o(.data)
    dmp_process_data                         0x20000320   Data           3  process_net.o(.data)
    dmp_run_status                           0x20000323   Data           1  process_net.o(.data)
    hled_process_data                        0x20000324   Data           2  process_net.o(.data)
    Hled_run_status                          0x20000326   Data           1  process_net.o(.data)
    pack_len                                 0x20000328   Data           2  process_net.o(.data)
    roll_col_sum_tmp                         0x2000032c   Data           2  process_ledscreen.o(.data)
    color_tmp                                0x2000032e   Data           1  process_ledscreen.o(.data)
    roll_col_num                             0x20000330   Data           2  process_ledscreen.o(.data)
    roll_speed                               0x20000332   Data           1  process_ledscreen.o(.data)
    brightness                               0x20000334   Data           2  process_ledscreen.o(.data)
    DISP_COL_TAIL                            0x20000336   Data           2  process_ledscreen.o(.data)
    DISP_COL_HEAD                            0x20000338   Data           2  process_ledscreen.o(.data)
    DIV                                      0x2000033a   Data           2  process_ledscreen.o(.data)
    FILL_COLsum_tail                         0x2000033c   Data           2  process_ledscreen.o(.data)
    FILL_COLsum_head                         0x2000033e   Data           2  process_ledscreen.o(.data)
    sel_screen_MODE                          0x20000340   Data          12  process_ledscreen.o(.data)
    SCREEN_MODE_stationID_SEL2_tbl           0x2000034c   Data          48  process_ledscreen.o(.data)
    screen_mode_disp_tbl                     0x2000037c   Data          48  process_ledscreen.o(.data)
    screen_mode_set_tbl                      0x200003ac   Data          48  process_ledscreen.o(.data)
    mode_index_tbl                           0x200003dc   Data           4  process_ledscreen.o(.data)
    prog_flag                                0x200003f0   Data           4  flash_if.o(.data)
    Jump_To_Application                      0x200003f4   Data           4  flash_if.o(.data)
    Jump_To_iapPROG                          0x200003f8   Data           4  flash_if.o(.data)
    JumpAddress                              0x200003fc   Data           4  flash_if.o(.data)
    red_CN                                   0x20000400   Data         288  hc595.o(.bss)
    green_CN                                 0x20000520   Data         288  hc595.o(.bss)
    red_EN                                   0x20000640   Data         144  hc595.o(.bss)
    green_EN                                 0x200006d0   Data         144  hc595.o(.bss)
    ListenLeftFifo                           0x20000760   Data        4096  myaudio.o(.bss)
    ListenRightFifo                          0x20001760   Data        4096  myaudio.o(.bss)
    OutStr                                   0x20002760   Data         256  mycommander.o(.bss)
    HttpTest                                 0x20002860   Data        1024  myhttpd.o(.bss)
    DmaPlayMem0                              0x20002c60   Data        2048  myi2s.o(.bss)
    DmaPlayMem1                              0x20003460   Data        2048  myi2s.o(.bss)
    DmaListenMem0                            0x20003c60   Data        2048  myi2s.o(.bss)
    DmaListenMem1                            0x20004460   Data        2048  myi2s.o(.bss)
    Netif                                    0x20004c60   Data          52  mylwip.o(.bss)
    NetBuf                                   0x20004c94   Data        1280  mynet.o(.bss)
    StorageInfo                              0x20005194   Data          24  mystorage.o(.bss)
    DMARxDscrTab                             0x200051ac   Data         160  stm32f2x7_eth.o(.bss)
    DMATxDscrTab                             0x2000524c   Data         160  stm32f2x7_eth.o(.bss)
    Rx_Buff                                  0x200052ec   Data        7620  stm32f2x7_eth.o(.bss)
    Tx_Buff                                  0x200070b0   Data        7620  stm32f2x7_eth.o(.bss)
    RX_Frame_Descriptor                      0x20008e74   Data          12  stm32f2x7_eth.o(.bss)
    pack_data                                0x200125a8   Data        1156  process_net.o(.bss)
    netCNDispInfo                            0x20012a2c   Data        1030  process_net.o(.bss)
    netENDispInfo                            0x20012e32   Data        1030  process_net.o(.bss)
    tmpProtocolDispInfo                      0x20013238   Data        1028  process_net.o(.bss)
    ledbuf_tmp1                              0x20013648   Data        6200  process_ledscreen.o(.bss)
    ledbuf_tmp                               0x20014e80   Data        6200  process_ledscreen.o(.bss)
    red_tmp                                  0x200166b8   Data         288  process_ledscreen.o(.bss)
    green_tmp                                0x200167d8   Data         288  process_ledscreen.o(.bss)
    disp_param_SCREEN_MODE_softwareVersion   0x200168f8   Data          10  process_ledscreen.o(.bss)
    __libspace_start                         0x20016904   Data          96  libspace.o(.bss)
    __temporary_stack_top$libspace           0x20016964   Data           0  libspace.o(.bss)



==============================================================================

Memory Map of the image

  Image Entry point : 0x08060185

  Load Region LR_IROM1 (Base: 0x08060000, Size: 0x0000e690, Max: 0x000a0000, ABSOLUTE, COMPRESSED[0x0000e394])

    Execution Region ER_IROM1 (Base: 0x08060000, Size: 0x0000e290, Max: 0x000a0000, ABSOLUTE)

    Base Addr    Size         Type   Attr      Idx    E Section Name        Object

    0x08060000   0x00000184   Data   RO          699    RESET               startup_stm32f2xx.o
    0x08060184   0x00000008   Code   RO         1488  * !!!main             c_w.l(__main.o)
    0x0806018c   0x00000034   Code   RO         1658    !!!scatter          c_w.l(__scatter.o)
    0x080601c0   0x0000005a   Code   RO         1656    !!dczerorl2         c_w.l(__dczerorl2.o)
    0x0806021a   0x00000002   PAD
    0x0806021c   0x0000001c   Code   RO         1660    !!handler_zi        c_w.l(__scatter_zi.o)
    0x08060238   0x00000000   Code   RO         1465    .ARM.Collect$$_printf_percent$$00000000  c_w.l(_printf_percent.o)
    0x08060238   0x00000006   Code   RO         1464    .ARM.Collect$$_printf_percent$$00000009  c_w.l(_printf_d.o)
    0x0806023e   0x00000006   Code   RO         1463    .ARM.Collect$$_printf_percent$$00000014  c_w.l(_printf_s.o)
    0x08060244   0x00000004   Code   RO         1499    .ARM.Collect$$_printf_percent$$00000017  c_w.l(_printf_percent_end.o)
    0x08060248   0x00000006   Code   RO         1526    .ARM.Collect$$libinit$$00000000  c_w.l(libinit.o)
    0x0806024e   0x00000000   Code   RO         1534    .ARM.Collect$$libinit$$00000006  c_w.l(libinit2.o)
    0x0806024e   0x00000000   Code   RO         1536    .ARM.Collect$$libinit$$00000008  c_w.l(libinit2.o)
    0x0806024e   0x00000000   Code   RO         1538    .ARM.Collect$$libinit$$0000000A  c_w.l(libinit2.o)
    0x0806024e   0x00000000   Code   RO         1541    .ARM.Collect$$libinit$$0000000D  c_w.l(libinit2.o)
    0x0806024e   0x00000000   Code   RO         1543    .ARM.Collect$$libinit$$0000000F  c_w.l(libinit2.o)
    0x0806024e   0x00000000   Code   RO         1545    .ARM.Collect$$libinit$$00000011  c_w.l(libinit2.o)
    0x0806024e   0x00000000   Code   RO         1547    .ARM.Collect$$libinit$$00000013  c_w.l(libinit2.o)
    0x0806024e   0x00000000   Code   RO         1549    .ARM.Collect$$libinit$$00000015  c_w.l(libinit2.o)
    0x0806024e   0x00000000   Code   RO         1551    .ARM.Collect$$libinit$$00000017  c_w.l(libinit2.o)
    0x0806024e   0x00000000   Code   RO         1553    .ARM.Collect$$libinit$$00000019  c_w.l(libinit2.o)
    0x0806024e   0x00000000   Code   RO         1555    .ARM.Collect$$libinit$$0000001B  c_w.l(libinit2.o)
    0x0806024e   0x00000000   Code   RO         1557    .ARM.Collect$$libinit$$0000001D  c_w.l(libinit2.o)
    0x0806024e   0x00000000   Code   RO         1559    .ARM.Collect$$libinit$$0000001F  c_w.l(libinit2.o)
    0x0806024e   0x00000000   Code   RO         1561    .ARM.Collect$$libinit$$00000021  c_w.l(libinit2.o)
    0x0806024e   0x00000000   Code   RO         1565    .ARM.Collect$$libinit$$00000028  c_w.l(libinit2.o)
    0x0806024e   0x00000000   Code   RO         1567    .ARM.Collect$$libinit$$0000002A  c_w.l(libinit2.o)
    0x0806024e   0x00000000   Code   RO         1569    .ARM.Collect$$libinit$$0000002C  c_w.l(libinit2.o)
    0x0806024e   0x00000000   Code   RO         1571    .ARM.Collect$$libinit$$0000002E  c_w.l(libinit2.o)
    0x0806024e   0x00000002   Code   RO         1572    .ARM.Collect$$libinit$$0000002F  c_w.l(libinit2.o)
    0x08060250   0x00000002   Code   RO         1597    .ARM.Collect$$libshutdown$$00000000  c_w.l(libshutdown.o)
    0x08060252   0x00000000   Code   RO         1611    .ARM.Collect$$libshutdown$$00000003  c_w.l(libshutdown2.o)
    0x08060252   0x00000000   Code   RO         1614    .ARM.Collect$$libshutdown$$00000006  c_w.l(libshutdown2.o)
    0x08060252   0x00000000   Code   RO         1617    .ARM.Collect$$libshutdown$$00000009  c_w.l(libshutdown2.o)
    0x08060252   0x00000000   Code   RO         1619    .ARM.Collect$$libshutdown$$0000000B  c_w.l(libshutdown2.o)
    0x08060252   0x00000000   Code   RO         1622    .ARM.Collect$$libshutdown$$0000000E  c_w.l(libshutdown2.o)
    0x08060252   0x00000002   Code   RO         1623    .ARM.Collect$$libshutdown$$0000000F  c_w.l(libshutdown2.o)
    0x08060254   0x00000000   Code   RO         1490    .ARM.Collect$$rtentry$$00000000  c_w.l(rtentry.o)
    0x08060254   0x00000000   Code   RO         1501    .ARM.Collect$$rtentry$$00000002  c_w.l(rtentry2.o)
    0x08060254   0x00000006   Code   RO         1513    .ARM.Collect$$rtentry$$00000004  c_w.l(rtentry4.o)
    0x0806025a   0x00000000   Code   RO         1503    .ARM.Collect$$rtentry$$00000009  c_w.l(rtentry2.o)
    0x0806025a   0x00000004   Code   RO         1504    .ARM.Collect$$rtentry$$0000000A  c_w.l(rtentry2.o)
    0x0806025e   0x00000000   Code   RO         1506    .ARM.Collect$$rtentry$$0000000C  c_w.l(rtentry2.o)
    0x0806025e   0x00000008   Code   RO         1507    .ARM.Collect$$rtentry$$0000000D  c_w.l(rtentry2.o)
    0x08060266   0x00000002   Code   RO         1530    .ARM.Collect$$rtexit$$00000000  c_w.l(rtexit.o)
    0x08060268   0x00000000   Code   RO         1576    .ARM.Collect$$rtexit$$00000002  c_w.l(rtexit2.o)
    0x08060268   0x00000004   Code   RO         1577    .ARM.Collect$$rtexit$$00000003  c_w.l(rtexit2.o)
    0x0806026c   0x00000006   Code   RO         1578    .ARM.Collect$$rtexit$$00000004  c_w.l(rtexit2.o)
    0x08060272   0x00000002   PAD
    0x08060274   0x00000020   Code   RO          686    .emb_text           core_cm3.o
    0x08060294   0x00000184   Code   RO            1    .text               main.o
    0x08060418   0x0000003e   Code   RO          232    .text               mem_str.o
    0x08060456   0x00000002   PAD
    0x08060458   0x00000118   Code   RO          251    .text               p_sys.o
    0x08060570   0x00000298   Code   RO          265    .text               hc595.o
    0x08060808   0x000000c0   Code   RO          285    .text               myapp.o
    0x080608c8   0x00000258   Code   RO          303    .text               myaudio.o
    0x08060b20   0x000003ec   Code   RO          331    .text               myboard.o
    0x08060f0c   0x000003b4   Code   RO          346    .text               mycommander.o
    0x080612c0   0x00000178   Code   RO          362    .text               myethernet.o
    0x08061438   0x000002d4   Code   RO          392    .text               myhttpd.o
    0x0806170c   0x000003dc   Code   RO          499    .text               myi2c.o
    0x08061ae8   0x00000622   Code   RO          511    .text               myi2s.o
    0x0806210a   0x00000002   PAD
    0x0806210c   0x00000584   Code   RO          530    .text               mylwip.o
    0x08062690   0x0000038c   Code   RO          549    .text               mymiscfunc.o
    0x08062a1c   0x00000400   Code   RO          561    .text               mynet.o
    0x08062e1c   0x000002f0   Code   RO          584    .text               myprotocol.o
    0x0806310c   0x000001f4   Code   RO          606    .text               mystorage.o
    0x08063300   0x00000130   Code   RO          637    .text               mytimer.o
    0x08063430   0x0000002c   Code   RO          659    .text               stm32f2xx_it.o
    0x0806345c   0x000000ec   Code   RO          674    .text               bsp_dev_id.o
    0x08063548   0x00000040   Code   RO          700    .text               startup_stm32f2xx.o
    0x08063588   0x000001d8   Code   RO          704    .text               system_stm32f2xx.o
    0x08063760   0x00000e9c   Code   RO          722    .text               stm32f2x7_eth.o
    0x080645fc   0x00000378   Code   RO          839    .text               mem.o
    0x08064974   0x000000b4   Code   RO          854    .text               memp.o
    0x08064a28   0x00000214   Code   RO          884    .text               netif.o
    0x08064c3c   0x000005ea   Code   RO          906    .text               pbuf.o
    0x08065226   0x00000002   PAD
    0x08065228   0x000001b0   Code   RO          921    .text               raw.o
    0x080653d8   0x00000c60   Code   RO          947    .text               tcp.o
    0x08066038   0x00001320   Code   RO          968    .text               tcp_in.o
    0x08067358   0x00000b14   Code   RO          991    .text               tcp_out.o
    0x08067e6c   0x000003fc   Code   RO         1003    .text               udp.o
    0x08068268   0x00000424   Code   RO         1021    .text               autoip.o
    0x0806868c   0x0000021c   Code   RO         1033    .text               icmp.o
    0x080688a8   0x0000024c   Code   RO         1051    .text               inet.o
    0x08068af4   0x0000016e   Code   RO         1064    .text               inet_chksum.o
    0x08068c62   0x00000002   PAD
    0x08068c64   0x00000318   Code   RO         1083    .text               ip.o
    0x08068f7c   0x0000004e   Code   RO         1104    .text               ip_addr.o
    0x08068fca   0x00000002   PAD
    0x08068fcc   0x00000628   Code   RO         1126    .text               ip_frag.o
    0x080695f4   0x000009d0   Code   RO         1141    .text               etharp.o
    0x08069fc4   0x000001fc   Code   RO         1182    .text               ethernetif.o
    0x0806a1c0   0x00000108   Code   RO         1195    .text               misc.o
    0x0806a2c8   0x000003d8   Code   RO         1219    .text               stm32f2xx_dma.o
    0x0806a6a0   0x000004cc   Code   RO         1243    .text               stm32f2xx_flash.o
    0x0806ab6c   0x000002b0   Code   RO         1255    .text               stm32f2xx_gpio.o
    0x0806ae1c   0x0000048c   Code   RO         1267    .text               stm32f2xx_i2c.o
    0x0806b2a8   0x000005d0   Code   RO         1291    .text               stm32f2xx_rcc.o
    0x0806b878   0x000003dc   Code   RO         1305    .text               stm32f2xx_spi.o
    0x0806bc54   0x000000ac   Code   RO         1317    .text               stm32f2xx_syscfg.o
    0x0806bd00   0x00000978   Code   RO         1359    .text               process_net.o
    0x0806c678   0x000009e8   Code   RO         1379    .text               process_ledscreen.o
    0x0806d060   0x00000510   Code   RO         1399    .text               flash_if.o
    0x0806d570   0x00000028   Code   RO         1435    .text               c_w.l(noretval__2sprintf.o)
    0x0806d598   0x0000006a   Code   RO         1437    .text               c_w.l(__printf.o)
    0x0806d602   0x00000052   Code   RO         1439    .text               c_w.l(_printf_str.o)
    0x0806d654   0x00000078   Code   RO         1441    .text               c_w.l(_printf_dec.o)
    0x0806d6cc   0x00000058   Code   RO         1466    .text               c_w.l(memcmp.o)
    0x0806d724   0x0000003e   Code   RO         1468    .text               c_w.l(strlen.o)
    0x0806d762   0x00000096   Code   RO         1470    .text               c_w.l(strncmp.o)
    0x0806d7f8   0x0000008a   Code   RO         1472    .text               c_w.l(rt_memcpy_v6.o)
    0x0806d882   0x00000064   Code   RO         1474    .text               c_w.l(rt_memcpy_w.o)
    0x0806d8e6   0x00000010   Code   RO         1476    .text               c_w.l(aeabi_memset.o)
    0x0806d8f6   0x00000044   Code   RO         1478    .text               c_w.l(rt_memclr.o)
    0x0806d93a   0x0000004e   Code   RO         1480    .text               c_w.l(rt_memclr_w.o)
    0x0806d988   0x00000080   Code   RO         1484    .text               c_w.l(strcmpv7m.o)
    0x0806da08   0x00000006   Code   RO         1486    .text               c_w.l(heapauxi.o)
    0x0806da0e   0x000000b8   Code   RO         1491    .text               c_w.l(_printf_intcommon.o)
    0x0806dac6   0x00000002   PAD
    0x0806dac8   0x00000030   Code   RO         1493    .text               c_w.l(_printf_char_common.o)
    0x0806daf8   0x0000000a   Code   RO         1495    .text               c_w.l(_sputc.o)
    0x0806db02   0x0000002c   Code   RO         1497    .text               c_w.l(_printf_char.o)
    0x0806db2e   0x0000004a   Code   RO         1517    .text               c_w.l(sys_stackheap_outer.o)
    0x0806db78   0x0000000c   Code   RO         1519    .text               c_w.l(exit.o)
    0x0806db84   0x00000008   Code   RO         1527    .text               c_w.l(libspace.o)
    0x0806db8c   0x00000008   Code   RO         1585    .text               c_w.l(rt_fp_status_addr_intlibspace.o)
    0x0806db94   0x0000000c   Code   RO         1589    .text               c_w.l(sys_exit.o)
    0x0806dba0   0x00000002   Code   RO         1600    .text               c_w.l(use_no_semi.o)
    0x0806dba2   0x00000000   Code   RO         1602    .text               c_w.l(indicate_semi.o)
    0x0806dba2   0x0000000e   Code   RO         1573    x$fpl$fpinit        fz_ws.l(fpinit.o)
    0x0806dbb0   0x00000022   Data   RO          267    .constdata          hc595.o
    0x0806dbd2   0x00000002   PAD
    0x0806dbd4   0x000000d6   Data   RO          348    .constdata          mycommander.o
    0x0806dcaa   0x00000002   PAD
    0x0806dcac   0x00000147   Data   RO          394    .constdata          myhttpd.o
    0x0806ddf3   0x00000001   PAD
    0x0806ddf4   0x00000024   Data   RO          856    .constdata          memp.o
    0x0806de18   0x00000014   Data   RO          948    .constdata          tcp.o
    0x0806de2c   0x00000008   Data   RO         1105    .constdata          ip_addr.o
    0x0806de34   0x0000000c   Data   RO         1143    .constdata          etharp.o
    0x0806de40   0x00000098   Data   RO         1361    .constdata          process_net.o
    0x0806ded8   0x00000330   Data   RO         1381    .constdata          process_ledscreen.o
    0x0806e208   0x00000068   Data   RO          949    .conststring        tcp.o
    0x0806e270   0x00000020   Data   RO         1654    Region$$Table       anon$$obj.o


    Execution Region RW_IRAM1 (Base: 0x20000000, Size: 0x00016f68, Max: 0x00020000, ABSOLUTE, COMPRESSED[0x00000104])

    Base Addr    Size         Type   Attr      Idx    E Section Name        Object

    0x20000000   0x00000017   Data   RW            2    .data               main.o
    0x20000017   0x00000001   PAD
    0x20000018   0x0000000a   Data   RW          252    .data               p_sys.o
    0x20000022   0x00000007   Data   RW          268    .data               hc595.o
    0x20000029   0x00000003   PAD
    0x2000002c   0x0000000c   Data   RW          286    .data               myapp.o
    0x20000038   0x0000006c   Data   RW          305    .data               myaudio.o
    0x200000a4   0x00000005   Data   RW          363    .data               myethernet.o
    0x200000a9   0x00000100   Data   RW          395    .data               myhttpd.o
    0x200001a9   0x00000003   PAD
    0x200001ac   0x00000004   Data   RW          513    .data               myi2s.o
    0x200001b0   0x00000030   Data   RW          532    .data               mylwip.o
    0x200001e0   0x00000030   Data   RW          563    .data               mynet.o
    0x20000210   0x00000014   Data   RW          585    .data               myprotocol.o
    0x20000224   0x00000004   Data   RW          608    .data               mystorage.o
    0x20000228   0x0000001c   Data   RW          638    .data               mytimer.o
    0x20000244   0x00000014   Data   RW          705    .data               system_stm32f2xx.o
    0x20000258   0x00000010   Data   RW          724    .data               stm32f2x7_eth.o
    0x20000268   0x0000000d   Data   RW          841    .data               mem.o
    0x20000275   0x00000003   PAD
    0x20000278   0x0000000c   Data   RW          885    .data               netif.o
    0x20000284   0x00000004   Data   RW          922    .data               raw.o
    0x20000288   0x0000004d   Data   RW          950    .data               tcp.o
    0x200002d5   0x00000003   PAD
    0x200002d8   0x00000020   Data   RW          970    .data               tcp_in.o
    0x200002f8   0x00000004   Data   RW         1004    .data               udp.o
    0x200002fc   0x0000000c   Data   RW         1084    .data               ip.o
    0x20000308   0x00000006   Data   RW         1128    .data               ip_frag.o
    0x2000030e   0x00000001   Data   RW         1144    .data               etharp.o
    0x2000030f   0x00000010   Data   RW         1292    .data               stm32f2xx_rcc.o
    0x2000031f   0x00000001   PAD
    0x20000320   0x0000000a   Data   RW         1362    .data               process_net.o
    0x2000032a   0x00000002   PAD
    0x2000032c   0x000000c1   Data   RW         1382    .data               process_ledscreen.o
    0x200003ed   0x00000003   PAD
    0x200003f0   0x00000010   Data   RW         1400    .data               flash_if.o
    0x20000400   0x00000360   Zero   RW          266    .bss                hc595.o
    0x20000760   0x00002000   Zero   RW          304    .bss                myaudio.o
    0x20002760   0x00000100   Zero   RW          347    .bss                mycommander.o
    0x20002860   0x00000400   Zero   RW          393    .bss                myhttpd.o
    0x20002c60   0x00002000   Zero   RW          512    .bss                myi2s.o
    0x20004c60   0x00000034   Zero   RW          531    .bss                mylwip.o
    0x20004c94   0x00000500   Zero   RW          562    .bss                mynet.o
    0x20005194   0x00000018   Zero   RW          607    .bss                mystorage.o
    0x200051ac   0x00003cd4   Zero   RW          723    .bss                stm32f2x7_eth.o
    0x20008e80   0x00002814   Zero   RW          840    .bss                mem.o
    0x2000b694   0x00006847   Zero   RW          855    .bss                memp.o
    0x20011edb   0x00000001   PAD
    0x20011edc   0x00000014   Zero   RW          969    .bss                tcp_in.o
    0x20011ef0   0x00000010   Zero   RW         1052    .bss                inet.o
    0x20011f00   0x000005e0   Zero   RW         1127    .bss                ip_frag.o
    0x200124e0   0x000000c8   Zero   RW         1142    .bss                etharp.o
    0x200125a8   0x00001094   Zero   RW         1360    .bss                process_net.o
    0x2001363c   0x000032c6   Zero   RW         1380    .bss                process_ledscreen.o
    0x20016902   0x00000002   PAD
    0x20016904   0x00000060   Zero   RW         1528    .bss                c_w.l(libspace.o)
    0x20016964   0x00000004   PAD
    0x20016968   0x00000200   Zero   RW          698    HEAP                startup_stm32f2xx.o
    0x20016b68   0x00000400   Zero   RW          697    STACK               startup_stm32f2xx.o


==============================================================================

Image component sizes


      Code (inc. data)   RO Data    RW Data    ZI Data      Debug   Object Name

      1060         34          0          0          0       4434   autoip.o
       236          8          0          0          0       1099   bsp_dev_id.o
        32          0          0          0          0        560   core_cm3.o
      2512         24         12          1        200       9826   etharp.o
       508         40          0          0          0       2928   ethernetif.o
      1296         80          0         16          0       5588   flash_if.o
       664         34         34          7        864       2317   hc595.o
       540          0          0          0          0       2610   icmp.o
       588         10          0          0         16       3260   inet.o
       366          0          0          0          0       5318   inet_chksum.o
         0          0          0          0          0       5170   init.o
       792         20          0         12          0       5926   ip.o
        78          0          8          0          0       5481   ip_addr.o
      1576         18          0          6       1504       5920   ip_frag.o
       388         42          0         23          0     306855   main.o
       888         20          0         13      10260       3722   mem.o
        62          0          0          0          0       1218   mem_str.o
       180         18         36          0      26695       2938   memp.o
       264         30          0          0          0       1845   misc.o
       192         20          0         12          0       1715   myapp.o
       600         88          0        108       8192       4035   myaudio.o
      1004         20          0          0          0       2413   myboard.o
       948        244        214          0        256       2832   mycommander.o
       376         16          0          5          0       1261   myethernet.o
       724        100        327        256       1024      26929   myhttpd.o
       988         26          0          0          0       3095   myi2c.o
      1570        100          0          4       8192       5015   myi2s.o
      1412         96          0         48         52       7640   mylwip.o
       908          6          0          0          0       4620   mymiscfunc.o
      1024         72          0         48       1280      22613   mynet.o
       752         30          0         20          0       7404   myprotocol.o
       500         32          0          4         24       2387   mystorage.o
       304         40          0         28          0      18895   mytimer.o
       532         22          0         12          0       5444   netif.o
       280         28          0         10          0       1634   p_sys.o
      1514          0          0          0          0       5888   pbuf.o
      2536        184        816        193      12998      10024   process_ledscreen.o
      2424        124        152         10       4244      12381   process_net.o
       432          6          0          4          0       3493   raw.o
        64         26        388          0       1536        788   startup_stm32f2xx.o
      3740        100          0         16      15572      19924   stm32f2x7_eth.o
       984         50          0          0          0       6385   stm32f2xx_dma.o
      1228         68          0          0          0       6969   stm32f2xx_flash.o
       688         36          0          0          0       4005   stm32f2xx_gpio.o
      1164         26          0          0          0       8163   stm32f2xx_i2c.o
        44          0          0          0          0       1383   stm32f2xx_it.o
      1488        158          0         16          0      11043   stm32f2xx_rcc.o
       988         20          0          0          0       6400   stm32f2xx_spi.o
       172         22          0          0          0       1535   stm32f2xx_syscfg.o
       472         52          0         20          0       1715   system_stm32f2xx.o
      3168        108        124         77          0      18152   tcp.o
      4896        210          0         32         20      13292   tcp_in.o
      2836         14          0          0          0       7162   tcp_out.o
      1020          8          0          4          0       6401   udp.o

    ----------------------------------------------------------------------
     54012       2530       2148       1024      92932     640050   Object Totals
         0          0         32          0          0          0   (incl. Generated)
        10          0          5         19          3          0   (incl. Padding)

    ----------------------------------------------------------------------

      Code (inc. data)   RO Data    RW Data    ZI Data      Debug   Library Member Name

        90          0          0          0          0          0   __dczerorl2.o
         8          0          0          0          0         68   __main.o
       106          0          0          0          0         84   __printf.o
        52          8          0          0          0          0   __scatter.o
        28          0          0          0          0          0   __scatter_zi.o
        44          0          0          0          0        108   _printf_char.o
        48          6          0          0          0         96   _printf_char_common.o
         6          0          0          0          0          0   _printf_d.o
       120         18          0          0          0         92   _printf_dec.o
       184          0          0          0          0         88   _printf_intcommon.o
         0          0          0          0          0          0   _printf_percent.o
         4          0          0          0          0          0   _printf_percent_end.o
         6          0          0          0          0          0   _printf_s.o
        82          0          0          0          0         80   _printf_str.o
        10          0          0          0          0         68   _sputc.o
        16          0          0          0          0         68   aeabi_memset.o
        12          0          0          0          0         72   exit.o
         6          0          0          0          0        152   heapauxi.o
         0          0          0          0          0          0   indicate_semi.o
         6          0          0          0          0          0   libinit.o
         2          0          0          0          0          0   libinit2.o
         2          0          0          0          0          0   libshutdown.o
         2          0          0          0          0          0   libshutdown2.o
         8          4          0          0         96         68   libspace.o
        88          0          0          0          0         76   memcmp.o
        40          6          0          0          0         84   noretval__2sprintf.o
         8          4          0          0          0         68   rt_fp_status_addr_intlibspace.o
        68          0          0          0          0         68   rt_memclr.o
        78          0          0          0          0         80   rt_memclr_w.o
       138          0          0          0          0         68   rt_memcpy_v6.o
       100          0          0          0          0         80   rt_memcpy_w.o
         0          0          0          0          0          0   rtentry.o
        12          0          0          0          0          0   rtentry2.o
         6          0          0          0          0          0   rtentry4.o
         2          0          0          0          0          0   rtexit.o
        10          0          0          0          0          0   rtexit2.o
       128          0          0          0          0         68   strcmpv7m.o
        62          0          0          0          0         76   strlen.o
       150          0          0          0          0         80   strncmp.o
        12          4          0          0          0         68   sys_exit.o
        74          0          0          0          0         80   sys_stackheap_outer.o
         2          0          0          0          0         68   use_no_semi.o
        14          0          0          0          0         76   fpinit.o

    ----------------------------------------------------------------------
      1840         50          0          0        100       2084   Library Totals
         6          0          0          0          4          0   (incl. Padding)

    ----------------------------------------------------------------------

      Code (inc. data)   RO Data    RW Data    ZI Data      Debug   Library Name

      1820         50          0          0         96       2008   c_w.l
        14          0          0          0          0         76   fz_ws.l

    ----------------------------------------------------------------------
      1840         50          0          0        100       2084   Library Totals

    ----------------------------------------------------------------------

==============================================================================


      Code (inc. data)   RO Data    RW Data    ZI Data      Debug   

     55852       2580       2148       1024      93032     635634   Grand Totals
     55852       2580       2148        260      93032     635634   ELF Image Totals (compressed)
     55852       2580       2148        260          0          0   ROM Totals

==============================================================================

    Total RO  Size (Code + RO Data)                58000 (  56.64kB)
    Total RW  Size (RW Data + ZI Data)             94056 (  91.85kB)
    Total ROM Size (Code + RO Data + RW Data)      58260 (  56.89kB)

==============================================================================

