ARM Linker, 4.1 [Build 791] [Professional]

==============================================================================

Section Cross References

    main.o(.text) refers to mymiscfunc.o(.text) for Delay
    main.o(.text) refers to myboard.o(.text) for RCC_Configuration
    main.o(.text) refers to mytimer.o(.text) for SysTick_Init
    main.o(.text) refers to myapp.o(.text) for AppInit
    main.o(.text) refers to mystorage.o(.text) for StorageInit
    main.o(.text) refers to mynet.o(.text) for NetInit
    main.o(.text) refers to mylwip.o(.text) for LwipProcess
    main.o(.text) refers to p_sys.o(.text) for timer0_check_timer
    main.o(.text) refers to process_ledscreen.o(.text) for LedScreen_process
    main.o(.text) refers to main.o(.data) for timer_1
    main.o(.text) refers to mytimer.o(.data) for MyTmCnt10
    p_sys.o(.text) refers to p_sys.o(.data) for tmp
    p_sys.o(.text) refers to process_ledscreen.o(.data) for roll_speed
    p_sys.o(.text) refers to main.o(.data) for timer2_flag
    hc595.o(.text) refers to stm32f2xx_gpio.o(.text) for GPIO_SetBits
    hc595.o(.text) refers to process_ledscreen.o(.text) for clr_led_buf
    hc595.o(.text) refers to mymiscfunc.o(.text) for Delay
    hc595.o(.text) refers to hc595.o(.constdata) for led_row_select
    hc595.o(.text) refers to hc595.o(.data) for line_No
    hc595.o(.text) refers to hc595.o(.bss) for green_CN
    hc595.o(.text) refers to process_ledscreen.o(.data) for brightness
    hc595.o(.text) refers to main.o(.data) for refresh_flag
    myapp.o(.text) refers to bsp_dev_id.o(.text) for get_devecie_id
    myapp.o(.text) refers to mycommander.o(.text) for CommanderInit
    myapp.o(.text) refers to mystorage.o(.text) for StorageInfoSave
    myapp.o(.text) refers to myapp.o(.data) for AppStartTimer
    myaudio.o(.text) refers to myi2s.o(.text) for L3Uda1341SetVolume
    myaudio.o(.text) refers to mystorage.o(.text) for StorageInfoSave
    myaudio.o(.text) refers to mymiscfunc.o(.text) for Delay
    myaudio.o(.text) refers to myaudio.o(.data) for AudioVolume
    myaudio.o(.text) refers to myaudio.o(.bss) for ListenLeftFifo
    myaudio.o(.text) refers to myi2s.o(.data) for DmaPlayFlag
    myboard.o(.text) refers to stm32f2xx_rcc.o(.text) for RCC_AHB1PeriphClockCmd
    myboard.o(.text) refers to stm32f2xx_gpio.o(.text) for GPIO_Init
    myboard.o(.text) refers to bsp_dev_id.o(.text) for Device_id_GPIO_config
    myboard.o(.text) refers to hc595.o(.text) for HC595_GPIO_config
    mycommander.o(.text) refers to _printf_percent.o(.ARM.Collect$$_printf_percent$$00000000) for _printf_percent
    mycommander.o(.text) refers to _printf_d.o(.ARM.Collect$$_printf_percent$$00000009) for _printf_d
    mycommander.o(.text) refers to _printf_dec.o(.text) for _printf_int_dec
    mycommander.o(.text) refers to strlen.o(.text) for strlen
    mycommander.o(.text) refers to mylwip.o(.text) for UdpCommanderSend
    mycommander.o(.text) refers to rt_memclr.o(.text) for __aeabi_memclr
    mycommander.o(.text) refers to noretval__2sprintf.o(.text) for __2sprintf
    mycommander.o(.text) refers to rt_memcpy_w.o(.text) for __aeabi_memcpy4
    mycommander.o(.text) refers to rt_memclr_w.o(.text) for __aeabi_memclr4
    mycommander.o(.text) refers to mymiscfunc.o(.text) for LineToWords
    mycommander.o(.text) refers to strcmpv7m.o(.text) for strcmp
    mycommander.o(.text) refers to mynet.o(.text) for NetSetLocalIp4
    mycommander.o(.text) refers to myapp.o(.text) for SetDeviceId
    mycommander.o(.text) refers to myaudio.o(.text) for AudioSetVolume
    mycommander.o(.text) refers to mycommander.o(.bss) for OutStr
    mycommander.o(.text) refers to myapp.o(.data) for TrainId
    mycommander.o(.text) refers to mynet.o(.data) for NetLocalIp
    mycommander.o(.text) refers to mycommander.o(.constdata) for .constdata
    myethernet.o(.text) refers to stm32f2xx_rcc.o(.text) for RCC_AHB1PeriphClockCmd
    myethernet.o(.text) refers to stm32f2x7_eth.o(.text) for ETH_DeInit
    myethernet.o(.text) refers to stm32f2xx_gpio.o(.text) for GPIO_Init
    myethernet.o(.text) refers to stm32f2xx_syscfg.o(.text) for SYSCFG_ETH_MediaInterfaceConfig
    myethernet.o(.text) refers to myethernet.o(.data) for EthInitStatus
    myflash.o(.text) refers to stm32f2xx_flash.o(.text) for FLASH_Unlock
    myflash.o(.text) refers to myflash.o(.data) for FlashPage1Addr
    myflash.o(.text) refers to mystorage.o(.bss) for StorageInfo
    myhttpd.o(.text) refers to _printf_percent.o(.ARM.Collect$$_printf_percent$$00000000) for _printf_percent
    myhttpd.o(.text) refers to _printf_s.o(.ARM.Collect$$_printf_percent$$00000014) for _printf_s
    myhttpd.o(.text) refers to _printf_str.o(.text) for _printf_str
    myhttpd.o(.text) refers to mem.o(.text) for mem_malloc
    myhttpd.o(.text) refers to tcp.o(.text) for tcp_arg
    myhttpd.o(.text) refers to tcp_out.o(.text) for tcp_write
    myhttpd.o(.text) refers to pbuf.o(.text) for pbuf_free
    myhttpd.o(.text) refers to rt_memcpy_v6.o(.text) for __aeabi_memcpy
[...]
    SysTick_Init                             0x0800312d   Thumb Code   114  mytimer.o(.text)
    SysTick_Isr                              0x0800319f   Thumb Code    92  mytimer.o(.text)
    Timer1_Init                              0x080031fb   Thumb Code     2  mytimer.o(.text)
    Timer1_Isr                               0x080031fd   Thumb Code     2  mytimer.o(.text)
    MyTimer10                                0x080031ff   Thumb Code     2  mytimer.o(.text)
    MyTimer20                                0x08003201   Thumb Code     2  mytimer.o(.text)
    MyTimer50                                0x08003203   Thumb Code    12  mytimer.o(.text)
    MyTimer100                               0x0800320f   Thumb Code    12  mytimer.o(.text)
    MyTimer500                               0x0800321b   Thumb Code    20  mytimer.o(.text)
    MyTimer1000                              0x0800322f   Thumb Code     8  mytimer.o(.text)
    MyTimer2000                              0x08003237   Thumb Code     2  mytimer.o(.text)
    NMI_Handler                              0x08003261   Thumb Code     2  stm32f2xx_it.o(.text)
    HardFault_Handler                        0x08003263   Thumb Code     4  stm32f2xx_it.o(.text)
    MemManage_Handler                        0x08003267   Thumb Code     4  stm32f2xx_it.o(.text)
    BusFault_Handler                         0x0800326b   Thumb Code     4  stm32f2xx_it.o(.text)
    UsageFault_Handler                       0x0800326f   Thumb Code     4  stm32f2xx_it.o(.text)
    DebugMon_Handler                         0x08003273   Thumb Code     2  stm32f2xx_it.o(.text)
    SysTick_Handler                          0x08003275   Thumb Code     8  stm32f2xx_it.o(.text)
    DMA1_Stream2_IRQHandler                  0x0800327d   Thumb Code     8  stm32f2xx_it.o(.text)
    DMA1_Stream4_IRQHandler                  0x08003285   Thumb Code     8  stm32f2xx_it.o(.text)
    Device_id_GPIO_config                    0x0800328d   Thumb Code    50  bsp_dev_id.o(.text)
    get_devecie_id                           0x080032bf   Thumb Code   144  bsp_dev_id.o(.text)
    Reset_Handler                            0x08003355   Thumb Code     8  startup_stm32f2xx.o(.text)
    SVC_Handler                              0x08003367   Thumb Code     2  startup_stm32f2xx.o(.text)
    PendSV_Handler                           0x0800336b   Thumb Code     2  startup_stm32f2xx.o(.text)
    ADC_IRQHandler                           0x0800336f   Thumb Code     0  startup_stm32f2xx.o(.text)
    CAN1_RX0_IRQHandler                      0x0800336f   Thumb Code     0  startup_stm32f2xx.o(.text)
    CAN1_RX1_IRQHandler                      0x0800336f   Thumb Code     0  startup_stm32f2xx.o(.text)
    CAN1_SCE_IRQHandler                      0x0800336f   Thumb Code     0  startup_stm32f2xx.o(.text)
    CAN1_TX_IRQHandler                       0x0800336f   Thumb Code     0  startup_stm32f2xx.o(.text)
    CAN2_RX0_IRQHandler                      0x0800336f   Thumb Code     0  startup_stm32f2xx.o(.text)
    CAN2_RX1_IRQHandler                      0x0800336f   Thumb Code     0  startup_stm32f2xx.o(.text)
    CAN2_SCE_IRQHandler                      0x0800336f   Thumb Code     0  startup_stm32f2xx.o(.text)
    CAN2_TX_IRQHandler                       0x0800336f   Thumb Code     0  startup_stm32f2xx.o(.text)
    CRYP_IRQHandler                          0x0800336f   Thumb Code     0  startup_stm32f2xx.o(.text)
    DCMI_IRQHandler                          0x0800336f   Thumb Code     0  startup_stm32f2xx.o(.text)
    DMA1_Stream0_IRQHandler                  0x0800336f   Thumb Code     0  startup_stm32f2xx.o(.text)
    DMA1_Stream1_IRQHandler                  0x0800336f   Thumb Code     0  startup_stm32f2xx.o(.text)
    DMA1_Stream3_IRQHandler                  0x0800336f   Thumb Code     0  startup_stm32f2xx.o(.text)
    DMA1_Stream5_IRQHandler                  0x0800336f   Thumb Code     0  startup_stm32f2xx.o(.text)
    DMA1_Stream6_IRQHandler                  0x0800336f   Thumb Code     0  startup_stm32f2xx.o(.text)
    DMA1_Stream7_IRQHandler                  0x0800336f   Thumb Code     0  startup_stm32f2xx.o(.text)
    DMA2_Stream0_IRQHandler                  0x0800336f   Thumb Code     0  startup_stm32f2xx.o(.text)
    DMA2_Stream1_IRQHandler                  0x0800336f   Thumb Code     0  startup_stm32f2xx.o(.text)
    DMA2_Stream2_IRQHandler                  0x0800336f   Thumb Code     0  startup_stm32f2xx.o(.text)
    DMA2_Stream3_IRQHandler                  0x0800336f   Thumb Code     0  startup_stm32f2xx.o(.text)
    DMA2_Stream4_IRQHandler                  0x0800336f   Thumb Code     0  startup_stm32f2xx.o(.text)
    DMA2_Stream5_IRQHandler                  0x0800336f   Thumb Code     0  startup_stm32f2xx.o(.text)
    DMA2_Stream6_IRQHandler                  0x0800336f   Thumb Code     0  startup_stm32f2xx.o(.text)
    DMA2_Stream7_IRQHandler                  0x0800336f   Thumb Code     0  startup_stm32f2xx.o(.text)
    ETH_IRQHandler                           0x0800336f   Thumb Code     0  startup_stm32f2xx.o(.text)
    ETH_WKUP_IRQHandler                      0x0800336f   Thumb Code     0  startup_stm32f2xx.o(.text)
    EXTI0_IRQHandler                         0x0800336f   Thumb Code     0  startup_stm32f2xx.o(.text)
    EXTI15_10_IRQHandler                     0x0800336f   Thumb Code     0  startup_stm32f2xx.o(.text)
    EXTI1_IRQHandler                         0x0800336f   Thumb Code     0  startup_stm32f2xx.o(.text)
    EXTI2_IRQHandler                         0x0800336f   Thumb Code     0  startup_stm32f2xx.o(.text)
    EXTI3_IRQHandler                         0x0800336f   Thumb Code     0  startup_stm32f2xx.o(.text)
    EXTI4_IRQHandler                         0x0800336f   Thumb Code     0  startup_stm32f2xx.o(.text)
    EXTI9_5_IRQHandler                       0x0800336f   Thumb Code     0  startup_stm32f2xx.o(.text)
    FLASH_IRQHandler                         0x0800336f   Thumb Code     0  startup_stm32f2xx.o(.text)
    FSMC_IRQHandler                          0x0800336f   Thumb Code     0  startup_stm32f2xx.o(.text)
    HASH_RNG_IRQHandler                      0x0800336f   Thumb Code     0  startup_stm32f2xx.o(.text)
    I2C1_ER_IRQHandler                       0x0800336f   Thumb Code     0  startup_stm32f2xx.o(.text)
    I2C1_EV_IRQHandler                       0x0800336f   Thumb Code     0  startup_stm32f2xx.o(.text)
    I2C2_ER_IRQHandler                       0x0800336f   Thumb Code     0  startup_stm32f2xx.o(.text)
    I2C2_EV_IRQHandler                       0x0800336f   Thumb Code     0  startup_stm32f2xx.o(.text)
    I2C3_ER_IRQHandler                       0x0800336f   Thumb Code     0  startup_stm32f2xx.o(.text)
    I2C3_EV_IRQHandler                       0x0800336f   Thumb Code     0  startup_stm32f2xx.o(.text)
    OTG_FS_IRQHandler                        0x0800336f   Thumb Code     0  startup_stm32f2xx.o(.text)
    OTG_FS_WKUP_IRQHandler                   0x0800336f   Thumb Code     0  startup_stm32f2xx.o(.text)
    OTG_HS_EP1_IN_IRQHandler                 0x0800336f   Thumb Code     0  startup_stm32f2xx.o(.text)
    OTG_HS_EP1_OUT_IRQHandler                0x0800336f   Thumb Code     0  startup_stm32f2xx.o(.text)
    OTG_HS_IRQHandler                        0x0800336f   Thumb Code     0  startup_stm32f2xx.o(.text)
    OTG_HS_WKUP_IRQHandler                   0x0800336f   Thumb Code     0  startup_stm32f2xx.o(.text)
    PVD_IRQHandler                           0x0800336f   Thumb Code     0  startup_stm32f2xx.o(.text)
    RCC_IRQHandler                           0x0800336f   Thumb Code     0  startup_stm32f2xx.o(.text)
    RTC_Alarm_IRQHandler                     0x0800336f   Thumb Code     0  startup_stm32f2xx.o(.text)
    RTC_WKUP_IRQHandler                      0x0800336f   Thumb Code     0  startup_stm32f2xx.o(.text)
    SDIO_IRQHandler                          0x0800336f   Thumb Code     0  startup_stm32f2xx.o(.text)
    SPI1_IRQHandler                          0x0800336f   Thumb Code     0  startup_stm32f2xx.o(.text)
    SPI2_IRQHandler                          0x0800336f   Thumb Code     0  startup_stm32f2xx.o(.text)
    SPI3_IRQHandler                          0x0800336f   Thumb Code     0  startup_stm32f2xx.o(.text)
    TAMP_STAMP_IRQHandler                    0x0800336f   Thumb Code     0  startup_stm32f2xx.o(.text)
    TIM1_BRK_TIM9_IRQHandler                 0x0800336f   Thumb Code     0  startup_stm32f2xx.o(.text)
    TIM1_CC_IRQHandler                       0x0800336f   Thumb Code     0  startup_stm32f2xx.o(.text)
    TIM1_TRG_COM_TIM11_IRQHandler            0x0800336f   Thumb Code     0  startup_stm32f2xx.o(.text)
    TIM1_UP_TIM10_IRQHandler                 0x0800336f   Thumb Code     0  startup_stm32f2xx.o(.text)
    TIM2_IRQHandler                          0x0800336f   Thumb Code     0  startup_stm32f2xx.o(.text)
    TIM3_IRQHandler                          0x0800336f   Thumb Code     0  startup_stm32f2xx.o(.text)
    TIM4_IRQHandler                          0x0800336f   Thumb Code     0  startup_stm32f2xx.o(.text)
    TIM5_IRQHandler                          0x0800336f   Thumb Code     0  startup_stm32f2xx.o(.text)
    TIM6_DAC_IRQHandler                      0x0800336f   Thumb Code     0  startup_stm32f2xx.o(.text)
    TIM7_IRQHandler                          0x0800336f   Thumb Code     0  startup_stm32f2xx.o(.text)
    TIM8_BRK_TIM12_IRQHandler                0x0800336f   Thumb Code     0  startup_stm32f2xx.o(.text)
    TIM8_CC_IRQHandler                       0x0800336f   Thumb Code     0  startup_stm32f2xx.o(.text)
    TIM8_TRG_COM_TIM14_IRQHandler            0x0800336f   Thumb Code     0  startup_stm32f2xx.o(.text)
    TIM8_UP_TIM13_IRQHandler                 0x0800336f   Thumb Code     0  startup_stm32f2xx.o(.text)
    UART4_IRQHandler                         0x0800336f   Thumb Code     0  startup_stm32f2xx.o(.text)
    UART5_IRQHandler                         0x0800336f   Thumb Code     0  startup_stm32f2xx.o(.text)
    USART1_IRQHandler                        0x0800336f   Thumb Code     0  startup_stm32f2xx.o(.text)
    USART2_IRQHandler                        0x0800336f   Thumb Code     0  startup_stm32f2xx.o(.text)
    USART3_IRQHandler                        0x0800336f   Thumb Code     0  startup_stm32f2xx.o(.text)
    USART6_IRQHandler                        0x0800336f   Thumb Code     0  startup_stm32f2xx.o(.text)
    WWDG_IRQHandler                          0x0800336f   Thumb Code     0  startup_stm32f2xx.o(.text)
    __user_initial_stackheap                 0x08003371   Thumb Code     0  startup_stm32f2xx.o(.text)
    SystemInit                               0x0800343f   Thumb Code    78  system_stm32f2xx.o(.text)
    SystemCoreClockUpdate                    0x0800348d   Thumb Code   172  system_stm32f2xx.o(.text)
    ETH_DeInit                               0x0800357f   Thumb Code    22  stm32f2x7_eth.o(.text)
    ETH_StructInit                           0x08003595   Thumb Code   210  stm32f2x7_eth.o(.text)
    ETH_Init                                 0x08003667   Thumb Code   516  stm32f2x7_eth.o(.text)
    ETH_DMAReceptionCmd                      0x0800386b   Thumb Code    30  stm32f2x7_eth.o(.text)
    ETH_DMATransmissionCmd                   0x08003889   Thumb Code    30  stm32f2x7_eth.o(.text)
    ETH_MACReceptionCmd                      0x080038a7   Thumb Code    30  stm32f2x7_eth.o(.text)
    ETH_FlushTransmitFIFO                    0x080038c5   Thumb Code    14  stm32f2x7_eth.o(.text)
    ETH_MACTransmissionCmd                   0x080038d3   Thumb Code    30  stm32f2x7_eth.o(.text)
    ETH_Start                                0x080038f1   Thumb Code    32  stm32f2x7_eth.o(.text)
    ETH_GetFlowControlBusyStatus             0x08003911   Thumb Code    26  stm32f2x7_eth.o(.text)
    ETH_InitiatePauseControlFrame            0x0800392b   Thumb Code    14  stm32f2x7_eth.o(.text)
    ETH_BackPressureActivationCmd            0x08003939   Thumb Code    30  stm32f2x7_eth.o(.text)
    ETH_GetMACFlagStatus                     0x08003957   Thumb Code    26  stm32f2x7_eth.o(.text)
    ETH_GetMACITStatus                       0x08003971   Thumb Code    26  stm32f2x7_eth.o(.text)
    ETH_MACITConfig                          0x0800398b   Thumb Code    30  stm32f2x7_eth.o(.text)
    ETH_MACAddressConfig                     0x080039a9   Thumb Code    48  stm32f2x7_eth.o(.text)
    ETH_GetMACAddress                        0x080039d9   Thumb Code    44  stm32f2x7_eth.o(.text)
    ETH_MACAddressPerfectFilterCmd           0x08003a05   Thumb Code    38  stm32f2x7_eth.o(.text)
    ETH_MACAddressFilterConfig               0x08003a2b   Thumb Code    82  stm32f2x7_eth.o(.text)
    ETH_MACAddressMaskBytesFilterConfig      0x08003a7d   Thumb Code    34  stm32f2x7_eth.o(.text)
    ETH_Get_Received_Frame                   0x08003a9f   Thumb Code    86  stm32f2x7_eth.o(.text)
    ETH_Get_Received_Frame_interrupt         0x08003af5   Thumb Code   274  stm32f2x7_eth.o(.text)
    ETH_Prepare_Transmit_Descriptors         0x08003c07   Thumb Code   240  stm32f2x7_eth.o(.text)
    ETH_DMARxDescChainInit                   0x08003cf7   Thumb Code    90  stm32f2x7_eth.o(.text)
    ETH_CheckFrameReceived                   0x08003d51   Thumb Code   200  stm32f2x7_eth.o(.text)
    ETH_DMATxDescChainInit                   0x08003e19   Thumb Code   104  stm32f2x7_eth.o(.text)
    ETH_GetDMATxDescFlagStatus               0x08003e81   Thumb Code    24  stm32f2x7_eth.o(.text)
    ETH_GetDMATxDescCollisionCount           0x08003e99   Thumb Code    10  stm32f2x7_eth.o(.text)
    ETH_SetDMATxDescOwnBit                   0x08003ea3   Thumb Code    10  stm32f2x7_eth.o(.text)
    ETH_DMATxDescTransmitITConfig            0x08003ead   Thumb Code    22  stm32f2x7_eth.o(.text)
    ETH_DMATxDescFrameSegmentConfig          0x08003ec3   Thumb Code    10  stm32f2x7_eth.o(.text)
    ETH_DMATxDescChecksumInsertionConfig     0x08003ecd   Thumb Code    10  stm32f2x7_eth.o(.text)
    ETH_DMATxDescCRCCmd                      0x08003ed7   Thumb Code    22  stm32f2x7_eth.o(.text)
    ETH_DMATxDescSecondAddressChainedCmd     0x08003eed   Thumb Code    22  stm32f2x7_eth.o(.text)
    ETH_DMATxDescShortFramePaddingCmd        0x08003f03   Thumb Code    22  stm32f2x7_eth.o(.text)
    ETH_DMATxDescBufferSizeConfig            0x08003f19   Thumb Code    16  stm32f2x7_eth.o(.text)
    ETH_GetDMARxDescFlagStatus               0x08003f29   Thumb Code    24  stm32f2x7_eth.o(.text)
    ETH_GetDMAPTPRxDescExtendedFlagStatus    0x08003f41   Thumb Code    24  stm32f2x7_eth.o(.text)
    ETH_SetDMARxDescOwnBit                   0x08003f59   Thumb Code    10  stm32f2x7_eth.o(.text)
    ETH_GetDMARxDescFrameLength              0x08003f63   Thumb Code    10  stm32f2x7_eth.o(.text)
    ETH_DMARxDescReceiveITConfig             0x08003f6d   Thumb Code    22  stm32f2x7_eth.o(.text)
    ETH_GetDMARxDescBufferSize               0x08003f83   Thumb Code    20  stm32f2x7_eth.o(.text)
    ETH_GetRxPktSize                         0x08003f97   Thumb Code    44  stm32f2x7_eth.o(.text)
    ETH_EnhancedDescriptorCmd                0x08003fc3   Thumb Code    30  stm32f2x7_eth.o(.text)
    ETH_SoftwareReset                        0x08003fe1   Thumb Code    14  stm32f2x7_eth.o(.text)
    ETH_GetSoftwareResetStatus               0x08003fef   Thumb Code    26  stm32f2x7_eth.o(.text)
    ETH_GetDMAFlagStatus                     0x08004009   Thumb Code    26  stm32f2x7_eth.o(.text)
    ETH_DMAClearFlag                         0x08004023   Thumb Code     6  stm32f2x7_eth.o(.text)
    ETH_DMAITConfig                          0x08004029   Thumb Code    30  stm32f2x7_eth.o(.text)
    ETH_GetDMAITStatus                       0x08004047   Thumb Code    26  stm32f2x7_eth.o(.text)
    ETH_DMAClearITPendingBit                 0x08004061   Thumb Code     6  stm32f2x7_eth.o(.text)
    ETH_GetTransmitProcessState              0x08004067   Thumb Code    10  stm32f2x7_eth.o(.text)
    ETH_GetReceiveProcessState               0x08004071   Thumb Code    10  stm32f2x7_eth.o(.text)
    ETH_GetFlushTransmitFIFOStatus           0x0800407b   Thumb Code    26  stm32f2x7_eth.o(.text)
    ETH_GetDMAOverflowStatus                 0x08004095   Thumb Code    26  stm32f2x7_eth.o(.text)
    ETH_GetRxOverflowMissedFrameCounter      0x080040af   Thumb Code    10  stm32f2x7_eth.o(.text)
    ETH_GetBufferUnavailableMissedFrameCounter 0x080040b9   Thumb Code     8  stm32f2x7_eth.o(.text)
    ETH_GetCurrentTxDescStartAddress         0x080040c1   Thumb Code     6  stm32f2x7_eth.o(.text)
    ETH_GetCurrentRxDescStartAddress         0x080040c7   Thumb Code     6  stm32f2x7_eth.o(.text)
    ETH_GetCurrentTxBufferAddress            0x080040cd   Thumb Code     6  stm32f2x7_eth.o(.text)
    ETH_GetCurrentRxBufferAddress            0x080040d3   Thumb Code     6  stm32f2x7_eth.o(.text)
    ETH_ResumeDMATransmission                0x080040d9   Thumb Code    10  stm32f2x7_eth.o(.text)
    ETH_ResumeDMAReception                   0x080040e3   Thumb Code    10  stm32f2x7_eth.o(.text)
    ETH_SetReceiveWatchdogTimer              0x080040ed   Thumb Code     6  stm32f2x7_eth.o(.text)
    ETH_ReadPHYRegister                      0x080040f3   Thumb Code    96  stm32f2x7_eth.o(.text)
    ETH_WritePHYRegister                     0x08004153   Thumb Code    96  stm32f2x7_eth.o(.text)
    ETH_PHYLoopBackCmd                       0x080041b3   Thumb Code    56  stm32f2x7_eth.o(.text)
    ETH_ResetWakeUpFrameFilterRegisterPointer 0x080041eb   Thumb Code    14  stm32f2x7_eth.o(.text)
    ETH_SetWakeUpFrameFilterRegister         0x080041f9   Thumb Code    28  stm32f2x7_eth.o(.text)
    ETH_GlobalUnicastWakeUpCmd               0x08004215   Thumb Code    30  stm32f2x7_eth.o(.text)
    ETH_GetPMTFlagStatus                     0x08004233   Thumb Code    26  stm32f2x7_eth.o(.text)
    ETH_WakeUpFrameDetectionCmd              0x0800424d   Thumb Code    30  stm32f2x7_eth.o(.text)
    ETH_MagicPacketDetectionCmd              0x0800426b   Thumb Code    30  stm32f2x7_eth.o(.text)
    ETH_PowerDownCmd                         0x08004289   Thumb Code    30  stm32f2x7_eth.o(.text)
    ETH_MMCCounterFullPreset                 0x080042a7   Thumb Code    16  stm32f2x7_eth.o(.text)
    ETH_MMCCounterHalfPreset                 0x080042b7   Thumb Code    30  stm32f2x7_eth.o(.text)
    ETH_MMCCounterFreezeCmd                  0x080042d5   Thumb Code    34  stm32f2x7_eth.o(.text)
    ETH_MMCResetOnReadCmd                    0x080042f7   Thumb Code    34  stm32f2x7_eth.o(.text)
    ETH_MMCCounterRolloverCmd                0x08004319   Thumb Code    34  stm32f2x7_eth.o(.text)
    ETH_MMCCountersReset                     0x0800433b   Thumb Code    16  stm32f2x7_eth.o(.text)
    ETH_MMCITConfig                          0x0800434b   Thumb Code    78  stm32f2x7_eth.o(.text)
    ETH_GetMMCITStatus                       0x08004399   Thumb Code    96  stm32f2x7_eth.o(.text)
    ETH_GetMMCRegister                       0x080043f9   Thumb Code     8  stm32f2x7_eth.o(.text)
    mem_init                                 0x0800448d   Thumb Code    86  mem.o(.text)
    mem_free                                 0x080044e3   Thumb Code    70  mem.o(.text)
    mem_realloc                              0x08004529   Thumb Code   302  mem.o(.text)
    mem_malloc                               0x08004657   Thumb Code   244  mem.o(.text)
    mem_calloc                               0x0800474b   Thumb Code    34  mem.o(.text)
    memp_init                                0x08004781   Thumb Code    94  memp.o(.text)
    memp_malloc                              0x080047df   Thumb Code    40  memp.o(.text)
    memp_free                                0x08004807   Thumb Code    28  memp.o(.text)
    netif_set_gw                             0x08004835   Thumb Code    14  netif.o(.text)
    netif_set_netmask                        0x08004843   Thumb Code    14  netif.o(.text)
    netif_set_ipaddr                         0x08004851   Thumb Code   114  netif.o(.text)
    netif_set_addr                           0x080048c3   Thumb Code    40  netif.o(.text)
    netif_add                                0x080048eb   Thumb Code   102  netif.o(.text)
    netif_set_default                        0x08004951   Thumb Code     6  netif.o(.text)
    netif_remove                             0x08004957   Thumb Code    74  netif.o(.text)
    netif_find                               0x080049a1   Thumb Code    66  netif.o(.text)
    netif_set_up                             0x080049e3   Thumb Code    44  netif.o(.text)
    netif_set_down                           0x08004a0f   Thumb Code    24  netif.o(.text)
    netif_is_up                              0x08004a27   Thumb Code    12  netif.o(.text)
    pbuf_free                                0x08004a49   Thumb Code   118  pbuf.o(.text)
    pbuf_alloc                               0x08004abf   Thumb Code   442  pbuf.o(.text)
    pbuf_realloc                             0x08004c79   Thumb Code   124  pbuf.o(.text)
    pbuf_header                              0x08004cf5   Thumb Code   134  pbuf.o(.text)
    pbuf_clen                                0x08004d7b   Thumb Code    22  pbuf.o(.text)
    pbuf_ref                                 0x08004d91   Thumb Code    12  pbuf.o(.text)
    pbuf_cat                                 0x08004d9d   Thumb Code    56  pbuf.o(.text)
    pbuf_chain                               0x08004dd5   Thumb Code    22  pbuf.o(.text)
    pbuf_dechain                             0x08004deb   Thumb Code    62  pbuf.o(.text)
    pbuf_copy                                0x08004e29   Thumb Code   192  pbuf.o(.text)
    pbuf_copy_partial                        0x08004ee9   Thumb Code   154  pbuf.o(.text)
    pbuf_take                                0x08004f83   Thumb Code   116  pbuf.o(.text)
    pbuf_coalesce                            0x08004ff7   Thumb Code    60  pbuf.o(.text)
    raw_input                                0x08005035   Thumb Code   102  raw.o(.text)
    raw_bind                                 0x0800509b   Thumb Code    18  raw.o(.text)
    raw_connect                              0x080050ad   Thumb Code    18  raw.o(.text)
    raw_recv                                 0x080050bf   Thumb Code     6  raw.o(.text)
    raw_sendto                               0x080050c5   Thumb Code   156  raw.o(.text)
    raw_send                                 0x08005161   Thumb Code    20  raw.o(.text)
    raw_remove                               0x08005175   Thumb Code    60  raw.o(.text)
    raw_new                                  0x080051b1   Thumb Code    46  raw.o(.text)
    tcp_seg_free                             0x080051e5   Thumb Code    34  tcp.o(.text)
    tcp_segs_free                            0x08005207   Thumb Code    32  tcp.o(.text)
    tcp_pcb_purge                            0x08005227   Thumb Code    58  tcp.o(.text)
    tcp_slowtmr                              0x08005261   Thumb Code   758  tcp.o(.text)
    tcp_pcb_remove                           0x08005557   Thumb Code   150  tcp.o(.text)
    tcp_close                                0x080055ed   Thumb Code   292  tcp.o(.text)
    tcp_update_rcv_ann_wnd                   0x08005711   Thumb Code    78  tcp.o(.text)
    tcp_recved                               0x0800575f   Thumb Code    70  tcp.o(.text)
    tcp_recv_null                            0x080057a5   Thumb Code    46  tcp.o(.text)
    tcp_fasttmr                              0x080057d3   Thumb Code   116  tcp.o(.text)
    tcp_tmr                                  0x08005847   Thumb Code    32  tcp.o(.text)
    tcp_abandon                              0x08005867   Thumb Code   148  tcp.o(.text)
    tcp_bind                                 0x08005963   Thumb Code   228  tcp.o(.text)
    tcp_listen_with_backlog                  0x08005a4f   Thumb Code   224  tcp.o(.text)
    tcp_eff_send_mss                         0x08005b2f   Thumb Code    48  tcp.o(.text)
    tcp_next_iss                             0x08005b5f   Thumb Code    20  tcp.o(.text)
    tcp_connect                              0x08005b73   Thumb Code   282  tcp.o(.text)
    tcp_setprio                              0x08005c8d   Thumb Code     4  tcp.o(.text)
    tcp_alloc                                0x08005d1b   Thumb Code   200  tcp.o(.text)
    tcp_new                                  0x08005de3   Thumb Code    10  tcp.o(.text)
    tcp_arg                                  0x08005ded   Thumb Code     4  tcp.o(.text)
    tcp_recv                                 0x08005df1   Thumb Code     6  tcp.o(.text)
    tcp_sent                                 0x08005df7   Thumb Code     6  tcp.o(.text)
    tcp_err                                  0x08005dfd   Thumb Code     6  tcp.o(.text)
    tcp_accept                               0x08005e03   Thumb Code     4  tcp.o(.text)
    tcp_poll                                 0x08005e07   Thumb Code    10  tcp.o(.text)
    tcp_debug_state_str                      0x08005e11   Thumb Code    10  tcp.o(.text)
    tcp_input                                0x08006ccd   Thumb Code  1128  tcp_in.o(.text)
    tcp_enqueue                              0x080071f3   Thumb Code  1042  tcp_out.o(.text)
    tcp_send_ctrl                            0x08007605   Thumb Code    32  tcp_out.o(.text)
    tcp_write                                0x08007625   Thumb Code    72  tcp_out.o(.text)
    tcp_send_empty_ack                       0x0800766d   Thumb Code   104  tcp_out.o(.text)
    tcp_output                               0x0800779f   Thumb Code   488  tcp_out.o(.text)
    tcp_rst                                  0x08007987   Thumb Code   186  tcp_out.o(.text)
    tcp_rexmit_rto                           0x08007a41   Thumb Code    64  tcp_out.o(.text)
    tcp_rexmit                               0x08007a81   Thumb Code    84  tcp_out.o(.text)
    tcp_rexmit_fast                          0x08007ad5   Thumb Code   146  tcp_out.o(.text)
    tcp_keepalive                            0x08007b67   Thumb Code    94  tcp_out.o(.text)
    tcp_zero_window_probe                    0x08007bc5   Thumb Code   180  tcp_out.o(.text)
    udp_input                                0x08007c79   Thumb Code   400  udp.o(.text)
    udp_bind                                 0x08007e09   Thumb Code   112  udp.o(.text)
    udp_sendto_if                            0x08007e79   Thumb Code   208  udp.o(.text)
    udp_sendto                               0x08007f49   Thumb Code    46  udp.o(.text)
    udp_send                                 0x08007f77   Thumb Code    22  udp.o(.text)
    udp_connect                              0x08007f8d   Thumb Code    96  udp.o(.text)
    udp_disconnect                           0x08007fed   Thumb Code    32  udp.o(.text)
    udp_recv                                 0x0800800d   Thumb Code     6  udp.o(.text)
    udp_remove                               0x08008013   Thumb Code    60  udp.o(.text)
    udp_new                                  0x0800804f   Thumb Code    30  udp.o(.text)
    autoip_init                              0x08008075   Thumb Code     2  autoip.o(.text)
    autoip_start                             0x08008137   Thumb Code   106  autoip.o(.text)
    autoip_network_changed                   0x08008259   Thumb Code    28  autoip.o(.text)
    autoip_stop                              0x08008275   Thumb Code    22  autoip.o(.text)
    autoip_tmr                               0x0800828b   Thumb Code   306  autoip.o(.text)
    autoip_arp_reply                         0x080083bd   Thumb Code   186  autoip.o(.text)
    icmp_input                               0x08008499   Thumb Code   380  icmp.o(.text)
    icmp_dest_unreach                        0x0800868d   Thumb Code    20  icmp.o(.text)
    icmp_time_exceeded                       0x080086a1   Thumb Code    20  icmp.o(.text)
    htonl                                    0x080086b5   Thumb Code    28  inet.o(.text)
    inet_aton                                0x080086d1   Thumb Code   362  inet.o(.text)
    inet_addr                                0x0800883b   Thumb Code    24  inet.o(.text)
    inet_ntoa                                0x08008853   Thumb Code   130  inet.o(.text)
    htons                                    0x080088d5   Thumb Code    16  inet.o(.text)
    ntohs                                    0x080088e5   Thumb Code    12  inet.o(.text)
    ntohl                                    0x080088f1   Thumb Code    12  inet.o(.text)
    inet_chksum_pseudo                       0x08008959   Thumb Code   168  inet_chksum.o(.text)
    inet_chksum                              0x08008a01   Thumb Code    20  inet_chksum.o(.text)
    inet_chksum_pbuf                         0x08008a15   Thumb Code    90  inet_chksum.o(.text)
    ip_route                                 0x08008a71   Thumb Code    70  ip.o(.text)
    ip_input                                 0x08008ab7   Thumb Code   396  ip.o(.text)
    ip_output_if                             0x08008c43   Thumb Code   254  ip.o(.text)
    ip_output                                0x08008d41   Thumb Code    52  ip.o(.text)
    ip_addr_isbroadcast                      0x08008d89   Thumb Code    78  ip_addr.o(.text)
    ip_reass_tmr                             0x08008e87   Thumb Code    52  ip_frag.o(.text)
    ip_reass                                 0x080090f7   Thumb Code   422  ip_frag.o(.text)
    ip_frag                                  0x0800929d   Thumb Code   346  ip_frag.o(.text)
    etharp_tmr                               0x0800942b   Thumb Code   164  etharp.o(.text)
    etharp_find_addr                         0x080097f9   Thumb Code    96  etharp.o(.text)
    etharp_ip_input                          0x08009859   Thumb Code    64  etharp.o(.text)
    etharp_arp_input                         0x08009899   Thumb Code   344  etharp.o(.text)
    etharp_raw                               0x080099f1   Thumb Code   224  etharp.o(.text)
    etharp_request                           0x08009ad1   Thumb Code    40  etharp.o(.text)
    etharp_query                             0x08009af9   Thumb Code   394  etharp.o(.text)
    etharp_output                            0x08009c83   Thumb Code   206  etharp.o(.text)
    ethernet_input                           0x08009d51   Thumb Code   128  etharp.o(.text)
    ethernetif_input                         0x08009f4b   Thumb Code    46  ethernetif.o(.text)
    ethernetif_init                          0x08009f79   Thumb Code    44  ethernetif.o(.text)
    NVIC_PriorityGroupConfig                 0x08009fcd   Thumb Code    12  misc.o(.text)
    NVIC_Init                                0x08009fd9   Thumb Code   136  misc.o(.text)
    NVIC_SetVectorTable                      0x0800a061   Thumb Code    16  misc.o(.text)
    NVIC_SystemLPConfig                      0x0800a071   Thumb Code    30  misc.o(.text)
    SysTick_CLKSourceConfig                  0x0800a08f   Thumb Code    40  misc.o(.text)
    DMA_DeInit                               0x0800a0d5   Thumb Code   300  stm32f2xx_dma.o(.text)
    DMA_Init                                 0x0800a201   Thumb Code   110  stm32f2xx_dma.o(.text)
    DMA_StructInit                           0x0800a26f   Thumb Code    36  stm32f2xx_dma.o(.text)
    DMA_Cmd                                  0x0800a293   Thumb Code    22  stm32f2xx_dma.o(.text)
    DMA_PeriphIncOffsetSizeConfig            0x0800a2a9   Thumb Code    22  stm32f2xx_dma.o(.text)
    DMA_FlowControllerConfig                 0x0800a2bf   Thumb Code    22  stm32f2xx_dma.o(.text)
    DMA_SetCurrDataCounter                   0x0800a2d5   Thumb Code     4  stm32f2xx_dma.o(.text)
    DMA_GetCurrDataCounter                   0x0800a2d9   Thumb Code     8  stm32f2xx_dma.o(.text)
    DMA_DoubleBufferModeConfig               0x0800a2e1   Thumb Code    24  stm32f2xx_dma.o(.text)
    DMA_DoubleBufferModeCmd                  0x0800a2f9   Thumb Code    22  stm32f2xx_dma.o(.text)
    DMA_MemoryTargetConfig                   0x0800a30f   Thumb Code    10  stm32f2xx_dma.o(.text)
    DMA_GetCurrentMemoryTarget               0x0800a319   Thumb Code    26  stm32f2xx_dma.o(.text)
    DMA_GetCmdStatus                         0x0800a333   Thumb Code    26  stm32f2xx_dma.o(.text)
    DMA_GetFIFOStatus                        0x0800a34d   Thumb Code    14  stm32f2xx_dma.o(.text)
    DMA_GetFlagStatus                        0x0800a35b   Thumb Code    58  stm32f2xx_dma.o(.text)
    DMA_ClearFlag                            0x0800a395   Thumb Code    40  stm32f2xx_dma.o(.text)
    DMA_ITConfig                             0x0800a3bd   Thumb Code    62  stm32f2xx_dma.o(.text)
    DMA_GetITStatus                          0x0800a3fb   Thumb Code    88  stm32f2xx_dma.o(.text)
    DMA_ClearITPendingBit                    0x0800a453   Thumb Code    40  stm32f2xx_dma.o(.text)
    GPIO_DeInit                              0x0800a4ad   Thumb Code   220  stm32f2xx_gpio.o(.text)
    GPIO_Init                                0x0800a589   Thumb Code   202  stm32f2xx_gpio.o(.text)
    GPIO_StructInit                          0x0800a653   Thumb Code    20  stm32f2xx_gpio.o(.text)
    GPIO_PinLockConfig                       0x0800a667   Thumb Code    20  stm32f2xx_gpio.o(.text)
    GPIO_ReadInputDataBit                    0x0800a67b   Thumb Code    24  stm32f2xx_gpio.o(.text)
    GPIO_ReadInputData                       0x0800a693   Thumb Code     8  stm32f2xx_gpio.o(.text)
    GPIO_ReadOutputDataBit                   0x0800a69b   Thumb Code    24  stm32f2xx_gpio.o(.text)
    GPIO_ReadOutputData                      0x0800a6b3   Thumb Code     8  stm32f2xx_gpio.o(.text)
    GPIO_SetBits                             0x0800a6bb   Thumb Code     4  stm32f2xx_gpio.o(.text)
    GPIO_ResetBits                           0x0800a6bf   Thumb Code     4  stm32f2xx_gpio.o(.text)
    GPIO_WriteBit                            0x0800a6c3   Thumb Code    10  stm32f2xx_gpio.o(.text)
    GPIO_Write                               0x0800a6cd   Thumb Code     4  stm32f2xx_gpio.o(.text)
    GPIO_ToggleBits                          0x0800a6d1   Thumb Code    10  stm32f2xx_gpio.o(.text)
    GPIO_PinAFConfig                         0x0800a6db   Thumb Code    94  stm32f2xx_gpio.o(.text)
    I2C_DeInit                               0x0800a75d   Thumb Code    82  stm32f2xx_i2c.o(.text)
    I2C_Init                                 0x0800a7af   Thumb Code   246  stm32f2xx_i2c.o(.text)
    I2C_StructInit                           0x0800a8a5   Thumb Code    34  stm32f2xx_i2c.o(.text)
    I2C_Cmd                                  0x0800a8c7   Thumb Code    26  stm32f2xx_i2c.o(.text)
    I2C_GenerateSTART                        0x0800a8e1   Thumb Code    26  stm32f2xx_i2c.o(.text)
    I2C_GenerateSTOP                         0x0800a8fb   Thumb Code    26  stm32f2xx_i2c.o(.text)
    I2C_Send7bitAddress                      0x0800a915   Thumb Code    16  stm32f2xx_i2c.o(.text)
    I2C_AcknowledgeConfig                    0x0800a925   Thumb Code    26  stm32f2xx_i2c.o(.text)
    I2C_OwnAddress2Config                    0x0800a93f   Thumb Code    28  stm32f2xx_i2c.o(.text)
    I2C_DualAddressCmd                       0x0800a95b   Thumb Code    26  stm32f2xx_i2c.o(.text)
    I2C_GeneralCallCmd                       0x0800a975   Thumb Code    26  stm32f2xx_i2c.o(.text)
    I2C_SoftwareResetCmd                     0x0800a98f   Thumb Code    22  stm32f2xx_i2c.o(.text)
    I2C_StretchClockCmd                      0x0800a9a5   Thumb Code    26  stm32f2xx_i2c.o(.text)
    I2C_FastModeDutyCycleConfig              0x0800a9bf   Thumb Code    30  stm32f2xx_i2c.o(.text)
    I2C_NACKPositionConfig                   0x0800a9dd   Thumb Code    30  stm32f2xx_i2c.o(.text)
    I2C_SMBusAlertConfig                     0x0800a9fb   Thumb Code    30  stm32f2xx_i2c.o(.text)
    I2C_ARPCmd                               0x0800aa19   Thumb Code    26  stm32f2xx_i2c.o(.text)
    I2C_SendData                             0x0800aa33   Thumb Code     4  stm32f2xx_i2c.o(.text)
    I2C_ReceiveData                          0x0800aa37   Thumb Code     8  stm32f2xx_i2c.o(.text)
    I2C_TransmitPEC                          0x0800aa3f   Thumb Code    26  stm32f2xx_i2c.o(.text)
    I2C_PECPositionConfig                    0x0800aa59   Thumb Code    30  stm32f2xx_i2c.o(.text)
    I2C_CalculatePEC                         0x0800aa77   Thumb Code    26  stm32f2xx_i2c.o(.text)
    I2C_GetPEC                               0x0800aa91   Thumb Code    10  stm32f2xx_i2c.o(.text)
    I2C_DMACmd                               0x0800aa9b   Thumb Code    26  stm32f2xx_i2c.o(.text)
    I2C_DMALastTransferCmd                   0x0800aab5   Thumb Code    26  stm32f2xx_i2c.o(.text)
    I2C_ReadRegister                         0x0800aacf   Thumb Code    14  stm32f2xx_i2c.o(.text)
    I2C_ITConfig                             0x0800aadd   Thumb Code    30  stm32f2xx_i2c.o(.text)
    I2C_CheckEvent                           0x0800aafb   Thumb Code    50  stm32f2xx_i2c.o(.text)
    I2C_GetLastEvent                         0x0800ab2d   Thumb Code    56  stm32f2xx_i2c.o(.text)
    I2C_GetFlagStatus                        0x0800ab65   Thumb Code    56  stm32f2xx_i2c.o(.text)
    I2C_ClearFlag                            0x0800ab9d   Thumb Code    16  stm32f2xx_i2c.o(.text)
    I2C_GetITStatus                          0x0800abad   Thumb Code    44  stm32f2xx_i2c.o(.text)
    I2C_ClearITPendingBit                    0x0800abd9   Thumb Code    16  stm32f2xx_i2c.o(.text)
    RCC_DeInit                               0x0800abe9   Thumb Code    64  stm32f2xx_rcc.o(.text)
    RCC_HSEConfig                            0x0800ac29   Thumb Code    14  stm32f2xx_rcc.o(.text)
    RCC_GetFlagStatus                        0x0800ac37   Thumb Code    68  stm32f2xx_rcc.o(.text)
    RCC_WaitForHSEStartUp                    0x0800ac7b   Thumb Code    56  stm32f2xx_rcc.o(.text)
    RCC_AdjustHSICalibrationValue            0x0800acb3   Thumb Code    22  stm32f2xx_rcc.o(.text)
    RCC_HSICmd                               0x0800acc9   Thumb Code     6  stm32f2xx_rcc.o(.text)
    RCC_LSEConfig                            0x0800accf   Thumb Code    46  stm32f2xx_rcc.o(.text)
    RCC_LSICmd                               0x0800acfd   Thumb Code     6  stm32f2xx_rcc.o(.text)
    RCC_PLLConfig                            0x0800ad03   Thumb Code    34  stm32f2xx_rcc.o(.text)
    RCC_PLLCmd                               0x0800ad25   Thumb Code     6  stm32f2xx_rcc.o(.text)
    RCC_PLLI2SConfig                         0x0800ad2b   Thumb Code    14  stm32f2xx_rcc.o(.text)
    RCC_PLLI2SCmd                            0x0800ad39   Thumb Code     6  stm32f2xx_rcc.o(.text)
    RCC_ClockSecuritySystemCmd               0x0800ad3f   Thumb Code     6  stm32f2xx_rcc.o(.text)
    RCC_MCO1Config                           0x0800ad45   Thumb Code    28  stm32f2xx_rcc.o(.text)
    RCC_MCO2Config                           0x0800ad61   Thumb Code    28  stm32f2xx_rcc.o(.text)
    RCC_SYSCLKConfig                         0x0800ad7d   Thumb Code    22  stm32f2xx_rcc.o(.text)
    RCC_GetSYSCLKSource                      0x0800ad93   Thumb Code    10  stm32f2xx_rcc.o(.text)
    RCC_HCLKConfig                           0x0800ad9d   Thumb Code    22  stm32f2xx_rcc.o(.text)
    RCC_PCLK1Config                          0x0800adb3   Thumb Code    22  stm32f2xx_rcc.o(.text)
    RCC_PCLK2Config                          0x0800adc9   Thumb Code    22  stm32f2xx_rcc.o(.text)
    RCC_GetClocksFreq                        0x0800addf   Thumb Code   222  stm32f2xx_rcc.o(.text)
    RCC_RTCCLKConfig                         0x0800aebd   Thumb Code    54  stm32f2xx_rcc.o(.text)
    RCC_RTCCLKCmd                            0x0800aef3   Thumb Code     6  stm32f2xx_rcc.o(.text)
    RCC_BackupResetCmd                       0x0800aef9   Thumb Code     6  stm32f2xx_rcc.o(.text)
    RCC_I2SCLKConfig                         0x0800aeff   Thumb Code     6  stm32f2xx_rcc.o(.text)
    RCC_AHB1PeriphClockCmd                   0x0800af05   Thumb Code    30  stm32f2xx_rcc.o(.text)
    RCC_AHB2PeriphClockCmd                   0x0800af23   Thumb Code    30  stm32f2xx_rcc.o(.text)
    RCC_AHB3PeriphClockCmd                   0x0800af41   Thumb Code    30  stm32f2xx_rcc.o(.text)
    RCC_APB1PeriphClockCmd                   0x0800af5f   Thumb Code    30  stm32f2xx_rcc.o(.text)
    RCC_APB2PeriphClockCmd                   0x0800af7d   Thumb Code    30  stm32f2xx_rcc.o(.text)
    RCC_AHB1PeriphResetCmd                   0x0800af9b   Thumb Code    30  stm32f2xx_rcc.o(.text)
    RCC_AHB2PeriphResetCmd                   0x0800afb9   Thumb Code   136  stm32f2xx_rcc.o(.text)
    RCC_AHB3PeriphResetCmd                   0x0800b041   Thumb Code    30  stm32f2xx_rcc.o(.text)
    RCC_APB1PeriphResetCmd                   0x0800b05f   Thumb Code    30  stm32f2xx_rcc.o(.text)
    RCC_APB2PeriphResetCmd                   0x0800b07d   Thumb Code    30  stm32f2xx_rcc.o(.text)
    RCC_AHB1PeriphClockLPModeCmd             0x0800b09b   Thumb Code    30  stm32f2xx_rcc.o(.text)
    RCC_AHB2PeriphClockLPModeCmd             0x0800b0b9   Thumb Code    30  stm32f2xx_rcc.o(.text)
    RCC_AHB3PeriphClockLPModeCmd             0x0800b0d7   Thumb Code    30  stm32f2xx_rcc.o(.text)
    RCC_APB1PeriphClockLPModeCmd             0x0800b0f5   Thumb Code    30  stm32f2xx_rcc.o(.text)
    RCC_APB2PeriphClockLPModeCmd             0x0800b113   Thumb Code    30  stm32f2xx_rcc.o(.text)
    RCC_ITConfig                             0x0800b131   Thumb Code    36  stm32f2xx_rcc.o(.text)
    RCC_ClearFlag                            0x0800b155   Thumb Code    14  stm32f2xx_rcc.o(.text)
    RCC_GetITStatus                          0x0800b163   Thumb Code    26  stm32f2xx_rcc.o(.text)
    RCC_ClearITPendingBit                    0x0800b17d   Thumb Code     6  stm32f2xx_rcc.o(.text)
    SPI_I2S_DeInit                           0x0800b1b9   Thumb Code    76  stm32f2xx_spi.o(.text)
    SPI_Init                                 0x0800b205   Thumb Code    80  stm32f2xx_spi.o(.text)
    I2S_Init                                 0x0800b255   Thumb Code   292  stm32f2xx_spi.o(.text)
    SPI_StructInit                           0x0800b379   Thumb Code    28  stm32f2xx_spi.o(.text)
    I2S_StructInit                           0x0800b395   Thumb Code    26  stm32f2xx_spi.o(.text)
    SPI_Cmd                                  0x0800b3af   Thumb Code    26  stm32f2xx_spi.o(.text)
    I2S_Cmd                                  0x0800b3c9   Thumb Code    26  stm32f2xx_spi.o(.text)
    SPI_DataSizeConfig                       0x0800b3e3   Thumb Code    22  stm32f2xx_spi.o(.text)
    SPI_BiDirectionalLineConfig              0x0800b3f9   Thumb Code    30  stm32f2xx_spi.o(.text)
    SPI_NSSInternalSoftwareConfig            0x0800b417   Thumb Code    32  stm32f2xx_spi.o(.text)
    SPI_SSOutputCmd                          0x0800b437   Thumb Code    26  stm32f2xx_spi.o(.text)
    SPI_TIModeCmd                            0x0800b451   Thumb Code    26  stm32f2xx_spi.o(.text)
    SPI_I2S_ReceiveData                      0x0800b46b   Thumb Code     6  stm32f2xx_spi.o(.text)
    SPI_I2S_SendData                         0x0800b471   Thumb Code     4  stm32f2xx_spi.o(.text)
    SPI_CalculateCRC                         0x0800b475   Thumb Code    26  stm32f2xx_spi.o(.text)
    SPI_TransmitCRC                          0x0800b48f   Thumb Code    10  stm32f2xx_spi.o(.text)
    SPI_GetCRC                               0x0800b499   Thumb Code    18  stm32f2xx_spi.o(.text)
    SPI_GetCRCPolynomial                     0x0800b4ab   Thumb Code     6  stm32f2xx_spi.o(.text)
    SPI_I2S_DMACmd                           0x0800b4b1   Thumb Code    30  stm32f2xx_spi.o(.text)
    SPI_I2S_ITConfig                         0x0800b4cf   Thumb Code    50  stm32f2xx_spi.o(.text)
    SPI_I2S_GetFlagStatus                    0x0800b501   Thumb Code    24  stm32f2xx_spi.o(.text)
    SPI_I2S_ClearFlag                        0x0800b519   Thumb Code     8  stm32f2xx_spi.o(.text)
    SPI_I2S_GetITStatus                      0x0800b521   Thumb Code    68  stm32f2xx_spi.o(.text)
    SPI_I2S_ClearITPendingBit                0x0800b565   Thumb Code    28  stm32f2xx_spi.o(.text)
    SYSCFG_DeInit                            0x0800b595   Thumb Code    22  stm32f2xx_syscfg.o(.text)
    SYSCFG_MemoryRemapConfig                 0x0800b5ab   Thumb Code     6  stm32f2xx_syscfg.o(.text)
    SYSCFG_EXTILineConfig                    0x0800b5b1   Thumb Code    84  stm32f2xx_syscfg.o(.text)
    SYSCFG_ETH_MediaInterfaceConfig          0x0800b605   Thumb Code     6  stm32f2xx_syscfg.o(.text)
    SYSCFG_CompensationCellCmd               0x0800b60b   Thumb Code     6  stm32f2xx_syscfg.o(.text)
    SYSCFG_GetCompensationCellStatus         0x0800b611   Thumb Code    26  stm32f2xx_syscfg.o(.text)
    report_error                             0x0800b641   Thumb Code     6  process_net.o(.text)
    read_local_info                          0x0800b647   Thumb Code    34  process_net.o(.text)
    pis_pack_data                            0x0800b669   Thumb Code    78  process_net.o(.text)
    send_ProcessData                         0x0800b6b7   Thumb Code     2  process_net.o(.text)
    send_ip_mac_id                           0x0800b6b9   Thumb Code    72  process_net.o(.text)
    send_softwareVersion                     0x0800b701   Thumb Code    80  process_net.o(.text)
    udp_CtrlMsg_send_process                 0x0800b751   Thumb Code    56  process_net.o(.text)
    check_dst_is_self                        0x0800b789   Thumb Code    36  process_net.o(.text)
    respond_Ctrl_KEYWORD_ProcessData         0x0800b7ad   Thumb Code   242  process_net.o(.text)
    respond_Get_KEYWORD_softwareVersion      0x0800b89f   Thumb Code    26  process_net.o(.text)
    respond_Get_KEYWORD_ip_mac_id            0x0800b8b9   Thumb Code    26  process_net.o(.text)
    respond_Set_KEYWORD_mac                  0x0800b8d3   Thumb Code   140  process_net.o(.text)
    respond_Set_KEYWORD_IP                   0x0800b95f   Thumb Code    50  process_net.o(.text)
    udp_CtrlMsg_receive_process              0x0800b991   Thumb Code    62  process_net.o(.text)
    screen_roll                              0x0800ba0d   Thumb Code   600  process_ledscreen.o(.text)
    Vertical_8_16_to_dispbuf                 0x0800bc65   Thumb Code    84  process_ledscreen.o(.text)
    Vertical_16_16_to_dispbuf                0x0800bcb9   Thumb Code    84  process_ledscreen.o(.text)
    static_test_fill_ledbuf                  0x0800bd0d   Thumb Code    62  process_ledscreen.o(.text)
    test_fill_ledbuf                         0x0800bd4b   Thumb Code    90  process_ledscreen.o(.text)
    clr_led_buf                              0x0800bda5   Thumb Code   168  process_ledscreen.o(.text)
    turn_off_screen_clrbuf                   0x0800be4d   Thumb Code    18  process_ledscreen.o(.text)
    turn_off_screen                          0x0800be5f   Thumb Code    14  process_ledscreen.o(.text)
    set_dispmode_SCREEN_MODE_softwareVersion 0x0800be6d   Thumb Code    52  process_ledscreen.o(.text)
    dispcall_SCREEN_MODE_softwareVersion     0x0800bea1   Thumb Code   106  process_ledscreen.o(.text)
    set_dispmode_SCREEN_MODE_test            0x0800bf0b   Thumb Code    18  process_ledscreen.o(.text)
    dispcall_SCREEN_MODE_test                0x0800bf1d   Thumb Code   144  process_ledscreen.o(.text)
    set_dispmode_SCREEN_MODE_static_test     0x0800bfad   Thumb Code    18  process_ledscreen.o(.text)
    dispcall_SCREEN_MODE_static_test         0x0800bfbf   Thumb Code    20  process_ledscreen.o(.text)
    set_dispmode                             0x0800bfd3   Thumb Code    50  process_ledscreen.o(.text)
    LedScreen_process                        0x0800c005   Thumb Code   208  process_ledscreen.o(.text)
    __2sprintf                               0x0800c125   Thumb Code    34  noretval__2sprintf.o(.text)
    __printf                                 0x0800c14d   Thumb Code   106  __printf.o(.text)
    _printf_str                              0x0800c1b7   Thumb Code    82  _printf_str.o(.text)
    _printf_int_dec                          0x0800c209   Thumb Code   102  _printf_dec.o(.text)
    memcmp                                   0x0800c281   Thumb Code    88  memcmp.o(.text)
    strlen                                   0x0800c2d9   Thumb Code    62  strlen.o(.text)
    strncmp                                  0x0800c317   Thumb Code   150  strncmp.o(.text)
    __aeabi_memcpy                           0x0800c3ad   Thumb Code     0  rt_memcpy_v6.o(.text)
    __rt_memcpy                              0x0800c3ad   Thumb Code   138  rt_memcpy_v6.o(.text)
    _memcpy_lastbytes                        0x0800c413   Thumb Code     0  rt_memcpy_v6.o(.text)
    __aeabi_memcpy4                          0x0800c437   Thumb Code     0  rt_memcpy_w.o(.text)
    __aeabi_memcpy8                          0x0800c437   Thumb Code     0  rt_memcpy_w.o(.text)
    __rt_memcpy_w                            0x0800c437   Thumb Code   100  rt_memcpy_w.o(.text)
    _memcpy_lastbytes_aligned                0x0800c47f   Thumb Code     0  rt_memcpy_w.o(.text)
    __aeabi_memset                           0x0800c49b   Thumb Code    16  aeabi_memset.o(.text)
    __aeabi_memclr                           0x0800c4ab   Thumb Code     0  rt_memclr.o(.text)
    __rt_memclr                              0x0800c4ab   Thumb Code    68  rt_memclr.o(.text)
    _memset                                  0x0800c4af   Thumb Code     0  rt_memclr.o(.text)
    __aeabi_memclr4                          0x0800c4ef   Thumb Code     0  rt_memclr_w.o(.text)
    __aeabi_memclr8                          0x0800c4ef   Thumb Code     0  rt_memclr_w.o(.text)
    __rt_memclr_w                            0x0800c4ef   Thumb Code    78  rt_memclr_w.o(.text)
    _memset_w                                0x0800c4f3   Thumb Code     0  rt_memclr_w.o(.text)
    strcmp                                   0x0800c53d   Thumb Code   128  strcmpv7m.o(.text)
    __use_two_region_memory                  0x0800c5bd   Thumb Code     2  heapauxi.o(.text)
    __rt_heap_escrow$2region                 0x0800c5bf   Thumb Code     2  heapauxi.o(.text)
    __rt_heap_expand$2region                 0x0800c5c1   Thumb Code     2  heapauxi.o(.text)
    _printf_int_common                       0x0800c5c3   Thumb Code   184  _printf_intcommon.o(.text)
    _printf_char_common                      0x0800c687   Thumb Code    32  _printf_char_common.o(.text)
    _sputc                                   0x0800c6ad   Thumb Code    10  _sputc.o(.text)
    _printf_cs_common                        0x0800c6b7   Thumb Code    20  _printf_char.o(.text)
    _printf_char                             0x0800c6cb   Thumb Code    16  _printf_char.o(.text)
    _printf_string                           0x0800c6db   Thumb Code     8  _printf_char.o(.text)
    __user_setup_stackheap                   0x0800c6e3   Thumb Code    74  sys_stackheap_outer.o(.text)
    exit                                     0x0800c72d   Thumb Code    12  exit.o(.text)
    __user_libspace                          0x0800c739   Thumb Code     8  libspace.o(.text)
    __user_perproc_libspace                  0x0800c739   Thumb Code     0  libspace.o(.text)
    __user_perthread_libspace                0x0800c739   Thumb Code     0  libspace.o(.text)
    __rt_fp_status_addr                      0x0800c741   Thumb Code     8  rt_fp_status_addr_intlibspace.o(.text)
    _sys_exit                                0x0800c749   Thumb Code     8  sys_exit.o(.text)
    __I$use$semihosting                      0x0800c755   Thumb Code     0  use_no_semi.o(.text)
    __use_no_semihosting_swi                 0x0800c755   Thumb Code     2  use_no_semi.o(.text)
    __semihosting_library_function           0x0800c757   Thumb Code     0  indicate_semi.o(.text)
    _fp_init                                 0x0800c757   Thumb Code    14  fpinit.o(x$fpl$fpinit)
    __fplib_config_pureend_doubles           0x0800c763   Thumb Code     0  fpinit.o(x$fpl$fpinit)
    led_row_select                           0x0800c764   Data          34  hc595.o(.constdata)
    tcp_backoff                              0x0800c958   Data          13  tcp.o(.constdata)
    tcp_persist_backoff                      0x0800c965   Data           7  tcp.o(.constdata)
    ip_addr_any                              0x0800c96c   Data           4  ip_addr.o(.constdata)
    ip_addr_broadcast                        0x0800c970   Data           4  ip_addr.o(.constdata)
    ethbroadcast                             0x0800c974   Data           6  etharp.o(.constdata)
    ethzero                                  0x0800c97a   Data           6  etharp.o(.constdata)
    Evt_udp_CtrlMsg_send_Tbl                 0x0800c980   Data          40  process_net.o(.constdata)
    Evt_udp_CtrlMsg_recv_Tbl                 0x0800c9a8   Data          56  process_net.o(.constdata)
    Software_Version_V10                     0x0800c9e0   Data         336  process_ledscreen.o(.constdata)
    device_name                              0x0800cb30   Data         320  process_ledscreen.o(.constdata)
    ceshizhong                               0x0800cc70   Data          96  process_ledscreen.o(.constdata)
    Region$$Table$$Base                      0x0800cd38   Number         0  anon$$obj.o(Region$$Table)
    Region$$Table$$Limit                     0x0800cd58   Number         0  anon$$obj.o(Region$$Table)
    aaa                                      0x20000000   Data          32  main.o(.data)
    timer_flag                               0x20000020   Data           1  main.o(.data)
    refresh_flag                             0x20000021   Data           1  main.o(.data)
    timer2_flag                              0x20000022   Data           1  main.o(.data)
    Debuger                                  0x2000002c   Data           4  main.o(.data)
    test                                     0x20000030   Data           2  main.o(.data)
    timer3_flag                              0x20000032   Data           1  main.o(.data)
    blank_buf                                0x2000003e   Data           6  hc595.o(.data)
    DevType                                  0x20000048   Data           1  myapp.o(.data)
    DevId                                    0x20000049   Data           1  myapp.o(.data)
    TrainId                                  0x2000004a   Data           2  myapp.o(.data)
    AppStartTimer                            0x2000004c   Data           4  myapp.o(.data)
    AppStartFlag                             0x20000050   Data           4  myapp.o(.data)
    PlayLeftFifo                             0x20000054   Data           1  myaudio.o(.data)
    pPlayLeftFifo                            0x20000058   Data           4  myaudio.o(.data)
    PlayLeftProduceIndex                     0x2000005c   Data           4  myaudio.o(.data)
    PlayLeftConsumeIndex                     0x20000060   Data           4  myaudio.o(.data)
    PlayLeftWaitFlag                         0x20000064   Data           4  myaudio.o(.data)
    PlayRightFifo                            0x20000068   Data           1  myaudio.o(.data)
    pPlayRightFifo                           0x2000006c   Data           4  myaudio.o(.data)
    PlayRightProduceIndex                    0x20000070   Data           4  myaudio.o(.data)
    PlayRightConsumeIndex                    0x20000074   Data           4  myaudio.o(.data)
    PlayRightWaitFlag                        0x20000078   Data           4  myaudio.o(.data)
    pListenLeftFifo                          0x2000007c   Data           4  myaudio.o(.data)
    ListenLeftProduceIndex                   0x20000080   Data           4  myaudio.o(.data)
    ListenLeftConsumeIndex                   0x20000084   Data           4  myaudio.o(.data)
    pListenRightFifo                         0x20000088   Data           4  myaudio.o(.data)
    ListenRightProduceIndex                  0x2000008c   Data           4  myaudio.o(.data)
    ListenRightConsumeIndex                  0x20000090   Data           4  myaudio.o(.data)
    ListenFlag                               0x20000094   Data           4  myaudio.o(.data)
    ListenEnable                             0x20000098   Data           4  myaudio.o(.data)
    AudioPlayInfo                            0x2000009c   Data           8  myaudio.o(.data)
    AudioVolume                              0x200000a4   Data           4  myaudio.o(.data)
    AudioTreble                              0x200000a8   Data           4  myaudio.o(.data)
    AudioBass                                0x200000ac   Data           4  myaudio.o(.data)
    AudioFrontPlayFlag                       0x200000b0   Data           4  myaudio.o(.data)
    AudioBackPlayFlag                        0x200000b4   Data           4  myaudio.o(.data)
    PlayClock                                0x200000b8   Data           4  myaudio.o(.data)
    PlayClockSendFlag                        0x200000bc   Data           4  myaudio.o(.data)
    EthInitStatus                            0x200000c0   Data           4  myethernet.o(.data)
    EthLinkStatus                            0x200000c4   Data           1  myethernet.o(.data)
    HttpTestAAA                              0x200000c5   Data         128  myhttpd.o(.data)
    HttpTestBBB                              0x20000145   Data         128  myhttpd.o(.data)
    DmaPlayFlag                              0x200001c8   Data           4  myi2s.o(.data)
    AllBroadIpAddr                           0x200001d0   Data           4  mylwip.o(.data)
    pUdpTestPcb                              0x200001d4   Data           4  mylwip.o(.data)
    pUdpCommanderPcb                         0x200001d8   Data           4  mylwip.o(.data)
    pUdpControlRcvPcb                        0x200001dc   Data           4  mylwip.o(.data)
    pUdpControlSendPcb                       0x200001e0   Data           4  mylwip.o(.data)
    pUdpBroadcastRcvPcb                      0x200001e4   Data           4  mylwip.o(.data)
    pUdpBroadcastSendPcb                     0x200001e8   Data           4  mylwip.o(.data)
    pUdpTalkRcvPcb                           0x200001ec   Data           4  mylwip.o(.data)
    pUdpTalkSendPcb                          0x200001f0   Data           4  mylwip.o(.data)
    pUdpPlayclkRcvPcb                        0x200001f4   Data           4  mylwip.o(.data)
    pUdpPlayclkSendPcb                       0x200001f8   Data           4  mylwip.o(.data)
    NetLocalMac                              0x200001fc   Data           6  mynet.o(.data)
    NetLocalIp                               0x20000202   Data           4  mynet.o(.data)
    NetRouterIp                              0x20000206   Data           4  mynet.o(.data)
    NetMaskIp                                0x2000020a   Data           4  mynet.o(.data)
    NetShowIp                                0x2000020e   Data           4  mynet.o(.data)
    pNetReceiveBuf                           0x20000214   Data           4  mynet.o(.data)
    NetReceiveBufSize                        0x20000218   Data           4  mynet.o(.data)
    pNetSendBuf                              0x2000021c   Data           4  mynet.o(.data)
    NetSendBufSize                           0x20000220   Data           4  mynet.o(.data)
    NetStartingFlag                          0x20000224   Data           4  mynet.o(.data)
    NetListenSendFlag                        0x20000228   Data           4  mynet.o(.data)
    ProtocolLocalInfo                        0x20000230   Data           8  myprotocol.o(.data)
    ProtocolBroadInfo                        0x20000238   Data           8  myprotocol.o(.data)
    StorageInfoSaveFlag                      0x20000240   Data           4  mystorage.o(.data)
    MyTmCnt10                                0x20000244   Data           4  mytimer.o(.data)
    MyTmCnt20                                0x20000248   Data           4  mytimer.o(.data)
    MyTmCnt50                                0x2000024c   Data           4  mytimer.o(.data)
    MyTmCnt100                               0x20000250   Data           4  mytimer.o(.data)
    MyTmCnt500                               0x20000254   Data           4  mytimer.o(.data)
    MyTmCnt1000                              0x20000258   Data           4  mytimer.o(.data)
    MyTmCnt2000                              0x2000025c   Data           4  mytimer.o(.data)
    SystemCoreClock                          0x20000260   Data           4  system_stm32f2xx.o(.data)
    AHBPrescTable                            0x20000264   Data          16  system_stm32f2xx.o(.data)
    DMATxDescToSet                           0x20000274   Data           4  stm32f2x7_eth.o(.data)
    DMARxDescToGet                           0x20000278   Data           4  stm32f2x7_eth.o(.data)
    DMA_RX_FRAME_infos                       0x2000027c   Data           4  stm32f2x7_eth.o(.data)
    Frame_Rx_index                           0x20000280   Data           4  stm32f2x7_eth.o(.data)
    netif_list                               0x20000298   Data           4  netif.o(.data)
    netif_default                            0x2000029c   Data           4  netif.o(.data)
    tcp_state_str                            0x200002a4   Data          44  tcp.o(.data)
    tcp_ticks                                0x200002d8   Data           4  tcp.o(.data)
    tcp_bound_pcbs                           0x200002dc   Data           4  tcp.o(.data)
    tcp_listen_pcbs                          0x200002e0   Data           4  tcp.o(.data)
    tcp_active_pcbs                          0x200002e4   Data           4  tcp.o(.data)
    tcp_tw_pcbs                              0x200002e8   Data           4  tcp.o(.data)
    tcp_tmp_pcb                              0x200002ec   Data           4  tcp.o(.data)
    tcp_input_pcb                            0x20000310   Data           4  tcp_in.o(.data)
    udp_pcbs                                 0x20000314   Data           4  udp.o(.data)
    current_netif                            0x2000031c   Data           4  ip.o(.data)
    current_header                           0x20000320   Data           4  ip.o(.data)
    dmp_process_data                         0x2000033c   Data           3  process_net.o(.data)
    dmp_run_status                           0x2000033f   Data           1  process_net.o(.data)
    pack_len                                 0x20000340   Data           2  process_net.o(.data)
    roll_col_sum_tmp                         0x20000344   Data           2  process_ledscreen.o(.data)
    color_tmp                                0x20000346   Data           1  process_ledscreen.o(.data)
    roll_col_num                             0x20000348   Data           2  process_ledscreen.o(.data)
    roll_speed                               0x2000034a   Data           1  process_ledscreen.o(.data)
    brightness                               0x2000034c   Data           2  process_ledscreen.o(.data)
    DISP_COL_TAIL                            0x2000034e   Data           2  process_ledscreen.o(.data)
    DISP_COL_HEAD                            0x20000350   Data           2  process_ledscreen.o(.data)
    DIV                                      0x20000352   Data           2  process_ledscreen.o(.data)
    FILL_COLsum_tail                         0x20000354   Data           2  process_ledscreen.o(.data)
    FILL_COLsum_head                         0x20000356   Data           2  process_ledscreen.o(.data)
    sel_screen_MODE                          0x20000358   Data          12  process_ledscreen.o(.data)
    screen_mode_disp_tbl                     0x20000364   Data          40  process_ledscreen.o(.data)
    screen_mode_set_tbl                      0x2000038c   Data          40  process_ledscreen.o(.data)
    mode_index_tbl                           0x200003b4   Data           3  process_ledscreen.o(.data)
    red_CN                                   0x200003c8   Data          96  hc595.o(.bss)
    green_CN                                 0x20000428   Data          96  hc595.o(.bss)
    red_EN                                   0x20000488   Data          48  hc595.o(.bss)
    green_EN                                 0x200004b8   Data          48  hc595.o(.bss)
    ListenLeftFifo                           0x200004e8   Data        4096  myaudio.o(.bss)
    ListenRightFifo                          0x200014e8   Data        4096  myaudio.o(.bss)
    OutStr                                   0x200024e8   Data         256  mycommander.o(.bss)
    HttpTest                                 0x200025e8   Data        1024  myhttpd.o(.bss)
    DmaPlayMem0                              0x200029e8   Data        2048  myi2s.o(.bss)
    DmaPlayMem1                              0x200031e8   Data        2048  myi2s.o(.bss)
    DmaListenMem0                            0x200039e8   Data        2048  myi2s.o(.bss)
    DmaListenMem1                            0x200041e8   Data        2048  myi2s.o(.bss)
    Netif                                    0x200049e8   Data          52  mylwip.o(.bss)
    NetBuf                                   0x20004a1c   Data        1280  mynet.o(.bss)
    StorageInfo                              0x20004f1c   Data          27  mystorage.o(.bss)
    DMARxDscrTab                             0x20004f38   Data         160  stm32f2x7_eth.o(.bss)
    DMATxDscrTab                             0x20004fd8   Data         160  stm32f2x7_eth.o(.bss)
    Rx_Buff                                  0x20005078   Data        7620  stm32f2x7_eth.o(.bss)
    Tx_Buff                                  0x20006e3c   Data        7620  stm32f2x7_eth.o(.bss)
    RX_Frame_Descriptor                      0x20008c00   Data          12  stm32f2x7_eth.o(.bss)
    pack_data                                0x20012334   Data        1156  process_net.o(.bss)
    ledbuf_tmp1                              0x200127c4   Data        2200  process_ledscreen.o(.bss)
    ledbuf_tmp                               0x2001305c   Data        2200  process_ledscreen.o(.bss)
    red_tmp                                  0x200138f4   Data          96  process_ledscreen.o(.bss)
    green_tmp                                0x20013954   Data          96  process_ledscreen.o(.bss)
    disp_param_SCREEN_MODE_softwareVersion   0x200139b4   Data          10  process_ledscreen.o(.bss)
    __libspace_start                         0x200139c0   Data          96  libspace.o(.bss)
    __temporary_stack_top$libspace           0x20013a20   Data           0  libspace.o(.bss)



==============================================================================

Memory Map of the image

  Image Entry point : 0x08000185

  Load Region LR_IROM1 (Base: 0x08000000, Size: 0x0000d120, Max: 0x00040000, ABSOLUTE, COMPRESSED[0x0000ce40])

    Execution Region ER_IROM1 (Base: 0x08000000, Size: 0x0000cd58, Max: 0x00040000, ABSOLUTE)

    Base Addr    Size         Type   Attr      Idx    E Section Name        Object

    0x08000000   0x00000184   Data   RO          690    RESET               startup_stm32f2xx.o
    0x08000184   0x00000008   Code   RO         1448  * !!!main             c_w.l(__main.o)
    0x0800018c   0x00000034   Code   RO         1618    !!!scatter          c_w.l(__scatter.o)
    0x080001c0   0x0000005a   Code   RO         1616    !!dczerorl2         c_w.l(__dczerorl2.o)
    0x0800021a   0x00000002   PAD
    0x0800021c   0x0000001c   Code   RO         1620    !!handler_zi        c_w.l(__scatter_zi.o)
    0x08000238   0x00000000   Code   RO         1427    .ARM.Collect$$_printf_percent$$00000000  c_w.l(_printf_percent.o)
    0x08000238   0x00000006   Code   RO         1426    .ARM.Collect$$_printf_percent$$00000009  c_w.l(_printf_d.o)
    0x0800023e   0x00000006   Code   RO         1425    .ARM.Collect$$_printf_percent$$00000014  c_w.l(_printf_s.o)
    0x08000244   0x00000004   Code   RO         1459    .ARM.Collect$$_printf_percent$$00000017  c_w.l(_printf_percent_end.o)
    0x08000248   0x00000006   Code   RO         1486    .ARM.Collect$$libinit$$00000000  c_w.l(libinit.o)
    0x0800024e   0x00000000   Code   RO         1494    .ARM.Collect$$libinit$$00000006  c_w.l(libinit2.o)
    0x0800024e   0x00000000   Code   RO         1496    .ARM.Collect$$libinit$$00000008  c_w.l(libinit2.o)
    0x0800024e   0x00000000   Code   RO         1498    .ARM.Collect$$libinit$$0000000A  c_w.l(libinit2.o)
    0x0800024e   0x00000000   Code   RO         1501    .ARM.Collect$$libinit$$0000000D  c_w.l(libinit2.o)
    0x0800024e   0x00000000   Code   RO         1503    .ARM.Collect$$libinit$$0000000F  c_w.l(libinit2.o)
    0x0800024e   0x00000000   Code   RO         1505    .ARM.Collect$$libinit$$00000011  c_w.l(libinit2.o)
    0x0800024e   0x00000000   Code   RO         1507    .ARM.Collect$$libinit$$00000013  c_w.l(libinit2.o)
    0x0800024e   0x00000000   Code   RO         1509    .ARM.Collect$$libinit$$00000015  c_w.l(libinit2.o)
    0x0800024e   0x00000000   Code   RO         1511    .ARM.Collect$$libinit$$00000017  c_w.l(libinit2.o)
    0x0800024e   0x00000000   Code   RO         1513    .ARM.Collect$$libinit$$00000019  c_w.l(libinit2.o)
    0x0800024e   0x00000000   Code   RO         1515    .ARM.Collect$$libinit$$0000001B  c_w.l(libinit2.o)
    0x0800024e   0x00000000   Code   RO         1517    .ARM.Collect$$libinit$$0000001D  c_w.l(libinit2.o)
    0x0800024e   0x00000000   Code   RO         1519    .ARM.Collect$$libinit$$0000001F  c_w.l(libinit2.o)
    0x0800024e   0x00000000   Code   RO         1521    .ARM.Collect$$libinit$$00000021  c_w.l(libinit2.o)
    0x0800024e   0x00000000   Code   RO         1525    .ARM.Collect$$libinit$$00000028  c_w.l(libinit2.o)
    0x0800024e   0x00000000   Code   RO         1527    .ARM.Collect$$libinit$$0000002A  c_w.l(libinit2.o)
    0x0800024e   0x00000000   Code   RO         1529    .ARM.Collect$$libinit$$0000002C  c_w.l(libinit2.o)
    0x0800024e   0x00000000   Code   RO         1531    .ARM.Collect$$libinit$$0000002E  c_w.l(libinit2.o)
    0x0800024e   0x00000002   Code   RO         1532    .ARM.Collect$$libinit$$0000002F  c_w.l(libinit2.o)
    0x08000250   0x00000002   Code   RO         1557    .ARM.Collect$$libshutdown$$00000000  c_w.l(libshutdown.o)
    0x08000252   0x00000000   Code   RO         1571    .ARM.Collect$$libshutdown$$00000003  c_w.l(libshutdown2.o)
    0x08000252   0x00000000   Code   RO         1574    .ARM.Collect$$libshutdown$$00000006  c_w.l(libshutdown2.o)
    0x08000252   0x00000000   Code   RO         1577    .ARM.Collect$$libshutdown$$00000009  c_w.l(libshutdown2.o)
    0x08000252   0x00000000   Code   RO         1579    .ARM.Collect$$libshutdown$$0000000B  c_w.l(libshutdown2.o)
    0x08000252   0x00000000   Code   RO         1582    .ARM.Collect$$libshutdown$$0000000E  c_w.l(libshutdown2.o)
    0x08000252   0x00000002   Code   RO         1583    .ARM.Collect$$libshutdown$$0000000F  c_w.l(libshutdown2.o)
    0x08000254   0x00000000   Code   RO         1450    .ARM.Collect$$rtentry$$00000000  c_w.l(rtentry.o)
    0x08000254   0x00000000   Code   RO         1461    .ARM.Collect$$rtentry$$00000002  c_w.l(rtentry2.o)
    0x08000254   0x00000006   Code   RO         1473    .ARM.Collect$$rtentry$$00000004  c_w.l(rtentry4.o)
    0x0800025a   0x00000000   Code   RO         1463    .ARM.Collect$$rtentry$$00000009  c_w.l(rtentry2.o)
    0x0800025a   0x00000004   Code   RO         1464    .ARM.Collect$$rtentry$$0000000A  c_w.l(rtentry2.o)
    0x0800025e   0x00000000   Code   RO         1466    .ARM.Collect$$rtentry$$0000000C  c_w.l(rtentry2.o)
    0x0800025e   0x00000008   Code   RO         1467    .ARM.Collect$$rtentry$$0000000D  c_w.l(rtentry2.o)
    0x08000266   0x00000002   Code   RO         1490    .ARM.Collect$$rtexit$$00000000  c_w.l(rtexit.o)
    0x08000268   0x00000000   Code   RO         1536    .ARM.Collect$$rtexit$$00000002  c_w.l(rtexit2.o)
    0x08000268   0x00000004   Code   RO         1537    .ARM.Collect$$rtexit$$00000003  c_w.l(rtexit2.o)
    0x0800026c   0x00000006   Code   RO         1538    .ARM.Collect$$rtexit$$00000004  c_w.l(rtexit2.o)
    0x08000272   0x00000002   PAD
    0x08000274   0x0000011c   Code   RO            1    .text               main.o
    0x08000390   0x0000003e   Code   RO          226    .text               mem_str.o
    0x080003ce   0x00000002   PAD
    0x080003d0   0x000000b8   Code   RO          245    .text               p_sys.o
    0x08000488   0x00000298   Code   RO          259    .text               hc595.o
    0x08000720   0x000000bc   Code   RO          279    .text               myapp.o
    0x080007dc   0x00000258   Code   RO          297    .text               myaudio.o
    0x08000a34   0x000003e8   Code   RO          325    .text               myboard.o
    0x08000e1c   0x0000031c   Code   RO          340    .text               mycommander.o
    0x08001138   0x00000178   Code   RO          356    .text               myethernet.o
    0x080012b0   0x000002d0   Code   RO          386    .text               myhttpd.o
    0x08001580   0x000003dc   Code   RO          490    .text               myi2c.o
    0x0800195c   0x00000622   Code   RO          502    .text               myi2s.o
    0x08001f7e   0x00000002   PAD
    0x08001f80   0x00000584   Code   RO          521    .text               mylwip.o
    0x08002504   0x0000038c   Code   RO          540    .text               mymiscfunc.o
    0x08002890   0x000003fc   Code   RO          552    .text               mynet.o
    0x08002c8c   0x000002f0   Code   RO          575    .text               myprotocol.o
    0x08002f7c   0x000001b0   Code   RO          597    .text               mystorage.o
    0x0800312c   0x00000134   Code   RO          628    .text               mytimer.o
    0x08003260   0x0000002c   Code   RO          650    .text               stm32f2xx_it.o
    0x0800328c   0x000000c8   Code   RO          665    .text               bsp_dev_id.o
    0x08003354   0x00000040   Code   RO          691    .text               startup_stm32f2xx.o
    0x08003394   0x000001d8   Code   RO          695    .text               system_stm32f2xx.o
    0x0800356c   0x00000e9c   Code   RO          713    .text               stm32f2x7_eth.o
    0x08004408   0x00000378   Code   RO          830    .text               mem.o
    0x08004780   0x000000b4   Code   RO          845    .text               memp.o
    0x08004834   0x00000214   Code   RO          875    .text               netif.o
    0x08004a48   0x000005ea   Code   RO          897    .text               pbuf.o
    0x08005032   0x00000002   PAD
    0x08005034   0x000001b0   Code   RO          912    .text               raw.o
    0x080051e4   0x00000c60   Code   RO          938    .text               tcp.o
    0x08005e44   0x00001320   Code   RO          959    .text               tcp_in.o
    0x08007164   0x00000b14   Code   RO          982    .text               tcp_out.o
    0x08007c78   0x000003fc   Code   RO          994    .text               udp.o
    0x08008074   0x00000424   Code   RO         1012    .text               autoip.o
    0x08008498   0x0000021c   Code   RO         1027    .text               icmp.o
    0x080086b4   0x0000024c   Code   RO         1045    .text               inet.o
    0x08008900   0x0000016e   Code   RO         1058    .text               inet_chksum.o
    0x08008a6e   0x00000002   PAD
    0x08008a70   0x00000318   Code   RO         1077    .text               ip.o
    0x08008d88   0x0000004e   Code   RO         1098    .text               ip_addr.o
    0x08008dd6   0x00000002   PAD
    0x08008dd8   0x00000628   Code   RO         1120    .text               ip_frag.o
    0x08009400   0x000009d0   Code   RO         1135    .text               etharp.o
    0x08009dd0   0x000001fc   Code   RO         1176    .text               ethernetif.o
    0x08009fcc   0x00000108   Code   RO         1189    .text               misc.o
    0x0800a0d4   0x000003d8   Code   RO         1213    .text               stm32f2xx_dma.o
    0x0800a4ac   0x000002b0   Code   RO         1249    .text               stm32f2xx_gpio.o
    0x0800a75c   0x0000048c   Code   RO         1261    .text               stm32f2xx_i2c.o
    0x0800abe8   0x000005d0   Code   RO         1285    .text               stm32f2xx_rcc.o
    0x0800b1b8   0x000003dc   Code   RO         1299    .text               stm32f2xx_spi.o
    0x0800b594   0x000000ac   Code   RO         1311    .text               stm32f2xx_syscfg.o
    0x0800b640   0x000003cc   Code   RO         1353    .text               process_net.o
    0x0800ba0c   0x00000718   Code   RO         1373    .text               process_ledscreen.o
    0x0800c124   0x00000028   Code   RO         1397    .text               c_w.l(noretval__2sprintf.o)
    0x0800c14c   0x0000006a   Code   RO         1399    .text               c_w.l(__printf.o)
    0x0800c1b6   0x00000052   Code   RO         1401    .text               c_w.l(_printf_str.o)
    0x0800c208   0x00000078   Code   RO         1403    .text               c_w.l(_printf_dec.o)
    0x0800c280   0x00000058   Code   RO         1428    .text               c_w.l(memcmp.o)
    0x0800c2d8   0x0000003e   Code   RO         1430    .text               c_w.l(strlen.o)
    0x0800c316   0x00000096   Code   RO         1432    .text               c_w.l(strncmp.o)
    0x0800c3ac   0x0000008a   Code   RO         1434    .text               c_w.l(rt_memcpy_v6.o)
    0x0800c436   0x00000064   Code   RO         1436    .text               c_w.l(rt_memcpy_w.o)
    0x0800c49a   0x00000010   Code   RO         1438    .text               c_w.l(aeabi_memset.o)
    0x0800c4aa   0x00000044   Code   RO         1440    .text               c_w.l(rt_memclr.o)
    0x0800c4ee   0x0000004e   Code   RO         1442    .text               c_w.l(rt_memclr_w.o)
    0x0800c53c   0x00000080   Code   RO         1444    .text               c_w.l(strcmpv7m.o)
    0x0800c5bc   0x00000006   Code   RO         1446    .text               c_w.l(heapauxi.o)
    0x0800c5c2   0x000000b8   Code   RO         1451    .text               c_w.l(_printf_intcommon.o)
    0x0800c67a   0x00000002   PAD
    0x0800c67c   0x00000030   Code   RO         1453    .text               c_w.l(_printf_char_common.o)
    0x0800c6ac   0x0000000a   Code   RO         1455    .text               c_w.l(_sputc.o)
    0x0800c6b6   0x0000002c   Code   RO         1457    .text               c_w.l(_printf_char.o)
    0x0800c6e2   0x0000004a   Code   RO         1477    .text               c_w.l(sys_stackheap_outer.o)
    0x0800c72c   0x0000000c   Code   RO         1479    .text               c_w.l(exit.o)
    0x0800c738   0x00000008   Code   RO         1487    .text               c_w.l(libspace.o)
    0x0800c740   0x00000008   Code   RO         1545    .text               c_w.l(rt_fp_status_addr_intlibspace.o)
    0x0800c748   0x0000000c   Code   RO         1549    .text               c_w.l(sys_exit.o)
    0x0800c754   0x00000002   Code   RO         1560    .text               c_w.l(use_no_semi.o)
    0x0800c756   0x00000000   Code   RO         1562    .text               c_w.l(indicate_semi.o)
    0x0800c756   0x0000000e   Code   RO         1533    x$fpl$fpinit        fz_ws.l(fpinit.o)
    0x0800c764   0x00000022   Data   RO          261    .constdata          hc595.o
    0x0800c786   0x00000002   PAD
    0x0800c788   0x00000062   Data   RO          342    .constdata          mycommander.o
    0x0800c7ea   0x00000002   PAD
    0x0800c7ec   0x00000147   Data   RO          388    .constdata          myhttpd.o
    0x0800c933   0x00000001   PAD
    0x0800c934   0x00000024   Data   RO          847    .constdata          memp.o
    0x0800c958   0x00000014   Data   RO          939    .constdata          tcp.o
    0x0800c96c   0x00000008   Data   RO         1099    .constdata          ip_addr.o
    0x0800c974   0x0000000c   Data   RO         1137    .constdata          etharp.o
    0x0800c980   0x00000060   Data   RO         1355    .constdata          process_net.o
    0x0800c9e0   0x000002f0   Data   RO         1375    .constdata          process_ledscreen.o
    0x0800ccd0   0x00000068   Data   RO          940    .conststring        tcp.o
    0x0800cd38   0x00000020   Data   RO         1614    Region$$Table       anon$$obj.o


    Execution Region RW_IRAM1 (Base: 0x20000000, Size: 0x00014020, Max: 0x00020000, ABSOLUTE, COMPRESSED[0x000000e8])

    Base Addr    Size         Type   Attr      Idx    E Section Name        Object

    0x20000000   0x00000033   Data   RW            3    .data               main.o
    0x20000033   0x00000001   PAD
    0x20000034   0x0000000a   Data   RW          246    .data               p_sys.o
    0x2000003e   0x00000007   Data   RW          262    .data               hc595.o
    0x20000045   0x00000003   PAD
    0x20000048   0x0000000c   Data   RW          280    .data               myapp.o
    0x20000054   0x0000006c   Data   RW          299    .data               myaudio.o
    0x200000c0   0x00000005   Data   RW          357    .data               myethernet.o
    0x200000c5   0x00000100   Data   RW          389    .data               myhttpd.o
    0x200001c5   0x00000003   PAD
    0x200001c8   0x00000004   Data   RW          504    .data               myi2s.o
    0x200001cc   0x00000030   Data   RW          523    .data               mylwip.o
    0x200001fc   0x00000030   Data   RW          554    .data               mynet.o
    0x2000022c   0x00000014   Data   RW          576    .data               myprotocol.o
    0x20000240   0x00000004   Data   RW          599    .data               mystorage.o
    0x20000244   0x0000001c   Data   RW          629    .data               mytimer.o
    0x20000260   0x00000014   Data   RW          696    .data               system_stm32f2xx.o
    0x20000274   0x00000010   Data   RW          715    .data               stm32f2x7_eth.o
    0x20000284   0x0000000d   Data   RW          832    .data               mem.o
    0x20000291   0x00000003   PAD
    0x20000294   0x0000000c   Data   RW          876    .data               netif.o
    0x200002a0   0x00000004   Data   RW          913    .data               raw.o
    0x200002a4   0x0000004d   Data   RW          941    .data               tcp.o
    0x200002f1   0x00000003   PAD
    0x200002f4   0x00000020   Data   RW          961    .data               tcp_in.o
    0x20000314   0x00000004   Data   RW          995    .data               udp.o
    0x20000318   0x0000000c   Data   RW         1078    .data               ip.o
    0x20000324   0x00000006   Data   RW         1122    .data               ip_frag.o
    0x2000032a   0x00000001   Data   RW         1138    .data               etharp.o
    0x2000032b   0x00000010   Data   RW         1286    .data               stm32f2xx_rcc.o
    0x2000033b   0x00000001   PAD
    0x2000033c   0x00000006   Data   RW         1356    .data               process_net.o
    0x20000342   0x00000002   PAD
    0x20000344   0x00000081   Data   RW         1376    .data               process_ledscreen.o
    0x200003c5   0x00000003   PAD
    0x200003c8   0x00000120   Zero   RW          260    .bss                hc595.o
    0x200004e8   0x00002000   Zero   RW          298    .bss                myaudio.o
    0x200024e8   0x00000100   Zero   RW          341    .bss                mycommander.o
    0x200025e8   0x00000400   Zero   RW          387    .bss                myhttpd.o
    0x200029e8   0x00002000   Zero   RW          503    .bss                myi2s.o
    0x200049e8   0x00000034   Zero   RW          522    .bss                mylwip.o
    0x20004a1c   0x00000500   Zero   RW          553    .bss                mynet.o
    0x20004f1c   0x0000001b   Zero   RW          598    .bss                mystorage.o
    0x20004f37   0x00000001   PAD
    0x20004f38   0x00003cd4   Zero   RW          714    .bss                stm32f2x7_eth.o
    0x20008c0c   0x00002814   Zero   RW          831    .bss                mem.o
    0x2000b420   0x00006847   Zero   RW          846    .bss                memp.o
    0x20011c67   0x00000001   PAD
    0x20011c68   0x00000014   Zero   RW          960    .bss                tcp_in.o
    0x20011c7c   0x00000010   Zero   RW         1046    .bss                inet.o
    0x20011c8c   0x000005e0   Zero   RW         1121    .bss                ip_frag.o
    0x2001226c   0x000000c8   Zero   RW         1136    .bss                etharp.o
    0x20012334   0x00000484   Zero   RW         1354    .bss                process_net.o
    0x200127b8   0x00001206   Zero   RW         1374    .bss                process_ledscreen.o
    0x200139be   0x00000002   PAD
    0x200139c0   0x00000060   Zero   RW         1488    .bss                c_w.l(libspace.o)
    0x20013a20   0x00000200   Zero   RW          689    HEAP                startup_stm32f2xx.o
    0x20013c20   0x00000400   Zero   RW          688    STACK               startup_stm32f2xx.o


==============================================================================

Image component sizes


      Code (inc. data)   RO Data    RW Data    ZI Data      Debug   Object Name

      1060         34          0          0          0       4410   autoip.o
       200          6          0          0          0        911   bsp_dev_id.o
         0          0          0          0          0         32   core_cm3.o
      2512         24         12          1        200       9790   etharp.o
       508         40          0          0          0       2912   ethernetif.o
       664         34         34          7        288       2285   hc595.o
       540          0          0          0          0       2594   icmp.o
       588         10          0          0         16       3240   inet.o
       366          0          0          0          0       5282   inet_chksum.o
         0          0          0          0          0       5138   init.o
       792         20          0         12          0       5890   ip.o
        78          0          8          0          0       5441   ip_addr.o
      1576         18          0          6       1504       5892   ip_frag.o
       284         36          0         51          0     299802   main.o
       888         20          0         13      10260       3690   mem.o
        62          0          0          0          0       1198   mem_str.o
       180         18         36          0      26695       2898   memp.o
       264         30          0          0          0       1829   misc.o
       188         22          0         12          0       1695   myapp.o
       600         88          0        108       8192       3999   myaudio.o
      1000         20          0          0          0       2401   myboard.o
       796        200         98          0        256       2350   mycommander.o
       376         16          0          5          0       1245   myethernet.o
       720        100        327        256       1024      26761   myhttpd.o
       988         26          0          0          0       3079   myi2c.o
      1570        100          0          4       8192       4987   myi2s.o
      1412         96          0         48         52       7612   mylwip.o
       908          6          0          0          0       4596   mymiscfunc.o
      1020         72          0         48       1280      22569   mynet.o
       752         30          0         20          0       7368   myprotocol.o
       432         34          0          4         27       1787   mystorage.o
       308         40          0         28          0      18867   mytimer.o
       532         22          0         12          0       5412   netif.o
       184         24          0         10          0       1385   p_sys.o
      1514          0          0          0          0       5880   pbuf.o
      1816        160        752        129       4614       7542   process_ledscreen.o
       972         62         96          6       1156       6678   process_net.o
       432          6          0          4          0       3469   raw.o
        64         26        388          0       1536        780   startup_stm32f2xx.o
      3740        100          0         16      15572      19900   stm32f2x7_eth.o
       984         50          0          0          0       6361   stm32f2xx_dma.o
       688         36          0          0          0       3989   stm32f2xx_gpio.o
      1164         26          0          0          0       8143   stm32f2xx_i2c.o
        44          0          0          0          0       1375   stm32f2xx_it.o
      1488        158          0         16          0      11019   stm32f2xx_rcc.o
       988         20          0          0          0       6380   stm32f2xx_spi.o
       172         22          0          0          0       1527   stm32f2xx_syscfg.o
       472         52          0         20          0       1691   system_stm32f2xx.o
      3168        108        124         77          0      18116   tcp.o
      4896        210          0         32         20      13252   tcp_in.o
      2836         14          0          0          0       7142   tcp_out.o
      1020          8          0          4          0       6369   udp.o

    ----------------------------------------------------------------------
     48816       2244       1912        968      80888     608960   Object Totals
         0          0         32          0          0          0   (incl. Generated)
        10          0          5         19          4          0   (incl. Padding)

    ----------------------------------------------------------------------

      Code (inc. data)   RO Data    RW Data    ZI Data      Debug   Library Member Name

        90          0          0          0          0          0   __dczerorl2.o
         8          0          0          0          0         68   __main.o
       106          0          0          0          0         84   __printf.o
        52          8          0          0          0          0   __scatter.o
        28          0          0          0          0          0   __scatter_zi.o
        44          0          0          0          0        108   _printf_char.o
        48          6          0          0          0         96   _printf_char_common.o
         6          0          0          0          0          0   _printf_d.o
       120         18          0          0          0         92   _printf_dec.o
       184          0          0          0          0         88   _printf_intcommon.o
         0          0          0          0          0          0   _printf_percent.o
         4          0          0          0          0          0   _printf_percent_end.o
         6          0          0          0          0          0   _printf_s.o
        82          0          0          0          0         80   _printf_str.o
        10          0          0          0          0         68   _sputc.o
        16          0          0          0          0         68   aeabi_memset.o
        12          0          0          0          0         72   exit.o
         6          0          0          0          0        152   heapauxi.o
         0          0          0          0          0          0   indicate_semi.o
         6          0          0          0          0          0   libinit.o
         2          0          0          0          0          0   libinit2.o
         2          0          0          0          0          0   libshutdown.o
         2          0          0          0          0          0   libshutdown2.o
         8          4          0          0         96         68   libspace.o
        88          0          0          0          0         76   memcmp.o
        40          6          0          0          0         84   noretval__2sprintf.o
         8          4          0          0          0         68   rt_fp_status_addr_intlibspace.o
        68          0          0          0          0         68   rt_memclr.o
        78          0          0          0          0         80   rt_memclr_w.o
       138          0          0          0          0         68   rt_memcpy_v6.o
       100          0          0          0          0         80   rt_memcpy_w.o
         0          0          0          0          0          0   rtentry.o
        12          0          0          0          0          0   rtentry2.o
         6          0          0          0          0          0   rtentry4.o
         2          0          0          0          0          0   rtexit.o
        10          0          0          0          0          0   rtexit2.o
       128          0          0          0          0         68   strcmpv7m.o
        62          0          0          0          0         76   strlen.o
       150          0          0          0          0         80   strncmp.o
        12          4          0          0          0         68   sys_exit.o
        74          0          0          0          0         80   sys_stackheap_outer.o
         2          0          0          0          0         68   use_no_semi.o
        14          0          0          0          0         76   fpinit.o

    ----------------------------------------------------------------------
      1840         50          0          0         96       2084   Library Totals
         6          0          0          0          0          0   (incl. Padding)

    ----------------------------------------------------------------------

      Code (inc. data)   RO Data    RW Data    ZI Data      Debug   Library Name

      1820         50          0          0         96       2008   c_w.l
        14          0          0          0          0         76   fz_ws.l

    ----------------------------------------------------------------------
      1840         50          0          0         96       2084   Library Totals

    ----------------------------------------------------------------------

==============================================================================


      Code (inc. data)   RO Data    RW Data    ZI Data      Debug   

     50656       2294       1912        968      80984     604856   Grand Totals
     50656       2294       1912        232      80984     604856   ELF Image Totals (compressed)
     50656       2294       1912        232          0          0   ROM Totals

==============================================================================

    Total RO  Size (Code + RO Data)                52568 (  51.34kB)
    Total RW  Size (RW Data + ZI Data)             81952 (  80.03kB)
    Total ROM Size (Code + RO Data + RW Data)      52800 (  51.56kB)

==============================================================================

