<html>
<body>
<pre>
<h1>µVision Build Log</h1>
<h2>Project:</h2>
E:\Èí¼þ¹¤×÷\Shenzhen9_Pis\PowerAmp\PcvcFw.uvproj
Project File Date:  03/22/2015

<h2>Output:</h2>
Build target 'PcvcFw'
compiling main.c...
compiling MyApp.c...
compiling MyBoard.c...
compiling MyMiscFunc.c...
compiling MyNet.c...
compiling MyEthernet.c...
compiling stm32f2xx_it.c...
compiling MyTimer.c...
compiling MyLwip.c...
compiling MyI2c.c...
compiling MySwitch.c...
compiling MyI2s.c...
compiling MyAudioSample.c...
compiling MyAudio.c...
compiling MyProtocol.c...
compiling MyHttpd.c...
compiling MyFlash.c...
compiling MyStorage.c...
compiling MyCommander.c...
compiling MyAdc.c...
compiling MyKey.c...
compiling MySelfTest.c...
compiling MyTftpClient.c...
compiling MyRamFunc.c...
compiling misc.c...
compiling stm32f2xx_dbgmcu.c...
compiling stm32f2xx_dma.c...
compiling stm32f2xx_exti.c...
compiling stm32f2xx_flash.c...
compiling stm32f2xx_gpio.c...
compiling stm32f2xx_i2c.c...
compiling stm32f2xx_pwr.c...
compiling stm32f2xx_rcc.c...
compiling stm32f2xx_spi.c...
compiling stm32f2xx_syscfg.c...
compiling stm32f2xx_tim.c...
compiling stm32f2xx_usart.c...
compiling stm32f2xx_adc.c...
compiling stm32f2xx_wwdg.c...
assembling startup_stm32f2xx.s...
compiling system_stm32f2xx.c...
compiling stm32f2x7_eth.c...
eth_driver\stm32f2x7_eth.c(273): warning:  #177-D: variable "RegValue" was declared but never referenced
compiling api_lib.c...
compiling api_msg.c...
compiling err.c...
compiling netbuf.c...
compiling netdb.c...
compiling netifapi.c...
compiling sockets.c...
compiling tcpip.c...
compiling init.c...
compiling mem.c...
lwip_v1.3.2\src\core\mem.c(184): warning:  #550-D: variable "mem_sem" was set but never used
compiling memp.c...
compiling netif.c...
compiling pbuf.c...
compiling raw.c...
compiling stats.c...
compiling sys.c...
compiling tcp.c...
compiling tcp_in.c...
compiling tcp_out.c...
lwip_v1.3.2\src\core\tcp_out.c(465): warning:  #550-D: variable "tcphdr" was set but never used
lwip_v1.3.2\src\core\tcp_out.c(935): warning:  #550-D: variable "tcphdr" was set but never used
compiling udp.c...
compiling autoip.c...
compiling icmp.c...
compiling igmp.c...
compiling inet.c...
compiling inet_chksum.c...
compiling ip.c...
compiling ip_addr.c...
compiling ip_frag.c...
compiling etharp.c...
compiling loopif.c...
compiling slipif.c...
compiling ethernetif.c...
compiling dhcp.c...
linking...
.\Out\PcvcFw.axf: Error: L6218E: Undefined symbol Noise100ms (referred from mytimer.o).
.\Out\PcvcFw.axf: Error: L6218E: Undefined symbol Noise10ms (referred from mytimer.o).
.\Out\PcvcFw.axf: Error: L6218E: Undefined symbol Noise1DB (referred from mycommander.o).
.\Out\PcvcFw.axf: Error: L6218E: Undefined symbol Noise2DB (referred from mycommander.o).
.\Out\PcvcFw.axf: Error: L6218E: Undefined symbol NoiseDB (referred from mycommander.o).
Target not created
Build target 'PcvcFw'
compiling MyNoise.c...
linking...
Program Size: Code=69944 RO-data=13480 RW-data=992 ZI-data=91824  
FromELF: creating hex file...
User command #1: C:\Keil\ARM\BIN40\fromelf.exe --bin --output ./bin/PcvcFw.bin ./out/PcvcFw.axf
".\Out\PcvcFw.axf" - 0 Error(s), 0 Warning(s).
Build target 'PcvcFw'
compiling main.c...
compiling MyApp.c...
compiling MyBoard.c...
compiling MyMiscFunc.c...
compiling MyNet.c...
compiling MyEthernet.c...
compiling stm32f2xx_it.c...
compiling MyTimer.c...
compiling MyLwip.c...
compiling MyI2c.c...
compiling MySwitch.c...
compiling MyI2s.c...
compiling MyAudioSample.c...
compiling MyAudio.c...
compiling MyProtocol.c...
compiling MyHttpd.c...
compiling MyFlash.c...
compiling MyStorage.c...
compiling MyCommander.c...
compiling MyAdc.c...
compiling MyKey.c...
compiling MySelfTest.c...
compiling MyTftpClient.c...
compiling MyRamFunc.c...
compiling MyNoise.c...
compiling misc.c...
compiling stm32f2xx_dbgmcu.c...
compiling stm32f2xx_dma.c...
compiling stm32f2xx_exti.c...
compiling stm32f2xx_flash.c...
compiling stm32f2xx_gpio.c...
compiling stm32f2xx_i2c.c...
compiling stm32f2xx_pwr.c...
compiling stm32f2xx_rcc.c...
compiling stm32f2xx_spi.c...
compiling stm32f2xx_syscfg.c...
compiling stm32f2xx_tim.c...
compiling stm32f2xx_usart.c...
compiling stm32f2xx_adc.c...
compiling stm32f2xx_wwdg.c...
assembling startup_stm32f2xx.s...
compiling system_stm32f2xx.c...
compiling core_cm3.c...
compiling stm32f2x7_eth.c...
eth_driver\stm32f2x7_eth.c(273): warning:  #177-D: variable "RegValue" was declared but never referenced
compiling api_lib.c...
compiling api_msg.c...
compiling err.c...
compiling netbuf.c...
compiling netdb.c...
compiling netifapi.c...
compiling sockets.c...
compiling tcpip.c...
compiling init.c...
compiling mem.c...
lwip_v1.3.2\src\core\mem.c(184): warning:  #550-D: variable "mem_sem" was set but never used
compiling memp.c...
compiling netif.c...
compiling pbuf.c...
compiling raw.c...
compiling stats.c...
compiling sys.c...
compiling tcp.c...
compiling tcp_in.c...
compiling tcp_out.c...
lwip_v1.3.2\src\core\tcp_out.c(465): warning:  #550-D: variable "tcphdr" was set but never used
lwip_v1.3.2\src\core\tcp_out.c(935): warning:  #550-D: variable "tcphdr" was set but never used
compiling udp.c...
compiling autoip.c...
compiling icmp.c...
compiling igmp.c...
compiling inet.c...
compiling inet_chksum.c...
compiling ip.c...
compiling ip_addr.c...
compiling ip_frag.c...
compiling etharp.c...
compiling loopif.c...
compiling slipif.c...
compiling ethernetif.c...
compiling dhcp.c...
linking...
Program Size: Code=69944 RO-data=13480 RW-data=992 ZI-data=91824  
FromELF: creating hex file...
User command #1: C:\Keil\ARM\BIN40\fromelf.exe --bin --output ./bin/PcvcFw.bin ./out/PcvcFw.axf
".\Out\PcvcFw.axf" - 0 Error(s), 4 Warning(s).
Build target 'PcvcFw'
compiling main.c...
compiling MyApp.c...
compiling MyBoard.c...
compiling MyMiscFunc.c...
compiling MyNet.c...
compiling MyEthernet.c...
compiling stm32f2xx_it.c...
compiling MyTimer.c...
compiling MyLwip.c...
compiling MyI2c.c...
compiling MySwitch.c...
compiling MyI2s.c...
compiling MyAudioSample.c...
compiling MyAudio.c...
compiling MyProtocol.c...
compiling MyHttpd.c...
compiling MyFlash.c...
compiling MyStorage.c...
compiling MyCommander.c...
compiling MyAdc.c...
compiling MyKey.c...
compiling MySelfTest.c...
compiling MyTftpClient.c...
compiling MyRamFunc.c...
compiling MyNoise.c...
compiling misc.c...
compiling stm32f2xx_dbgmcu.c...
compiling stm32f2xx_dma.c...
compiling stm32f2xx_exti.c...
compiling stm32f2xx_flash.c...
compiling stm32f2xx_gpio.c...
compiling stm32f2xx_i2c.c...
compiling stm32f2xx_pwr.c...
compiling stm32f2xx_rcc.c...
compiling stm32f2xx_spi.c...
compiling stm32f2xx_syscfg.c...
compiling stm32f2xx_tim.c...
compiling stm32f2xx_usart.c...
compiling stm32f2xx_adc.c...
compiling stm32f2xx_wwdg.c...
assembling startup_stm32f2xx.s...
compiling system_stm32f2xx.c...
compiling core_cm3.c...
compiling stm32f2x7_eth.c...
eth_driver\stm32f2x7_eth.c(273): warning:  #177-D: variable "RegValue" was declared but never referenced
compiling api_lib.c...
compiling api_msg.c...
compiling err.c...
compiling netbuf.c...
compiling netdb.c...
compiling netifapi.c...
compiling sockets.c...
compiling tcpip.c...
compiling init.c...
compiling mem.c...
lwip_v1.3.2\src\core\mem.c(184): warning:  #550-D: variable "mem_sem" was set but never used
compiling memp.c...
compiling netif.c...
compiling pbuf.c...
compiling raw.c...
compiling stats.c...
compiling sys.c...
compiling tcp.c...
compiling tcp_in.c...
compiling tcp_out.c...
lwip_v1.3.2\src\core\tcp_out.c(465): warning:  #550-D: variable "tcphdr" was set but never used
lwip_v1.3.2\src\core\tcp_out.c(935): warning:  #550-D: variable "tcphdr" was set but never used
compiling udp.c...
compiling autoip.c...
compiling icmp.c...
compiling igmp.c...
compiling inet.c...
compiling inet_chksum.c...
compiling ip.c...
compiling ip_addr.c...
compiling ip_frag.c...
compiling etharp.c...
compiling loopif.c...
compiling slipif.c...
compiling ethernetif.c...
compiling dhcp.c...
linking...
Program Size: Code=69944 RO-data=13480 RW-data=992 ZI-data=91824  
FromELF: creating hex file...
User command #1: C:\Keil\ARM\BIN40\fromelf.exe --bin --output ./bin/PowerAmpFw.bin ./out/PowerAmpFw.axf
".\Out\PowerAmpFw.axf" - 0 Error(s), 4 Warning(s).
