<html>
<body>
<pre>
<h1>µVision Build Log</h1>
<h2>Project:</h2>
E:\share\21.digitalpis-zhongdianzhan\pro\app_proj\keil_proj\proj\dvlp_prj.uvproj
Project File Date:  11/19/2013

<h2>Output:</h2>
Build target 'Target 1'
compiling main.c...
compiling mem_str.c...
compiling p_sys.c...
compiling hc595.c...
compiling MyApp.c...
compiling MyAudio.c...
compiling MyAudioSample.c...
compiling MyBoard.c...
compiling MyCommander.c...
compiling MyEthernet.c...
compiling MyFlash.c...
compiling MyHttpd.c...
..\src\driver\drv_bsp\MyHttpd.c(82): warning:  #177-D: function "http_state_free" was declared but never referenced
compiling MyI2c.c...
compiling MyI2s.c...
compiling MyLwip.c...
compiling MyMiscFunc.c...
compiling MyNet.c...
compiling MyProtocol.c...
compiling MyStorage.c...
compiling MySwitch.c...
compiling MyTimer.c...
compiling stm32f2xx_it.c...
compiling bsp_dev_id.c...
compiling core_cm3.c...
assembling startup_stm32f2xx.s...
compiling system_stm32f2xx.c...
compiling stm32f2x7_eth.c...
..\src\driver\drv_ether\stm32f2x7_eth.c(273): warning:  #177-D: variable "RegValue" was declared but never referenced
compiling api_lib.c...
compiling api_msg.c...
compiling err.c...
compiling netbuf.c...
compiling netdb.c...
compiling netifapi.c...
compiling sockets.c...
compiling tcpip.c...
compiling init.c...
compiling mem.c...
..\src\driver\drv_lwip_v1.3.2\src\core\mem.c(184): warning:  #550-D: variable "mem_sem" was set but never used
compiling memp.c...
compiling netif.c...
compiling pbuf.c...
compiling raw.c...
compiling stats.c...
compiling sys.c...
compiling tcp.c...
compiling tcp_in.c...
compiling tcp_out.c...
..\src\driver\drv_lwip_v1.3.2\src\core\tcp_out.c(465): warning:  #550-D: variable "tcphdr" was set but never used
..\src\driver\drv_lwip_v1.3.2\src\core\tcp_out.c(935): warning:  #550-D: variable "tcphdr" was set but never used
compiling udp.c...
compiling autoip.c...
compiling icmp.c...
compiling igmp.c...
compiling inet.c...
compiling inet_chksum.c...
compiling ip.c...
compiling ip_addr.c...
compiling ip_frag.c...
compiling etharp.c...
compiling loopif.c...
compiling slipif.c...
compiling dhcp.c...
compiling ethernetif.c...
compiling misc.c...
compiling stm32f2xx_dbgmcu.c...
compiling stm32f2xx_dma.c...
compiling stm32f2xx_exti.c...
compiling stm32f2xx_flash.c...
compiling stm32f2xx_gpio.c...
compiling stm32f2xx_i2c.c...
compiling stm32f2xx_pwr.c...
compiling stm32f2xx_rcc.c...
compiling stm32f2xx_spi.c...
compiling stm32f2xx_syscfg.c...
compiling stm32f2xx_tim.c...
compiling stm32f2xx_usart.c...
compiling process_led.c...
compiling process_net.c...
compiling process_ledscreen.c...
..\src\app\process\process_ledscreen.c(851): warning:  #177-D: variable "timer_1" was declared but never referenced
..\src\app\process\process_ledscreen.c(852): warning:  #177-D: variable "mode_index" was declared but never referenced
compiling flash_if.c...
compiling tftpserver.c...
..\src\driver\drv_IAP\tftpserver.c(335): warning:  #177-D: variable "message" was declared but never referenced
linking...
Program Size: Code=55852 RO-data=2148 RW-data=1024 ZI-data=93032  
FromELF: creating hex file...
User command #1: C:\Keil\ARM\BIN40\fromelf.exe --bin --output ./bin/dvlp_prj.bin ./out/dvlp_prj.axf
".\out\dvlp_prj.axf" - 0 Error(s), 8 Warning(s).
Build target 'Target 1'
compiling main.c...
compiling mem_str.c...
compiling p_sys.c...
compiling hc595.c...
compiling MyApp.c...
compiling MyAudio.c...
compiling MyAudioSample.c...
compiling MyBoard.c...
compiling MyCommander.c...
compiling MyEthernet.c...
compiling MyFlash.c...
compiling MyHttpd.c...
..\src\driver\drv_bsp\MyHttpd.c(82): warning:  #177-D: function "http_state_free" was declared but never referenced
compiling MyI2c.c...
compiling MyI2s.c...
compiling MyLwip.c...
compiling MyMiscFunc.c...
compiling MyNet.c...
compiling MyProtocol.c...
compiling MyStorage.c...
compiling MySwitch.c...
compiling MyTimer.c...
compiling stm32f2xx_it.c...
compiling bsp_dev_id.c...
compiling core_cm3.c...
assembling startup_stm32f2xx.s...
compiling system_stm32f2xx.c...
compiling stm32f2x7_eth.c...
..\src\driver\drv_ether\stm32f2x7_eth.c(273): warning:  #177-D: variable "RegValue" was declared but never referenced
compiling api_lib.c...
compiling api_msg.c...
compiling err.c...
compiling netbuf.c...
compiling netdb.c...
compiling netifapi.c...
compiling sockets.c...
compiling tcpip.c...
compiling init.c...
compiling mem.c...
..\src\driver\drv_lwip_v1.3.2\src\core\mem.c(184): warning:  #550-D: variable "mem_sem" was set but never used
compiling memp.c...
compiling netif.c...
compiling pbuf.c...
compiling raw.c...
compiling stats.c...
compiling sys.c...
compiling tcp.c...
compiling tcp_in.c...
compiling tcp_out.c...
..\src\driver\drv_lwip_v1.3.2\src\core\tcp_out.c(465): warning:  #550-D: variable "tcphdr" was set but never used
..\src\driver\drv_lwip_v1.3.2\src\core\tcp_out.c(935): warning:  #550-D: variable "tcphdr" was set but never used
compiling udp.c...
compiling autoip.c...
compiling icmp.c...
compiling igmp.c...
compiling inet.c...
compiling inet_chksum.c...
compiling ip.c...
compiling ip_addr.c...
compiling ip_frag.c...
compiling etharp.c...
compiling loopif.c...
compiling slipif.c...
compiling dhcp.c...
compiling ethernetif.c...
compiling misc.c...
compiling stm32f2xx_dbgmcu.c...
compiling stm32f2xx_dma.c...
compiling stm32f2xx_exti.c...
compiling stm32f2xx_flash.c...
compiling stm32f2xx_gpio.c...
compiling stm32f2xx_i2c.c...
compiling stm32f2xx_pwr.c...
compiling stm32f2xx_rcc.c...
compiling stm32f2xx_spi.c...
compiling stm32f2xx_syscfg.c...
compiling stm32f2xx_tim.c...
compiling stm32f2xx_usart.c...
compiling process_led.c...
compiling process_net.c...
compiling process_ledscreen.c...
..\src\app\process\process_ledscreen.c(851): warning:  #177-D: variable "timer_1" was declared but never referenced
..\src\app\process\process_ledscreen.c(852): warning:  #177-D: variable "mode_index" was declared but never referenced
compiling flash_if.c...
compiling tftpserver.c...
..\src\driver\drv_IAP\tftpserver.c(335): warning:  #177-D: variable "message" was declared but never referenced
linking...
Program Size: Code=55852 RO-data=2148 RW-data=1024 ZI-data=93032  
FromELF: creating hex file...
User command #1: C:\Keil\ARM\BIN40\fromelf.exe --bin --output ./bin/dvlp_prj.bin ./out/dvlp_prj.axf
".\out\dvlp_prj.axf" - 0 Error(s), 8 Warning(s).
