<html>
<body>
<pre>
<h1>µVision Build Log</h1>
<h2>Project:</h2>
E:\share\21.digitalpis-zhongdianzhan\pro\keil_proj\proj\dvlp_prj.uvproj
Project File Date:  06/26/2013

<h2>Output:</h2>
Build target 'Target 1'
compiling main.c...
compiling mem_str.c...
compiling p_sys.c...
compiling hc595.c...
..\src\driver\drv_bsp\hc595.c(165): warning:  #550-D: variable "up_to_down" was set but never used
compiling MyApp.c...
compiling MyAudio.c...
compiling MyAudioSample.c...
compiling MyBoard.c...
compiling MyCommander.c...
compiling MyEthernet.c...
compiling MyFlash.c...
compiling MyHttpd.c...
..\src\driver\drv_bsp\MyHttpd.c(82): warning:  #177-D: function "http_state_free" was declared but never referenced
compiling MyI2c.c...
compiling MyI2s.c...
compiling MyLwip.c...
compiling MyMiscFunc.c...
compiling MyNet.c...
..\src\driver\drv_bsp\MyNet.c(207): warning:  #223-D: function "turn_off_screen_clrbuf" declared implicitly
compiling MyProtocol.c...
compiling MyStorage.c...
compiling MySwitch.c...
compiling MyTimer.c...
compiling stm32f2xx_it.c...
compiling bsp_dev_id.c...
compiling core_cm3.c...
assembling startup_stm32f2xx.s...
compiling system_stm32f2xx.c...
compiling stm32f2x7_eth.c...
..\src\driver\drv_ether\stm32f2x7_eth.c(273): warning:  #177-D: variable "RegValue" was declared but never referenced
compiling api_lib.c...
compiling api_msg.c...
compiling err.c...
compiling netbuf.c...
compiling netdb.c...
compiling netifapi.c...
compiling sockets.c...
compiling tcpip.c...
compiling init.c...
compiling mem.c...
..\src\driver\drv_lwip_v1.3.2\src\core\mem.c(184): warning:  #550-D: variable "mem_sem" was set but never used
compiling memp.c...
compiling netif.c...
compiling pbuf.c...
compiling raw.c...
compiling stats.c...
compiling sys.c...
compiling tcp.c...
compiling tcp_in.c...
compiling tcp_out.c...
..\src\driver\drv_lwip_v1.3.2\src\core\tcp_out.c(465): warning:  #550-D: variable "tcphdr" was set but never used
..\src\driver\drv_lwip_v1.3.2\src\core\tcp_out.c(935): warning:  #550-D: variable "tcphdr" was set but never used
compiling udp.c...
compiling autoip.c...
compiling icmp.c...
compiling igmp.c...
compiling inet.c...
compiling inet_chksum.c...
compiling ip.c...
compiling ip_addr.c...
compiling ip_frag.c...
compiling etharp.c...
compiling loopif.c...
compiling slipif.c...
compiling dhcp.c...
compiling ethernetif.c...
compiling misc.c...
compiling stm32f2xx_dbgmcu.c...
compiling stm32f2xx_dma.c...
compiling stm32f2xx_exti.c...
compiling stm32f2xx_flash.c...
compiling stm32f2xx_gpio.c...
compiling stm32f2xx_i2c.c...
compiling stm32f2xx_pwr.c...
compiling stm32f2xx_rcc.c...
compiling stm32f2xx_spi.c...
compiling stm32f2xx_syscfg.c...
compiling stm32f2xx_tim.c...
compiling stm32f2xx_usart.c...
compiling process_led.c...
compiling process_net.c...
compiling process_ledscreen.c...
..\src\app\process\process_ledscreen.c(568): warning:  #186-D: pointless comparison of unsigned integer with zero
..\src\app\process\process_ledscreen.c(852): warning:  #177-D: variable "timer_1" was declared but never referenced
..\src\app\process\process_ledscreen.c(853): warning:  #177-D: variable "mode_index" was declared but never referenced
linking...
Program Size: Code=53012 RO-data=1968 RW-data=1036 ZI-data=92076  
FromELF: creating hex file...
".\out\dvlp_prj.axf" - 0 Error(s), 10 Warning(s).
Build target 'Target 1'
compiling main.c...
compiling mem_str.c...
compiling p_sys.c...
compiling hc595.c...
..\src\driver\drv_bsp\hc595.c(165): warning:  #550-D: variable "up_to_down" was set but never used
compiling MyApp.c...
compiling MyAudio.c...
compiling MyAudioSample.c...
compiling MyBoard.c...
compiling MyCommander.c...
compiling MyEthernet.c...
Project build/rebuild aborted.
Target not created
Build target 'Target 1'
compiling main.c...
compiling mem_str.c...
compiling p_sys.c...
compiling hc595.c...
..\src\driver\drv_bsp\hc595.c(165): warning:  #550-D: variable "up_to_down" was set but never used
compiling MyApp.c...
compiling MyAudio.c...
compiling MyAudioSample.c...
compiling MyBoard.c...
compiling MyCommander.c...
compiling MyEthernet.c...
compiling MyFlash.c...
compiling MyHttpd.c...
..\src\driver\drv_bsp\MyHttpd.c(82): warning:  #177-D: function "http_state_free" was declared but never referenced
compiling MyI2c.c...
compiling MyI2s.c...
compiling MyLwip.c...
compiling MyMiscFunc.c...
compiling MyNet.c...
compiling MyProtocol.c...
compiling MyStorage.c...
compiling MySwitch.c...
compiling MyTimer.c...
compiling stm32f2xx_it.c...
compiling bsp_dev_id.c...
compiling core_cm3.c...
assembling startup_stm32f2xx.s...
compiling system_stm32f2xx.c...
compiling stm32f2x7_eth.c...
..\src\driver\drv_ether\stm32f2x7_eth.c(273): warning:  #177-D: variable "RegValue" was declared but never referenced
compiling api_lib.c...
compiling api_msg.c...
compiling err.c...
compiling netbuf.c...
compiling netdb.c...
compiling netifapi.c...
compiling sockets.c...
compiling tcpip.c...
compiling init.c...
compiling mem.c...
..\src\driver\drv_lwip_v1.3.2\src\core\mem.c(184): warning:  #550-D: variable "mem_sem" was set but never used
compiling memp.c...
compiling netif.c...
compiling pbuf.c...
compiling raw.c...
compiling stats.c...
compiling sys.c...
compiling tcp.c...
compiling tcp_in.c...
compiling tcp_out.c...
..\src\driver\drv_lwip_v1.3.2\src\core\tcp_out.c(465): warning:  #550-D: variable "tcphdr" was set but never used
..\src\driver\drv_lwip_v1.3.2\src\core\tcp_out.c(935): warning:  #550-D: variable "tcphdr" was set but never used
compiling udp.c...
compiling autoip.c...
compiling icmp.c...
compiling igmp.c...
compiling inet.c...
compiling inet_chksum.c...
compiling ip.c...
compiling ip_addr.c...
compiling ip_frag.c...
compiling etharp.c...
compiling loopif.c...
compiling slipif.c...
compiling dhcp.c...
compiling ethernetif.c...
compiling misc.c...
compiling stm32f2xx_dbgmcu.c...
compiling stm32f2xx_dma.c...
compiling stm32f2xx_exti.c...
compiling stm32f2xx_flash.c...
compiling stm32f2xx_gpio.c...
compiling stm32f2xx_i2c.c...
compiling stm32f2xx_pwr.c...
compiling stm32f2xx_rcc.c...
compiling stm32f2xx_spi.c...
compiling stm32f2xx_syscfg.c...
compiling stm32f2xx_tim.c...
compiling stm32f2xx_usart.c...
compiling process_led.c...
compiling process_net.c...
compiling process_ledscreen.c...
..\src\app\process\process_ledscreen.c(839): warning:  #177-D: variable "timer_1" was declared but never referenced
..\src\app\process\process_ledscreen.c(840): warning:  #177-D: variable "mode_index" was declared but never referenced
linking...
Program Size: Code=52996 RO-data=1968 RW-data=1036 ZI-data=92076  
FromELF: creating hex file...
".\out\dvlp_prj.axf" - 0 Error(s), 8 Warning(s).
Build target 'Target 1'
compiling process_ledscreen.c...
..\src\app\process\process_ledscreen.c(666): error:  #65: expected a ";"
..\src\app\process\process_ledscreen.c(715): error:  #65: expected a ";"
..\src\app\process\process_ledscreen.c(677): warning:  #177-D: variable "fill_space" was declared but never referenced
..\src\app\process\process_ledscreen.c(831): warning:  #177-D: variable "timer_1" was declared but never referenced
..\src\app\process\process_ledscreen.c(832): warning:  #177-D: variable "mode_index" was declared but never referenced
Target not created
Build target 'Target 1'
compiling process_ledscreen.c...
..\src\app\process\process_ledscreen.c(677): warning:  #177-D: variable "fill_space" was declared but never referenced
..\src\app\process\process_ledscreen.c(831): warning:  #177-D: variable "timer_1" was declared but never referenced
..\src\app\process\process_ledscreen.c(832): warning:  #177-D: variable "mode_index" was declared but never referenced
linking...
Program Size: Code=52896 RO-data=1968 RW-data=1036 ZI-data=92076  
FromELF: creating hex file...
".\out\dvlp_prj.axf" - 0 Error(s), 3 Warning(s).
Load "E:\\share\\21.digitalpis-zhongdianzhan\\pro\\keil_proj\\proj\\out\\dvlp_prj.AXF" 
* JLink Info: Device "STM32F207ZC" selected (256 KB flash, 64 KB RAM).
Set JLink Project File to "E:\share\21.digitalpis-zhongdianzhan\pro\keil_proj\proj\JLinkSettings.ini"
 
JLink info:
------------
DLL: V4.35b, compiled Sep  2 2011 18:34:46
Firmware: J-Link ARM V8 compiled Sep  2 2011 17:54:36
Hardware: V8.00
S/N : 805306163 
Feature(s) : RDI,FlashDL,FlashBP,JFlash,GDBFull 
 
* JLink Info: TotalIRLen = 9, IRPrint = 0x0011
* JLink Info: Found Cortex-M3 r2p0, Little endian.
* JLink Info: TPIU fitted.
* JLink Info: ETM fitted.
* JLink Info:   FPUnit: 6 code (BP) slots and 2 literal slots
ROMTableAddr = 0xE00FF003
* JLink Info: TotalIRLen = 9, IRPrint = 0x0011
* JLink Info: Found Cortex-M3 r2p0, Little endian.
* JLink Info: TPIU fitted.
* JLink Info: ETM fitted.
* JLink Info:   FPUnit: 6 code (BP) slots and 2 literal slots
**JLink Warning: Could not set S_RESET_ST
 
Target info:
------------
Device: STM32F207ZC
VTarget = 3.287V
State of Pins: 
TCK: 1, TDI: 0, TDO: 1, TMS: 0, TRES: 1, TRST: 1
Hardware-Breakpoints: 6
Software-Breakpoints: 8192
Watchpoints:          4
JTAG speed: 2000 kHz
 
Erase Done.
Programming Done.
Verify OK.
Build target 'Target 1'
compiling process_ledscreen.c...
..\src\app\process\process_ledscreen.c(677): warning:  #177-D: variable "fill_space" was declared but never referenced
..\src\app\process\process_ledscreen.c(832): warning:  #177-D: variable "timer_1" was declared but never referenced
..\src\app\process\process_ledscreen.c(833): warning:  #177-D: variable "mode_index" was declared but never referenced
linking...
Program Size: Code=52900 RO-data=1968 RW-data=1036 ZI-data=92076  
FromELF: creating hex file...
".\out\dvlp_prj.axf" - 0 Error(s), 3 Warning(s).
Load "E:\\share\\21.digitalpis-zhongdianzhan\\pro\\keil_proj\\proj\\out\\dvlp_prj.AXF" 
* JLink Info: Device "STM32F207ZC" selected (256 KB flash, 64 KB RAM).
Set JLink Project File to "E:\share\21.digitalpis-zhongdianzhan\pro\keil_proj\proj\JLinkSettings.ini"
 
JLink info:
------------
DLL: V4.35b, compiled Sep  2 2011 18:34:46
Firmware: J-Link ARM V8 compiled Sep  2 2011 17:54:36
Hardware: V8.00
S/N : 805306163 
Feature(s) : RDI,FlashDL,FlashBP,JFlash,GDBFull 
 
* JLink Info: TotalIRLen = 9, IRPrint = 0x0011
* JLink Info: Found Cortex-M3 r2p0, Little endian.
* JLink Info: TPIU fitted.
* JLink Info: ETM fitted.
* JLink Info:   FPUnit: 6 code (BP) slots and 2 literal slots
ROMTableAddr = 0xE00FF003
* JLink Info: TotalIRLen = 9, IRPrint = 0x0011
* JLink Info: Found Cortex-M3 r2p0, Little endian.
* JLink Info: TPIU fitted.
* JLink Info: ETM fitted.
* JLink Info:   FPUnit: 6 code (BP) slots and 2 literal slots
**JLink Warning: Could not set S_RESET_ST
 
Target info:
------------
Device: STM32F207ZC
VTarget = 3.293V
State of Pins: 
TCK: 1, TDI: 0, TDO: 1, TMS: 0, TRES: 1, TRST: 1
Hardware-Breakpoints: 6
Software-Breakpoints: 8192
Watchpoints:          4
JTAG speed: 2000 kHz
 
Erase Done.
Programming Done.
Verify OK.
Build target 'Target 1'
compiling process_ledscreen.c...
..\src\app\process\process_ledscreen.c(678): warning:  #177-D: variable "fill_space" was declared but never referenced
..\src\app\process\process_ledscreen.c(836): warning:  #177-D: variable "timer_1" was declared but never referenced
..\src\app\process\process_ledscreen.c(837): warning:  #177-D: variable "mode_index" was declared but never referenced
linking...
Program Size: Code=52900 RO-data=1968 RW-data=1036 ZI-data=92076  
FromELF: creating hex file...
".\out\dvlp_prj.axf" - 0 Error(s), 3 Warning(s).
Load "E:\\share\\21.digitalpis-zhongdianzhan\\pro\\keil_proj\\proj\\out\\dvlp_prj.AXF" 
* JLink Info: Device "STM32F207ZC" selected (256 KB flash, 64 KB RAM).
Set JLink Project File to "E:\share\21.digitalpis-zhongdianzhan\pro\keil_proj\proj\JLinkSettings.ini"
 
JLink info:
------------
DLL: V4.35b, compiled Sep  2 2011 18:34:46
Firmware: J-Link ARM V8 compiled Sep  2 2011 17:54:36
Hardware: V8.00
S/N : 805306163 
Feature(s) : RDI,FlashDL,FlashBP,JFlash,GDBFull 
 
* JLink Info: TotalIRLen = 9, IRPrint = 0x0011
* JLink Info: Found Cortex-M3 r2p0, Little endian.
* JLink Info: TPIU fitted.
* JLink Info: ETM fitted.
* JLink Info:   FPUnit: 6 code (BP) slots and 2 literal slots
ROMTableAddr = 0xE00FF003
* JLink Info: TotalIRLen = 9, IRPrint = 0x0011
* JLink Info: Found Cortex-M3 r2p0, Little endian.
* JLink Info: TPIU fitted.
* JLink Info: ETM fitted.
* JLink Info:   FPUnit: 6 code (BP) slots and 2 literal slots
**JLink Warning: Could not set S_RESET_ST
 
Target info:
------------
Device: STM32F207ZC
VTarget = 3.287V
State of Pins: 
TCK: 1, TDI: 0, TDO: 1, TMS: 0, TRES: 1, TRST: 1
Hardware-Breakpoints: 6
Software-Breakpoints: 8192
Watchpoints:          0
JTAG speed: 2000 kHz
 
Erase Done.
Programming Done.
Verify OK.
Build target 'Target 1'
compiling process_ledscreen.c...
..\src\app\process\process_ledscreen.c(648): error:  #20: identifier "p" is undefined
..\src\app\process\process_ledscreen.c(671): error:  #20: identifier "p" is undefined
..\src\app\process\process_ledscreen.c(680): warning:  #177-D: variable "fill_space" was declared but never referenced
..\src\app\process\process_ledscreen.c(838): warning:  #177-D: variable "timer_1" was declared but never referenced
..\src\app\process\process_ledscreen.c(839): warning:  #177-D: variable "mode_index" was declared but never referenced
Target not created
Build target 'Target 1'
compiling process_ledscreen.c...
..\src\app\process\process_ledscreen.c(681): warning:  #177-D: variable "fill_space" was declared but never referenced
..\src\app\process\process_ledscreen.c(839): warning:  #177-D: variable "timer_1" was declared but never referenced
..\src\app\process\process_ledscreen.c(840): warning:  #177-D: variable "mode_index" was declared but never referenced
linking...
Program Size: Code=52900 RO-data=1968 RW-data=1036 ZI-data=92076  
FromELF: creating hex file...
".\out\dvlp_prj.axf" - 0 Error(s), 3 Warning(s).
Load "E:\\share\\21.digitalpis-zhongdianzhan\\pro\\keil_proj\\proj\\out\\dvlp_prj.AXF" 
* JLink Info: Device "STM32F207ZC" selected (256 KB flash, 64 KB RAM).
Set JLink Project File to "E:\share\21.digitalpis-zhongdianzhan\pro\keil_proj\proj\JLinkSettings.ini"
 
JLink info:
------------
DLL: V4.35b, compiled Sep  2 2011 18:34:46
Firmware: J-Link ARM V8 compiled Sep  2 2011 17:54:36
Hardware: V8.00
S/N : 805306163 
Feature(s) : RDI,FlashDL,FlashBP,JFlash,GDBFull 
 
* JLink Info: TotalIRLen = 9, IRPrint = 0x0011
* JLink Info: Found Cortex-M3 r2p0, Little endian.
* JLink Info: TPIU fitted.
* JLink Info: ETM fitted.
* JLink Info:   FPUnit: 6 code (BP) slots and 2 literal slots
ROMTableAddr = 0xE00FF003
* JLink Info: TotalIRLen = 9, IRPrint = 0x0011
* JLink Info: Found Cortex-M3 r2p0, Little endian.
* JLink Info: TPIU fitted.
* JLink Info: ETM fitted.
* JLink Info:   FPUnit: 6 code (BP) slots and 2 literal slots
**JLink Warning: Could not set S_RESET_ST
 
Target info:
------------
Device: STM32F207ZC
VTarget = 3.293V
State of Pins: 
TCK: 1, TDI: 0, TDO: 1, TMS: 0, TRES: 1, TRST: 1
Hardware-Breakpoints: 6
Software-Breakpoints: 8192
Watchpoints:          0
JTAG speed: 2000 kHz
 
Erase Done.
Programming Done.
Verify OK.
Build target 'Target 1'
compiling main.c...
compiling mem_str.c...
compiling p_sys.c...
compiling hc595.c...
..\src\driver\drv_bsp\hc595.c(165): warning:  #550-D: variable "up_to_down" was set but never used
compiling MyApp.c...
compiling MyAudio.c...
compiling MyAudioSample.c...
compiling MyBoard.c...
compiling MyCommander.c...
compiling MyEthernet.c...
compiling MyFlash.c...
compiling MyHttpd.c...
..\src\driver\drv_bsp\MyHttpd.c(82): warning:  #177-D: function "http_state_free" was declared but never referenced
compiling MyI2c.c...
compiling MyI2s.c...
compiling MyLwip.c...
compiling MyMiscFunc.c...
compiling MyNet.c...
compiling MyProtocol.c...
compiling MyStorage.c...
compiling MySwitch.c...
compiling MyTimer.c...
compiling stm32f2xx_it.c...
compiling bsp_dev_id.c...
compiling core_cm3.c...
assembling startup_stm32f2xx.s...
compiling system_stm32f2xx.c...
compiling stm32f2x7_eth.c...
..\src\driver\drv_ether\stm32f2x7_eth.c(273): warning:  #177-D: variable "RegValue" was declared but never referenced
compiling api_lib.c...
compiling api_msg.c...
compiling err.c...
compiling netbuf.c...
compiling netdb.c...
compiling netifapi.c...
compiling sockets.c...
compiling tcpip.c...
compiling init.c...
compiling mem.c...
..\src\driver\drv_lwip_v1.3.2\src\core\mem.c(184): warning:  #550-D: variable "mem_sem" was set but never used
compiling memp.c...
compiling netif.c...
compiling pbuf.c...
compiling raw.c...
compiling stats.c...
compiling sys.c...
compiling tcp.c...
compiling tcp_in.c...
compiling tcp_out.c...
..\src\driver\drv_lwip_v1.3.2\src\core\tcp_out.c(465): warning:  #550-D: variable "tcphdr" was set but never used
..\src\driver\drv_lwip_v1.3.2\src\core\tcp_out.c(935): warning:  #550-D: variable "tcphdr" was set but never used
compiling udp.c...
compiling autoip.c...
compiling icmp.c...
compiling igmp.c...
compiling inet.c...
compiling inet_chksum.c...
compiling ip.c...
compiling ip_addr.c...
compiling ip_frag.c...
compiling etharp.c...
compiling loopif.c...
compiling slipif.c...
compiling dhcp.c...
compiling ethernetif.c...
compiling misc.c...
compiling stm32f2xx_dbgmcu.c...
compiling stm32f2xx_dma.c...
compiling stm32f2xx_exti.c...
compiling stm32f2xx_flash.c...
compiling stm32f2xx_gpio.c...
compiling stm32f2xx_i2c.c...
compiling stm32f2xx_pwr.c...
compiling stm32f2xx_rcc.c...
compiling stm32f2xx_spi.c...
compiling stm32f2xx_syscfg.c...
compiling stm32f2xx_tim.c...
compiling stm32f2xx_usart.c...
compiling process_led.c...
compiling process_net.c...
compiling process_ledscreen.c...
..\src\app\process\process_ledscreen.c(681): warning:  #177-D: variable "fill_space" was declared but never referenced
..\src\app\process\process_ledscreen.c(839): warning:  #177-D: variable "timer_1" was declared but never referenced
..\src\app\process\process_ledscreen.c(840): warning:  #177-D: variable "mode_index" was declared but never referenced
linking...
Program Size: Code=52896 RO-data=1968 RW-data=1036 ZI-data=92076  
FromELF: creating hex file...
".\out\dvlp_prj.axf" - 0 Error(s), 9 Warning(s).
Build target 'Target 1'
compiling process_ledscreen.c...
..\src\app\process\process_ledscreen.c(839): warning:  #177-D: variable "timer_1" was declared but never referenced
..\src\app\process\process_ledscreen.c(840): warning:  #177-D: variable "mode_index" was declared but never referenced
linking...
Program Size: Code=52896 RO-data=1968 RW-data=1036 ZI-data=92076  
FromELF: creating hex file...
".\out\dvlp_prj.axf" - 0 Error(s), 2 Warning(s).
Build target 'Target 1'
linking...
Program Size: Code=52896 RO-data=1968 RW-data=1036 ZI-data=92076  
FromELF: creating hex file...
".\out\dvlp_prj.axf" - 0 Error(s), 0 Warning(s).
Load "E:\\share\\21.digitalpis-zhongdianzhan\\pro\\keil_proj\\proj\\out\\dvlp_prj.AXF" 
* JLink Info: Device "STM32F207ZC" selected (256 KB flash, 64 KB RAM).
Set JLink Project File to "E:\share\21.digitalpis-zhongdianzhan\pro\keil_proj\proj\JLinkSettings.ini"
 
JLink info:
------------
DLL: V4.35b, compiled Sep  2 2011 18:34:46
Firmware: J-Link ARM V8 compiled Sep  2 2011 17:54:36
Hardware: V8.00
S/N : 805306163 
Feature(s) : RDI,FlashDL,FlashBP,JFlash,GDBFull 
 
* JLink Info: TotalIRLen = 9, IRPrint = 0x0011
* JLink Info: Found Cortex-M3 r2p0, Little endian.
* JLink Info: TPIU fitted.
* JLink Info: ETM fitted.
* JLink Info:   FPUnit: 6 code (BP) slots and 2 literal slots
ROMTableAddr = 0xE00FF003
* JLink Info: TotalIRLen = 9, IRPrint = 0x0011
* JLink Info: Found Cortex-M3 r2p0, Little endian.
* JLink Info: TPIU fitted.
* JLink Info: ETM fitted.
* JLink Info:   FPUnit: 6 code (BP) slots and 2 literal slots
**JLink Warning: Could not set S_RESET_ST
 
Target info:
------------
Device: STM32F207ZC
VTarget = 3.287V
State of Pins: 
TCK: 1, TDI: 0, TDO: 1, TMS: 0, TRES: 1, TRST: 1
Hardware-Breakpoints: 6
Software-Breakpoints: 8192
Watchpoints:          0
JTAG speed: 2000 kHz
 
Erase Done.
Programming Done.
Verify OK.
Build target 'Target 1'
compiling process_ledscreen.c...
..\src\app\process\process_ledscreen.c(839): warning:  #177-D: variable "timer_1" was declared but never referenced
..\src\app\process\process_ledscreen.c(840): warning:  #177-D: variable "mode_index" was declared but never referenced
linking...
Program Size: Code=52896 RO-data=1968 RW-data=1036 ZI-data=92076  
FromELF: creating hex file...
".\out\dvlp_prj.axf" - 0 Error(s), 2 Warning(s).
Build target 'Target 1'
compiling main.c...
compiling mem_str.c...
compiling p_sys.c...
compiling hc595.c...
..\src\driver\drv_bsp\hc595.c(165): warning:  #550-D: variable "up_to_down" was set but never used
compiling MyApp.c...
compiling MyAudio.c...
compiling MyAudioSample.c...
compiling MyBoard.c...
compiling MyCommander.c...
compiling MyEthernet.c...
compiling MyFlash.c...
compiling MyHttpd.c...
..\src\driver\drv_bsp\MyHttpd.c(82): warning:  #177-D: function "http_state_free" was declared but never referenced
compiling MyI2c.c...
compiling MyI2s.c...
compiling MyLwip.c...
compiling MyMiscFunc.c...
compiling MyNet.c...
compiling MyProtocol.c...
compiling MyStorage.c...
compiling MySwitch.c...
compiling MyTimer.c...
compiling stm32f2xx_it.c...
compiling bsp_dev_id.c...
compiling core_cm3.c...
assembling startup_stm32f2xx.s...
compiling system_stm32f2xx.c...
compiling stm32f2x7_eth.c...
..\src\driver\drv_ether\stm32f2x7_eth.c(273): warning:  #177-D: variable "RegValue" was declared but never referenced
compiling api_lib.c...
compiling api_msg.c...
compiling err.c...
compiling netbuf.c...
compiling netdb.c...
compiling netifapi.c...
compiling sockets.c...
compiling tcpip.c...
compiling init.c...
compiling mem.c...
..\src\driver\drv_lwip_v1.3.2\src\core\mem.c(184): warning:  #550-D: variable "mem_sem" was set but never used
compiling memp.c...
compiling netif.c...
compiling pbuf.c...
compiling raw.c...
compiling stats.c...
compiling sys.c...
compiling tcp.c...
compiling tcp_in.c...
compiling tcp_out.c...
..\src\driver\drv_lwip_v1.3.2\src\core\tcp_out.c(465): warning:  #550-D: variable "tcphdr" was set but never used
..\src\driver\drv_lwip_v1.3.2\src\core\tcp_out.c(935): warning:  #550-D: variable "tcphdr" was set but never used
compiling udp.c...
compiling autoip.c...
compiling icmp.c...
compiling igmp.c...
compiling inet.c...
compiling inet_chksum.c...
compiling ip.c...
compiling ip_addr.c...
compiling ip_frag.c...
compiling etharp.c...
compiling loopif.c...
compiling slipif.c...
compiling dhcp.c...
compiling ethernetif.c...
compiling misc.c...
compiling stm32f2xx_dbgmcu.c...
compiling stm32f2xx_dma.c...
compiling stm32f2xx_exti.c...
compiling stm32f2xx_flash.c...
compiling stm32f2xx_gpio.c...
compiling stm32f2xx_i2c.c...
compiling stm32f2xx_pwr.c...
compiling stm32f2xx_rcc.c...
compiling stm32f2xx_spi.c...
compiling stm32f2xx_syscfg.c...
compiling stm32f2xx_tim.c...
compiling stm32f2xx_usart.c...
compiling process_led.c...
compiling process_net.c...
compiling process_ledscreen.c...
..\src\app\process\process_ledscreen.c(839): warning:  #177-D: variable "timer_1" was declared but never referenced
..\src\app\process\process_ledscreen.c(840): warning:  #177-D: variable "mode_index" was declared but never referenced
linking...
Program Size: Code=52896 RO-data=1968 RW-data=1036 ZI-data=92076  
FromELF: creating hex file...
".\out\dvlp_prj.axf" - 0 Error(s), 8 Warning(s).
Build target 'Target 1'
compiling main.c...
compiling mem_str.c...
compiling p_sys.c...
compiling hc595.c...
..\src\driver\drv_bsp\hc595.c(165): warning:  #550-D: variable "up_to_down" was set but never used
compiling MyApp.c...
compiling MyAudio.c...
compiling MyAudioSample.c...
compiling MyBoard.c...
compiling MyCommander.c...
compiling MyEthernet.c...
compiling MyFlash.c...
compiling MyHttpd.c...
..\src\driver\drv_bsp\MyHttpd.c(82): warning:  #177-D: function "http_state_free" was declared but never referenced
compiling MyI2c.c...
compiling MyI2s.c...
compiling MyLwip.c...
compiling MyMiscFunc.c...
compiling MyNet.c...
compiling MyProtocol.c...
compiling MyStorage.c...
compiling MySwitch.c...
compiling MyTimer.c...
compiling stm32f2xx_it.c...
compiling bsp_dev_id.c...
compiling core_cm3.c...
assembling startup_stm32f2xx.s...
compiling system_stm32f2xx.c...
compiling stm32f2x7_eth.c...
..\src\driver\drv_ether\stm32f2x7_eth.c(273): warning:  #177-D: variable "RegValue" was declared but never referenced
compiling api_lib.c...
compiling api_msg.c...
compiling err.c...
compiling netbuf.c...
compiling netdb.c...
compiling netifapi.c...
compiling sockets.c...
compiling tcpip.c...
compiling init.c...
compiling mem.c...
..\src\driver\drv_lwip_v1.3.2\src\core\mem.c(184): warning:  #550-D: variable "mem_sem" was set but never used
compiling memp.c...
compiling netif.c...
compiling pbuf.c...
compiling raw.c...
compiling stats.c...
compiling sys.c...
compiling tcp.c...
compiling tcp_in.c...
compiling tcp_out.c...
..\src\driver\drv_lwip_v1.3.2\src\core\tcp_out.c(465): warning:  #550-D: variable "tcphdr" was set but never used
..\src\driver\drv_lwip_v1.3.2\src\core\tcp_out.c(935): warning:  #550-D: variable "tcphdr" was set but never used
compiling udp.c...
compiling autoip.c...
compiling icmp.c...
compiling igmp.c...
compiling inet.c...
compiling inet_chksum.c...
compiling ip.c...
compiling ip_addr.c...
compiling ip_frag.c...
compiling etharp.c...
compiling loopif.c...
compiling slipif.c...
compiling dhcp.c...
compiling ethernetif.c...
compiling misc.c...
compiling stm32f2xx_dbgmcu.c...
compiling stm32f2xx_dma.c...
compiling stm32f2xx_exti.c...
compiling stm32f2xx_flash.c...
compiling stm32f2xx_gpio.c...
compiling stm32f2xx_i2c.c...
compiling stm32f2xx_pwr.c...
compiling stm32f2xx_rcc.c...
compiling stm32f2xx_spi.c...
compiling stm32f2xx_syscfg.c...
compiling stm32f2xx_tim.c...
compiling stm32f2xx_usart.c...
compiling process_led.c...
compiling process_net.c...
compiling process_ledscreen.c...
..\src\app\process\process_ledscreen.c(849): warning:  #177-D: variable "timer_1" was declared but never referenced
..\src\app\process\process_ledscreen.c(850): warning:  #177-D: variable "mode_index" was declared but never referenced
linking...
Program Size: Code=52920 RO-data=2032 RW-data=1036 ZI-data=92076  
FromELF: creating hex file...
".\out\dvlp_prj.axf" - 0 Error(s), 8 Warning(s).
Load "E:\\share\\21.digitalpis-zhongdianzhan\\pro\\keil_proj\\proj\\out\\dvlp_prj.AXF" 
* JLink Info: Device "STM32F207ZC" selected (256 KB flash, 64 KB RAM).
Set JLink Project File to "E:\share\21.digitalpis-zhongdianzhan\pro\keil_proj\proj\JLinkSettings.ini"
 
JLink info:
------------
DLL: V4.35b, compiled Sep  2 2011 18:34:46
Firmware: J-Link ARM V8 compiled Sep  2 2011 17:54:36
Hardware: V8.00
S/N : 805306163 
Feature(s) : RDI,FlashDL,FlashBP,JFlash,GDBFull 
 
* JLink Info: TotalIRLen = 9, IRPrint = 0x0011
* JLink Info: Found Cortex-M3 r2p0, Little endian.
* JLink Info: TPIU fitted.
* JLink Info: ETM fitted.
* JLink Info:   FPUnit: 6 code (BP) slots and 2 literal slots
ROMTableAddr = 0xE00FF003
* JLink Info: TotalIRLen = 9, IRPrint = 0x0011
* JLink Info: Found Cortex-M3 r2p0, Little endian.
* JLink Info: TPIU fitted.
* JLink Info: ETM fitted.
* JLink Info:   FPUnit: 6 code (BP) slots and 2 literal slots
**JLink Warning: Could not set S_RESET_ST
 
Target info:
------------
Device: STM32F207ZC
VTarget = 3.287V
State of Pins: 
TCK: 1, TDI: 0, TDO: 1, TMS: 0, TRES: 1, TRST: 1
Hardware-Breakpoints: 6
Software-Breakpoints: 8192
Watchpoints:          0
JTAG speed: 2000 kHz
 
Erase Done.
Programming Done.
Verify OK.
Build target 'Target 1'
compiling process_ledscreen.c...
..\src\app\process\process_ledscreen.c(849): warning:  #177-D: variable "timer_1" was declared but never referenced
..\src\app\process\process_ledscreen.c(850): warning:  #177-D: variable "mode_index" was declared but never referenced
linking...
Program Size: Code=52920 RO-data=2032 RW-data=1036 ZI-data=92076  
FromELF: creating hex file...
".\out\dvlp_prj.axf" - 0 Error(s), 2 Warning(s).
Load "E:\\share\\21.digitalpis-zhongdianzhan\\pro\\keil_proj\\proj\\out\\dvlp_prj.AXF" 
* JLink Info: Device "STM32F207ZC" selected (256 KB flash, 64 KB RAM).
Set JLink Project File to "E:\share\21.digitalpis-zhongdianzhan\pro\keil_proj\proj\JLinkSettings.ini"
 
JLink info:
------------
DLL: V4.35b, compiled Sep  2 2011 18:34:46
Firmware: J-Link ARM V8 compiled Sep  2 2011 17:54:36
Hardware: V8.00
S/N : 805306163 
Feature(s) : RDI,FlashDL,FlashBP,JFlash,GDBFull 
 
* JLink Info: TotalIRLen = 9, IRPrint = 0x0011
* JLink Info: Found Cortex-M3 r2p0, Little endian.
* JLink Info: TPIU fitted.
* JLink Info: ETM fitted.
* JLink Info:   FPUnit: 6 code (BP) slots and 2 literal slots
ROMTableAddr = 0xE00FF003
* JLink Info: TotalIRLen = 9, IRPrint = 0x0011
* JLink Info: Found Cortex-M3 r2p0, Little endian.
* JLink Info: TPIU fitted.
* JLink Info: ETM fitted.
* JLink Info:   FPUnit: 6 code (BP) slots and 2 literal slots
**JLink Warning: Could not set S_RESET_ST
 
Target info:
------------
Device: STM32F207ZC
VTarget = 3.293V
State of Pins: 
TCK: 1, TDI: 0, TDO: 1, TMS: 0, TRES: 1, TRST: 1
Hardware-Breakpoints: 6
Software-Breakpoints: 8192
Watchpoints:          4
JTAG speed: 2000 kHz
 
Erase Done.
Programming Done.
Verify OK.
Build target 'Target 1'
compiling process_ledscreen.c...
..\src\app\process\process_ledscreen.c(850): warning:  #177-D: variable "timer_1" was declared but never referenced
..\src\app\process\process_ledscreen.c(851): warning:  #177-D: variable "mode_index" was declared but never referenced
linking...
Program Size: Code=52924 RO-data=2032 RW-data=1036 ZI-data=92076  
FromELF: creating hex file...
".\out\dvlp_prj.axf" - 0 Error(s), 2 Warning(s).
Load "E:\\share\\21.digitalpis-zhongdianzhan\\pro\\keil_proj\\proj\\out\\dvlp_prj.AXF" 
* JLink Info: Device "STM32F207ZC" selected (256 KB flash, 64 KB RAM).
Set JLink Project File to "E:\share\21.digitalpis-zhongdianzhan\pro\keil_proj\proj\JLinkSettings.ini"
 
JLink info:
------------
DLL: V4.35b, compiled Sep  2 2011 18:34:46
Firmware: J-Link ARM V8 compiled Sep  2 2011 17:54:36
Hardware: V8.00
S/N : 805306163 
Feature(s) : RDI,FlashDL,FlashBP,JFlash,GDBFull 
 
* JLink Info: TotalIRLen = 9, IRPrint = 0x0011
* JLink Info: Found Cortex-M3 r2p0, Little endian.
* JLink Info: TPIU fitted.
* JLink Info: ETM fitted.
* JLink Info:   FPUnit: 6 code (BP) slots and 2 literal slots
ROMTableAddr = 0xE00FF003
* JLink Info: TotalIRLen = 9, IRPrint = 0x0011
* JLink Info: Found Cortex-M3 r2p0, Little endian.
* JLink Info: TPIU fitted.
* JLink Info: ETM fitted.
* JLink Info:   FPUnit: 6 code (BP) slots and 2 literal slots
**JLink Warning: Could not set S_RESET_ST
 
Target info:
------------
Device: STM32F207ZC
VTarget = 3.293V
State of Pins: 
TCK: 1, TDI: 0, TDO: 1, TMS: 0, TRES: 1, TRST: 1
Hardware-Breakpoints: 6
Software-Breakpoints: 8192
Watchpoints:          0
JTAG speed: 2000 kHz
 
Erase Done.
Programming Done.
Verify OK.
Build target 'Target 1'
compiling process_ledscreen.c...
..\src\app\process\process_ledscreen.c(850): warning:  #177-D: variable "timer_1" was declared but never referenced
..\src\app\process\process_ledscreen.c(851): warning:  #177-D: variable "mode_index" was declared but never referenced
linking...
Program Size: Code=52920 RO-data=2032 RW-data=1036 ZI-data=92076  
FromELF: creating hex file...
".\out\dvlp_prj.axf" - 0 Error(s), 2 Warning(s).
Load "E:\\share\\21.digitalpis-zhongdianzhan\\pro\\keil_proj\\proj\\out\\dvlp_prj.AXF" 
* JLink Info: Device "STM32F207ZC" selected (256 KB flash, 64 KB RAM).
Set JLink Project File to "E:\share\21.digitalpis-zhongdianzhan\pro\keil_proj\proj\JLinkSettings.ini"
 
JLink info:
------------
DLL: V4.35b, compiled Sep  2 2011 18:34:46
Firmware: J-Link ARM V8 compiled Sep  2 2011 17:54:36
Hardware: V8.00
S/N : 805306163 
Feature(s) : RDI,FlashDL,FlashBP,JFlash,GDBFull 
 
* JLink Info: TotalIRLen = 9, IRPrint = 0x0011
* JLink Info: Found Cortex-M3 r2p0, Little endian.
* JLink Info: TPIU fitted.
* JLink Info: ETM fitted.
* JLink Info:   FPUnit: 6 code (BP) slots and 2 literal slots
ROMTableAddr = 0xE00FF003
* JLink Info: TotalIRLen = 9, IRPrint = 0x0011
* JLink Info: Found Cortex-M3 r2p0, Little endian.
* JLink Info: TPIU fitted.
* JLink Info: ETM fitted.
* JLink Info:   FPUnit: 6 code (BP) slots and 2 literal slots
**JLink Warning: Could not set S_RESET_ST
 
Target info:
------------
Device: STM32F207ZC
VTarget = 3.293V
State of Pins: 
TCK: 1, TDI: 0, TDO: 1, TMS: 0, TRES: 1, TRST: 1
Hardware-Breakpoints: 6
Software-Breakpoints: 8192
Watchpoints:          0
JTAG speed: 2000 kHz
 
Erase Done.
Programming Done.
Verify OK.
Build target 'Target 1'
compiling process_ledscreen.c...
..\src\app\process\process_ledscreen.c(851): warning:  #177-D: variable "timer_1" was declared but never referenced
..\src\app\process\process_ledscreen.c(852): warning:  #177-D: variable "mode_index" was declared but never referenced
linking...
Program Size: Code=52936 RO-data=2032 RW-data=1036 ZI-data=92076  
FromELF: creating hex file...
".\out\dvlp_prj.axf" - 0 Error(s), 2 Warning(s).
Build target 'Target 1'
linking...
Program Size: Code=52936 RO-data=2032 RW-data=1036 ZI-data=92076  
FromELF: creating hex file...
".\out\dvlp_prj.axf" - 0 Error(s), 0 Warning(s).
Load "E:\\share\\21.digitalpis-zhongdianzhan\\pro\\keil_proj\\proj\\out\\dvlp_prj.AXF" 
* JLink Info: Device "STM32F207ZC" selected (256 KB flash, 64 KB RAM).
Set JLink Project File to "E:\share\21.digitalpis-zhongdianzhan\pro\keil_proj\proj\JLinkSettings.ini"
 
JLink info:
------------
DLL: V4.35b, compiled Sep  2 2011 18:34:46
Firmware: J-Link ARM V8 compiled Sep  2 2011 17:54:36
Hardware: V8.00
S/N : 805306163 
Feature(s) : RDI,FlashDL,FlashBP,JFlash,GDBFull 
 
* JLink Info: TotalIRLen = 9, IRPrint = 0x0011
* JLink Info: Found Cortex-M3 r2p0, Little endian.
* JLink Info: TPIU fitted.
* JLink Info: ETM fitted.
* JLink Info:   FPUnit: 6 code (BP) slots and 2 literal slots
ROMTableAddr = 0xE00FF003
* JLink Info: TotalIRLen = 9, IRPrint = 0x0011
* JLink Info: Found Cortex-M3 r2p0, Little endian.
* JLink Info: TPIU fitted.
* JLink Info: ETM fitted.
* JLink Info:   FPUnit: 6 code (BP) slots and 2 literal slots
**JLink Warning: Could not set S_RESET_ST
 
Target info:
------------
Device: STM32F207ZC
VTarget = 3.293V
State of Pins: 
TCK: 1, TDI: 0, TDO: 1, TMS: 0, TRES: 1, TRST: 1
Hardware-Breakpoints: 6
Software-Breakpoints: 8192
Watchpoints:          4
JTAG speed: 2000 kHz
 
Erase Done.
Programming Done.
Verify OK.
Build target 'Target 1'
compiling process_ledscreen.c...
..\src\app\process\process_ledscreen.c(851): warning:  #177-D: variable "timer_1" was declared but never referenced
..\src\app\process\process_ledscreen.c(852): warning:  #177-D: variable "mode_index" was declared but never referenced
linking...
Program Size: Code=52940 RO-data=2032 RW-data=1036 ZI-data=92076  
FromELF: creating hex file...
".\out\dvlp_prj.axf" - 0 Error(s), 2 Warning(s).
Load "E:\\share\\21.digitalpis-zhongdianzhan\\pro\\keil_proj\\proj\\out\\dvlp_prj.AXF" 
* JLink Info: Device "STM32F207ZC" selected (256 KB flash, 64 KB RAM).
Set JLink Project File to "E:\share\21.digitalpis-zhongdianzhan\pro\keil_proj\proj\JLinkSettings.ini"
 
JLink info:
------------
DLL: V4.35b, compiled Sep  2 2011 18:34:46
Firmware: J-Link ARM V8 compiled Sep  2 2011 17:54:36
Hardware: V8.00
S/N : 805306163 
Feature(s) : RDI,FlashDL,FlashBP,JFlash,GDBFull 
 
* JLink Info: TotalIRLen = 9, IRPrint = 0x0011
* JLink Info: Found Cortex-M3 r2p0, Little endian.
* JLink Info: TPIU fitted.
* JLink Info: ETM fitted.
* JLink Info:   FPUnit: 6 code (BP) slots and 2 literal slots
ROMTableAddr = 0xE00FF003
* JLink Info: TotalIRLen = 9, IRPrint = 0x0011
* JLink Info: Found Cortex-M3 r2p0, Little endian.
* JLink Info: TPIU fitted.
* JLink Info: ETM fitted.
* JLink Info:   FPUnit: 6 code (BP) slots and 2 literal slots
**JLink Warning: Could not set S_RESET_ST
 
Target info:
------------
Device: STM32F207ZC
VTarget = 3.293V
State of Pins: 
TCK: 1, TDI: 0, TDO: 1, TMS: 0, TRES: 1, TRST: 1
Hardware-Breakpoints: 6
Software-Breakpoints: 8192
Watchpoints:          0
JTAG speed: 2000 kHz
 
Erase Done.
Programming Done.
Verify OK.
Build target 'Target 1'
compiling process_net.c...
linking...
Program Size: Code=52936 RO-data=2032 RW-data=1036 ZI-data=92076  
FromELF: creating hex file...
".\out\dvlp_prj.axf" - 0 Error(s), 0 Warning(s).
Build target 'Target 1'
compiling main.c...
compiling mem_str.c...
compiling p_sys.c...
compiling hc595.c...
..\src\driver\drv_bsp\hc595.c(165): warning:  #550-D: variable "up_to_down" was set but never used
compiling MyApp.c...
compiling MyAudio.c...
compiling MyBoard.c...
compiling MyCommander.c...
compiling MyEthernet.c...
compiling MyFlash.c...
compiling MyHttpd.c...
..\src\driver\drv_bsp\MyHttpd.c(82): warning:  #177-D: function "http_state_free" was declared but never referenced
compiling MyI2c.c...
compiling MyI2s.c...
compiling MyLwip.c...
compiling MyMiscFunc.c...
compiling MyNet.c...
compiling MyProtocol.c...
compiling MyStorage.c...
compiling MySwitch.c...
compiling MyTimer.c...
compiling stm32f2xx_it.c...
compiling bsp_dev_id.c...
compiling ethernetif.c...
compiling process_led.c...
compiling process_net.c...
compiling process_ledscreen.c...
..\src\app\process\process_ledscreen.c(851): warning:  #177-D: variable "timer_1" was declared but never referenced
..\src\app\process\process_ledscreen.c(852): warning:  #177-D: variable "mode_index" was declared but never referenced
linking...
Program Size: Code=52936 RO-data=2032 RW-data=1036 ZI-data=91916  
FromELF: creating hex file...
".\out\dvlp_prj.axf" - 0 Error(s), 4 Warning(s).
Load "E:\\share\\21.digitalpis-zhongdianzhan\\pro\\keil_proj\\proj\\out\\dvlp_prj.AXF" 
* JLink Info: Device "STM32F207ZC" selected (256 KB flash, 64 KB RAM).
Set JLink Project File to "E:\share\21.digitalpis-zhongdianzhan\pro\keil_proj\proj\JLinkSettings.ini"
 
JLink info:
------------
DLL: V4.35b, compiled Sep  2 2011 18:34:46
Firmware: J-Link ARM V8 compiled Sep  2 2011 17:54:36
Hardware: V8.00
S/N : 805306163 
Feature(s) : RDI,FlashDL,FlashBP,JFlash,GDBFull 
 
* JLink Info: TotalIRLen = 9, IRPrint = 0x0011
* JLink Info: Found Cortex-M3 r2p0, Little endian.
* JLink Info: TPIU fitted.
* JLink Info: ETM fitted.
* JLink Info:   FPUnit: 6 code (BP) slots and 2 literal slots
ROMTableAddr = 0xE00FF003
* JLink Info: TotalIRLen = 9, IRPrint = 0x0011
* JLink Info: Found Cortex-M3 r2p0, Little endian.
* JLink Info: TPIU fitted.
* JLink Info: ETM fitted.
* JLink Info:   FPUnit: 6 code (BP) slots and 2 literal slots
**JLink Warning: Could not set S_RESET_ST
 
Target info:
------------
Device: STM32F207ZC
VTarget = 3.293V
State of Pins: 
TCK: 1, TDI: 0, TDO: 1, TMS: 0, TRES: 1, TRST: 1
Hardware-Breakpoints: 6
Software-Breakpoints: 8192
Watchpoints:          0
JTAG speed: 2000 kHz
 
Erase Done.
Programming Done.
Verify OK.
Build target 'Target 1'
compiling process_ledscreen.c...
linking...
Program Size: Code=52996 RO-data=2032 RW-data=1036 ZI-data=91916  
FromELF: creating hex file...
".\out\dvlp_prj.axf" - 0 Error(s), 0 Warning(s).
Load "E:\\share\\21.digitalpis-zhongdianzhan\\pro\\keil_proj\\proj\\out\\dvlp_prj.AXF" 
* JLink Info: Device "STM32F207ZC" selected (256 KB flash, 64 KB RAM).
Set JLink Project File to "E:\share\21.digitalpis-zhongdianzhan\pro\keil_proj\proj\JLinkSettings.ini"
 
JLink info:
------------
DLL: V4.35b, compiled Sep  2 2011 18:34:46
Firmware: J-Link ARM V8 compiled Sep  2 2011 17:54:36
Hardware: V8.00
S/N : 805306163 
Feature(s) : RDI,FlashDL,FlashBP,JFlash,GDBFull 
 
* JLink Info: TotalIRLen = 9, IRPrint = 0x0011
* JLink Info: Found Cortex-M3 r2p0, Little endian.
* JLink Info: TPIU fitted.
* JLink Info: ETM fitted.
* JLink Info:   FPUnit: 6 code (BP) slots and 2 literal slots
ROMTableAddr = 0xE00FF003
* JLink Info: TotalIRLen = 9, IRPrint = 0x0011
* JLink Info: Found Cortex-M3 r2p0, Little endian.
* JLink Info: TPIU fitted.
* JLink Info: ETM fitted.
* JLink Info:   FPUnit: 6 code (BP) slots and 2 literal slots
**JLink Warning: Could not set S_RESET_ST
 
Target info:
------------
Device: STM32F207ZC
VTarget = 3.293V
State of Pins: 
TCK: 1, TDI: 0, TDO: 1, TMS: 0, TRES: 1, TRST: 1
Hardware-Breakpoints: 6
Software-Breakpoints: 8192
Watchpoints:          0
JTAG speed: 2000 kHz
 
Erase Done.
Programming Done.
Verify OK.
Build target 'Target 1'
compiling main.c...
compiling mem_str.c...
compiling p_sys.c...
compiling hc595.c...
..\src\driver\drv_bsp\hc595.c(165): warning:  #550-D: variable "up_to_down" was set but never used
compiling MyApp.c...
compiling MyAudio.c...
compiling MyAudioSample.c...
compiling MyBoard.c...
compiling MyCommander.c...
compiling MyEthernet.c...
compiling MyFlash.c...
compiling MyHttpd.c...
..\src\driver\drv_bsp\MyHttpd.c(82): warning:  #177-D: function "http_state_free" was declared but never referenced
compiling MyI2c.c...
compiling MyI2s.c...
compiling MyLwip.c...
compiling MyMiscFunc.c...
compiling MyNet.c...
compiling MyProtocol.c...
compiling MyStorage.c...
compiling MySwitch.c...
compiling MyTimer.c...
compiling stm32f2xx_it.c...
compiling bsp_dev_id.c...
compiling core_cm3.c...
assembling startup_stm32f2xx.s...
compiling system_stm32f2xx.c...
compiling stm32f2x7_eth.c...
..\src\driver\drv_ether\stm32f2x7_eth.c(273): warning:  #177-D: variable "RegValue" was declared but never referenced
compiling api_lib.c...
compiling api_msg.c...
compiling err.c...
compiling netbuf.c...
compiling netdb.c...
compiling netifapi.c...
compiling sockets.c...
compiling tcpip.c...
compiling init.c...
compiling mem.c...
..\src\driver\drv_lwip_v1.3.2\src\core\mem.c(184): warning:  #550-D: variable "mem_sem" was set but never used
compiling memp.c...
compiling netif.c...
compiling pbuf.c...
compiling raw.c...
compiling stats.c...
compiling sys.c...
compiling tcp.c...
compiling tcp_in.c...
compiling tcp_out.c...
..\src\driver\drv_lwip_v1.3.2\src\core\tcp_out.c(465): warning:  #550-D: variable "tcphdr" was set but never used
..\src\driver\drv_lwip_v1.3.2\src\core\tcp_out.c(935): warning:  #550-D: variable "tcphdr" was set but never used
compiling udp.c...
compiling autoip.c...
compiling icmp.c...
compiling igmp.c...
compiling inet.c...
compiling inet_chksum.c...
compiling ip.c...
compiling ip_addr.c...
compiling ip_frag.c...
compiling etharp.c...
compiling loopif.c...
compiling slipif.c...
compiling dhcp.c...
compiling ethernetif.c...
compiling misc.c...
compiling stm32f2xx_dbgmcu.c...
compiling stm32f2xx_dma.c...
compiling stm32f2xx_exti.c...
compiling stm32f2xx_flash.c...
compiling stm32f2xx_gpio.c...
compiling stm32f2xx_i2c.c...
compiling stm32f2xx_pwr.c...
compiling stm32f2xx_rcc.c...
compiling stm32f2xx_spi.c...
compiling stm32f2xx_syscfg.c...
compiling stm32f2xx_tim.c...
compiling stm32f2xx_usart.c...
compiling process_led.c...
compiling process_net.c...
compiling process_ledscreen.c...
linking...
Program Size: Code=53036 RO-data=2032 RW-data=1036 ZI-data=93036  
FromELF: creating hex file...
".\out\dvlp_prj.axf" - 0 Error(s), 6 Warning(s).
Build target 'Target 1'
compiling process_ledscreen.c...
linking...
Program Size: Code=53044 RO-data=2032 RW-data=1036 ZI-data=93036  
FromELF: creating hex file...
".\out\dvlp_prj.axf" - 0 Error(s), 0 Warning(s).
Load "E:\\share\\21.digitalpis-zhongdianzhan\\pro\\keil_proj\\proj\\out\\dvlp_prj.AXF" 
* JLink Info: Device "STM32F207ZC" selected (256 KB flash, 64 KB RAM).
Set JLink Project File to "E:\share\21.digitalpis-zhongdianzhan\pro\keil_proj\proj\JLinkSettings.ini"
 
JLink info:
------------
DLL: V4.35b, compiled Sep  2 2011 18:34:46
Firmware: J-Link ARM V8 compiled Sep  2 2011 17:54:36
Hardware: V8.00
S/N : 805306163 
Feature(s) : RDI,FlashDL,FlashBP,JFlash,GDBFull 
 
* JLink Info: TotalIRLen = 9, IRPrint = 0x0011
* JLink Info: Found Cortex-M3 r2p0, Little endian.
* JLink Info: TPIU fitted.
* JLink Info: ETM fitted.
* JLink Info:   FPUnit: 6 code (BP) slots and 2 literal slots
ROMTableAddr = 0xE00FF003
* JLink Info: TotalIRLen = 9, IRPrint = 0x0011
* JLink Info: Found Cortex-M3 r2p0, Little endian.
* JLink Info: TPIU fitted.
* JLink Info: ETM fitted.
* JLink Info:   FPUnit: 6 code (BP) slots and 2 literal slots
**JLink Warning: Could not set S_RESET_ST
 
Target info:
------------
Device: STM32F207ZC
VTarget = 3.287V
State of Pins: 
TCK: 1, TDI: 0, TDO: 1, TMS: 0, TRES: 1, TRST: 1
Hardware-Breakpoints: 6
Software-Breakpoints: 8192
Watchpoints:          0
JTAG speed: 2000 kHz
 
Erase Done.
Programming Done.
Verify OK.
Build target 'Target 1'
compiling process_ledscreen.c...
..\src\app\process\process_ledscreen.c(851): warning:  #177-D: variable "timer_1" was declared but never referenced
..\src\app\process\process_ledscreen.c(852): warning:  #177-D: variable "mode_index" was declared but never referenced
linking...
Program Size: Code=52984 RO-data=2032 RW-data=1036 ZI-data=93036  
FromELF: creating hex file...
".\out\dvlp_prj.axf" - 0 Error(s), 2 Warning(s).
Load "E:\\share\\21.digitalpis-zhongdianzhan\\pro\\keil_proj\\proj\\out\\dvlp_prj.AXF" 
* JLink Info: Device "STM32F207ZC" selected (256 KB flash, 64 KB RAM).
Set JLink Project File to "E:\share\21.digitalpis-zhongdianzhan\pro\keil_proj\proj\JLinkSettings.ini"
 
JLink info:
------------
DLL: V4.35b, compiled Sep  2 2011 18:34:46
Firmware: J-Link ARM V8 compiled Sep  2 2011 17:54:36
Hardware: V8.00
S/N : 805306163 
Feature(s) : RDI,FlashDL,FlashBP,JFlash,GDBFull 
 
* JLink Info: TotalIRLen = 9, IRPrint = 0x0011
* JLink Info: Found Cortex-M3 r2p0, Little endian.
* JLink Info: TPIU fitted.
* JLink Info: ETM fitted.
* JLink Info:   FPUnit: 6 code (BP) slots and 2 literal slots
ROMTableAddr = 0xE00FF003
* JLink Info: TotalIRLen = 9, IRPrint = 0x0011
* JLink Info: Found Cortex-M3 r2p0, Little endian.
* JLink Info: TPIU fitted.
* JLink Info: ETM fitted.
* JLink Info:   FPUnit: 6 code (BP) slots and 2 literal slots
**JLink Warning: Could not set S_RESET_ST
 
Target info:
------------
Device: STM32F207ZC
VTarget = 3.293V
State of Pins: 
TCK: 1, TDI: 0, TDO: 1, TMS: 0, TRES: 1, TRST: 1
Hardware-Breakpoints: 6
Software-Breakpoints: 8192
Watchpoints:          4
JTAG speed: 2000 kHz
 
Erase Done.
Programming Done.
Verify OK.
Build target 'Target 1'
compiling main.c...
compiling mem_str.c...
compiling p_sys.c...
compiling hc595.c...
..\src\driver\drv_bsp\hc595.c(165): warning:  #550-D: variable "up_to_down" was set but never used
compiling MyApp.c...
compiling MyAudio.c...
compiling MyAudioSample.c...
compiling MyBoard.c...
compiling MyCommander.c...
compiling MyEthernet.c...
compiling MyFlash.c...
compiling MyHttpd.c...
..\src\driver\drv_bsp\MyHttpd.c(82): warning:  #177-D: function "http_state_free" was declared but never referenced
compiling MyI2c.c...
compiling MyI2s.c...
compiling MyLwip.c...
compiling MyMiscFunc.c...
compiling MyNet.c...
compiling MyProtocol.c...
compiling MyStorage.c...
compiling MySwitch.c...
compiling MyTimer.c...
compiling stm32f2xx_it.c...
compiling bsp_dev_id.c...
compiling core_cm3.c...
assembling startup_stm32f2xx.s...
compiling system_stm32f2xx.c...
compiling stm32f2x7_eth.c...
..\src\driver\drv_ether\stm32f2x7_eth.c(273): warning:  #177-D: variable "RegValue" was declared but never referenced
compiling api_lib.c...
compiling api_msg.c...
compiling err.c...
compiling netbuf.c...
compiling netdb.c...
compiling netifapi.c...
compiling sockets.c...
compiling tcpip.c...
compiling init.c...
compiling mem.c...
..\src\driver\drv_lwip_v1.3.2\src\core\mem.c(184): warning:  #550-D: variable "mem_sem" was set but never used
compiling memp.c...
compiling netif.c...
compiling pbuf.c...
compiling raw.c...
compiling stats.c...
compiling sys.c...
compiling tcp.c...
compiling tcp_in.c...
compiling tcp_out.c...
..\src\driver\drv_lwip_v1.3.2\src\core\tcp_out.c(465): warning:  #550-D: variable "tcphdr" was set but never used
..\src\driver\drv_lwip_v1.3.2\src\core\tcp_out.c(935): warning:  #550-D: variable "tcphdr" was set but never used
compiling udp.c...
compiling autoip.c...
compiling icmp.c...
compiling igmp.c...
compiling inet.c...
compiling inet_chksum.c...
compiling ip.c...
compiling ip_addr.c...
compiling ip_frag.c...
compiling etharp.c...
compiling loopif.c...
compiling slipif.c...
compiling dhcp.c...
compiling ethernetif.c...
compiling misc.c...
compiling stm32f2xx_dbgmcu.c...
compiling stm32f2xx_dma.c...
compiling stm32f2xx_exti.c...
compiling stm32f2xx_flash.c...
compiling stm32f2xx_gpio.c...
compiling stm32f2xx_i2c.c...
compiling stm32f2xx_pwr.c...
compiling stm32f2xx_rcc.c...
compiling stm32f2xx_spi.c...
compiling stm32f2xx_syscfg.c...
compiling stm32f2xx_tim.c...
compiling stm32f2xx_usart.c...
compiling process_led.c...
compiling process_net.c...
compiling process_ledscreen.c...
..\src\app\process\process_ledscreen.c(851): warning:  #177-D: variable "timer_1" was declared but never referenced
..\src\app\process\process_ledscreen.c(852): warning:  #177-D: variable "mode_index" was declared but never referenced
linking...
Program Size: Code=52984 RO-data=2032 RW-data=1036 ZI-data=93036  
FromELF: creating hex file...
".\out\dvlp_prj.axf" - 0 Error(s), 8 Warning(s).
Load "E:\\share\\21.digitalpis-zhongdianzhan\\pro\\keil_proj\\proj\\out\\dvlp_prj.AXF" 
* JLink Info: Device "STM32F207ZC" selected (256 KB flash, 64 KB RAM).
Set JLink Project File to "E:\share\21.digitalpis-zhongdianzhan\pro\keil_proj\proj\JLinkSettings.ini"
 
JLink info:
------------
DLL: V4.35b, compiled Sep  2 2011 18:34:46
Firmware: J-Link ARM V8 compiled Sep  2 2011 17:54:36
Hardware: V8.00
S/N : 805306163 
Feature(s) : RDI,FlashDL,FlashBP,JFlash,GDBFull 
 
* JLink Info: TotalIRLen = 9, IRPrint = 0x0011
* JLink Info: Found Cortex-M3 r2p0, Little endian.
* JLink Info: TPIU fitted.
* JLink Info: ETM fitted.
* JLink Info:   FPUnit: 6 code (BP) slots and 2 literal slots
ROMTableAddr = 0xE00FF003
* JLink Info: TotalIRLen = 9, IRPrint = 0x0011
* JLink Info: Found Cortex-M3 r2p0, Little endian.
* JLink Info: TPIU fitted.
* JLink Info: ETM fitted.
* JLink Info:   FPUnit: 6 code (BP) slots and 2 literal slots
**JLink Warning: Could not set S_RESET_ST
 
Target info:
------------
Device: STM32F207ZC
VTarget = 3.293V
State of Pins: 
TCK: 1, TDI: 0, TDO: 1, TMS: 0, TRES: 1, TRST: 1
Hardware-Breakpoints: 6
Software-Breakpoints: 8192
Watchpoints:          0
JTAG speed: 2000 kHz
 
Erase Done.
Programming Done.
Verify OK.
