<html>
<body>
<pre>
<h1>µVision Build Log</h1>
<h2>Project:</h2>
E:\share\21.digitalpis-zhongdianzhan\pro\keil_proj\proj\dvlp_prj.uvproj
Project File Date:  06/26/2013

<h2>Output:</h2>
Build target 'Target 1'
compiling main.c...
..\src\app\usr\main.c(457): warning:  #128-D: loop is not reachable from preceding code
..\src\app\usr\main.c(238): warning:  #177-D: variable "j" was declared but never referenced
..\src\app\usr\main.c(239): warning:  #177-D: variable "timer_tmp" was declared but never referenced
..\src\app\usr\main.c(247): warning:  #550-D: variable "timer_1" was set but never used
compiling mem_str.c...
compiling p_sys.c...
compiling hc595.c...
..\src\driver\drv_bsp\hc595.c(184): warning:  #177-D: variable "j" was declared but never referenced
..\src\driver\drv_bsp\hc595.c(186): warning:  #177-D: variable "add_value" was declared but never referenced
..\src\driver\drv_bsp\hc595.c(264): warning:  #177-D: variable "j" was declared but never referenced
..\src\driver\drv_bsp\hc595.c(265): warning:  #550-D: variable "mask" was set but never used
..\src\driver\drv_bsp\hc595.c(265): warning:  #550-D: variable "offset" was set but never used
..\src\driver\drv_bsp\hc595.c(266): warning:  #177-D: variable "add_value" was declared but never referenced
compiling MyApp.c...
compiling MyAudio.c...
compiling MyAudioSample.c...
compiling MyBoard.c...
..\src\driver\drv_bsp\MyBoard.c(255): warning:  #223-D: function "HC595_GPIO_config" declared implicitly
compiling MyCommander.c...
compiling MyEthernet.c...
compiling MyFlash.c...
compiling MyHttpd.c...
..\src\driver\drv_bsp\MyHttpd.c(82): warning:  #177-D: function "http_state_free" was declared but never referenced
compiling MyI2c.c...
compiling MyI2s.c...
compiling MyLwip.c...
compiling MyMiscFunc.c...
compiling MyNet.c...
compiling MyProtocol.c...
compiling MyStorage.c...
compiling MySwitch.c...
compiling MyTimer.c...
compiling stm32f2xx_it.c...
compiling bsp_dev_id.c...
..\src\driver\drv_bsp\bsp_dev_id.c(83): warning:  #186-D: pointless comparison of unsigned integer with zero
compiling core_cm3.c...
assembling startup_stm32f2xx.s...
compiling system_stm32f2xx.c...
compiling stm32f2x7_eth.c...
..\src\driver\drv_ether\stm32f2x7_eth.c(273): warning:  #177-D: variable "RegValue" was declared but never referenced
compiling api_lib.c...
compiling api_msg.c...
compiling err.c...
compiling netbuf.c...
compiling netdb.c...
compiling netifapi.c...
compiling sockets.c...
compiling tcpip.c...
compiling init.c...
compiling mem.c...
..\src\driver\drv_lwip_v1.3.2\src\core\mem.c(184): warning:  #550-D: variable "mem_sem" was set but never used
compiling memp.c...
compiling netif.c...
compiling pbuf.c...
compiling raw.c...
compiling stats.c...
compiling sys.c...
compiling tcp.c...
compiling tcp_in.c...
compiling tcp_out.c...
..\src\driver\drv_lwip_v1.3.2\src\core\tcp_out.c(465): warning:  #550-D: variable "tcphdr" was set but never used
..\src\driver\drv_lwip_v1.3.2\src\core\tcp_out.c(935): warning:  #550-D: variable "tcphdr" was set but never used
compiling udp.c...
compiling autoip.c...
compiling icmp.c...
compiling igmp.c...
compiling inet.c...
compiling inet_chksum.c...
compiling ip.c...
compiling ip_addr.c...
compiling ip_frag.c...
compiling etharp.c...
compiling loopif.c...
compiling slipif.c...
compiling dhcp.c...
compiling ethernetif.c...
compiling misc.c...
compiling stm32f2xx_dbgmcu.c...
compiling stm32f2xx_dma.c...
compiling stm32f2xx_exti.c...
compiling stm32f2xx_flash.c...
compiling stm32f2xx_gpio.c...
compiling stm32f2xx_i2c.c...
compiling stm32f2xx_pwr.c...
compiling stm32f2xx_rcc.c...
compiling stm32f2xx_spi.c...
compiling stm32f2xx_syscfg.c...
compiling stm32f2xx_tim.c...
compiling stm32f2xx_usart.c...
compiling process_led.c...
compiling process_net.c...
compiling process_ledscreen.c...
..\src\app\process\process_ledscreen.c(26): warning:  #177-D: variable "disp_col_sum" was declared but never referenced
..\src\app\process\process_ledscreen.c(31): warning:  #177-D: variable "i" was declared but never referenced
..\src\app\process\process_ledscreen.c(31): warning:  #177-D: variable "j" was declared but never referenced
..\src\app\process\process_ledscreen.c(31): warning:  #177-D: variable "k" was declared but never referenced
linking...
Program Size: Code=49844 RO-data=1188 RW-data=844 ZI-data=79052  
FromELF: creating hex file...
".\out\dvlp_prj.axf" - 0 Error(s), 21 Warning(s).
Build target 'Target 1'
compiling main.c...
..\src\app\usr\main.h(76): error:  #20: identifier "uint8" is undefined
error type>(77): error:  #20: identifier "uint8" is undefined
error type>(402): warning:  #128-D: loop is not reachable from preceding code
..\src\app\usr\main.c(239): warning:  #177-D: variable "j" was declared but never referenced
..\src\app\usr\main.c(240): warning:  #177-D: variable "timer_tmp" was declared but never referenced
compiling mem_str.c...
..\src\app\usr\main.h(76): error:  #20: identifier "uint8" is undefined
error type>(77): error:  #20: identifier "uint8" is undefined
compiling p_sys.c...
..\src\app\usr\main.h(76): error:  #20: identifier "uint8" is undefined
error type>(77): error:  #20: identifier "uint8" is undefined
compiling hc595.c...
..\src\app\usr\main.h(76): error:  #20: identifier "uint8" is undefined
error type>(77): error:  #20: identifier "uint8" is undefined
error type>(319): warning:  #177-D: variable "j" was declared but never referenced
..\src\driver\drv_bsp\hc595.c(320): warning:  #550-D: variable "mask" was set but never used
..\src\driver\drv_bsp\hc595.c(320): warning:  #550-D: variable "offset" was set but never used
..\src\driver\drv_bsp\hc595.c(321): warning:  #177-D: variable "add_value" was declared but never referenced
compiling MyApp.c...
..\src\app\usr\main.h(76): error:  #20: identifier "uint8" is undefined
error type>(77): error:  #20: identifier "uint8" is undefined
compiling MyAudio.c...
..\src\app\usr\main.h(76): error:  #20: identifier "uint8" is undefined
error type>(77): error:  #20: identifier "uint8" is undefined
compiling MyBoard.c...
..\src\app\usr\main.h(76): error:  #20: identifier "uint8" is undefined
error type>(77): error:  #20: identifier "uint8" is undefined
error type>(255): warning:  #223-D: function "HC595_GPIO_config" declared implicitly
compiling MyCommander.c...
..\src\app\usr\main.h(76): error:  #20: identifier "uint8" is undefined
error type>(77): error:  #20: identifier "uint8" is undefined
compiling MyEthernet.c...
..\src\app\usr\main.h(76): error:  #20: identifier "uint8" is undefined
error type>(77): error:  #20: identifier "uint8" is undefined
compiling MyFlash.c...
..\src\app\usr\main.h(76): error:  #20: identifier "uint8" is undefined
error type>(77): error:  #20: identifier "uint8" is undefined
compiling MyHttpd.c...
..\src\app\usr\main.h(76): error:  #20: identifier "uint8" is undefined
error type>(77): error:  #20: identifier "uint8" is undefined
error type>(82): warning:  #177-D: function "http_state_free" was declared but never referenced
compiling MyI2c.c...
..\src\app\usr\main.h(76): error:  #20: identifier "uint8" is undefined
error type>(77): error:  #20: identifier "uint8" is undefined
compiling MyI2s.c...
..\src\app\usr\main.h(76): error:  #20: identifier "uint8" is undefined
error type>(77): error:  #20: identifier "uint8" is undefined
compiling MyLwip.c...
..\src\app\usr\main.h(76): error:  #20: identifier "uint8" is undefined
error type>(77): error:  #20: identifier "uint8" is undefined
compiling MyMiscFunc.c...
..\src\app\usr\main.h(76): error:  #20: identifier "uint8" is undefined
error type>(77): error:  #20: identifier "uint8" is undefined
compiling MyNet.c...
compiling MyProtocol.c...
..\src\app\usr\main.h(76): error:  #20: identifier "uint8" is undefined
error type>(77): error:  #20: identifier "uint8" is undefined
compiling MyStorage.c...
..\src\app\usr\main.h(76): error:  #20: identifier "uint8" is undefined
error type>(77): error:  #20: identifier "uint8" is undefined
compiling MySwitch.c...
..\src\app\usr\main.h(76): error:  #20: identifier "uint8" is undefined
error type>(77): error:  #20: identifier "uint8" is undefined
compiling MyTimer.c...
..\src\app\usr\main.h(76): error:  #20: identifier "uint8" is undefined
error type>(77): error:  #20: identifier "uint8" is undefined
compiling stm32f2xx_it.c...
..\src\app\usr\main.h(76): error:  #20: identifier "uint8" is undefined
error type>(77): error:  #20: identifier "uint8" is undefined
compiling bsp_dev_id.c...
..\src\app\usr\main.h(76): error:  #20: identifier "uint8" is undefined
error type>(77): error:  #20: identifier "uint8" is undefined
error type>(83): warning:  #186-D: pointless comparison of unsigned integer with zero
compiling ethernetif.c...
compiling process_led.c...
..\src\app\usr\main.h(76): error:  #20: identifier "uint8" is undefined
error type>(77): error:  #20: identifier "uint8" is undefined
compiling process_net.c...
..\src\app\usr\main.h(76): error:  #20: identifier "uint8" is undefined
error type>(77): error:  #20: identifier "uint8" is undefined
compiling process_ledscreen.c...
..\src\app\usr\main.h(76): error:  #20: identifier "uint8" is undefined
error type>(77): error:  #20: identifier "uint8" is undefined
error type>(28): warning:  #177-D: variable "disp_col_sum" was declared but never referenced
..\src\app\process\process_ledscreen.c(33): warning:  #177-D: variable "i" was declared but never referenced
..\src\app\process\process_ledscreen.c(33): warning:  #177-D: variable "j" was declared but never referenced
..\src\app\process\process_ledscreen.c(33): warning:  #177-D: variable "k" was declared but never referenced
Target not created
Build target 'Target 1'
compiling main.c...
..\src\app\usr\main.c(402): warning:  #128-D: loop is not reachable from preceding code
..\src\app\usr\main.c(239): warning:  #177-D: variable "j" was declared but never referenced
..\src\app\usr\main.c(240): warning:  #177-D: variable "timer_tmp" was declared but never referenced
compiling mem_str.c...
compiling p_sys.c...
..\src\porting_layer\p_sys.c(26): error:  #147: declaration is incompatible with "volatile uint8 timer2_flag" (declared at line 77 of "..\src\app\usr\main.h")
compiling hc595.c...
..\src\driver\drv_bsp\hc595.c(319): warning:  #177-D: variable "j" was declared but never referenced
..\src\driver\drv_bsp\hc595.c(320): warning:  #550-D: variable "mask" was set but never used
..\src\driver\drv_bsp\hc595.c(320): warning:  #550-D: variable "offset" was set but never used
..\src\driver\drv_bsp\hc595.c(321): warning:  #177-D: variable "add_value" was declared but never referenced
compiling MyApp.c...
compiling MyAudio.c...
compiling MyBoard.c...
..\src\driver\drv_bsp\MyBoard.c(255): warning:  #223-D: function "HC595_GPIO_config" declared implicitly
compiling MyCommander.c...
compiling MyEthernet.c...
compiling MyFlash.c...
compiling MyHttpd.c...
..\src\driver\drv_bsp\MyHttpd.c(82): warning:  #177-D: function "http_state_free" was declared but never referenced
compiling MyI2c.c...
compiling MyI2s.c...
compiling MyLwip.c...
compiling MyMiscFunc.c...
compiling MyNet.c...
..\src\app\usr\main.h(29): error:  #20: identifier "u32" is undefined
..\src\app\usr\main.h(76): error:  #20: identifier "uint8" is undefined
error type>(77): error:  #20: identifier "uint8" is undefined
compiling MyProtocol.c...
compiling MyStorage.c...
compiling MySwitch.c...
compiling MyTimer.c...
compiling stm32f2xx_it.c...
compiling bsp_dev_id.c...
..\src\driver\drv_bsp\bsp_dev_id.c(83): warning:  #186-D: pointless comparison of unsigned integer with zero
compiling ethernetif.c...
..\src\app\usr\main.h(76): error:  #20: identifier "uint8" is undefined
error type>(77): error:  #20: identifier "uint8" is undefined
error type>(87): error:  #20: identifier "NetLocalMac" is undefined
compiling process_led.c...
compiling process_net.c...
compiling process_ledscreen.c...
..\src\app\process\process_ledscreen.c(28): warning:  #177-D: variable "disp_col_sum" was declared but never referenced
..\src\app\process\process_ledscreen.c(33): warning:  #177-D: variable "i" was declared but never referenced
..\src\app\process\process_ledscreen.c(33): warning:  #177-D: variable "j" was declared but never referenced
..\src\app\process\process_ledscreen.c(33): warning:  #177-D: variable "k" was declared but never referenced
Target not created
Build target 'Target 1'
compiling main.c...
..\src\app\usr\main.c(402): warning:  #128-D: loop is not reachable from preceding code
..\src\app\usr\main.c(239): warning:  #177-D: variable "j" was declared but never referenced
..\src\app\usr\main.c(240): warning:  #177-D: variable "timer_tmp" was declared but never referenced
compiling mem_str.c...
compiling p_sys.c...
..\src\porting_layer\p_sys.c(26): error:  #147: declaration is incompatible with "volatile uint8 timer2_flag" (declared at line 77 of "..\src\app\usr\main.h")
compiling hc595.c...
..\src\driver\drv_bsp\hc595.c(319): warning:  #177-D: variable "j" was declared but never referenced
..\src\driver\drv_bsp\hc595.c(320): warning:  #550-D: variable "mask" was set but never used
..\src\driver\drv_bsp\hc595.c(320): warning:  #550-D: variable "offset" was set but never used
..\src\driver\drv_bsp\hc595.c(321): warning:  #177-D: variable "add_value" was declared but never referenced
compiling MyApp.c...
compiling MyAudio.c...
compiling MyBoard.c...
..\src\driver\drv_bsp\MyBoard.c(255): warning:  #223-D: function "HC595_GPIO_config" declared implicitly
compiling MyCommander.c...
compiling MyEthernet.c...
compiling MyFlash.c...
compiling MyHttpd.c...
..\src\driver\drv_bsp\MyHttpd.c(82): warning:  #177-D: function "http_state_free" was declared but never referenced
compiling MyI2c.c...
compiling MyI2s.c...
compiling MyLwip.c...
compiling MyMiscFunc.c...
compiling MyNet.c...
compiling MyProtocol.c...
compiling MyStorage.c...
compiling MySwitch.c...
compiling MyTimer.c...
compiling stm32f2xx_it.c...
compiling bsp_dev_id.c...
..\src\driver\drv_bsp\bsp_dev_id.c(83): warning:  #186-D: pointless comparison of unsigned integer with zero
compiling ethernetif.c...
compiling process_led.c...
compiling process_net.c...
compiling process_ledscreen.c...
..\src\app\process\process_ledscreen.c(28): warning:  #177-D: variable "disp_col_sum" was declared but never referenced
..\src\app\process\process_ledscreen.c(33): warning:  #177-D: variable "i" was declared but never referenced
..\src\app\process\process_ledscreen.c(33): warning:  #177-D: variable "j" was declared but never referenced
..\src\app\process\process_ledscreen.c(33): warning:  #177-D: variable "k" was declared but never referenced
Target not created
Build target 'Target 1'
compiling p_sys.c...
linking...
Program Size: Code=49056 RO-data=1188 RW-data=848 ZI-data=80960  
FromELF: creating hex file...
".\out\dvlp_prj.axf" - 0 Error(s), 0 Warning(s).
Build target 'Target 1'
compiling main.c...
..\src\app\usr\main.c(402): warning:  #128-D: loop is not reachable from preceding code
..\src\app\usr\main.c(239): warning:  #177-D: variable "j" was declared but never referenced
..\src\app\usr\main.c(240): warning:  #177-D: variable "timer_tmp" was declared but never referenced
compiling mem_str.c...
compiling p_sys.c...
compiling hc595.c...
..\src\driver\drv_bsp\hc595.c(319): warning:  #177-D: variable "j" was declared but never referenced
..\src\driver\drv_bsp\hc595.c(320): warning:  #550-D: variable "mask" was set but never used
..\src\driver\drv_bsp\hc595.c(320): warning:  #550-D: variable "offset" was set but never used
..\src\driver\drv_bsp\hc595.c(321): warning:  #177-D: variable "add_value" was declared but never referenced
compiling MyApp.c...
compiling MyAudio.c...
compiling MyAudioSample.c...
compiling MyBoard.c...
..\src\driver\drv_bsp\MyBoard.c(255): warning:  #223-D: function "HC595_GPIO_config" declared implicitly
compiling MyCommander.c...
compiling MyEthernet.c...
compiling MyFlash.c...
compiling MyHttpd.c...
..\src\driver\drv_bsp\MyHttpd.c(82): warning:  #177-D: function "http_state_free" was declared but never referenced
compiling MyI2c.c...
compiling MyI2s.c...
compiling MyLwip.c...
compiling MyMiscFunc.c...
compiling MyNet.c...
compiling MyProtocol.c...
compiling MyStorage.c...
compiling MySwitch.c...
compiling MyTimer.c...
compiling stm32f2xx_it.c...
compiling bsp_dev_id.c...
..\src\driver\drv_bsp\bsp_dev_id.c(83): warning:  #186-D: pointless comparison of unsigned integer with zero
compiling core_cm3.c...
assembling startup_stm32f2xx.s...
compiling system_stm32f2xx.c...
compiling stm32f2x7_eth.c...
..\src\driver\drv_ether\stm32f2x7_eth.c(273): warning:  #177-D: variable "RegValue" was declared but never referenced
compiling api_lib.c...
compiling api_msg.c...
compiling err.c...
compiling netbuf.c...
compiling netdb.c...
compiling netifapi.c...
compiling sockets.c...
compiling tcpip.c...
compiling init.c...
compiling mem.c...
..\src\driver\drv_lwip_v1.3.2\src\core\mem.c(184): warning:  #550-D: variable "mem_sem" was set but never used
compiling memp.c...
compiling netif.c...
compiling pbuf.c...
compiling raw.c...
compiling stats.c...
compiling sys.c...
compiling tcp.c...
compiling tcp_in.c...
compiling tcp_out.c...
..\src\driver\drv_lwip_v1.3.2\src\core\tcp_out.c(465): warning:  #550-D: variable "tcphdr" was set but never used
..\src\driver\drv_lwip_v1.3.2\src\core\tcp_out.c(935): warning:  #550-D: variable "tcphdr" was set but never used
compiling udp.c...
compiling autoip.c...
compiling icmp.c...
compiling igmp.c...
compiling inet.c...
compiling inet_chksum.c...
compiling ip.c...
compiling ip_addr.c...
compiling ip_frag.c...
compiling etharp.c...
compiling loopif.c...
compiling slipif.c...
compiling dhcp.c...
compiling ethernetif.c...
compiling misc.c...
compiling stm32f2xx_dbgmcu.c...
compiling stm32f2xx_dma.c...
compiling stm32f2xx_exti.c...
compiling stm32f2xx_flash.c...
compiling stm32f2xx_gpio.c...
compiling stm32f2xx_i2c.c...
compiling stm32f2xx_pwr.c...
compiling stm32f2xx_rcc.c...
compiling stm32f2xx_spi.c...
compiling stm32f2xx_syscfg.c...
compiling stm32f2xx_tim.c...
compiling stm32f2xx_usart.c...
compiling process_led.c...
compiling process_net.c...
compiling process_ledscreen.c...
..\src\app\process\process_ledscreen.c(28): warning:  #177-D: variable "disp_col_sum" was declared but never referenced
..\src\app\process\process_ledscreen.c(33): warning:  #177-D: variable "i" was declared but never referenced
..\src\app\process\process_ledscreen.c(33): warning:  #177-D: variable "j" was declared but never referenced
..\src\app\process\process_ledscreen.c(33): warning:  #177-D: variable "k" was declared but never referenced
linking...
Program Size: Code=49056 RO-data=1188 RW-data=848 ZI-data=80960  
FromELF: creating hex file...
".\out\dvlp_prj.axf" - 0 Error(s), 18 Warning(s).
Build target 'Target 1'
compiling main.c...
..\src\app\usr\main.c(402): warning:  #128-D: loop is not reachable from preceding code
..\src\app\usr\main.c(239): warning:  #177-D: variable "j" was declared but never referenced
..\src\app\usr\main.c(240): warning:  #177-D: variable "timer_tmp" was declared but never referenced
compiling mem_str.c...
compiling p_sys.c...
compiling hc595.c...
..\src\driver\drv_bsp\hc595.c(319): warning:  #177-D: variable "j" was declared but never referenced
..\src\driver\drv_bsp\hc595.c(320): warning:  #550-D: variable "mask" was set but never used
..\src\driver\drv_bsp\hc595.c(320): warning:  #550-D: variable "offset" was set but never used
..\src\driver\drv_bsp\hc595.c(321): warning:  #177-D: variable "add_value" was declared but never referenced
compiling MyApp.c...
compiling MyAudio.c...
compiling MyAudioSample.c...
compiling MyBoard.c...
..\src\driver\drv_bsp\MyBoard.c(255): warning:  #223-D: function "HC595_GPIO_config" declared implicitly
compiling MyCommander.c...
compiling MyEthernet.c...
compiling MyFlash.c...
compiling MyHttpd.c...
..\src\driver\drv_bsp\MyHttpd.c(82): warning:  #177-D: function "http_state_free" was declared but never referenced
compiling MyI2c.c...
compiling MyI2s.c...
compiling MyLwip.c...
compiling MyMiscFunc.c...
compiling MyNet.c...
compiling MyProtocol.c...
compiling MyStorage.c...
compiling MySwitch.c...
compiling MyTimer.c...
compiling stm32f2xx_it.c...
compiling bsp_dev_id.c...
compiling core_cm3.c...
assembling startup_stm32f2xx.s...
compiling system_stm32f2xx.c...
compiling stm32f2x7_eth.c...
..\src\driver\drv_ether\stm32f2x7_eth.c(273): warning:  #177-D: variable "RegValue" was declared but never referenced
compiling api_lib.c...
compiling api_msg.c...
compiling err.c...
compiling netbuf.c...
compiling netdb.c...
compiling netifapi.c...
compiling sockets.c...
compiling tcpip.c...
compiling init.c...
compiling mem.c...
..\src\driver\drv_lwip_v1.3.2\src\core\mem.c(184): warning:  #550-D: variable "mem_sem" was set but never used
compiling memp.c...
compiling netif.c...
compiling pbuf.c...
compiling raw.c...
compiling stats.c...
compiling sys.c...
compiling tcp.c...
compiling tcp_in.c...
compiling tcp_out.c...
..\src\driver\drv_lwip_v1.3.2\src\core\tcp_out.c(465): warning:  #550-D: variable "tcphdr" was set but never used
..\src\driver\drv_lwip_v1.3.2\src\core\tcp_out.c(935): warning:  #550-D: variable "tcphdr" was set but never used
compiling udp.c...
compiling autoip.c...
compiling icmp.c...
compiling igmp.c...
compiling inet.c...
compiling inet_chksum.c...
compiling ip.c...
compiling ip_addr.c...
compiling ip_frag.c...
compiling etharp.c...
compiling loopif.c...
compiling slipif.c...
compiling dhcp.c...
compiling ethernetif.c...
compiling misc.c...
compiling stm32f2xx_dbgmcu.c...
compiling stm32f2xx_dma.c...
compiling stm32f2xx_exti.c...
compiling stm32f2xx_flash.c...
compiling stm32f2xx_gpio.c...
compiling stm32f2xx_i2c.c...
compiling stm32f2xx_pwr.c...
compiling stm32f2xx_rcc.c...
compiling stm32f2xx_spi.c...
compiling stm32f2xx_syscfg.c...
compiling stm32f2xx_tim.c...
compiling stm32f2xx_usart.c...
compiling process_led.c...
compiling process_net.c...
compiling process_ledscreen.c...
..\src\app\process\process_ledscreen.c(28): warning:  #177-D: variable "disp_col_sum" was declared but never referenced
..\src\app\process\process_ledscreen.c(33): warning:  #177-D: variable "i" was declared but never referenced
..\src\app\process\process_ledscreen.c(33): warning:  #177-D: variable "j" was declared but never referenced
..\src\app\process\process_ledscreen.c(33): warning:  #177-D: variable "k" was declared but never referenced
linking...
Program Size: Code=49056 RO-data=1188 RW-data=848 ZI-data=80960  
FromELF: creating hex file...
".\out\dvlp_prj.axf" - 0 Error(s), 17 Warning(s).
Build target 'Target 1'
compiling main.c...
..\src\app\usr\main.c(402): warning:  #128-D: loop is not reachable from preceding code
..\src\app\usr\main.c(239): warning:  #177-D: variable "j" was declared but never referenced
..\src\app\usr\main.c(240): warning:  #177-D: variable "timer_tmp" was declared but never referenced
compiling mem_str.c...
compiling p_sys.c...
compiling hc595.c...
compiling MyApp.c...
compiling MyAudio.c...
compiling MyAudioSample.c...
compiling MyBoard.c...
..\src\driver\drv_bsp\MyBoard.c(255): warning:  #223-D: function "HC595_GPIO_config" declared implicitly
compiling MyCommander.c...
compiling MyEthernet.c...
compiling MyFlash.c...
compiling MyHttpd.c...
..\src\driver\drv_bsp\MyHttpd.c(82): warning:  #177-D: function "http_state_free" was declared but never referenced
compiling MyI2c.c...
compiling MyI2s.c...
compiling MyLwip.c...
compiling MyMiscFunc.c...
compiling MyNet.c...
compiling MyProtocol.c...
compiling MyStorage.c...
compiling MySwitch.c...
compiling MyTimer.c...
compiling stm32f2xx_it.c...
compiling bsp_dev_id.c...
compiling core_cm3.c...
assembling startup_stm32f2xx.s...
compiling system_stm32f2xx.c...
compiling stm32f2x7_eth.c...
..\src\driver\drv_ether\stm32f2x7_eth.c(273): warning:  #177-D: variable "RegValue" was declared but never referenced
compiling api_lib.c...
compiling api_msg.c...
compiling err.c...
compiling netbuf.c...
compiling netdb.c...
compiling netifapi.c...
compiling sockets.c...
compiling tcpip.c...
compiling init.c...
compiling mem.c...
..\src\driver\drv_lwip_v1.3.2\src\core\mem.c(184): warning:  #550-D: variable "mem_sem" was set but never used
compiling memp.c...
compiling netif.c...
compiling pbuf.c...
compiling raw.c...
compiling stats.c...
compiling sys.c...
compiling tcp.c...
compiling tcp_in.c...
compiling tcp_out.c...
..\src\driver\drv_lwip_v1.3.2\src\core\tcp_out.c(465): warning:  #550-D: variable "tcphdr" was set but never used
..\src\driver\drv_lwip_v1.3.2\src\core\tcp_out.c(935): warning:  #550-D: variable "tcphdr" was set but never used
compiling udp.c...
compiling autoip.c...
compiling icmp.c...
compiling igmp.c...
compiling inet.c...
compiling inet_chksum.c...
compiling ip.c...
compiling ip_addr.c...
compiling ip_frag.c...
compiling etharp.c...
compiling loopif.c...
compiling slipif.c...
compiling dhcp.c...
compiling ethernetif.c...
compiling misc.c...
compiling stm32f2xx_dbgmcu.c...
compiling stm32f2xx_dma.c...
compiling stm32f2xx_exti.c...
compiling stm32f2xx_flash.c...
compiling stm32f2xx_gpio.c...
compiling stm32f2xx_i2c.c...
compiling stm32f2xx_pwr.c...
compiling stm32f2xx_rcc.c...
compiling stm32f2xx_spi.c...
compiling stm32f2xx_syscfg.c...
compiling stm32f2xx_tim.c...
compiling stm32f2xx_usart.c...
compiling process_led.c...
compiling process_net.c...
compiling process_ledscreen.c...
linking...
Program Size: Code=48796 RO-data=1188 RW-data=848 ZI-data=80960  
FromELF: creating hex file...
".\out\dvlp_prj.axf" - 0 Error(s), 9 Warning(s).
Build target 'Target 1'
compiling main.c...
..\src\app\usr\main.c(402): warning:  #128-D: loop is not reachable from preceding code
..\src\app\usr\main.c(239): warning:  #177-D: variable "j" was declared but never referenced
compiling mem_str.c...
compiling p_sys.c...
compiling hc595.c...
compiling MyApp.c...
compiling MyAudio.c...
compiling MyBoard.c...
compiling MyCommander.c...
compiling MyEthernet.c...
compiling MyFlash.c...
compiling MyHttpd.c...
..\src\driver\drv_bsp\MyHttpd.c(82): warning:  #177-D: function "http_state_free" was declared but never referenced
compiling MyI2c.c...
compiling MyI2s.c...
compiling MyLwip.c...
compiling MyMiscFunc.c...
compiling MyNet.c...
compiling MyProtocol.c...
compiling MyStorage.c...
compiling MySwitch.c...
Project build/rebuild aborted.
Target not created
Build target 'Target 1'
compiling main.c...
..\src\app\usr\main.c(402): warning:  #128-D: loop is not reachable from preceding code
..\src\app\usr\main.c(239): warning:  #177-D: variable "j" was declared but never referenced
compiling mem_str.c...
compiling p_sys.c...
compiling hc595.c...
compiling MyApp.c...
compiling MyAudio.c...
compiling MyAudioSample.c...
compiling MyBoard.c...
compiling MyCommander.c...
compiling MyEthernet.c...
compiling MyFlash.c...
compiling MyHttpd.c...
..\src\driver\drv_bsp\MyHttpd.c(82): warning:  #177-D: function "http_state_free" was declared but never referenced
compiling MyI2c.c...
compiling MyI2s.c...
compiling MyLwip.c...
compiling MyMiscFunc.c...
compiling MyNet.c...
compiling MyProtocol.c...
compiling MyStorage.c...
compiling MySwitch.c...
compiling MyTimer.c...
compiling stm32f2xx_it.c...
compiling bsp_dev_id.c...
compiling core_cm3.c...
assembling startup_stm32f2xx.s...
compiling system_stm32f2xx.c...
compiling stm32f2x7_eth.c...
..\src\driver\drv_ether\stm32f2x7_eth.c(273): warning:  #177-D: variable "RegValue" was declared but never referenced
compiling api_lib.c...
compiling api_msg.c...
compiling err.c...
compiling netbuf.c...
compiling netdb.c...
compiling netifapi.c...
compiling sockets.c...
compiling tcpip.c...
compiling init.c...
compiling mem.c...
..\src\driver\drv_lwip_v1.3.2\src\core\mem.c(184): warning:  #550-D: variable "mem_sem" was set but never used
compiling memp.c...
compiling netif.c...
compiling pbuf.c...
compiling raw.c...
compiling stats.c...
compiling sys.c...
compiling tcp.c...
compiling tcp_in.c...
compiling tcp_out.c...
..\src\driver\drv_lwip_v1.3.2\src\core\tcp_out.c(465): warning:  #550-D: variable "tcphdr" was set but never used
..\src\driver\drv_lwip_v1.3.2\src\core\tcp_out.c(935): warning:  #550-D: variable "tcphdr" was set but never used
compiling udp.c...
compiling autoip.c...
compiling icmp.c...
compiling igmp.c...
compiling inet.c...
compiling inet_chksum.c...
compiling ip.c...
compiling ip_addr.c...
compiling ip_frag.c...
compiling etharp.c...
compiling loopif.c...
compiling slipif.c...
compiling dhcp.c...
compiling ethernetif.c...
compiling misc.c...
compiling stm32f2xx_dbgmcu.c...
compiling stm32f2xx_dma.c...
compiling stm32f2xx_exti.c...
compiling stm32f2xx_flash.c...
compiling stm32f2xx_gpio.c...
compiling stm32f2xx_i2c.c...
compiling stm32f2xx_pwr.c...
compiling stm32f2xx_rcc.c...
compiling stm32f2xx_spi.c...
compiling stm32f2xx_syscfg.c...
compiling stm32f2xx_tim.c...
compiling stm32f2xx_usart.c...
compiling process_led.c...
compiling process_net.c...
compiling process_ledscreen.c...
linking...
Program Size: Code=48796 RO-data=1188 RW-data=844 ZI-data=80964  
FromELF: creating hex file...
".\out\dvlp_prj.axf" - 0 Error(s), 7 Warning(s).
Build target 'Target 1'
compiling main.c...
..\src\app\usr\main.c(402): warning:  #128-D: loop is not reachable from preceding code
..\src\app\usr\main.c(239): warning:  #177-D: variable "j" was declared but never referenced
compiling mem_str.c...
compiling p_sys.c...
Project build/rebuild aborted.
Target not created
Build target 'Target 1'
linking...
Program Size: Code=48796 RO-data=1188 RW-data=844 ZI-data=80964  
FromELF: creating hex file...
".\out\dvlp_prj.axf" - 0 Error(s), 0 Warning(s).
Load "E:\\share\\21.digitalpis-zhongdianzhan\\pro\\keil_proj\\proj\\out\\dvlp_prj.AXF" 
* JLink Info: Device "STM32F207ZC" selected (256 KB flash, 64 KB RAM).
Set JLink Project File to "E:\share\21.digitalpis-zhongdianzhan\pro\keil_proj\proj\JLinkSettings.ini"
 
JLink info:
------------
DLL: V4.35b, compiled Sep  2 2011 18:34:46
Firmware: J-Link ARM V8 compiled Sep  2 2011 17:54:36
Hardware: V8.00
S/N : 805306163 
Feature(s) : RDI,FlashDL,FlashBP,JFlash,GDBFull 
 
* JLink Info: Found SWD-DP with ID 0x2BA01477
* JLink Info: TPIU fitted.
* JLink Info: ETM fitted.
* JLink Info:   FPUnit: 6 code (BP) slots and 2 literal slots
* JLink Info: Found Cortex-M3 r2p0, Little endian.
ROMTableAddr = 0xE00FF003
* JLink Info: Found SWD-DP with ID 0x2BA01477
* JLink Info: TPIU fitted.
* JLink Info: ETM fitted.
* JLink Info:   FPUnit: 6 code (BP) slots and 2 literal slots
* JLink Info: Found Cortex-M3 r2p0, Little endian.
 
Target info:
------------
Device: STM32F207ZC
VTarget = 3.287V
State of Pins: 
TCK: 0, TDI: 1, TDO: 1, TMS: 0, TRES: 1, TRST: 1
Hardware-Breakpoints: 6
Software-Breakpoints: 8192
Watchpoints:          4
JTAG speed: 1000 kHz
 
Erase Failed!
Load "E:\\share\\21.digitalpis-zhongdianzhan\\pro\\keil_proj\\proj\\out\\dvlp_prj.AXF" 
* JLink Info: Device "STM32F207ZC" selected (256 KB flash, 64 KB RAM).
Set JLink Project File to "E:\share\21.digitalpis-zhongdianzhan\pro\keil_proj\proj\JLinkSettings.ini"
 
JLink info:
------------
DLL: V4.35b, compiled Sep  2 2011 18:34:46
Firmware: J-Link ARM V8 compiled Sep  2 2011 17:54:36
Hardware: V8.00
S/N : 805306163 
Feature(s) : RDI,FlashDL,FlashBP,JFlash,GDBFull 
 
* JLink Info: TotalIRLen = 9, IRPrint = 0x0011
* JLink Info: Found Cortex-M3 r2p0, Little endian.
* JLink Info: TPIU fitted.
* JLink Info: ETM fitted.
* JLink Info:   FPUnit: 6 code (BP) slots and 2 literal slots
ROMTableAddr = 0xE00FF003
* JLink Info: TotalIRLen = 9, IRPrint = 0x0011
* JLink Info: Found Cortex-M3 r2p0, Little endian.
* JLink Info: TPIU fitted.
* JLink Info: ETM fitted.
* JLink Info:   FPUnit: 6 code (BP) slots and 2 literal slots
**JLink Warning: Could not set S_RESET_ST
 
Target info:
------------
Device: STM32F207ZC
VTarget = 3.293V
State of Pins: 
TCK: 1, TDI: 0, TDO: 1, TMS: 0, TRES: 1, TRST: 1
Hardware-Breakpoints: 6
Software-Breakpoints: 8192
Watchpoints:          4
JTAG speed: 500 kHz
 
Erase Failed!
Load "E:\\share\\21.digitalpis-zhongdianzhan\\pro\\keil_proj\\proj\\out\\dvlp_prj.AXF" 
* JLink Info: Device "STM32F207ZC" selected (256 KB flash, 64 KB RAM).
Set JLink Project File to "E:\share\21.digitalpis-zhongdianzhan\pro\keil_proj\proj\JLinkSettings.ini"
 
JLink info:
------------
DLL: V4.35b, compiled Sep  2 2011 18:34:46
Firmware: J-Link ARM V8 compiled Sep  2 2011 17:54:36
Hardware: V8.00
S/N : 805306163 
Feature(s) : RDI,FlashDL,FlashBP,JFlash,GDBFull 
 
* JLink Info: TotalIRLen = 9, IRPrint = 0x0011
* JLink Info: Found Cortex-M3 r2p0, Little endian.
* JLink Info: TPIU fitted.
* JLink Info: ETM fitted.
* JLink Info:   FPUnit: 6 code (BP) slots and 2 literal slots
ROMTableAddr = 0xE00FF003
* JLink Info: TotalIRLen = 9, IRPrint = 0x0011
* JLink Info: Found Cortex-M3 r2p0, Little endian.
* JLink Info: TPIU fitted.
* JLink Info: ETM fitted.
* JLink Info:   FPUnit: 6 code (BP) slots and 2 literal slots
**JLink Warning: Could not set S_RESET_ST
 
Target info:
------------
Device: STM32F207ZC
VTarget = 3.287V
State of Pins: 
TCK: 1, TDI: 0, TDO: 1, TMS: 0, TRES: 1, TRST: 1
Hardware-Breakpoints: 6
Software-Breakpoints: 8192
Watchpoints:          4
JTAG speed: 500 kHz
 
Erase Done.
**JLink Warning: CPU could not be halted
***JLink Error: Can not read register 15 (R15) while CPU is running
**JLink Warning: CPU could not be halted
Programming Failed!
Load "E:\\share\\21.digitalpis-zhongdianzhan\\pro\\keil_proj\\proj\\out\\dvlp_prj.AXF" 
* JLink Info: Device "STM32F207ZC" selected (256 KB flash, 64 KB RAM).
Set JLink Project File to "E:\share\21.digitalpis-zhongdianzhan\pro\keil_proj\proj\JLinkSettings.ini"
 
JLink info:
------------
DLL: V4.35b, compiled Sep  2 2011 18:34:46
Firmware: J-Link ARM V8 compiled Sep  2 2011 17:54:36
Hardware: V8.00
S/N : 805306163 
Feature(s) : RDI,FlashDL,FlashBP,JFlash,GDBFull 
 
* JLink Info: TotalIRLen = 9, IRPrint = 0x0011
* JLink Info: Found Cortex-M3 r2p0, Little endian.
* JLink Info: TPIU fitted.
* JLink Info: ETM fitted.
* JLink Info:   FPUnit: 6 code (BP) slots and 2 literal slots
ROMTableAddr = 0xE00FF003
* JLink Info: TotalIRLen = 9, IRPrint = 0x0011
* JLink Info: Found Cortex-M3 r2p0, Little endian.
* JLink Info: TPIU fitted.
* JLink Info: ETM fitted.
* JLink Info:   FPUnit: 6 code (BP) slots and 2 literal slots
**JLink Warning: Could not set S_RESET_ST
 
Target info:
------------
Device: STM32F207ZC
VTarget = 3.293V
State of Pins: 
TCK: 1, TDI: 0, TDO: 1, TMS: 0, TRES: 1, TRST: 1
Hardware-Breakpoints: 6
Software-Breakpoints: 8192
Watchpoints:          4
JTAG speed: 500 kHz
 
Erase Failed!
Load "E:\\share\\21.digitalpis-zhongdianzhan\\pro\\keil_proj\\proj\\out\\dvlp_prj.AXF" 
* JLink Info: Device "STM32F207ZC" selected (256 KB flash, 64 KB RAM).
Set JLink Project File to "E:\share\21.digitalpis-zhongdianzhan\pro\keil_proj\proj\JLinkSettings.ini"
 
JLink info:
------------
DLL: V4.35b, compiled Sep  2 2011 18:34:46
Firmware: J-Link ARM V8 compiled Sep  2 2011 17:54:36
Hardware: V8.00
S/N : 805306163 
Feature(s) : RDI,FlashDL,FlashBP,JFlash,GDBFull 
 
* JLink Info: TotalIRLen = 9, IRPrint = 0x0011
* JLink Info: Found Cortex-M3 r2p0, Little endian.
* JLink Info: TPIU fitted.
* JLink Info: ETM fitted.
* JLink Info:   FPUnit: 6 code (BP) slots and 2 literal slots
ROMTableAddr = 0xE00FF003
* JLink Info: TotalIRLen = 9, IRPrint = 0x0011
* JLink Info: Found Cortex-M3 r2p0, Little endian.
* JLink Info: TPIU fitted.
* JLink Info: ETM fitted.
* JLink Info:   FPUnit: 6 code (BP) slots and 2 literal slots
**JLink Warning: Could not set S_RESET_ST
 
Target info:
------------
Device: STM32F207ZC
VTarget = 3.293V
State of Pins: 
TCK: 1, TDI: 0, TDO: 1, TMS: 0, TRES: 1, TRST: 1
Hardware-Breakpoints: 6
Software-Breakpoints: 8192
Watchpoints:          4
JTAG speed: 500 kHz
 
Erase Done.
Programming Done.
Verify OK.
Build target 'Target 1'
compiling main.c...
..\src\app\usr\main.c(406): warning:  #128-D: loop is not reachable from preceding code
..\src\app\usr\main.c(239): warning:  #177-D: variable "j" was declared but never referenced
linking...
Program Size: Code=48816 RO-data=1188 RW-data=848 ZI-data=80960  
FromELF: creating hex file...
".\out\dvlp_prj.axf" - 0 Error(s), 2 Warning(s).
Load "E:\\share\\21.digitalpis-zhongdianzhan\\pro\\keil_proj\\proj\\out\\dvlp_prj.AXF" 
* JLink Info: Device "STM32F207ZC" selected (256 KB flash, 64 KB RAM).
Set JLink Project File to "E:\share\21.digitalpis-zhongdianzhan\pro\keil_proj\proj\JLinkSettings.ini"
 
JLink info:
------------
DLL: V4.35b, compiled Sep  2 2011 18:34:46
Firmware: J-Link ARM V8 compiled Sep  2 2011 17:54:36
Hardware: V8.00
S/N : 805306163 
Feature(s) : RDI,FlashDL,FlashBP,JFlash,GDBFull 
 
* JLink Info: TotalIRLen = 9, IRPrint = 0x0011
* JLink Info: Found Cortex-M3 r2p0, Little endian.
* JLink Info: TPIU fitted.
* JLink Info: ETM fitted.
* JLink Info:   FPUnit: 6 code (BP) slots and 2 literal slots
ROMTableAddr = 0xE00FF003
* JLink Info: TotalIRLen = 9, IRPrint = 0x0011
* JLink Info: Found Cortex-M3 r2p0, Little endian.
* JLink Info: TPIU fitted.
* JLink Info: ETM fitted.
* JLink Info:   FPUnit: 6 code (BP) slots and 2 literal slots
**JLink Warning: Could not set S_RESET_ST
 
Target info:
------------
Device: STM32F207ZC
VTarget = 3.293V
State of Pins: 
TCK: 1, TDI: 0, TDO: 1, TMS: 0, TRES: 1, TRST: 1
Hardware-Breakpoints: 6
Software-Breakpoints: 8192
Watchpoints:          4
JTAG speed: 500 kHz
 
Erase Done.
Programming Done.
Verify OK.
Build target 'Target 1'
linking...
Program Size: Code=48816 RO-data=1188 RW-data=848 ZI-data=80960  
FromELF: creating hex file...
".\out\dvlp_prj.axf" - 0 Error(s), 0 Warning(s).
Load "E:\\share\\21.digitalpis-zhongdianzhan\\pro\\keil_proj\\proj\\out\\dvlp_prj.AXF" 
* JLink Info: Device "STM32F207ZC" selected (256 KB flash, 64 KB RAM).
Set JLink Project File to "E:\share\21.digitalpis-zhongdianzhan\pro\keil_proj\proj\JLinkSettings.ini"
 
JLink info:
------------
DLL: V4.35b, compiled Sep  2 2011 18:34:46
Firmware: J-Link ARM V8 compiled Sep  2 2011 17:54:36
Hardware: V8.00
S/N : 805306163 
Feature(s) : RDI,FlashDL,FlashBP,JFlash,GDBFull 
 
* JLink Info: TotalIRLen = 9, IRPrint = 0x0011
* JLink Info: Found Cortex-M3 r2p0, Little endian.
* JLink Info: TPIU fitted.
* JLink Info: ETM fitted.
* JLink Info:   FPUnit: 6 code (BP) slots and 2 literal slots
ROMTableAddr = 0xE00FF003
* JLink Info: TotalIRLen = 9, IRPrint = 0x0011
* JLink Info: Found Cortex-M3 r2p0, Little endian.
* JLink Info: TPIU fitted.
* JLink Info: ETM fitted.
* JLink Info:   FPUnit: 6 code (BP) slots and 2 literal slots
**JLink Warning: Could not set S_RESET_ST
 
Target info:
------------
Device: STM32F207ZC
VTarget = 3.293V
State of Pins: 
TCK: 1, TDI: 0, TDO: 1, TMS: 0, TRES: 1, TRST: 1
Hardware-Breakpoints: 6
Software-Breakpoints: 8192
Watchpoints:          4
JTAG speed: 1000 kHz
 
Erase Done.
Programming Done.
Verify OK.
Build target 'Target 1'
compiling main.c...
..\src\app\usr\main.c(406): warning:  #128-D: loop is not reachable from preceding code
..\src\app\usr\main.c(239): warning:  #177-D: variable "j" was declared but never referenced
compiling mem_str.c...
compiling p_sys.c...
compiling hc595.c...
compiling MyApp.c...
compiling MyAudio.c...
compiling MyBoard.c...
compiling MyCommander.c...
compiling MyEthernet.c...
compiling MyFlash.c...
compiling MyHttpd.c...
..\src\driver\drv_bsp\MyHttpd.c(82): warning:  #177-D: function "http_state_free" was declared but never referenced
compiling MyI2c.c...
compiling MyI2s.c...
compiling MyLwip.c...
compiling MyMiscFunc.c...
compiling MyNet.c...
compiling MyProtocol.c...
compiling MyStorage.c...
compiling MySwitch.c...
compiling MyTimer.c...
compiling stm32f2xx_it.c...
compiling bsp_dev_id.c...
compiling ethernetif.c...
compiling process_led.c...
compiling process_net.c...
compiling process_ledscreen.c...
linking...
Program Size: Code=48816 RO-data=1188 RW-data=848 ZI-data=80960  
FromELF: creating hex file...
".\out\dvlp_prj.axf" - 0 Error(s), 3 Warning(s).
Load "E:\\share\\21.digitalpis-zhongdianzhan\\pro\\keil_proj\\proj\\out\\dvlp_prj.AXF" 
* JLink Info: Device "STM32F207ZC" selected (256 KB flash, 64 KB RAM).
Set JLink Project File to "E:\share\21.digitalpis-zhongdianzhan\pro\keil_proj\proj\JLinkSettings.ini"
 
JLink info:
------------
DLL: V4.35b, compiled Sep  2 2011 18:34:46
Firmware: J-Link ARM V8 compiled Sep  2 2011 17:54:36
Hardware: V8.00
S/N : 805306163 
Feature(s) : RDI,FlashDL,FlashBP,JFlash,GDBFull 
 
* JLink Info: TotalIRLen = 9, IRPrint = 0x0011
* JLink Info: Found Cortex-M3 r2p0, Little endian.
* JLink Info: TPIU fitted.
* JLink Info: ETM fitted.
* JLink Info:   FPUnit: 6 code (BP) slots and 2 literal slots
ROMTableAddr = 0xE00FF003
* JLink Info: TotalIRLen = 9, IRPrint = 0x0011
* JLink Info: Found Cortex-M3 r2p0, Little endian.
* JLink Info: TPIU fitted.
* JLink Info: ETM fitted.
* JLink Info:   FPUnit: 6 code (BP) slots and 2 literal slots
**JLink Warning: Could not set S_RESET_ST
 
Target info:
------------
Device: STM32F207ZC
VTarget = 3.293V
State of Pins: 
TCK: 1, TDI: 0, TDO: 1, TMS: 0, TRES: 1, TRST: 1
Hardware-Breakpoints: 6
Software-Breakpoints: 8192
Watchpoints:          0
JTAG speed: 1000 kHz
 
Erase Done.
Programming Done.
Verify OK.
Build target 'Target 1'
compiling main.c...
..\src\app\usr\main.c(406): warning:  #128-D: loop is not reachable from preceding code
..\src\app\usr\main.c(239): warning:  #177-D: variable "j" was declared but never referenced
compiling mem_str.c...
compiling p_sys.c...
compiling hc595.c...
compiling MyApp.c...
compiling MyAudio.c...
compiling MyBoard.c...
compiling MyCommander.c...
compiling MyEthernet.c...
compiling MyFlash.c...
compiling MyHttpd.c...
..\src\driver\drv_bsp\MyHttpd.c(82): warning:  #177-D: function "http_state_free" was declared but never referenced
compiling MyI2c.c...
compiling MyI2s.c...
compiling MyLwip.c...
compiling MyMiscFunc.c...
compiling MyNet.c...
compiling MyProtocol.c...
compiling MyStorage.c...
compiling MySwitch.c...
compiling MyTimer.c...
compiling stm32f2xx_it.c...
compiling bsp_dev_id.c...
compiling ethernetif.c...
compiling process_led.c...
compiling process_net.c...
compiling process_ledscreen.c...
linking...
Program Size: Code=48816 RO-data=1188 RW-data=848 ZI-data=80960  
FromELF: creating hex file...
".\out\dvlp_prj.axf" - 0 Error(s), 3 Warning(s).
Load "E:\\share\\21.digitalpis-zhongdianzhan\\pro\\keil_proj\\proj\\out\\dvlp_prj.AXF" 
Load "E:\\share\\21.digitalpis-zhongdianzhan\\pro\\keil_proj\\proj\\out\\dvlp_prj.AXF" 
* JLink Info: Device "STM32F207ZC" selected (256 KB flash, 64 KB RAM).
Set JLink Project File to "E:\share\21.digitalpis-zhongdianzhan\pro\keil_proj\proj\JLinkSettings.ini"
 
JLink info:
------------
DLL: V4.35b, compiled Sep  2 2011 18:34:46
Firmware: J-Link ARM V8 compiled Sep  2 2011 17:54:36
Hardware: V8.00
S/N : 805306163 
Feature(s) : RDI,FlashDL,FlashBP,JFlash,GDBFull 
 
* JLink Info: TotalIRLen = 9, IRPrint = 0x0011
* JLink Info: Found Cortex-M3 r2p0, Little endian.
* JLink Info: TPIU fitted.
* JLink Info: ETM fitted.
* JLink Info:   FPUnit: 6 code (BP) slots and 2 literal slots
ROMTableAddr = 0xE00FF003
* JLink Info: TotalIRLen = 9, IRPrint = 0x0011
* JLink Info: Found Cortex-M3 r2p0, Little endian.
* JLink Info: TPIU fitted.
* JLink Info: ETM fitted.
* JLink Info:   FPUnit: 6 code (BP) slots and 2 literal slots
**JLink Warning: Could not set S_RESET_ST
 
Target info:
------------
Device: STM32F207ZC
VTarget = 3.293V
State of Pins: 
TCK: 1, TDI: 0, TDO: 1, TMS: 0, TRES: 1, TRST: 1
Hardware-Breakpoints: 6
Software-Breakpoints: 8192
Watchpoints:          0
JTAG speed: 1000 kHz
 
Erase Done.
Programming Done.
Verify OK.
Build target 'Target 1'
compiling main.c...
..\src\app\usr\main.c(406): warning:  #128-D: loop is not reachable from preceding code
..\src\app\usr\main.c(239): warning:  #177-D: variable "j" was declared but never referenced
linking...
Program Size: Code=48816 RO-data=1188 RW-data=848 ZI-data=80960  
FromELF: creating hex file...
".\out\dvlp_prj.axf" - 0 Error(s), 2 Warning(s).
Load "E:\\share\\21.digitalpis-zhongdianzhan\\pro\\keil_proj\\proj\\out\\dvlp_prj.AXF" 
* JLink Info: Device "STM32F207ZC" selected (256 KB flash, 64 KB RAM).
Set JLink Project File to "E:\share\21.digitalpis-zhongdianzhan\pro\keil_proj\proj\JLinkSettings.ini"
 
JLink info:
------------
DLL: V4.35b, compiled Sep  2 2011 18:34:46
Firmware: J-Link ARM V8 compiled Sep  2 2011 17:54:36
Hardware: V8.00
S/N : 805306163 
Feature(s) : RDI,FlashDL,FlashBP,JFlash,GDBFull 
 
* JLink Info: TotalIRLen = 9, IRPrint = 0x0011
* JLink Info: Found Cortex-M3 r2p0, Little endian.
* JLink Info: TPIU fitted.
* JLink Info: ETM fitted.
* JLink Info:   FPUnit: 6 code (BP) slots and 2 literal slots
ROMTableAddr = 0xE00FF003
* JLink Info: TotalIRLen = 9, IRPrint = 0x0011
* JLink Info: Found Cortex-M3 r2p0, Little endian.
* JLink Info: TPIU fitted.
* JLink Info: ETM fitted.
* JLink Info:   FPUnit: 6 code (BP) slots and 2 literal slots
**JLink Warning: Could not set S_RESET_ST
 
Target info:
------------
Device: STM32F207ZC
VTarget = 3.293V
State of Pins: 
TCK: 1, TDI: 0, TDO: 1, TMS: 0, TRES: 1, TRST: 1
Hardware-Breakpoints: 6
Software-Breakpoints: 8192
Watchpoints:          0
JTAG speed: 1000 kHz
 
Erase Done.
Programming Done.
Verify OK.
Build target 'Target 1'
compiling main.c...
..\src\app\usr\main.c(406): warning:  #128-D: loop is not reachable from preceding code
..\src\app\usr\main.c(239): warning:  #177-D: variable "j" was declared but never referenced
linking...
Program Size: Code=48816 RO-data=1188 RW-data=848 ZI-data=80960  
FromELF: creating hex file...
".\out\dvlp_prj.axf" - 0 Error(s), 2 Warning(s).
Build target 'Target 1'
linking...
Program Size: Code=48816 RO-data=1188 RW-data=848 ZI-data=80960  
FromELF: creating hex file...
".\out\dvlp_prj.axf" - 0 Error(s), 0 Warning(s).
Load "E:\\share\\21.digitalpis-zhongdianzhan\\pro\\keil_proj\\proj\\out\\dvlp_prj.AXF" 
* JLink Info: Device "STM32F207ZC" selected (256 KB flash, 64 KB RAM).
Set JLink Project File to "E:\share\21.digitalpis-zhongdianzhan\pro\keil_proj\proj\JLinkSettings.ini"
 
JLink info:
------------
DLL: V4.35b, compiled Sep  2 2011 18:34:46
Firmware: J-Link ARM V8 compiled Sep  2 2011 17:54:36
Hardware: V8.00
S/N : 805306163 
Feature(s) : RDI,FlashDL,FlashBP,JFlash,GDBFull 
 
* JLink Info: TotalIRLen = 9, IRPrint = 0x0011
* JLink Info: Found Cortex-M3 r2p0, Little endian.
* JLink Info: TPIU fitted.
* JLink Info: ETM fitted.
* JLink Info:   FPUnit: 6 code (BP) slots and 2 literal slots
ROMTableAddr = 0xE00FF003
* JLink Info: TotalIRLen = 9, IRPrint = 0x0011
* JLink Info: Found Cortex-M3 r2p0, Little endian.
* JLink Info: TPIU fitted.
* JLink Info: ETM fitted.
* JLink Info:   FPUnit: 6 code (BP) slots and 2 literal slots
**JLink Warning: Could not set S_RESET_ST
 
Target info:
------------
Device: STM32F207ZC
VTarget = 3.293V
State of Pins: 
TCK: 1, TDI: 0, TDO: 1, TMS: 0, TRES: 1, TRST: 1
Hardware-Breakpoints: 6
Software-Breakpoints: 8192
Watchpoints:          4
JTAG speed: 2000 kHz
 
Erase Done.
Programming Done.
Verify OK.
Build target 'Target 1'
compiling main.c...
..\src\app\usr\main.c(406): warning:  #128-D: loop is not reachable from preceding code
..\src\app\usr\main.c(239): warning:  #177-D: variable "j" was declared but never referenced
linking...
Program Size: Code=48816 RO-data=1188 RW-data=848 ZI-data=80960  
FromELF: creating hex file...
".\out\dvlp_prj.axf" - 0 Error(s), 2 Warning(s).
Load "E:\\share\\21.digitalpis-zhongdianzhan\\pro\\keil_proj\\proj\\out\\dvlp_prj.AXF" 
* JLink Info: Device "STM32F207ZC" selected (256 KB flash, 64 KB RAM).
Set JLink Project File to "E:\share\21.digitalpis-zhongdianzhan\pro\keil_proj\proj\JLinkSettings.ini"
 
JLink info:
------------
DLL: V4.35b, compiled Sep  2 2011 18:34:46
Firmware: J-Link ARM V8 compiled Sep  2 2011 17:54:36
Hardware: V8.00
S/N : 805306163 
Feature(s) : RDI,FlashDL,FlashBP,JFlash,GDBFull 
 
* JLink Info: TotalIRLen = 9, IRPrint = 0x0011
* JLink Info: Found Cortex-M3 r2p0, Little endian.
* JLink Info: TPIU fitted.
* JLink Info: ETM fitted.
* JLink Info:   FPUnit: 6 code (BP) slots and 2 literal slots
ROMTableAddr = 0xE00FF003
* JLink Info: TotalIRLen = 9, IRPrint = 0x0011
* JLink Info: Found Cortex-M3 r2p0, Little endian.
* JLink Info: TPIU fitted.
* JLink Info: ETM fitted.
* JLink Info:   FPUnit: 6 code (BP) slots and 2 literal slots
**JLink Warning: Could not set S_RESET_ST
 
Target info:
------------
Device: STM32F207ZC
VTarget = 3.293V
State of Pins: 
TCK: 1, TDI: 0, TDO: 1, TMS: 0, TRES: 1, TRST: 1
Hardware-Breakpoints: 6
Software-Breakpoints: 8192
Watchpoints:          0
JTAG speed: 2000 kHz
 
Erase Done.
Programming Done.
Verify OK.
Build target 'Target 1'
compiling main.c...
..\src\app\usr\main.c(409): warning:  #128-D: loop is not reachable from preceding code
..\src\app\usr\main.c(239): warning:  #177-D: variable "j" was declared but never referenced
..\src\app\usr\main.c(248): warning:  #550-D: variable "timer_1" was set but never used
linking...
Program Size: Code=48820 RO-data=1188 RW-data=848 ZI-data=80960  
FromELF: creating hex file...
".\out\dvlp_prj.axf" - 0 Error(s), 3 Warning(s).
Load "E:\\share\\21.digitalpis-zhongdianzhan\\pro\\keil_proj\\proj\\out\\dvlp_prj.AXF" 
* JLink Info: Device "STM32F207ZC" selected (256 KB flash, 64 KB RAM).
Set JLink Project File to "E:\share\21.digitalpis-zhongdianzhan\pro\keil_proj\proj\JLinkSettings.ini"
Load "E:\\share\\21.digitalpis-zhongdianzhan\\pro\\keil_proj\\proj\\out\\dvlp_prj.AXF" 
* JLink Info: Device "STM32F207ZC" selected (256 KB flash, 64 KB RAM).
Set JLink Project File to "E:\share\21.digitalpis-zhongdianzhan\pro\keil_proj\proj\JLinkSettings.ini"
 
JLink info:
------------
DLL: V4.35b, compiled Sep  2 2011 18:34:46
Firmware: J-Link ARM V8 compiled Sep  2 2011 17:54:36
Hardware: V8.00
S/N : 805306163 
Feature(s) : RDI,FlashDL,FlashBP,JFlash,GDBFull 
 
* JLink Info: TotalIRLen = 9, IRPrint = 0x0011
* JLink Info: Found Cortex-M3 r2p0, Little endian.
* JLink Info: TPIU fitted.
* JLink Info: ETM fitted.
* JLink Info:   FPUnit: 6 code (BP) slots and 2 literal slots
ROMTableAddr = 0xE00FF003
* JLink Info: TotalIRLen = 9, IRPrint = 0x0011
* JLink Info: Found Cortex-M3 r2p0, Little endian.
* JLink Info: TPIU fitted.
* JLink Info: ETM fitted.
* JLink Info:   FPUnit: 6 code (BP) slots and 2 literal slots
**JLink Warning: Could not set S_RESET_ST
 
Target info:
------------
Device: STM32F207ZC
VTarget = 3.293V
State of Pins: 
TCK: 1, TDI: 0, TDO: 1, TMS: 0, TRES: 1, TRST: 1
Hardware-Breakpoints: 6
Software-Breakpoints: 8192
Watchpoints:          4
JTAG speed: 2000 kHz
 
Erase Done.
Programming Done.
Verify OK.
Build target 'Target 1'
compiling main.c...
..\src\app\usr\main.c(409): warning:  #128-D: loop is not reachable from preceding code
..\src\app\usr\main.c(239): warning:  #177-D: variable "j" was declared but never referenced
..\src\app\usr\main.c(248): warning:  #550-D: variable "timer_1" was set but never used
linking...
Program Size: Code=48812 RO-data=1188 RW-data=848 ZI-data=80960  
FromELF: creating hex file...
".\out\dvlp_prj.axf" - 0 Error(s), 3 Warning(s).
Load "E:\\share\\21.digitalpis-zhongdianzhan\\pro\\keil_proj\\proj\\out\\dvlp_prj.AXF" 
* JLink Info: Device "STM32F207ZC" selected (256 KB flash, 64 KB RAM).
Set JLink Project File to "E:\share\21.digitalpis-zhongdianzhan\pro\keil_proj\proj\JLinkSettings.ini"
 
JLink info:
------------
DLL: V4.35b, compiled Sep  2 2011 18:34:46
Firmware: J-Link ARM V8 compiled Sep  2 2011 17:54:36
Hardware: V8.00
S/N : 805306163 
Feature(s) : RDI,FlashDL,FlashBP,JFlash,GDBFull 
 
* JLink Info: TotalIRLen = 9, IRPrint = 0x0011
* JLink Info: Found Cortex-M3 r2p0, Little endian.
* JLink Info: TPIU fitted.
* JLink Info: ETM fitted.
* JLink Info:   FPUnit: 6 code (BP) slots and 2 literal slots
ROMTableAddr = 0xE00FF003
* JLink Info: TotalIRLen = 9, IRPrint = 0x0011
* JLink Info: Found Cortex-M3 r2p0, Little endian.
* JLink Info: TPIU fitted.
* JLink Info: ETM fitted.
* JLink Info:   FPUnit: 6 code (BP) slots and 2 literal slots
**JLink Warning: Could not set S_RESET_ST
 
Target info:
------------
Device: STM32F207ZC
VTarget = 3.293V
State of Pins: 
TCK: 1, TDI: 0, TDO: 1, TMS: 0, TRES: 1, TRST: 1
Hardware-Breakpoints: 6
Software-Breakpoints: 8192
Watchpoints:          0
JTAG speed: 2000 kHz
 
Erase Done.
Programming Done.
Verify OK.
Build target 'Target 1'
compiling main.c...
..\src\app\usr\main.c(341): warning:  #175-D: subscript out of range
..\src\app\usr\main.c(409): warning:  #128-D: loop is not reachable from preceding code
..\src\app\usr\main.c(239): warning:  #177-D: variable "j" was declared but never referenced
..\src\app\usr\main.c(248): warning:  #550-D: variable "timer_1" was set but never used
linking...
Program Size: Code=48812 RO-data=1188 RW-data=848 ZI-data=80960  
FromELF: creating hex file...
".\out\dvlp_prj.axf" - 0 Error(s), 4 Warning(s).
Load "E:\\share\\21.digitalpis-zhongdianzhan\\pro\\keil_proj\\proj\\out\\dvlp_prj.AXF" 
* JLink Info: Device "STM32F207ZC" selected (256 KB flash, 64 KB RAM).
Set JLink Project File to "E:\share\21.digitalpis-zhongdianzhan\pro\keil_proj\proj\JLinkSettings.ini"
 
JLink info:
------------
DLL: V4.35b, compiled Sep  2 2011 18:34:46
Firmware: J-Link ARM V8 compiled Sep  2 2011 17:54:36
Hardware: V8.00
S/N : 805306163 
Feature(s) : RDI,FlashDL,FlashBP,JFlash,GDBFull 
 
* JLink Info: TotalIRLen = 9, IRPrint = 0x0011
* JLink Info: Found Cortex-M3 r2p0, Little endian.
* JLink Info: TPIU fitted.
* JLink Info: ETM fitted.
* JLink Info:   FPUnit: 6 code (BP) slots and 2 literal slots
ROMTableAddr = 0xE00FF003
* JLink Info: TotalIRLen = 9, IRPrint = 0x0011
* JLink Info: Found Cortex-M3 r2p0, Little endian.
* JLink Info: TPIU fitted.
* JLink Info: ETM fitted.
* JLink Info:   FPUnit: 6 code (BP) slots and 2 literal slots
**JLink Warning: Could not set S_RESET_ST
 
Target info:
------------
Device: STM32F207ZC
VTarget = 3.293V
State of Pins: 
TCK: 1, TDI: 0, TDO: 1, TMS: 0, TRES: 1, TRST: 1
Hardware-Breakpoints: 6
Software-Breakpoints: 8192
Watchpoints:          0
JTAG speed: 2000 kHz
 
Erase Done.
Programming Done.
Verify OK.
Build target 'Target 1'
compiling main.c...
..\src\app\usr\main.c(409): warning:  #128-D: loop is not reachable from preceding code
..\src\app\usr\main.c(239): warning:  #177-D: variable "j" was declared but never referenced
..\src\app\usr\main.c(248): warning:  #550-D: variable "timer_1" was set but never used
linking...
Program Size: Code=48812 RO-data=1188 RW-data=848 ZI-data=80960  
FromELF: creating hex file...
".\out\dvlp_prj.axf" - 0 Error(s), 3 Warning(s).
Load "E:\\share\\21.digitalpis-zhongdianzhan\\pro\\keil_proj\\proj\\out\\dvlp_prj.AXF" 
* JLink Info: Device "STM32F207ZC" selected (256 KB flash, 64 KB RAM).
Set JLink Project File to "E:\share\21.digitalpis-zhongdianzhan\pro\keil_proj\proj\JLinkSettings.ini"
 
JLink info:
------------
DLL: V4.35b, compiled Sep  2 2011 18:34:46
Firmware: J-Link ARM V8 compiled Sep  2 2011 17:54:36
Hardware: V8.00
S/N : 805306163 
Feature(s) : RDI,FlashDL,FlashBP,JFlash,GDBFull 
 
* JLink Info: TotalIRLen = 9, IRPrint = 0x0011
* JLink Info: Found Cortex-M3 r2p0, Little endian.
* JLink Info: TPIU fitted.
* JLink Info: ETM fitted.
* JLink Info:   FPUnit: 6 code (BP) slots and 2 literal slots
ROMTableAddr = 0xE00FF003
* JLink Info: TotalIRLen = 9, IRPrint = 0x0011
* JLink Info: Found Cortex-M3 r2p0, Little endian.
* JLink Info: TPIU fitted.
* JLink Info: ETM fitted.
* JLink Info:   FPUnit: 6 code (BP) slots and 2 literal slots
**JLink Warning: Could not set S_RESET_ST
 
Target info:
------------
Device: STM32F207ZC
VTarget = 3.293V
State of Pins: 
TCK: 1, TDI: 0, TDO: 1, TMS: 0, TRES: 1, TRST: 1
Hardware-Breakpoints: 6
Software-Breakpoints: 8192
Watchpoints:          0
JTAG speed: 2000 kHz
 
Erase Done.
Programming Done.
Verify OK.
Build target 'Target 1'
compiling hc595.c...
linking...
Program Size: Code=48864 RO-data=1188 RW-data=848 ZI-data=80960  
FromELF: creating hex file...
".\out\dvlp_prj.axf" - 0 Error(s), 0 Warning(s).
Load "E:\\share\\21.digitalpis-zhongdianzhan\\pro\\keil_proj\\proj\\out\\dvlp_prj.AXF" 
* JLink Info: Device "STM32F207ZC" selected (256 KB flash, 64 KB RAM).
Set JLink Project File to "E:\share\21.digitalpis-zhongdianzhan\pro\keil_proj\proj\JLinkSettings.ini"
 
JLink info:
------------
DLL: V4.35b, compiled Sep  2 2011 18:34:46
Firmware: J-Link ARM V8 compiled Sep  2 2011 17:54:36
Hardware: V8.00
S/N : 805306163 
Feature(s) : RDI,FlashDL,FlashBP,JFlash,GDBFull 
 
* JLink Info: TotalIRLen = 9, IRPrint = 0x0011
* JLink Info: Found Cortex-M3 r2p0, Little endian.
* JLink Info: TPIU fitted.
* JLink Info: ETM fitted.
* JLink Info:   FPUnit: 6 code (BP) slots and 2 literal slots
ROMTableAddr = 0xE00FF003
* JLink Info: TotalIRLen = 9, IRPrint = 0x0011
* JLink Info: Found Cortex-M3 r2p0, Little endian.
* JLink Info: TPIU fitted.
* JLink Info: ETM fitted.
* JLink Info:   FPUnit: 6 code (BP) slots and 2 literal slots
**JLink Warning: Could not set S_RESET_ST
 
Target info:
------------
Device: STM32F207ZC
VTarget = 3.293V
State of Pins: 
TCK: 1, TDI: 0, TDO: 1, TMS: 0, TRES: 1, TRST: 1
Hardware-Breakpoints: 6
Software-Breakpoints: 8192
Watchpoints:          0
JTAG speed: 2000 kHz
 
Erase Done.
Programming Done.
Verify OK.
Build target 'Target 1'
compiling hc595.c...
linking...
Program Size: Code=48864 RO-data=1188 RW-data=848 ZI-data=80960  
FromELF: creating hex file...
".\out\dvlp_prj.axf" - 0 Error(s), 0 Warning(s).
Load "E:\\share\\21.digitalpis-zhongdianzhan\\pro\\keil_proj\\proj\\out\\dvlp_prj.AXF" 
* JLink Info: Device "STM32F207ZC" selected (256 KB flash, 64 KB RAM).
Set JLink Project File to "E:\share\21.digitalpis-zhongdianzhan\pro\keil_proj\proj\JLinkSettings.ini"
 
JLink info:
------------
DLL: V4.35b, compiled Sep  2 2011 18:34:46
Firmware: J-Link ARM V8 compiled Sep  2 2011 17:54:36
Hardware: V8.00
S/N : 805306163 
Feature(s) : RDI,FlashDL,FlashBP,JFlash,GDBFull 
 
* JLink Info: TotalIRLen = 9, IRPrint = 0x0011
* JLink Info: Found Cortex-M3 r2p0, Little endian.
* JLink Info: TPIU fitted.
* JLink Info: ETM fitted.
* JLink Info:   FPUnit: 6 code (BP) slots and 2 literal slots
ROMTableAddr = 0xE00FF003
* JLink Info: TotalIRLen = 9, IRPrint = 0x0011
* JLink Info: Found Cortex-M3 r2p0, Little endian.
* JLink Info: TPIU fitted.
* JLink Info: ETM fitted.
* JLink Info:   FPUnit: 6 code (BP) slots and 2 literal slots
**JLink Warning: Could not set S_RESET_ST
 
Target info:
------------
Device: STM32F207ZC
VTarget = 3.293V
State of Pins: 
TCK: 1, TDI: 0, TDO: 1, TMS: 0, TRES: 1, TRST: 1
Hardware-Breakpoints: 6
Software-Breakpoints: 8192
Watchpoints:          0
JTAG speed: 2000 kHz
 
Erase Done.
Programming Done.
Verify OK.
Build target 'Target 1'
compiling main.c...
..\src\app\usr\main.c(409): warning:  #128-D: loop is not reachable from preceding code
..\src\app\usr\main.c(239): warning:  #177-D: variable "j" was declared but never referenced
..\src\app\usr\main.c(248): warning:  #550-D: variable "timer_1" was set but never used
linking...
Program Size: Code=48872 RO-data=1188 RW-data=848 ZI-data=80960  
FromELF: creating hex file...
".\out\dvlp_prj.axf" - 0 Error(s), 3 Warning(s).
Load "E:\\share\\21.digitalpis-zhongdianzhan\\pro\\keil_proj\\proj\\out\\dvlp_prj.AXF" 
* JLink Info: Device "STM32F207ZC" selected (256 KB flash, 64 KB RAM).
Set JLink Project File to "E:\share\21.digitalpis-zhongdianzhan\pro\keil_proj\proj\JLinkSettings.ini"
 
JLink info:
------------
DLL: V4.35b, compiled Sep  2 2011 18:34:46
Firmware: J-Link ARM V8 compiled Sep  2 2011 17:54:36
Hardware: V8.00
S/N : 805306163 
Feature(s) : RDI,FlashDL,FlashBP,JFlash,GDBFull 
 
* JLink Info: TotalIRLen = 9, IRPrint = 0x0011
* JLink Info: Found Cortex-M3 r2p0, Little endian.
* JLink Info: TPIU fitted.
* JLink Info: ETM fitted.
* JLink Info:   FPUnit: 6 code (BP) slots and 2 literal slots
ROMTableAddr = 0xE00FF003
* JLink Info: TotalIRLen = 9, IRPrint = 0x0011
* JLink Info: Found Cortex-M3 r2p0, Little endian.
* JLink Info: TPIU fitted.
* JLink Info: ETM fitted.
* JLink Info:   FPUnit: 6 code (BP) slots and 2 literal slots
**JLink Warning: Could not set S_RESET_ST
 
Target info:
------------
Device: STM32F207ZC
VTarget = 3.293V
State of Pins: 
TCK: 1, TDI: 0, TDO: 1, TMS: 0, TRES: 1, TRST: 1
Hardware-Breakpoints: 6
Software-Breakpoints: 8192
Watchpoints:          0
JTAG speed: 2000 kHz
 
Erase Done.
Programming Done.
Verify OK.
Build target 'Target 1'
compiling main.c...
..\src\app\usr\main.c(412): warning:  #128-D: loop is not reachable from preceding code
..\src\app\usr\main.c(239): warning:  #177-D: variable "j" was declared but never referenced
..\src\app\usr\main.c(248): warning:  #550-D: variable "timer_1" was set but never used
linking...
Program Size: Code=48888 RO-data=1188 RW-data=848 ZI-data=80960  
FromELF: creating hex file...
".\out\dvlp_prj.axf" - 0 Error(s), 3 Warning(s).
Load "E:\\share\\21.digitalpis-zhongdianzhan\\pro\\keil_proj\\proj\\out\\dvlp_prj.AXF" 
* JLink Info: Device "STM32F207ZC" selected (256 KB flash, 64 KB RAM).
Set JLink Project File to "E:\share\21.digitalpis-zhongdianzhan\pro\keil_proj\proj\JLinkSettings.ini"
 
JLink info:
------------
DLL: V4.35b, compiled Sep  2 2011 18:34:46
Firmware: J-Link ARM V8 compiled Sep  2 2011 17:54:36
Hardware: V8.00
S/N : 805306163 
Feature(s) : RDI,FlashDL,FlashBP,JFlash,GDBFull 
 
* JLink Info: TotalIRLen = 9, IRPrint = 0x0011
* JLink Info: Found Cortex-M3 r2p0, Little endian.
* JLink Info: TPIU fitted.
* JLink Info: ETM fitted.
* JLink Info:   FPUnit: 6 code (BP) slots and 2 literal slots
ROMTableAddr = 0xE00FF003
* JLink Info: TotalIRLen = 9, IRPrint = 0x0011
* JLink Info: Found Cortex-M3 r2p0, Little endian.
* JLink Info: TPIU fitted.
* JLink Info: ETM fitted.
* JLink Info:   FPUnit: 6 code (BP) slots and 2 literal slots
**JLink Warning: Could not set S_RESET_ST
 
Target info:
------------
Device: STM32F207ZC
VTarget = 3.293V
State of Pins: 
TCK: 1, TDI: 0, TDO: 1, TMS: 0, TRES: 1, TRST: 1
Hardware-Breakpoints: 6
Software-Breakpoints: 8192
Watchpoints:          0
JTAG speed: 2000 kHz
 
Erase Done.
Programming Done.
Verify OK.
Build target 'Target 1'
compiling main.c...
..\src\app\usr\main.c(416): warning:  #128-D: loop is not reachable from preceding code
..\src\app\usr\main.c(239): warning:  #177-D: variable "j" was declared but never referenced
..\src\app\usr\main.c(248): warning:  #550-D: variable "timer_1" was set but never used
linking...
Program Size: Code=49292 RO-data=1188 RW-data=848 ZI-data=80960  
FromELF: creating hex file...
".\out\dvlp_prj.axf" - 0 Error(s), 3 Warning(s).
Load "E:\\share\\21.digitalpis-zhongdianzhan\\pro\\keil_proj\\proj\\out\\dvlp_prj.AXF" 
* JLink Info: Device "STM32F207ZC" selected (256 KB flash, 64 KB RAM).
Set JLink Project File to "E:\share\21.digitalpis-zhongdianzhan\pro\keil_proj\proj\JLinkSettings.ini"
 
JLink info:
------------
DLL: V4.35b, compiled Sep  2 2011 18:34:46
Firmware: J-Link ARM V8 compiled Sep  2 2011 17:54:36
Hardware: V8.00
S/N : 805306163 
Feature(s) : RDI,FlashDL,FlashBP,JFlash,GDBFull 
 
* JLink Info: TotalIRLen = 9, IRPrint = 0x0011
* JLink Info: Found Cortex-M3 r2p0, Little endian.
* JLink Info: TPIU fitted.
* JLink Info: ETM fitted.
* JLink Info:   FPUnit: 6 code (BP) slots and 2 literal slots
ROMTableAddr = 0xE00FF003
* JLink Info: TotalIRLen = 9, IRPrint = 0x0011
* JLink Info: Found Cortex-M3 r2p0, Little endian.
* JLink Info: TPIU fitted.
* JLink Info: ETM fitted.
* JLink Info:   FPUnit: 6 code (BP) slots and 2 literal slots
**JLink Warning: Could not set S_RESET_ST
 
Target info:
------------
Device: STM32F207ZC
VTarget = 3.293V
State of Pins: 
TCK: 1, TDI: 0, TDO: 1, TMS: 0, TRES: 1, TRST: 1
Hardware-Breakpoints: 6
Software-Breakpoints: 8192
Watchpoints:          0
JTAG speed: 2000 kHz
 
Erase Done.
Programming Done.
Verify OK.
Build target 'Target 1'
compiling main.c...
..\src\app\usr\main.c(416): warning:  #128-D: loop is not reachable from preceding code
..\src\app\usr\main.c(239): warning:  #177-D: variable "j" was declared but never referenced
..\src\app\usr\main.c(248): warning:  #550-D: variable "timer_1" was set but never used
compiling mem_str.c...
compiling p_sys.c...
compiling hc595.c...
compiling bsp_dev_id.c...
compiling process_led.c...
compiling process_net.c...
compiling process_ledscreen.c...
linking...
Program Size: Code=49292 RO-data=1188 RW-data=848 ZI-data=80960  
FromELF: creating hex file...
".\out\dvlp_prj.axf" - 0 Error(s), 3 Warning(s).
Load "E:\\share\\21.digitalpis-zhongdianzhan\\pro\\keil_proj\\proj\\out\\dvlp_prj.AXF" 
* JLink Info: Device "STM32F207ZC" selected (256 KB flash, 64 KB RAM).
Set JLink Project File to "E:\share\21.digitalpis-zhongdianzhan\pro\keil_proj\proj\JLinkSettings.ini"
 
JLink info:
------------
DLL: V4.35b, compiled Sep  2 2011 18:34:46
Firmware: J-Link ARM V8 compiled Sep  2 2011 17:54:36
Hardware: V8.00
S/N : 805306163 
Feature(s) : RDI,FlashDL,FlashBP,JFlash,GDBFull 
 
* JLink Info: TotalIRLen = 9, IRPrint = 0x0011
* JLink Info: Found Cortex-M3 r2p0, Little endian.
* JLink Info: TPIU fitted.
* JLink Info: ETM fitted.
* JLink Info:   FPUnit: 6 code (BP) slots and 2 literal slots
ROMTableAddr = 0xE00FF003
* JLink Info: TotalIRLen = 9, IRPrint = 0x0011
* JLink Info: Found Cortex-M3 r2p0, Little endian.
* JLink Info: TPIU fitted.
* JLink Info: ETM fitted.
* JLink Info:   FPUnit: 6 code (BP) slots and 2 literal slots
**JLink Warning: Could not set S_RESET_ST
 
Target info:
------------
Device: STM32F207ZC
VTarget = 3.293V
State of Pins: 
TCK: 1, TDI: 0, TDO: 1, TMS: 0, TRES: 1, TRST: 1
Hardware-Breakpoints: 6
Software-Breakpoints: 8192
Watchpoints:          0
JTAG speed: 2000 kHz
 
Erase Done.
Programming Done.
Verify OK.
Build target 'Target 1'
compiling process_ledscreen.c...
linking...
Program Size: Code=49292 RO-data=1188 RW-data=848 ZI-data=80960  
FromELF: creating hex file...
".\out\dvlp_prj.axf" - 0 Error(s), 0 Warning(s).
Load "E:\\share\\21.digitalpis-zhongdianzhan\\pro\\keil_proj\\proj\\out\\dvlp_prj.AXF" 
* JLink Info: Device "STM32F207ZC" selected (256 KB flash, 64 KB RAM).
Set JLink Project File to "E:\share\21.digitalpis-zhongdianzhan\pro\keil_proj\proj\JLinkSettings.ini"
 
JLink info:
------------
DLL: V4.35b, compiled Sep  2 2011 18:34:46
Firmware: J-Link ARM V8 compiled Sep  2 2011 17:54:36
Hardware: V8.00
S/N : 805306163 
Feature(s) : RDI,FlashDL,FlashBP,JFlash,GDBFull 
 
* JLink Info: TotalIRLen = 9, IRPrint = 0x0011
* JLink Info: Found Cortex-M3 r2p0, Little endian.
* JLink Info: TPIU fitted.
* JLink Info: ETM fitted.
* JLink Info:   FPUnit: 6 code (BP) slots and 2 literal slots
ROMTableAddr = 0xE00FF003
* JLink Info: TotalIRLen = 9, IRPrint = 0x0011
* JLink Info: Found Cortex-M3 r2p0, Little endian.
* JLink Info: TPIU fitted.
* JLink Info: ETM fitted.
* JLink Info:   FPUnit: 6 code (BP) slots and 2 literal slots
**JLink Warning: Could not set S_RESET_ST
 
Target info:
------------
Device: STM32F207ZC
VTarget = 3.293V
State of Pins: 
TCK: 1, TDI: 0, TDO: 1, TMS: 0, TRES: 1, TRST: 1
Hardware-Breakpoints: 6
Software-Breakpoints: 8192
Watchpoints:          0
JTAG speed: 2000 kHz
 
Erase Done.
Programming Done.
Verify OK.
Build target 'Target 1'
compiling main.c...
..\src\app\usr\main.c(416): warning:  #128-D: loop is not reachable from preceding code
..\src\app\usr\main.c(239): warning:  #177-D: variable "j" was declared but never referenced
..\src\app\usr\main.c(248): warning:  #550-D: variable "timer_1" was set but never used
compiling mem_str.c...
compiling p_sys.c...
compiling hc595.c...
compiling bsp_dev_id.c...
compiling process_led.c...
compiling process_net.c...
compiling process_ledscreen.c...
linking...
Program Size: Code=49292 RO-data=1188 RW-data=848 ZI-data=80960  
FromELF: creating hex file...
".\out\dvlp_prj.axf" - 0 Error(s), 3 Warning(s).
Load "E:\\share\\21.digitalpis-zhongdianzhan\\pro\\keil_proj\\proj\\out\\dvlp_prj.AXF" 
* JLink Info: Device "STM32F207ZC" selected (256 KB flash, 64 KB RAM).
Set JLink Project File to "E:\share\21.digitalpis-zhongdianzhan\pro\keil_proj\proj\JLinkSettings.ini"
 
JLink info:
------------
DLL: V4.35b, compiled Sep  2 2011 18:34:46
Firmware: J-Link ARM V8 compiled Sep  2 2011 17:54:36
Hardware: V8.00
S/N : 805306163 
Feature(s) : RDI,FlashDL,FlashBP,JFlash,GDBFull 
 
* JLink Info: TotalIRLen = 9, IRPrint = 0x0011
* JLink Info: Found Cortex-M3 r2p0, Little endian.
* JLink Info: TPIU fitted.
* JLink Info: ETM fitted.
* JLink Info:   FPUnit: 6 code (BP) slots and 2 literal slots
ROMTableAddr = 0xE00FF003
* JLink Info: TotalIRLen = 9, IRPrint = 0x0011
* JLink Info: Found Cortex-M3 r2p0, Little endian.
* JLink Info: TPIU fitted.
* JLink Info: ETM fitted.
* JLink Info:   FPUnit: 6 code (BP) slots and 2 literal slots
**JLink Warning: Could not set S_RESET_ST
 
Target info:
------------
Device: STM32F207ZC
VTarget = 3.293V
State of Pins: 
TCK: 1, TDI: 0, TDO: 1, TMS: 0, TRES: 1, TRST: 1
Hardware-Breakpoints: 6
Software-Breakpoints: 8192
Watchpoints:          0
JTAG speed: 2000 kHz
 
Erase Done.
Programming Done.
Verify OK.
Build target 'Target 1'
compiling main.c...
..\src\app\usr\main.c(416): warning:  #128-D: loop is not reachable from preceding code
..\src\app\usr\main.c(239): warning:  #177-D: variable "j" was declared but never referenced
..\src\app\usr\main.c(248): warning:  #550-D: variable "timer_1" was set but never used
compiling mem_str.c...
compiling p_sys.c...
compiling hc595.c...
compiling bsp_dev_id.c...
compiling process_led.c...
compiling process_net.c...
compiling process_ledscreen.c...
linking...
Program Size: Code=49292 RO-data=1188 RW-data=848 ZI-data=80960  
FromELF: creating hex file...
".\out\dvlp_prj.axf" - 0 Error(s), 3 Warning(s).
Load "E:\\share\\21.digitalpis-zhongdianzhan\\pro\\keil_proj\\proj\\out\\dvlp_prj.AXF" 
* JLink Info: Device "STM32F207ZC" selected (256 KB flash, 64 KB RAM).
Set JLink Project File to "E:\share\21.digitalpis-zhongdianzhan\pro\keil_proj\proj\JLinkSettings.ini"
 
JLink info:
------------
DLL: V4.35b, compiled Sep  2 2011 18:34:46
Firmware: J-Link ARM V8 compiled Sep  2 2011 17:54:36
Hardware: V8.00
S/N : 805306163 
Feature(s) : RDI,FlashDL,FlashBP,JFlash,GDBFull 
 
* JLink Info: TotalIRLen = 9, IRPrint = 0x0011
* JLink Info: Found Cortex-M3 r2p0, Little endian.
* JLink Info: TPIU fitted.
* JLink Info: ETM fitted.
* JLink Info:   FPUnit: 6 code (BP) slots and 2 literal slots
ROMTableAddr = 0xE00FF003
* JLink Info: TotalIRLen = 9, IRPrint = 0x0011
* JLink Info: Found Cortex-M3 r2p0, Little endian.
* JLink Info: TPIU fitted.
* JLink Info: ETM fitted.
* JLink Info:   FPUnit: 6 code (BP) slots and 2 literal slots
**JLink Warning: Could not set S_RESET_ST
 
Target info:
------------
Device: STM32F207ZC
VTarget = 3.293V
State of Pins: 
TCK: 1, TDI: 0, TDO: 1, TMS: 0, TRES: 1, TRST: 1
Hardware-Breakpoints: 6
Software-Breakpoints: 8192
Watchpoints:          0
JTAG speed: 2000 kHz
 
Erase Done.
Programming Done.
Verify OK.
Build target 'Target 1'
compiling main.c...
..\src\app\usr\main.c(416): warning:  #128-D: loop is not reachable from preceding code
..\src\app\usr\main.c(239): warning:  #177-D: variable "j" was declared but never referenced
..\src\app\usr\main.c(248): warning:  #550-D: variable "timer_1" was set but never used
linking...
Program Size: Code=49296 RO-data=1188 RW-data=848 ZI-data=80960  
FromELF: creating hex file...
".\out\dvlp_prj.axf" - 0 Error(s), 3 Warning(s).
Load "E:\\share\\21.digitalpis-zhongdianzhan\\pro\\keil_proj\\proj\\out\\dvlp_prj.AXF" 
* JLink Info: Device "STM32F207ZC" selected (256 KB flash, 64 KB RAM).
Set JLink Project File to "E:\share\21.digitalpis-zhongdianzhan\pro\keil_proj\proj\JLinkSettings.ini"
 
JLink info:
------------
DLL: V4.35b, compiled Sep  2 2011 18:34:46
Firmware: J-Link ARM V8 compiled Sep  2 2011 17:54:36
Hardware: V8.00
S/N : 805306163 
Feature(s) : RDI,FlashDL,FlashBP,JFlash,GDBFull 
 
* JLink Info: TotalIRLen = 9, IRPrint = 0x0011
* JLink Info: Found Cortex-M3 r2p0, Little endian.
* JLink Info: TPIU fitted.
* JLink Info: ETM fitted.
* JLink Info:   FPUnit: 6 code (BP) slots and 2 literal slots
ROMTableAddr = 0xE00FF003
* JLink Info: TotalIRLen = 9, IRPrint = 0x0011
* JLink Info: Found Cortex-M3 r2p0, Little endian.
* JLink Info: TPIU fitted.
* JLink Info: ETM fitted.
* JLink Info:   FPUnit: 6 code (BP) slots and 2 literal slots
**JLink Warning: Could not set S_RESET_ST
 
Target info:
------------
Device: STM32F207ZC
VTarget = 3.293V
State of Pins: 
TCK: 1, TDI: 0, TDO: 1, TMS: 0, TRES: 1, TRST: 1
Hardware-Breakpoints: 6
Software-Breakpoints: 8192
Watchpoints:          0
JTAG speed: 2000 kHz
 
Erase Done.
Programming Done.
Verify OK.
Build target 'Target 1'
compiling main.c...
..\src\app\usr\main.c(416): warning:  #128-D: loop is not reachable from preceding code
..\src\app\usr\main.c(239): warning:  #177-D: variable "j" was declared but never referenced
..\src\app\usr\main.c(248): warning:  #550-D: variable "timer_1" was set but never used
linking...
Program Size: Code=49296 RO-data=1188 RW-data=848 ZI-data=80960  
FromELF: creating hex file...
".\out\dvlp_prj.axf" - 0 Error(s), 3 Warning(s).
Load "E:\\share\\21.digitalpis-zhongdianzhan\\pro\\keil_proj\\proj\\out\\dvlp_prj.AXF" 
* JLink Info: Device "STM32F207ZC" selected (256 KB flash, 64 KB RAM).
Set JLink Project File to "E:\share\21.digitalpis-zhongdianzhan\pro\keil_proj\proj\JLinkSettings.ini"
 
JLink info:
------------
DLL: V4.35b, compiled Sep  2 2011 18:34:46
Firmware: J-Link ARM V8 compiled Sep  2 2011 17:54:36
Hardware: V8.00
S/N : 805306163 
Feature(s) : RDI,FlashDL,FlashBP,JFlash,GDBFull 
 
* JLink Info: TotalIRLen = 9, IRPrint = 0x0011
* JLink Info: Found Cortex-M3 r2p0, Little endian.
* JLink Info: TPIU fitted.
* JLink Info: ETM fitted.
* JLink Info:   FPUnit: 6 code (BP) slots and 2 literal slots
ROMTableAddr = 0xE00FF003
* JLink Info: TotalIRLen = 9, IRPrint = 0x0011
* JLink Info: Found Cortex-M3 r2p0, Little endian.
* JLink Info: TPIU fitted.
* JLink Info: ETM fitted.
* JLink Info:   FPUnit: 6 code (BP) slots and 2 literal slots
**JLink Warning: Could not set S_RESET_ST
 
Target info:
------------
Device: STM32F207ZC
VTarget = 3.293V
State of Pins: 
TCK: 1, TDI: 0, TDO: 1, TMS: 0, TRES: 1, TRST: 1
Hardware-Breakpoints: 6
Software-Breakpoints: 8192
Watchpoints:          0
JTAG speed: 2000 kHz
 
Erase Done.
Programming Done.
Verify OK.
Build target 'Target 1'
compiling main.c...
..\src\app\usr\main.c(416): warning:  #128-D: loop is not reachable from preceding code
..\src\app\usr\main.c(239): warning:  #177-D: variable "j" was declared but never referenced
..\src\app\usr\main.c(248): warning:  #550-D: variable "timer_1" was set but never used
compiling mem_str.c...
compiling p_sys.c...
compiling hc595.c...
compiling bsp_dev_id.c...
compiling process_led.c...
compiling process_net.c...
compiling process_ledscreen.c...
..\src\app\process\process_ledscreen.c(33): warning:  #177-D: variable "k" was declared but never referenced
linking...
Program Size: Code=49520 RO-data=1188 RW-data=848 ZI-data=80960  
FromELF: creating hex file...
".\out\dvlp_prj.axf" - 0 Error(s), 4 Warning(s).
Load "E:\\share\\21.digitalpis-zhongdianzhan\\pro\\keil_proj\\proj\\out\\dvlp_prj.AXF" 
* JLink Info: Device "STM32F207ZC" selected (256 KB flash, 64 KB RAM).
Set JLink Project File to "E:\share\21.digitalpis-zhongdianzhan\pro\keil_proj\proj\JLinkSettings.ini"
 
JLink info:
------------
DLL: V4.35b, compiled Sep  2 2011 18:34:46
Firmware: J-Link ARM V8 compiled Sep  2 2011 17:54:36
Hardware: V8.00
S/N : 805306163 
Feature(s) : RDI,FlashDL,FlashBP,JFlash,GDBFull 
 
* JLink Info: TotalIRLen = 9, IRPrint = 0x0011
* JLink Info: Found Cortex-M3 r2p0, Little endian.
* JLink Info: TPIU fitted.
* JLink Info: ETM fitted.
* JLink Info:   FPUnit: 6 code (BP) slots and 2 literal slots
ROMTableAddr = 0xE00FF003
* JLink Info: TotalIRLen = 9, IRPrint = 0x0011
* JLink Info: Found Cortex-M3 r2p0, Little endian.
* JLink Info: TPIU fitted.
* JLink Info: ETM fitted.
* JLink Info:   FPUnit: 6 code (BP) slots and 2 literal slots
**JLink Warning: Could not set S_RESET_ST
 
Target info:
------------
Device: STM32F207ZC
VTarget = 3.293V
State of Pins: 
TCK: 1, TDI: 0, TDO: 1, TMS: 0, TRES: 1, TRST: 1
Hardware-Breakpoints: 6
Software-Breakpoints: 8192
Watchpoints:          0
JTAG speed: 2000 kHz
 
Erase Done.
Programming Done.
Verify OK.
Build target 'Target 1'
compiling process_ledscreen.c...
linking...
Program Size: Code=49192 RO-data=1188 RW-data=844 ZI-data=80964  
FromELF: creating hex file...
".\out\dvlp_prj.axf" - 0 Error(s), 0 Warning(s).
Load "E:\\share\\21.digitalpis-zhongdianzhan\\pro\\keil_proj\\proj\\out\\dvlp_prj.AXF" 
* JLink Info: Device "STM32F207ZC" selected (256 KB flash, 64 KB RAM).
Set JLink Project File to "E:\share\21.digitalpis-zhongdianzhan\pro\keil_proj\proj\JLinkSettings.ini"
 
JLink info:
------------
DLL: V4.35b, compiled Sep  2 2011 18:34:46
Firmware: J-Link ARM V8 compiled Sep  2 2011 17:54:36
Hardware: V8.00
S/N : 805306163 
Feature(s) : RDI,FlashDL,FlashBP,JFlash,GDBFull 
 
* JLink Info: TotalIRLen = 9, IRPrint = 0x0011
* JLink Info: Found Cortex-M3 r2p0, Little endian.
* JLink Info: TPIU fitted.
* JLink Info: ETM fitted.
* JLink Info:   FPUnit: 6 code (BP) slots and 2 literal slots
ROMTableAddr = 0xE00FF003
* JLink Info: TotalIRLen = 9, IRPrint = 0x0011
* JLink Info: Found Cortex-M3 r2p0, Little endian.
* JLink Info: TPIU fitted.
* JLink Info: ETM fitted.
* JLink Info:   FPUnit: 6 code (BP) slots and 2 literal slots
**JLink Warning: Could not set S_RESET_ST
 
Target info:
------------
Device: STM32F207ZC
VTarget = 3.293V
State of Pins: 
TCK: 1, TDI: 0, TDO: 1, TMS: 0, TRES: 1, TRST: 1
Hardware-Breakpoints: 6
Software-Breakpoints: 8192
Watchpoints:          0
JTAG speed: 2000 kHz
 
Erase Done.
Programming Done.
Verify OK.
Build target 'Target 1'
compiling process_ledscreen.c...
linking...
Program Size: Code=49192 RO-data=1188 RW-data=844 ZI-data=80964  
FromELF: creating hex file...
".\out\dvlp_prj.axf" - 0 Error(s), 0 Warning(s).
Load "E:\\share\\21.digitalpis-zhongdianzhan\\pro\\keil_proj\\proj\\out\\dvlp_prj.AXF" 
* JLink Info: Device "STM32F207ZC" selected (256 KB flash, 64 KB RAM).
Set JLink Project File to "E:\share\21.digitalpis-zhongdianzhan\pro\keil_proj\proj\JLinkSettings.ini"
 
JLink info:
------------
DLL: V4.35b, compiled Sep  2 2011 18:34:46
Firmware: J-Link ARM V8 compiled Sep  2 2011 17:54:36
Hardware: V8.00
S/N : 805306163 
Feature(s) : RDI,FlashDL,FlashBP,JFlash,GDBFull 
 
* JLink Info: TotalIRLen = 9, IRPrint = 0x0011
* JLink Info: Found Cortex-M3 r2p0, Little endian.
* JLink Info: TPIU fitted.
* JLink Info: ETM fitted.
* JLink Info:   FPUnit: 6 code (BP) slots and 2 literal slots
ROMTableAddr = 0xE00FF003
* JLink Info: TotalIRLen = 9, IRPrint = 0x0011
* JLink Info: Found Cortex-M3 r2p0, Little endian.
* JLink Info: TPIU fitted.
* JLink Info: ETM fitted.
* JLink Info:   FPUnit: 6 code (BP) slots and 2 literal slots
**JLink Warning: Could not set S_RESET_ST
 
Target info:
------------
Device: STM32F207ZC
VTarget = 3.293V
State of Pins: 
TCK: 1, TDI: 0, TDO: 1, TMS: 0, TRES: 1, TRST: 1
Hardware-Breakpoints: 6
Software-Breakpoints: 8192
Watchpoints:          0
JTAG speed: 2000 kHz
 
Erase Done.
Programming Done.
Verify OK.
Build target 'Target 1'
compiling main.c...
..\src\app\usr\main.c(416): warning:  #128-D: loop is not reachable from preceding code
..\src\app\usr\main.c(239): warning:  #177-D: variable "j" was declared but never referenced
..\src\app\usr\main.c(248): warning:  #550-D: variable "timer_1" was set but never used
compiling mem_str.c...
compiling p_sys.c...
compiling hc595.c...
compiling bsp_dev_id.c...
compiling process_led.c...
compiling process_net.c...
compiling process_ledscreen.c...
..\src\app\process\process_ledscreen.c(33): warning:  #177-D: variable "i" was declared but never referenced
..\src\app\process\process_ledscreen.c(33): warning:  #177-D: variable "j" was declared but never referenced
..\src\app\process\process_ledscreen.c(33): warning:  #177-D: variable "k" was declared but never referenced
linking...
Program Size: Code=49288 RO-data=1188 RW-data=848 ZI-data=80960  
FromELF: creating hex file...
[...]
* JLink Info: Found Cortex-M3 r2p0, Little endian.
* JLink Info: TPIU fitted.
* JLink Info: ETM fitted.
* JLink Info:   FPUnit: 6 code (BP) slots and 2 literal slots
ROMTableAddr = 0xE00FF003
* JLink Info: TotalIRLen = 9, IRPrint = 0x0011
* JLink Info: Found Cortex-M3 r2p0, Little endian.
* JLink Info: TPIU fitted.
* JLink Info: ETM fitted.
* JLink Info:   FPUnit: 6 code (BP) slots and 2 literal slots
**JLink Warning: Could not set S_RESET_ST
 
Target info:
------------
Device: STM32F207ZC
VTarget = 3.293V
State of Pins: 
TCK: 1, TDI: 0, TDO: 1, TMS: 0, TRES: 1, TRST: 1
Hardware-Breakpoints: 6
Software-Breakpoints: 8192
Watchpoints:          0
JTAG speed: 2000 kHz
 
Erase Done.
Programming Done.
Verify OK.
Build target 'Target 1'
compiling main.c...
..\src\app\usr\main.c(416): warning:  #128-D: loop is not reachable from preceding code
..\src\app\usr\main.c(239): warning:  #177-D: variable "j" was declared but never referenced
..\src\app\usr\main.c(248): warning:  #550-D: variable "timer_1" was set but never used
compiling mem_str.c...
compiling p_sys.c...
compiling hc595.c...
compiling bsp_dev_id.c...
compiling process_led.c...
compiling process_net.c...
compiling process_ledscreen.c...
..\src\app\process\process_ledscreen.c(33): warning:  #177-D: variable "i" was declared but never referenced
..\src\app\process\process_ledscreen.c(33): warning:  #177-D: variable "j" was declared but never referenced
..\src\app\process\process_ledscreen.c(33): warning:  #177-D: variable "k" was declared but never referenced
linking...
Program Size: Code=49304 RO-data=1188 RW-data=848 ZI-data=80960  
FromELF: creating hex file...
".\out\dvlp_prj.axf" - 0 Error(s), 6 Warning(s).
Load "E:\\share\\21.digitalpis-zhongdianzhan\\pro\\keil_proj\\proj\\out\\dvlp_prj.AXF" 
* JLink Info: Device "STM32F207ZC" selected (256 KB flash, 64 KB RAM).
Set JLink Project File to "E:\share\21.digitalpis-zhongdianzhan\pro\keil_proj\proj\JLinkSettings.ini"
 
JLink info:
------------
DLL: V4.35b, compiled Sep  2 2011 18:34:46
Firmware: J-Link ARM V8 compiled Sep  2 2011 17:54:36
Hardware: V8.00
S/N : 805306163 
Feature(s) : RDI,FlashDL,FlashBP,JFlash,GDBFull 
 
* JLink Info: TotalIRLen = 9, IRPrint = 0x0011
* JLink Info: Found Cortex-M3 r2p0, Little endian.
* JLink Info: TPIU fitted.
* JLink Info: ETM fitted.
* JLink Info:   FPUnit: 6 code (BP) slots and 2 literal slots
ROMTableAddr = 0xE00FF003
* JLink Info: TotalIRLen = 9, IRPrint = 0x0011
* JLink Info: Found Cortex-M3 r2p0, Little endian.
* JLink Info: TPIU fitted.
* JLink Info: ETM fitted.
* JLink Info:   FPUnit: 6 code (BP) slots and 2 literal slots
**JLink Warning: Could not set S_RESET_ST
 
Target info:
------------
Device: STM32F207ZC
VTarget = 3.293V
State of Pins: 
TCK: 1, TDI: 0, TDO: 1, TMS: 0, TRES: 1, TRST: 1
Hardware-Breakpoints: 6
Software-Breakpoints: 8192
Watchpoints:          0
JTAG speed: 2000 kHz
 
Erase Done.
Programming Done.
Verify OK.
Build target 'Target 1'
compiling main.c...
..\src\app\usr\main.c(416): warning:  #128-D: loop is not reachable from preceding code
..\src\app\usr\main.c(239): warning:  #177-D: variable "j" was declared but never referenced
..\src\app\usr\main.c(248): warning:  #550-D: variable "timer_1" was set but never used
compiling process_ledscreen.c...
..\src\app\process\process_ledscreen.c(33): warning:  #177-D: variable "i" was declared but never referenced
..\src\app\process\process_ledscreen.c(33): warning:  #177-D: variable "j" was declared but never referenced
..\src\app\process\process_ledscreen.c(33): warning:  #177-D: variable "k" was declared but never referenced
linking...
Program Size: Code=49308 RO-data=1188 RW-data=848 ZI-data=80960  
FromELF: creating hex file...
".\out\dvlp_prj.axf" - 0 Error(s), 6 Warning(s).
Load "E:\\share\\21.digitalpis-zhongdianzhan\\pro\\keil_proj\\proj\\out\\dvlp_prj.AXF" 
* JLink Info: Device "STM32F207ZC" selected (256 KB flash, 64 KB RAM).
Set JLink Project File to "E:\share\21.digitalpis-zhongdianzhan\pro\keil_proj\proj\JLinkSettings.ini"
 
JLink info:
------------
DLL: V4.35b, compiled Sep  2 2011 18:34:46
Firmware: J-Link ARM V8 compiled Sep  2 2011 17:54:36
Hardware: V8.00
S/N : 805306163 
Feature(s) : RDI,FlashDL,FlashBP,JFlash,GDBFull 
 
* JLink Info: TotalIRLen = 9, IRPrint = 0x0011
* JLink Info: Found Cortex-M3 r2p0, Little endian.
* JLink Info: TPIU fitted.
* JLink Info: ETM fitted.
* JLink Info:   FPUnit: 6 code (BP) slots and 2 literal slots
ROMTableAddr = 0xE00FF003
* JLink Info: TotalIRLen = 9, IRPrint = 0x0011
* JLink Info: Found Cortex-M3 r2p0, Little endian.
* JLink Info: TPIU fitted.
* JLink Info: ETM fitted.
* JLink Info:   FPUnit: 6 code (BP) slots and 2 literal slots
**JLink Warning: Could not set S_RESET_ST
 
Target info:
------------
Device: STM32F207ZC
VTarget = 3.293V
State of Pins: 
TCK: 1, TDI: 0, TDO: 1, TMS: 0, TRES: 1, TRST: 1
Hardware-Breakpoints: 6
Software-Breakpoints: 8192
Watchpoints:          0
JTAG speed: 2000 kHz
 
Erase Done.
Programming Done.
Verify OK.
Build target 'Target 1'
compiling process_ledscreen.c...
..\src\app\process\process_ledscreen.c(33): warning:  #177-D: variable "i" was declared but never referenced
..\src\app\process\process_ledscreen.c(33): warning:  #177-D: variable "j" was declared but never referenced
..\src\app\process\process_ledscreen.c(33): warning:  #177-D: variable "k" was declared but never referenced
linking...
Program Size: Code=49308 RO-data=1188 RW-data=848 ZI-data=80960  
FromELF: creating hex file...
".\out\dvlp_prj.axf" - 0 Error(s), 3 Warning(s).
Load "E:\\share\\21.digitalpis-zhongdianzhan\\pro\\keil_proj\\proj\\out\\dvlp_prj.AXF" 
* JLink Info: Device "STM32F207ZC" selected (256 KB flash, 64 KB RAM).
Set JLink Project File to "E:\share\21.digitalpis-zhongdianzhan\pro\keil_proj\proj\JLinkSettings.ini"
 
JLink info:
------------
DLL: V4.35b, compiled Sep  2 2011 18:34:46
Firmware: J-Link ARM V8 compiled Sep  2 2011 17:54:36
Hardware: V8.00
S/N : 805306163 
Feature(s) : RDI,FlashDL,FlashBP,JFlash,GDBFull 
 
* JLink Info: TotalIRLen = 9, IRPrint = 0x0011
* JLink Info: Found Cortex-M3 r2p0, Little endian.
* JLink Info: TPIU fitted.
* JLink Info: ETM fitted.
* JLink Info:   FPUnit: 6 code (BP) slots and 2 literal slots
ROMTableAddr = 0xE00FF003
* JLink Info: TotalIRLen = 9, IRPrint = 0x0011
* JLink Info: Found Cortex-M3 r2p0, Little endian.
* JLink Info: TPIU fitted.
* JLink Info: ETM fitted.
* JLink Info:   FPUnit: 6 code (BP) slots and 2 literal slots
**JLink Warning: Could not set S_RESET_ST
 
Target info:
------------
Device: STM32F207ZC
VTarget = 3.293V
State of Pins: 
TCK: 1, TDI: 0, TDO: 1, TMS: 0, TRES: 1, TRST: 1
Hardware-Breakpoints: 6
Software-Breakpoints: 8192
Watchpoints:          0
JTAG speed: 2000 kHz
 
Erase Done.
Programming Done.
Verify OK.
Build target 'Target 1'
compiling main.c...
..\src\app\usr\main.c(416): warning:  #128-D: loop is not reachable from preceding code
..\src\app\usr\main.c(239): warning:  #177-D: variable "j" was declared but never referenced
..\src\app\usr\main.c(248): warning:  #550-D: variable "timer_1" was set but never used
compiling MyTimer.c...
compiling process_ledscreen.c...
..\src\app\process\process_ledscreen.c(33): warning:  #177-D: variable "i" was declared but never referenced
..\src\app\process\process_ledscreen.c(33): warning:  #177-D: variable "j" was declared but never referenced
..\src\app\process\process_ledscreen.c(33): warning:  #177-D: variable "k" was declared but never referenced
linking...
Program Size: Code=49308 RO-data=1188 RW-data=848 ZI-data=80960  
FromELF: creating hex file...
".\out\dvlp_prj.axf" - 0 Error(s), 6 Warning(s).
Load "E:\\share\\21.digitalpis-zhongdianzhan\\pro\\keil_proj\\proj\\out\\dvlp_prj.AXF" 
* JLink Info: Device "STM32F207ZC" selected (256 KB flash, 64 KB RAM).
Set JLink Project File to "E:\share\21.digitalpis-zhongdianzhan\pro\keil_proj\proj\JLinkSettings.ini"
 
JLink info:
------------
DLL: V4.35b, compiled Sep  2 2011 18:34:46
Firmware: J-Link ARM V8 compiled Sep  2 2011 17:54:36
Hardware: V8.00
S/N : 805306163 
Feature(s) : RDI,FlashDL,FlashBP,JFlash,GDBFull 
 
* JLink Info: TotalIRLen = 9, IRPrint = 0x0011
* JLink Info: Found Cortex-M3 r2p0, Little endian.
* JLink Info: TPIU fitted.
* JLink Info: ETM fitted.
* JLink Info:   FPUnit: 6 code (BP) slots and 2 literal slots
ROMTableAddr = 0xE00FF003
* JLink Info: TotalIRLen = 9, IRPrint = 0x0011
* JLink Info: Found Cortex-M3 r2p0, Little endian.
* JLink Info: TPIU fitted.
* JLink Info: ETM fitted.
* JLink Info:   FPUnit: 6 code (BP) slots and 2 literal slots
**JLink Warning: Could not set S_RESET_ST
 
Target info:
------------
Device: STM32F207ZC
VTarget = 3.293V
State of Pins: 
TCK: 1, TDI: 0, TDO: 1, TMS: 0, TRES: 1, TRST: 1
Hardware-Breakpoints: 6
Software-Breakpoints: 8192
Watchpoints:          0
JTAG speed: 2000 kHz
 
Erase Done.
Programming Done.
Verify OK.
Build target 'Target 1'
compiling process_ledscreen.c...
..\src\app\process\process_ledscreen.c(33): warning:  #177-D: variable "i" was declared but never referenced
..\src\app\process\process_ledscreen.c(33): warning:  #177-D: variable "j" was declared but never referenced
..\src\app\process\process_ledscreen.c(33): warning:  #177-D: variable "k" was declared but never referenced
linking...
Program Size: Code=49308 RO-data=1188 RW-data=848 ZI-data=80960  
FromELF: creating hex file...
".\out\dvlp_prj.axf" - 0 Error(s), 3 Warning(s).
Load "E:\\share\\21.digitalpis-zhongdianzhan\\pro\\keil_proj\\proj\\out\\dvlp_prj.AXF" 
* JLink Info: Device "STM32F207ZC" selected (256 KB flash, 64 KB RAM).
Set JLink Project File to "E:\share\21.digitalpis-zhongdianzhan\pro\keil_proj\proj\JLinkSettings.ini"
 
JLink info:
------------
DLL: V4.35b, compiled Sep  2 2011 18:34:46
Firmware: J-Link ARM V8 compiled Sep  2 2011 17:54:36
Hardware: V8.00
S/N : 805306163 
Feature(s) : RDI,FlashDL,FlashBP,JFlash,GDBFull 
 
* JLink Info: TotalIRLen = 9, IRPrint = 0x0011
* JLink Info: Found Cortex-M3 r2p0, Little endian.
* JLink Info: TPIU fitted.
* JLink Info: ETM fitted.
* JLink Info:   FPUnit: 6 code (BP) slots and 2 literal slots
ROMTableAddr = 0xE00FF003
* JLink Info: TotalIRLen = 9, IRPrint = 0x0011
* JLink Info: Found Cortex-M3 r2p0, Little endian.
* JLink Info: TPIU fitted.
* JLink Info: ETM fitted.
* JLink Info:   FPUnit: 6 code (BP) slots and 2 literal slots
**JLink Warning: Could not set S_RESET_ST
 
Target info:
------------
Device: STM32F207ZC
VTarget = 3.293V
State of Pins: 
TCK: 1, TDI: 0, TDO: 1, TMS: 0, TRES: 1, TRST: 1
Hardware-Breakpoints: 6
Software-Breakpoints: 8192
Watchpoints:          0
JTAG speed: 2000 kHz
 
Erase Done.
Programming Done.
Verify OK.
Build target 'Target 1'
compiling process_ledscreen.c...
..\src\app\process\process_ledscreen.c(33): warning:  #177-D: variable "i" was declared but never referenced
..\src\app\process\process_ledscreen.c(33): warning:  #177-D: variable "j" was declared but never referenced
..\src\app\process\process_ledscreen.c(33): warning:  #177-D: variable "k" was declared but never referenced
linking...
Program Size: Code=49308 RO-data=1188 RW-data=848 ZI-data=80960  
FromELF: creating hex file...
".\out\dvlp_prj.axf" - 0 Error(s), 3 Warning(s).
Load "E:\\share\\21.digitalpis-zhongdianzhan\\pro\\keil_proj\\proj\\out\\dvlp_prj.AXF" 
* JLink Info: Device "STM32F207ZC" selected (256 KB flash, 64 KB RAM).
Set JLink Project File to "E:\share\21.digitalpis-zhongdianzhan\pro\keil_proj\proj\JLinkSettings.ini"
 
JLink info:
------------
DLL: V4.35b, compiled Sep  2 2011 18:34:46
Firmware: J-Link ARM V8 compiled Sep  2 2011 17:54:36
Hardware: V8.00
S/N : 805306163 
Feature(s) : RDI,FlashDL,FlashBP,JFlash,GDBFull 
 
* JLink Info: TotalIRLen = 9, IRPrint = 0x0011
* JLink Info: Found Cortex-M3 r2p0, Little endian.
* JLink Info: TPIU fitted.
* JLink Info: ETM fitted.
* JLink Info:   FPUnit: 6 code (BP) slots and 2 literal slots
ROMTableAddr = 0xE00FF003
* JLink Info: TotalIRLen = 9, IRPrint = 0x0011
* JLink Info: Found Cortex-M3 r2p0, Little endian.
* JLink Info: TPIU fitted.
* JLink Info: ETM fitted.
* JLink Info:   FPUnit: 6 code (BP) slots and 2 literal slots
**JLink Warning: Could not set S_RESET_ST
 
Target info:
------------
Device: STM32F207ZC
VTarget = 3.293V
State of Pins: 
TCK: 1, TDI: 0, TDO: 1, TMS: 0, TRES: 1, TRST: 1
Hardware-Breakpoints: 6
Software-Breakpoints: 8192
Watchpoints:          0
JTAG speed: 2000 kHz
 
Erase Done.
Programming Done.
Verify OK.
Build target 'Target 1'
compiling main.c...
..\src\app\usr\main.c(430): warning:  #128-D: loop is not reachable from preceding code
..\src\app\usr\main.c(248): warning:  #177-D: variable "j" was declared but never referenced
..\src\app\usr\main.c(257): warning:  #550-D: variable "timer_1" was set but never used
compiling MyTimer.c...
compiling process_ledscreen.c...
..\src\app\process\process_ledscreen.c(33): warning:  #177-D: variable "i" was declared but never referenced
..\src\app\process\process_ledscreen.c(33): warning:  #177-D: variable "j" was declared but never referenced
..\src\app\process\process_ledscreen.c(33): warning:  #177-D: variable "k" was declared but never referenced
linking...
Program Size: Code=49392 RO-data=1188 RW-data=920 ZI-data=80960  
FromELF: creating hex file...
".\out\dvlp_prj.axf" - 0 Error(s), 6 Warning(s).
Build target 'Target 1'
linking...
Program Size: Code=49392 RO-data=1188 RW-data=920 ZI-data=80960  
FromELF: creating hex file...
".\out\dvlp_prj.axf" - 0 Error(s), 0 Warning(s).
Load "E:\\share\\21.digitalpis-zhongdianzhan\\pro\\keil_proj\\proj\\out\\dvlp_prj.AXF" 
* JLink Info: Device "STM32F207ZC" selected (256 KB flash, 64 KB RAM).
Set JLink Project File to "E:\share\21.digitalpis-zhongdianzhan\pro\keil_proj\proj\JLinkSettings.ini"
 
JLink info:
------------
DLL: V4.35b, compiled Sep  2 2011 18:34:46
Firmware: J-Link ARM V8 compiled Sep  2 2011 17:54:36
Hardware: V8.00
S/N : 805306163 
Feature(s) : RDI,FlashDL,FlashBP,JFlash,GDBFull 
 
* JLink Info: TotalIRLen = 9, IRPrint = 0x0011
* JLink Info: Found Cortex-M3 r2p0, Little endian.
* JLink Info: TPIU fitted.
* JLink Info: ETM fitted.
* JLink Info:   FPUnit: 6 code (BP) slots and 2 literal slots
ROMTableAddr = 0xE00FF003
* JLink Info: TotalIRLen = 9, IRPrint = 0x0011
* JLink Info: Found Cortex-M3 r2p0, Little endian.
* JLink Info: TPIU fitted.
* JLink Info: ETM fitted.
* JLink Info:   FPUnit: 6 code (BP) slots and 2 literal slots
**JLink Warning: Could not set S_RESET_ST
 
Target info:
------------
Device: STM32F207ZC
VTarget = 3.293V
State of Pins: 
TCK: 1, TDI: 0, TDO: 1, TMS: 0, TRES: 1, TRST: 1
Hardware-Breakpoints: 6
Software-Breakpoints: 8192
Watchpoints:          0
JTAG speed: 2000 kHz
 
Erase Done.
Programming Done.
Verify OK.
Build target 'Target 1'
compiling process_ledscreen.c...
..\src\app\process\process_ledscreen.c(33): warning:  #177-D: variable "i" was declared but never referenced
..\src\app\process\process_ledscreen.c(33): warning:  #177-D: variable "j" was declared but never referenced
..\src\app\process\process_ledscreen.c(33): warning:  #177-D: variable "k" was declared but never referenced
linking...
Program Size: Code=49392 RO-data=1188 RW-data=920 ZI-data=80960  
FromELF: creating hex file...
".\out\dvlp_prj.axf" - 0 Error(s), 3 Warning(s).
Load "E:\\share\\21.digitalpis-zhongdianzhan\\pro\\keil_proj\\proj\\out\\dvlp_prj.AXF" 
* JLink Info: Device "STM32F207ZC" selected (256 KB flash, 64 KB RAM).
Set JLink Project File to "E:\share\21.digitalpis-zhongdianzhan\pro\keil_proj\proj\JLinkSettings.ini"
 
JLink info:
------------
DLL: V4.35b, compiled Sep  2 2011 18:34:46
Firmware: J-Link ARM V8 compiled Sep  2 2011 17:54:36
Hardware: V8.00
S/N : 805306163 
Feature(s) : RDI,FlashDL,FlashBP,JFlash,GDBFull 
 
* JLink Info: TotalIRLen = 9, IRPrint = 0x0011
* JLink Info: Found Cortex-M3 r2p0, Little endian.
* JLink Info: TPIU fitted.
* JLink Info: ETM fitted.
* JLink Info:   FPUnit: 6 code (BP) slots and 2 literal slots
ROMTableAddr = 0xE00FF003
* JLink Info: TotalIRLen = 9, IRPrint = 0x0011
* JLink Info: Found Cortex-M3 r2p0, Little endian.
* JLink Info: TPIU fitted.
* JLink Info: ETM fitted.
* JLink Info:   FPUnit: 6 code (BP) slots and 2 literal slots
**JLink Warning: Could not set S_RESET_ST
 
Target info:
------------
Device: STM32F207ZC
VTarget = 3.293V
State of Pins: 
TCK: 1, TDI: 0, TDO: 1, TMS: 0, TRES: 1, TRST: 1
Hardware-Breakpoints: 6
Software-Breakpoints: 8192
Watchpoints:          0
JTAG speed: 2000 kHz
 
Erase Done.
Programming Done.
Verify OK.
Build target 'Target 1'
compiling process_ledscreen.c...
..\src\app\process\process_ledscreen.c(33): warning:  #177-D: variable "i" was declared but never referenced
..\src\app\process\process_ledscreen.c(33): warning:  #177-D: variable "j" was declared but never referenced
..\src\app\process\process_ledscreen.c(33): warning:  #177-D: variable "k" was declared but never referenced
linking...
Program Size: Code=49392 RO-data=1188 RW-data=920 ZI-data=80960  
FromELF: creating hex file...
".\out\dvlp_prj.axf" - 0 Error(s), 3 Warning(s).
Load "E:\\share\\21.digitalpis-zhongdianzhan\\pro\\keil_proj\\proj\\out\\dvlp_prj.AXF" 
* JLink Info: Device "STM32F207ZC" selected (256 KB flash, 64 KB RAM).
Set JLink Project File to "E:\share\21.digitalpis-zhongdianzhan\pro\keil_proj\proj\JLinkSettings.ini"
 
JLink info:
------------
DLL: V4.35b, compiled Sep  2 2011 18:34:46
Firmware: J-Link ARM V8 compiled Sep  2 2011 17:54:36
Hardware: V8.00
S/N : 805306163 
Feature(s) : RDI,FlashDL,FlashBP,JFlash,GDBFull 
 
* JLink Info: TotalIRLen = 9, IRPrint = 0x0011
* JLink Info: Found Cortex-M3 r2p0, Little endian.
* JLink Info: TPIU fitted.
* JLink Info: ETM fitted.
* JLink Info:   FPUnit: 6 code (BP) slots and 2 literal slots
ROMTableAddr = 0xE00FF003
* JLink Info: TotalIRLen = 9, IRPrint = 0x0011
* JLink Info: Found Cortex-M3 r2p0, Little endian.
* JLink Info: TPIU fitted.
* JLink Info: ETM fitted.
* JLink Info:   FPUnit: 6 code (BP) slots and 2 literal slots
**JLink Warning: Could not set S_RESET_ST
 
Target info:
------------
Device: STM32F207ZC
VTarget = 3.293V
State of Pins: 
TCK: 1, TDI: 0, TDO: 1, TMS: 0, TRES: 1, TRST: 1
Hardware-Breakpoints: 6
Software-Breakpoints: 8192
Watchpoints:          0
JTAG speed: 2000 kHz
 
Erase Done.
Programming Done.
Verify OK.
Build target 'Target 1'
compiling process_ledscreen.c...
..\src\app\process\process_ledscreen.c(33): warning:  #177-D: variable "i" was declared but never referenced
..\src\app\process\process_ledscreen.c(33): warning:  #177-D: variable "j" was declared but never referenced
..\src\app\process\process_ledscreen.c(33): warning:  #177-D: variable "k" was declared but never referenced
linking...
Program Size: Code=49392 RO-data=1188 RW-data=920 ZI-data=80960  
FromELF: creating hex file...
".\out\dvlp_prj.axf" - 0 Error(s), 3 Warning(s).
Load "E:\\share\\21.digitalpis-zhongdianzhan\\pro\\keil_proj\\proj\\out\\dvlp_prj.AXF" 
* JLink Info: Device "STM32F207ZC" selected (256 KB flash, 64 KB RAM).
Set JLink Project File to "E:\share\21.digitalpis-zhongdianzhan\pro\keil_proj\proj\JLinkSettings.ini"
 
JLink info:
------------
DLL: V4.35b, compiled Sep  2 2011 18:34:46
Firmware: J-Link ARM V8 compiled Sep  2 2011 17:54:36
Hardware: V8.00
S/N : 805306163 
Feature(s) : RDI,FlashDL,FlashBP,JFlash,GDBFull 
 
* JLink Info: TotalIRLen = 9, IRPrint = 0x0011
* JLink Info: Found Cortex-M3 r2p0, Little endian.
* JLink Info: TPIU fitted.
* JLink Info: ETM fitted.
* JLink Info:   FPUnit: 6 code (BP) slots and 2 literal slots
ROMTableAddr = 0xE00FF003
* JLink Info: TotalIRLen = 9, IRPrint = 0x0011
* JLink Info: Found Cortex-M3 r2p0, Little endian.
* JLink Info: TPIU fitted.
* JLink Info: ETM fitted.
* JLink Info:   FPUnit: 6 code (BP) slots and 2 literal slots
**JLink Warning: Could not set S_RESET_ST
 
Target info:
------------
Device: STM32F207ZC
VTarget = 3.293V
State of Pins: 
TCK: 1, TDI: 0, TDO: 1, TMS: 0, TRES: 1, TRST: 1
Hardware-Breakpoints: 6
Software-Breakpoints: 8192
Watchpoints:          0
JTAG speed: 2000 kHz
 
Erase Done.
Programming Done.
Verify OK.
