Component: ARM Compiler 5.06 update 6 (build 750) Tool: armlink [4d35ed]

==============================================================================

Section Cross References

    main.o(.text) refers to mymiscfunc.o(.text) for Delay
    main.o(.text) refers to myboard.o(.text) for RCC_Configuration
    main.o(.text) refers to mytimer.o(.text) for SysTick_Init
    main.o(.text) refers to myapp.o(.text) for AppInit
    main.o(.text) refers to mystorage.o(.text) for StorageInit
    main.o(.text) refers to mynet.o(.text) for NetInit
    main.o(.text) refers to mytftpclient.o(.text) for TftpClientInit
    main.o(.text) refers to myaudio.o(.text) for AudioInit
    main.o(.text) refers to mylwip.o(.text) for LwipProcess
    main.o(.text) refers to myapp.o(.data) for Addr
    main.o(.text) refers to mytimer.o(.data) for MyTmCnt10
    myapp.o(.text) refers to myboard.o(.text) for GetAddress
    myapp.o(.text) refers to myadc.o(.text) for AdcInit
    myapp.o(.text) refers to mykey.o(.text) for KeyInit
    myapp.o(.text) refers to myselftest.o(.text) for SelfTestInit
    myapp.o(.text) refers to myramfunc.o(.text) for ram_function
    myapp.o(.text) refers to mymiscfunc.o(.text) for Delay
    myapp.o(.text) refers to myi2s.o(.text) for I2sOff
    myapp.o(.text) refers to mylwip.o(.text) for LwipOff
    myapp.o(.text) refers to mytimer.o(.text) for TimerOff
    myapp.o(.text) refers to mycommander.o(.text) for CommanderInit
    myapp.o(.text) refers to myapp.o(.data) for AppVersion1
    myapp.o(.text) refers to mynet.o(.data) for reboot_flag
    myapp.o(.text) refers to myaudio.o(.data) for SpeakerState
    myapp.o(.text) refers to myapp.o(.bss) for LedBrightness
    myapp.o(.text) refers to mystorage.o(.text) for StorageInfoSave
    myboard.o(.text) refers to stm32f2xx_rcc.o(.text) for RCC_AHB1PeriphClockCmd
    myboard.o(.text) refers to stm32f2xx_gpio.o(.text) for GPIO_Init
    myboard.o(.text) refers to stm32f2xx_wwdg.o(.text) for WWDG_DeInit
    mymiscfunc.o(.text) refers to strlen.o(.text) for strlen
    mymiscfunc.o(.text) refers to main.o(.data) for Debuger
    mynet.o(.text) refers to mymiscfunc.o(.text) for Delay
    mynet.o(.text) refers to myboard.o(.text) for GetAddress
    mynet.o(.text) refers to myethernet.o(.text) for EthernetInit
    mynet.o(.text) refers to mylwip.o(.text) for LwipInit
    mynet.o(.text) refers to myprotocol.o(.text) for ProtocolInit
    mynet.o(.text) refers to myhttpd.o(.text) for HttpdInit
    mynet.o(.text) refers to mystorage.o(.text) for StorageInfoSave
    mynet.o(.text) refers to inet.o(.text) for htonl
    mynet.o(.text) refers to memcpya.o(.text) for __aeabi_memcpy
    mynet.o(.text) refers to mytftpclient.o(.text) for TftpClientIapStart
    mynet.o(.text) refers to myselftest.o(.text) for SelfTestStart
    mynet.o(.text) refers to myaudio.o(.text) for AudioSetVolume
    mynet.o(.text) refers to mynet.o(.data) for NetLocalMac
    mynet.o(.text) refers to myapp.o(.data) for Addr
    mynet.o(.text) refers to mynet.o(.bss) for NetBuf
    mynet.o(.text) refers to myaudio.o(.bss) for AudioPlayInfo
    mynet.o(.text) refers to myaudio.o(.data) for AudioNdedVolume
    mynet.o(.text) refers to mynoise.o(.data) for NoiseFaultFun
    mynet.o(.text) refers to myflash.o(.text) for FlashWrite
    myethernet.o(.text) refers to stm32f2xx_rcc.o(.text) for RCC_AHB1PeriphClockCmd
    myethernet.o(.text) refers to stm32f2x7_eth.o(.text) for ETH_DeInit
    myethernet.o(.text) refers to stm32f2xx_gpio.o(.text) for GPIO_Init
    myethernet.o(.text) refers to stm32f2xx_syscfg.o(.text) for SYSCFG_ETH_MediaInterfaceConfig
    myethernet.o(.text) refers to myethernet.o(.data) for EthInitStatus
    stm32f2xx_it.o(.text) refers to mytimer.o(.text) for SysTick_Isr
    stm32f2xx_it.o(.text) refers to myi2s.o(.text) for DmaListen_Isr
    mytimer.o(.text) refers to misc.o(.text) for SysTick_CLKSourceConfig
    mytimer.o(.text) refers to stm32f2xx_rcc.o(.text) for RCC_GetClocksFreq
    mytimer.o(.text) refers to mynoise.o(.text) for Noise10ms
    mytimer.o(.text) refers to myaudio.o(.text) for Audio10ms
    mytimer.o(.text) refers to myapp.o(.text) for App10ms
    mytimer.o(.text) refers to mynet.o(.text) for Net50ms
    mytimer.o(.text) refers to mylwip.o(.text) for Lwip50ms
    mytimer.o(.text) refers to myboard.o(.text) for LED1Flash
    mytimer.o(.text) refers to mystorage.o(.text) for StorageInfoSaveProcess
    mytimer.o(.text) refers to myselftest.o(.text) for SelfTest100ms
    mytimer.o(.text) refers to mytftpclient.o(.text) for TftpClient100ms
    mytimer.o(.text) refers to mycommander.o(.text) for Commander500ms
    mytimer.o(.text) refers to mymiscfunc.o(.text) for Delay
    mytimer.o(.text) refers to mytimer.o(.data) for MyTmCnt10
    mytimer.o(.text) refers to myaudio.o(.bss) for AudioPlayInfo
    mytimer.o(.text) refers to mynet.o(.data) for NetOkFlag
    mylwip.o(.text) refers to udp.o(.text) for udp_new
    mylwip.o(.text) refers to mynet.o(.text) for NetDownloadReceiveProcess
[...]
    RCC_APB2PeriphClockLPModeCmd             0x08009363   Thumb Code    34  stm32f2xx_rcc.o(.text)
    RCC_ITConfig                             0x08009385   Thumb Code    34  stm32f2xx_rcc.o(.text)
    RCC_ClearFlag                            0x080093a7   Thumb Code    18  stm32f2xx_rcc.o(.text)
    RCC_GetITStatus                          0x080093b9   Thumb Code    22  stm32f2xx_rcc.o(.text)
    RCC_ClearITPendingBit                    0x080093cf   Thumb Code     8  stm32f2xx_rcc.o(.text)
    SPI_I2S_DeInit                           0x080093dd   Thumb Code    76  stm32f2xx_spi.o(.text)
    SPI_Init                                 0x08009429   Thumb Code    60  stm32f2xx_spi.o(.text)
    I2S_Init                                 0x08009465   Thumb Code   282  stm32f2xx_spi.o(.text)
    SPI_StructInit                           0x0800957f   Thumb Code    24  stm32f2xx_spi.o(.text)
    I2S_StructInit                           0x08009597   Thumb Code    20  stm32f2xx_spi.o(.text)
    SPI_Cmd                                  0x080095ab   Thumb Code    24  stm32f2xx_spi.o(.text)
    I2S_Cmd                                  0x080095c3   Thumb Code    24  stm32f2xx_spi.o(.text)
    SPI_DataSizeConfig                       0x080095db   Thumb Code    18  stm32f2xx_spi.o(.text)
    SPI_BiDirectionalLineConfig              0x080095ed   Thumb Code    28  stm32f2xx_spi.o(.text)
    SPI_NSSInternalSoftwareConfig            0x08009609   Thumb Code    30  stm32f2xx_spi.o(.text)
    SPI_SSOutputCmd                          0x08009627   Thumb Code    24  stm32f2xx_spi.o(.text)
    SPI_TIModeCmd                            0x0800963f   Thumb Code    24  stm32f2xx_spi.o(.text)
    SPI_I2S_ReceiveData                      0x08009657   Thumb Code     6  stm32f2xx_spi.o(.text)
    SPI_I2S_SendData                         0x0800965d   Thumb Code     4  stm32f2xx_spi.o(.text)
    SPI_CalculateCRC                         0x08009661   Thumb Code    24  stm32f2xx_spi.o(.text)
    SPI_TransmitCRC                          0x08009679   Thumb Code    10  stm32f2xx_spi.o(.text)
    SPI_GetCRC                               0x08009683   Thumb Code    16  stm32f2xx_spi.o(.text)
    SPI_GetCRCPolynomial                     0x08009693   Thumb Code     6  stm32f2xx_spi.o(.text)
    SPI_I2S_DMACmd                           0x08009699   Thumb Code    18  stm32f2xx_spi.o(.text)
    SPI_I2S_ITConfig                         0x080096ab   Thumb Code    32  stm32f2xx_spi.o(.text)
    SPI_I2S_GetFlagStatus                    0x080096cb   Thumb Code    18  stm32f2xx_spi.o(.text)
    SPI_I2S_ClearFlag                        0x080096dd   Thumb Code     6  stm32f2xx_spi.o(.text)
    SPI_I2S_GetITStatus                      0x080096e3   Thumb Code    52  stm32f2xx_spi.o(.text)
    SPI_I2S_ClearITPendingBit                0x08009717   Thumb Code    20  stm32f2xx_spi.o(.text)
    SYSCFG_DeInit                            0x08009741   Thumb Code    22  stm32f2xx_syscfg.o(.text)
    SYSCFG_MemoryRemapConfig                 0x08009757   Thumb Code     6  stm32f2xx_syscfg.o(.text)
    SYSCFG_EXTILineConfig                    0x0800975d   Thumb Code    66  stm32f2xx_syscfg.o(.text)
    SYSCFG_ETH_MediaInterfaceConfig          0x0800979f   Thumb Code     6  stm32f2xx_syscfg.o(.text)
    SYSCFG_CompensationCellCmd               0x080097a5   Thumb Code     6  stm32f2xx_syscfg.o(.text)
    SYSCFG_GetCompensationCellStatus         0x080097ab   Thumb Code    22  stm32f2xx_syscfg.o(.text)
    ADC_DeInit                               0x080097cd   Thumb Code    22  stm32f2xx_adc.o(.text)
    ADC_Init                                 0x080097e3   Thumb Code    74  stm32f2xx_adc.o(.text)
    ADC_StructInit                           0x0800982d   Thumb Code    20  stm32f2xx_adc.o(.text)
    ADC_CommonInit                           0x08009841   Thumb Code    34  stm32f2xx_adc.o(.text)
    ADC_CommonStructInit                     0x08009863   Thumb Code    12  stm32f2xx_adc.o(.text)
    ADC_Cmd                                  0x0800986f   Thumb Code    22  stm32f2xx_adc.o(.text)
    ADC_AnalogWatchdogCmd                    0x08009885   Thumb Code    16  stm32f2xx_adc.o(.text)
    ADC_AnalogWatchdogThresholdsConfig       0x08009895   Thumb Code     6  stm32f2xx_adc.o(.text)
    ADC_AnalogWatchdogSingleChannelConfig    0x0800989b   Thumb Code    16  stm32f2xx_adc.o(.text)
    ADC_TempSensorVrefintCmd                 0x080098ab   Thumb Code    34  stm32f2xx_adc.o(.text)
    ADC_VBATCmd                              0x080098cd   Thumb Code    34  stm32f2xx_adc.o(.text)
    ADC_RegularChannelConfig                 0x080098ef   Thumb Code   184  stm32f2xx_adc.o(.text)
    ADC_SoftwareStartConv                    0x080099a7   Thumb Code    10  stm32f2xx_adc.o(.text)
    ADC_GetSoftwareStartConvStatus           0x080099b1   Thumb Code    20  stm32f2xx_adc.o(.text)
    ADC_EOCOnEachRegularChannelCmd           0x080099c5   Thumb Code    22  stm32f2xx_adc.o(.text)
    ADC_ContinuousModeCmd                    0x080099db   Thumb Code    22  stm32f2xx_adc.o(.text)
    ADC_DiscModeChannelCountConfig           0x080099f1   Thumb Code    24  stm32f2xx_adc.o(.text)
    ADC_DiscModeCmd                          0x08009a09   Thumb Code    22  stm32f2xx_adc.o(.text)
    ADC_GetConversionValue                   0x08009a1f   Thumb Code     8  stm32f2xx_adc.o(.text)
    ADC_GetMultiModeConversionValue          0x08009a27   Thumb Code     8  stm32f2xx_adc.o(.text)
    ADC_DMACmd                               0x08009a2f   Thumb Code    22  stm32f2xx_adc.o(.text)
    ADC_DMARequestAfterLastTransferCmd       0x08009a45   Thumb Code    22  stm32f2xx_adc.o(.text)
    ADC_MultiModeDMARequestAfterLastTransferCmd 0x08009a5b   Thumb Code    34  stm32f2xx_adc.o(.text)
    ADC_InjectedChannelConfig                0x08009a7d   Thumb Code   130  stm32f2xx_adc.o(.text)
    ADC_InjectedSequencerLengthConfig        0x08009aff   Thumb Code    24  stm32f2xx_adc.o(.text)
    ADC_SetInjectedOffset                    0x08009b17   Thumb Code    20  stm32f2xx_adc.o(.text)
    ADC_ExternalTrigInjectedConvConfig       0x08009b2b   Thumb Code    16  stm32f2xx_adc.o(.text)
    ADC_ExternalTrigInjectedConvEdgeConfig   0x08009b3b   Thumb Code    16  stm32f2xx_adc.o(.text)
    ADC_SoftwareStartInjectedConv            0x08009b4b   Thumb Code    10  stm32f2xx_adc.o(.text)
    ADC_GetSoftwareStartInjectedConvCmdStatus 0x08009b55   Thumb Code    20  stm32f2xx_adc.o(.text)
    ADC_AutoInjectedConvCmd                  0x08009b69   Thumb Code    22  stm32f2xx_adc.o(.text)
    ADC_InjectedDiscModeCmd                  0x08009b7f   Thumb Code    22  stm32f2xx_adc.o(.text)
    ADC_GetInjectedConversionValue           0x08009b95   Thumb Code    28  stm32f2xx_adc.o(.text)
    ADC_ITConfig                             0x08009bb1   Thumb Code    56  stm32f2xx_adc.o(.text)
    ADC_GetFlagStatus                        0x08009be9   Thumb Code    18  stm32f2xx_adc.o(.text)
    ADC_ClearFlag                            0x08009bfb   Thumb Code     6  stm32f2xx_adc.o(.text)
    ADC_GetITStatus                          0x08009c01   Thumb Code    38  stm32f2xx_adc.o(.text)
    ADC_ClearITPendingBit                    0x08009c27   Thumb Code    10  stm32f2xx_adc.o(.text)
    WWDG_DeInit                              0x08009c31   Thumb Code    22  stm32f2xx_wwdg.o(.text)
    WWDG_SetPrescaler                        0x08009c47   Thumb Code    18  stm32f2xx_wwdg.o(.text)
    WWDG_SetWindowValue                      0x08009c59   Thumb Code    34  stm32f2xx_wwdg.o(.text)
    WWDG_EnableIT                            0x08009c7b   Thumb Code     8  stm32f2xx_wwdg.o(.text)
    WWDG_SetCounter                          0x08009c83   Thumb Code    12  stm32f2xx_wwdg.o(.text)
    WWDG_Enable                              0x08009c8f   Thumb Code    12  stm32f2xx_wwdg.o(.text)
    WWDG_GetFlagStatus                       0x08009c9b   Thumb Code    18  stm32f2xx_wwdg.o(.text)
    WWDG_ClearFlag                           0x08009cad   Thumb Code    10  stm32f2xx_wwdg.o(.text)
    Reset_Handler                            0x08009cc1   Thumb Code     8  startup_stm32f2xx.o(.text)
    SVC_Handler                              0x08009cd3   Thumb Code     2  startup_stm32f2xx.o(.text)
    PendSV_Handler                           0x08009cd7   Thumb Code     2  startup_stm32f2xx.o(.text)
    ADC_IRQHandler                           0x08009cdb   Thumb Code     0  startup_stm32f2xx.o(.text)
    CAN1_RX0_IRQHandler                      0x08009cdb   Thumb Code     0  startup_stm32f2xx.o(.text)
    CAN1_RX1_IRQHandler                      0x08009cdb   Thumb Code     0  startup_stm32f2xx.o(.text)
    CAN1_SCE_IRQHandler                      0x08009cdb   Thumb Code     0  startup_stm32f2xx.o(.text)
    CAN1_TX_IRQHandler                       0x08009cdb   Thumb Code     0  startup_stm32f2xx.o(.text)
    CAN2_RX0_IRQHandler                      0x08009cdb   Thumb Code     0  startup_stm32f2xx.o(.text)
    CAN2_RX1_IRQHandler                      0x08009cdb   Thumb Code     0  startup_stm32f2xx.o(.text)
    CAN2_SCE_IRQHandler                      0x08009cdb   Thumb Code     0  startup_stm32f2xx.o(.text)
    CAN2_TX_IRQHandler                       0x08009cdb   Thumb Code     0  startup_stm32f2xx.o(.text)
    CRYP_IRQHandler                          0x08009cdb   Thumb Code     0  startup_stm32f2xx.o(.text)
    DCMI_IRQHandler                          0x08009cdb   Thumb Code     0  startup_stm32f2xx.o(.text)
    DMA1_Stream0_IRQHandler                  0x08009cdb   Thumb Code     0  startup_stm32f2xx.o(.text)
    DMA1_Stream1_IRQHandler                  0x08009cdb   Thumb Code     0  startup_stm32f2xx.o(.text)
    DMA1_Stream3_IRQHandler                  0x08009cdb   Thumb Code     0  startup_stm32f2xx.o(.text)
    DMA1_Stream5_IRQHandler                  0x08009cdb   Thumb Code     0  startup_stm32f2xx.o(.text)
    DMA1_Stream6_IRQHandler                  0x08009cdb   Thumb Code     0  startup_stm32f2xx.o(.text)
    DMA1_Stream7_IRQHandler                  0x08009cdb   Thumb Code     0  startup_stm32f2xx.o(.text)
    DMA2_Stream0_IRQHandler                  0x08009cdb   Thumb Code     0  startup_stm32f2xx.o(.text)
    DMA2_Stream1_IRQHandler                  0x08009cdb   Thumb Code     0  startup_stm32f2xx.o(.text)
    DMA2_Stream2_IRQHandler                  0x08009cdb   Thumb Code     0  startup_stm32f2xx.o(.text)
    DMA2_Stream3_IRQHandler                  0x08009cdb   Thumb Code     0  startup_stm32f2xx.o(.text)
    DMA2_Stream4_IRQHandler                  0x08009cdb   Thumb Code     0  startup_stm32f2xx.o(.text)
    DMA2_Stream5_IRQHandler                  0x08009cdb   Thumb Code     0  startup_stm32f2xx.o(.text)
    DMA2_Stream6_IRQHandler                  0x08009cdb   Thumb Code     0  startup_stm32f2xx.o(.text)
    DMA2_Stream7_IRQHandler                  0x08009cdb   Thumb Code     0  startup_stm32f2xx.o(.text)
    ETH_IRQHandler                           0x08009cdb   Thumb Code     0  startup_stm32f2xx.o(.text)
    ETH_WKUP_IRQHandler                      0x08009cdb   Thumb Code     0  startup_stm32f2xx.o(.text)
    EXTI0_IRQHandler                         0x08009cdb   Thumb Code     0  startup_stm32f2xx.o(.text)
    EXTI15_10_IRQHandler                     0x08009cdb   Thumb Code     0  startup_stm32f2xx.o(.text)
    EXTI1_IRQHandler                         0x08009cdb   Thumb Code     0  startup_stm32f2xx.o(.text)
    EXTI2_IRQHandler                         0x08009cdb   Thumb Code     0  startup_stm32f2xx.o(.text)
    EXTI3_IRQHandler                         0x08009cdb   Thumb Code     0  startup_stm32f2xx.o(.text)
    EXTI4_IRQHandler                         0x08009cdb   Thumb Code     0  startup_stm32f2xx.o(.text)
    EXTI9_5_IRQHandler                       0x08009cdb   Thumb Code     0  startup_stm32f2xx.o(.text)
    FLASH_IRQHandler                         0x08009cdb   Thumb Code     0  startup_stm32f2xx.o(.text)
    FSMC_IRQHandler                          0x08009cdb   Thumb Code     0  startup_stm32f2xx.o(.text)
    HASH_RNG_IRQHandler                      0x08009cdb   Thumb Code     0  startup_stm32f2xx.o(.text)
    I2C1_ER_IRQHandler                       0x08009cdb   Thumb Code     0  startup_stm32f2xx.o(.text)
    I2C1_EV_IRQHandler                       0x08009cdb   Thumb Code     0  startup_stm32f2xx.o(.text)
    I2C2_ER_IRQHandler                       0x08009cdb   Thumb Code     0  startup_stm32f2xx.o(.text)
    I2C2_EV_IRQHandler                       0x08009cdb   Thumb Code     0  startup_stm32f2xx.o(.text)
    I2C3_ER_IRQHandler                       0x08009cdb   Thumb Code     0  startup_stm32f2xx.o(.text)
    I2C3_EV_IRQHandler                       0x08009cdb   Thumb Code     0  startup_stm32f2xx.o(.text)
    OTG_FS_IRQHandler                        0x08009cdb   Thumb Code     0  startup_stm32f2xx.o(.text)
    OTG_FS_WKUP_IRQHandler                   0x08009cdb   Thumb Code     0  startup_stm32f2xx.o(.text)
    OTG_HS_EP1_IN_IRQHandler                 0x08009cdb   Thumb Code     0  startup_stm32f2xx.o(.text)
    OTG_HS_EP1_OUT_IRQHandler                0x08009cdb   Thumb Code     0  startup_stm32f2xx.o(.text)
    OTG_HS_IRQHandler                        0x08009cdb   Thumb Code     0  startup_stm32f2xx.o(.text)
    OTG_HS_WKUP_IRQHandler                   0x08009cdb   Thumb Code     0  startup_stm32f2xx.o(.text)
    PVD_IRQHandler                           0x08009cdb   Thumb Code     0  startup_stm32f2xx.o(.text)
    RCC_IRQHandler                           0x08009cdb   Thumb Code     0  startup_stm32f2xx.o(.text)
    RTC_Alarm_IRQHandler                     0x08009cdb   Thumb Code     0  startup_stm32f2xx.o(.text)
    RTC_WKUP_IRQHandler                      0x08009cdb   Thumb Code     0  startup_stm32f2xx.o(.text)
    SDIO_IRQHandler                          0x08009cdb   Thumb Code     0  startup_stm32f2xx.o(.text)
    SPI1_IRQHandler                          0x08009cdb   Thumb Code     0  startup_stm32f2xx.o(.text)
    SPI2_IRQHandler                          0x08009cdb   Thumb Code     0  startup_stm32f2xx.o(.text)
    SPI3_IRQHandler                          0x08009cdb   Thumb Code     0  startup_stm32f2xx.o(.text)
    TAMP_STAMP_IRQHandler                    0x08009cdb   Thumb Code     0  startup_stm32f2xx.o(.text)
    TIM1_BRK_TIM9_IRQHandler                 0x08009cdb   Thumb Code     0  startup_stm32f2xx.o(.text)
    TIM1_CC_IRQHandler                       0x08009cdb   Thumb Code     0  startup_stm32f2xx.o(.text)
    TIM1_TRG_COM_TIM11_IRQHandler            0x08009cdb   Thumb Code     0  startup_stm32f2xx.o(.text)
    TIM1_UP_TIM10_IRQHandler                 0x08009cdb   Thumb Code     0  startup_stm32f2xx.o(.text)
    TIM2_IRQHandler                          0x08009cdb   Thumb Code     0  startup_stm32f2xx.o(.text)
    TIM3_IRQHandler                          0x08009cdb   Thumb Code     0  startup_stm32f2xx.o(.text)
    TIM4_IRQHandler                          0x08009cdb   Thumb Code     0  startup_stm32f2xx.o(.text)
    TIM5_IRQHandler                          0x08009cdb   Thumb Code     0  startup_stm32f2xx.o(.text)
    TIM6_DAC_IRQHandler                      0x08009cdb   Thumb Code     0  startup_stm32f2xx.o(.text)
    TIM7_IRQHandler                          0x08009cdb   Thumb Code     0  startup_stm32f2xx.o(.text)
    TIM8_BRK_TIM12_IRQHandler                0x08009cdb   Thumb Code     0  startup_stm32f2xx.o(.text)
    TIM8_CC_IRQHandler                       0x08009cdb   Thumb Code     0  startup_stm32f2xx.o(.text)
    TIM8_TRG_COM_TIM14_IRQHandler            0x08009cdb   Thumb Code     0  startup_stm32f2xx.o(.text)
    TIM8_UP_TIM13_IRQHandler                 0x08009cdb   Thumb Code     0  startup_stm32f2xx.o(.text)
    UART4_IRQHandler                         0x08009cdb   Thumb Code     0  startup_stm32f2xx.o(.text)
    UART5_IRQHandler                         0x08009cdb   Thumb Code     0  startup_stm32f2xx.o(.text)
    USART1_IRQHandler                        0x08009cdb   Thumb Code     0  startup_stm32f2xx.o(.text)
    USART2_IRQHandler                        0x08009cdb   Thumb Code     0  startup_stm32f2xx.o(.text)
    USART3_IRQHandler                        0x08009cdb   Thumb Code     0  startup_stm32f2xx.o(.text)
    USART6_IRQHandler                        0x08009cdb   Thumb Code     0  startup_stm32f2xx.o(.text)
    WWDG_IRQHandler                          0x08009cdb   Thumb Code     0  startup_stm32f2xx.o(.text)
    SystemInit                               0x08009da5   Thumb Code    74  system_stm32f2xx.o(.text)
    SystemCoreClockUpdate                    0x08009def   Thumb Code   174  system_stm32f2xx.o(.text)
    ETH_DeInit                               0x08009ee1   Thumb Code    22  stm32f2x7_eth.o(.text)
    ETH_StructInit                           0x08009ef7   Thumb Code   178  stm32f2x7_eth.o(.text)
    ETH_Init                                 0x08009fa9   Thumb Code   436  stm32f2x7_eth.o(.text)
    ETH_DMAReceptionCmd                      0x0800a15d   Thumb Code    30  stm32f2x7_eth.o(.text)
    ETH_DMATransmissionCmd                   0x0800a17b   Thumb Code    30  stm32f2x7_eth.o(.text)
    ETH_MACReceptionCmd                      0x0800a199   Thumb Code    30  stm32f2x7_eth.o(.text)
    ETH_FlushTransmitFIFO                    0x0800a1b7   Thumb Code    14  stm32f2x7_eth.o(.text)
    ETH_MACTransmissionCmd                   0x0800a1c5   Thumb Code    30  stm32f2x7_eth.o(.text)
    ETH_Start                                0x0800a1e3   Thumb Code    32  stm32f2x7_eth.o(.text)
    ETH_GetFlowControlBusyStatus             0x0800a203   Thumb Code    20  stm32f2x7_eth.o(.text)
    ETH_InitiatePauseControlFrame            0x0800a217   Thumb Code    14  stm32f2x7_eth.o(.text)
    ETH_BackPressureActivationCmd            0x0800a225   Thumb Code    30  stm32f2x7_eth.o(.text)
    ETH_GetMACFlagStatus                     0x0800a243   Thumb Code    20  stm32f2x7_eth.o(.text)
    ETH_GetMACITStatus                       0x0800a257   Thumb Code    20  stm32f2x7_eth.o(.text)
    ETH_MACITConfig                          0x0800a26b   Thumb Code    26  stm32f2x7_eth.o(.text)
    ETH_MACAddressConfig                     0x0800a285   Thumb Code    46  stm32f2x7_eth.o(.text)
    ETH_GetMACAddress                        0x0800a2b3   Thumb Code    36  stm32f2x7_eth.o(.text)
    ETH_MACAddressPerfectFilterCmd           0x0800a2d7   Thumb Code    38  stm32f2x7_eth.o(.text)
    ETH_MACAddressFilterConfig               0x0800a2fd   Thumb Code    40  stm32f2x7_eth.o(.text)
    ETH_MACAddressMaskBytesFilterConfig      0x0800a325   Thumb Code    32  stm32f2x7_eth.o(.text)
    ETH_Get_Received_Frame                   0x0800a345   Thumb Code   132  stm32f2x7_eth.o(.text)
    ETH_Get_Received_Frame_interrupt         0x0800a3c9   Thumb Code   268  stm32f2x7_eth.o(.text)
    ETH_Prepare_Transmit_Descriptors         0x0800a4d5   Thumb Code   222  stm32f2x7_eth.o(.text)
    ETH_DMARxDescChainInit                   0x0800a5b3   Thumb Code    82  stm32f2x7_eth.o(.text)
    ETH_CheckFrameReceived                   0x0800a605   Thumb Code   190  stm32f2x7_eth.o(.text)
    ETH_DMATxDescChainInit                   0x0800a6c3   Thumb Code    70  stm32f2x7_eth.o(.text)
    ETH_GetDMATxDescFlagStatus               0x0800a709   Thumb Code    18  stm32f2x7_eth.o(.text)
    ETH_GetDMATxDescCollisionCount           0x0800a71b   Thumb Code    10  stm32f2x7_eth.o(.text)
    ETH_SetDMATxDescOwnBit                   0x0800a725   Thumb Code    10  stm32f2x7_eth.o(.text)
    ETH_DMATxDescTransmitITConfig            0x0800a72f   Thumb Code    22  stm32f2x7_eth.o(.text)
    ETH_DMATxDescFrameSegmentConfig          0x0800a745   Thumb Code     8  stm32f2x7_eth.o(.text)
    ETH_DMATxDescChecksumInsertionConfig     0x0800a74d   Thumb Code     8  stm32f2x7_eth.o(.text)
    ETH_DMATxDescCRCCmd                      0x0800a755   Thumb Code    22  stm32f2x7_eth.o(.text)
    ETH_DMATxDescSecondAddressChainedCmd     0x0800a76b   Thumb Code    22  stm32f2x7_eth.o(.text)
    ETH_DMATxDescShortFramePaddingCmd        0x0800a781   Thumb Code    22  stm32f2x7_eth.o(.text)
    ETH_DMATxDescBufferSizeConfig            0x0800a797   Thumb Code    14  stm32f2x7_eth.o(.text)
    ETH_GetDMARxDescFlagStatus               0x0800a7a5   Thumb Code    18  stm32f2x7_eth.o(.text)
    ETH_GetDMAPTPRxDescExtendedFlagStatus    0x0800a7b7   Thumb Code    38  stm32f2x7_eth.o(.text)
    ETH_SetDMARxDescOwnBit                   0x0800a7dd   Thumb Code    10  stm32f2x7_eth.o(.text)
    ETH_GetDMARxDescFrameLength              0x0800a7e7   Thumb Code    10  stm32f2x7_eth.o(.text)
    ETH_DMARxDescReceiveITConfig             0x0800a7f1   Thumb Code    22  stm32f2x7_eth.o(.text)
    ETH_GetDMARxDescBufferSize               0x0800a807   Thumb Code    20  stm32f2x7_eth.o(.text)
    ETH_GetRxPktSize                         0x0800a81b   Thumb Code    42  stm32f2x7_eth.o(.text)
    ETH_EnhancedDescriptorCmd                0x0800a845   Thumb Code    30  stm32f2x7_eth.o(.text)
    ETH_SoftwareReset                        0x0800a863   Thumb Code    14  stm32f2x7_eth.o(.text)
    ETH_GetSoftwareResetStatus               0x0800a871   Thumb Code    20  stm32f2x7_eth.o(.text)
    ETH_GetDMAFlagStatus                     0x0800a885   Thumb Code    20  stm32f2x7_eth.o(.text)
    ETH_DMAClearFlag                         0x0800a899   Thumb Code     6  stm32f2x7_eth.o(.text)
    ETH_DMAITConfig                          0x0800a89f   Thumb Code    26  stm32f2x7_eth.o(.text)
    ETH_GetDMAITStatus                       0x0800a8b9   Thumb Code    20  stm32f2x7_eth.o(.text)
    ETH_DMAClearITPendingBit                 0x0800a8cd   Thumb Code     6  stm32f2x7_eth.o(.text)
    ETH_GetTransmitProcessState              0x0800a8d3   Thumb Code    10  stm32f2x7_eth.o(.text)
    ETH_GetReceiveProcessState               0x0800a8dd   Thumb Code    10  stm32f2x7_eth.o(.text)
    ETH_GetFlushTransmitFIFOStatus           0x0800a8e7   Thumb Code    20  stm32f2x7_eth.o(.text)
    ETH_GetDMAOverflowStatus                 0x0800a8fb   Thumb Code    20  stm32f2x7_eth.o(.text)
    ETH_GetRxOverflowMissedFrameCounter      0x0800a90f   Thumb Code    10  stm32f2x7_eth.o(.text)
    ETH_GetBufferUnavailableMissedFrameCounter 0x0800a919   Thumb Code     8  stm32f2x7_eth.o(.text)
    ETH_GetCurrentTxDescStartAddress         0x0800a921   Thumb Code     6  stm32f2x7_eth.o(.text)
    ETH_GetCurrentRxDescStartAddress         0x0800a927   Thumb Code     6  stm32f2x7_eth.o(.text)
    ETH_GetCurrentTxBufferAddress            0x0800a92d   Thumb Code     6  stm32f2x7_eth.o(.text)
    ETH_GetCurrentRxBufferAddress            0x0800a933   Thumb Code     6  stm32f2x7_eth.o(.text)
    ETH_ResumeDMATransmission                0x0800a939   Thumb Code     8  stm32f2x7_eth.o(.text)
    ETH_ResumeDMAReception                   0x0800a941   Thumb Code     8  stm32f2x7_eth.o(.text)
    ETH_SetReceiveWatchdogTimer              0x0800a949   Thumb Code     6  stm32f2x7_eth.o(.text)
    ETH_ReadPHYRegister                      0x0800a94f   Thumb Code    98  stm32f2x7_eth.o(.text)
    ETH_WritePHYRegister                     0x0800a9b1   Thumb Code    96  stm32f2x7_eth.o(.text)
    ETH_PHYLoopBackCmd                       0x0800aa11   Thumb Code    52  stm32f2x7_eth.o(.text)
    ETH_ResetWakeUpFrameFilterRegisterPointer 0x0800aa45   Thumb Code    14  stm32f2x7_eth.o(.text)
    ETH_SetWakeUpFrameFilterRegister         0x0800aa53   Thumb Code    24  stm32f2x7_eth.o(.text)
    ETH_GlobalUnicastWakeUpCmd               0x0800aa6b   Thumb Code    30  stm32f2x7_eth.o(.text)
    ETH_GetPMTFlagStatus                     0x0800aa89   Thumb Code    20  stm32f2x7_eth.o(.text)
    ETH_WakeUpFrameDetectionCmd              0x0800aa9d   Thumb Code    30  stm32f2x7_eth.o(.text)
    ETH_MagicPacketDetectionCmd              0x0800aabb   Thumb Code    30  stm32f2x7_eth.o(.text)
    ETH_PowerDownCmd                         0x0800aad9   Thumb Code    30  stm32f2x7_eth.o(.text)
    ETH_MMCCounterFullPreset                 0x0800aaf7   Thumb Code    16  stm32f2x7_eth.o(.text)
    ETH_MMCCounterHalfPreset                 0x0800ab07   Thumb Code    30  stm32f2x7_eth.o(.text)
    ETH_MMCCounterFreezeCmd                  0x0800ab25   Thumb Code    34  stm32f2x7_eth.o(.text)
    ETH_MMCResetOnReadCmd                    0x0800ab47   Thumb Code    34  stm32f2x7_eth.o(.text)
    ETH_MMCCounterRolloverCmd                0x0800ab69   Thumb Code    34  stm32f2x7_eth.o(.text)
    ETH_MMCCountersReset                     0x0800ab8b   Thumb Code    16  stm32f2x7_eth.o(.text)
    ETH_MMCITConfig                          0x0800ab9b   Thumb Code    78  stm32f2x7_eth.o(.text)
    ETH_GetMMCITStatus                       0x0800abe9   Thumb Code    84  stm32f2x7_eth.o(.text)
    ETH_GetMMCRegister                       0x0800ac3d   Thumb Code     8  stm32f2x7_eth.o(.text)
    mem_init                                 0x0800acc5   Thumb Code    80  mem.o(.text)
    mem_free                                 0x0800ad15   Thumb Code    68  mem.o(.text)
    mem_realloc                              0x0800ad59   Thumb Code   288  mem.o(.text)
    mem_malloc                               0x0800ae79   Thumb Code   228  mem.o(.text)
    mem_calloc                               0x0800af5d   Thumb Code    34  mem.o(.text)
    memp_init                                0x0800af95   Thumb Code    82  memp.o(.text)
    memp_malloc                              0x0800afe7   Thumb Code    40  memp.o(.text)
    memp_free                                0x0800b00f   Thumb Code    28  memp.o(.text)
    netif_set_gw                             0x0800b03d   Thumb Code    12  netif.o(.text)
    netif_set_netmask                        0x0800b049   Thumb Code    12  netif.o(.text)
    netif_set_ipaddr                         0x0800b055   Thumb Code   110  netif.o(.text)
    netif_set_addr                           0x0800b0c3   Thumb Code    40  netif.o(.text)
    netif_add                                0x0800b0eb   Thumb Code    98  netif.o(.text)
    netif_set_default                        0x0800b14d   Thumb Code     6  netif.o(.text)
    netif_remove                             0x0800b153   Thumb Code    74  netif.o(.text)
    netif_find                               0x0800b19d   Thumb Code    64  netif.o(.text)
    netif_set_up                             0x0800b1dd   Thumb Code    44  netif.o(.text)
    netif_set_down                           0x0800b209   Thumb Code    24  netif.o(.text)
    netif_is_up                              0x0800b221   Thumb Code    12  netif.o(.text)
    pbuf_free                                0x0800b241   Thumb Code   110  pbuf.o(.text)
    pbuf_alloc                               0x0800b2af   Thumb Code   414  pbuf.o(.text)
    pbuf_realloc                             0x0800b44d   Thumb Code   120  pbuf.o(.text)
    pbuf_header                              0x0800b4c5   Thumb Code   126  pbuf.o(.text)
    pbuf_clen                                0x0800b543   Thumb Code    18  pbuf.o(.text)
    pbuf_ref                                 0x0800b555   Thumb Code    10  pbuf.o(.text)
    pbuf_cat                                 0x0800b55f   Thumb Code    56  pbuf.o(.text)
    pbuf_chain                               0x0800b597   Thumb Code    22  pbuf.o(.text)
    pbuf_dechain                             0x0800b5ad   Thumb Code    56  pbuf.o(.text)
    pbuf_copy                                0x0800b5e5   Thumb Code   182  pbuf.o(.text)
    pbuf_copy_partial                        0x0800b69b   Thumb Code   146  pbuf.o(.text)
    pbuf_take                                0x0800b72d   Thumb Code   116  pbuf.o(.text)
    pbuf_coalesce                            0x0800b7a1   Thumb Code    60  pbuf.o(.text)
    raw_input                                0x0800b7dd   Thumb Code   100  raw.o(.text)
    raw_bind                                 0x0800b841   Thumb Code    16  raw.o(.text)
    raw_connect                              0x0800b851   Thumb Code    16  raw.o(.text)
    raw_recv                                 0x0800b861   Thumb Code     6  raw.o(.text)
    raw_sendto                               0x0800b867   Thumb Code   154  raw.o(.text)
    raw_send                                 0x0800b901   Thumb Code    18  raw.o(.text)
    raw_remove                               0x0800b913   Thumb Code    60  raw.o(.text)
    raw_new                                  0x0800b94f   Thumb Code    42  raw.o(.text)
    tcp_seg_free                             0x0800b97d   Thumb Code    32  tcp.o(.text)
    tcp_segs_free                            0x0800b99d   Thumb Code    30  tcp.o(.text)
    tcp_pcb_purge                            0x0800b9bb   Thumb Code    54  tcp.o(.text)
    tcp_slowtmr                              0x0800b9f1   Thumb Code   710  tcp.o(.text)
    tcp_pcb_remove                           0x0800bcb7   Thumb Code   146  tcp.o(.text)
    tcp_close                                0x0800bd49   Thumb Code   274  tcp.o(.text)
    tcp_update_rcv_ann_wnd                   0x0800be5b   Thumb Code    72  tcp.o(.text)
    tcp_recved                               0x0800bea3   Thumb Code    70  tcp.o(.text)
    tcp_recv_null                            0x0800bee9   Thumb Code    46  tcp.o(.text)
    tcp_fasttmr                              0x0800bf17   Thumb Code   114  tcp.o(.text)
    tcp_tmr                                  0x0800bf89   Thumb Code    30  tcp.o(.text)
    tcp_abandon                              0x0800bfa7   Thumb Code   148  tcp.o(.text)
    tcp_bind                                 0x0800c0a3   Thumb Code   228  tcp.o(.text)
    tcp_listen_with_backlog                  0x0800c18f   Thumb Code   192  tcp.o(.text)
    tcp_eff_send_mss                         0x0800c24f   Thumb Code    46  tcp.o(.text)
    tcp_next_iss                             0x0800c27d   Thumb Code    20  tcp.o(.text)
    tcp_connect                              0x0800c291   Thumb Code   308  tcp.o(.text)
    tcp_setprio                              0x0800c3c5   Thumb Code     4  tcp.o(.text)
    tcp_alloc                                0x0800c44b   Thumb Code   172  tcp.o(.text)
    tcp_new                                  0x0800c4f7   Thumb Code    10  tcp.o(.text)
    tcp_arg                                  0x0800c501   Thumb Code     4  tcp.o(.text)
    tcp_recv                                 0x0800c505   Thumb Code     6  tcp.o(.text)
    tcp_sent                                 0x0800c50b   Thumb Code     6  tcp.o(.text)
    tcp_err                                  0x0800c511   Thumb Code     6  tcp.o(.text)
    tcp_accept                               0x0800c517   Thumb Code     4  tcp.o(.text)
    tcp_poll                                 0x0800c51b   Thumb Code    10  tcp.o(.text)
    tcp_debug_state_str                      0x0800c525   Thumb Code    10  tcp.o(.text)
    tcp_input                                0x0800d355   Thumb Code  1118  tcp_in.o(.text)
    tcp_enqueue                              0x0800d86b   Thumb Code  1014  tcp_out.o(.text)
    tcp_send_ctrl                            0x0800dc61   Thumb Code    28  tcp_out.o(.text)
    tcp_write                                0x0800dc7d   Thumb Code    72  tcp_out.o(.text)
    tcp_send_empty_ack                       0x0800dcc5   Thumb Code    94  tcp_out.o(.text)
    tcp_output                               0x0800dde5   Thumb Code   474  tcp_out.o(.text)
    tcp_rst                                  0x0800dfbf   Thumb Code   170  tcp_out.o(.text)
    tcp_rexmit_rto                           0x0800e069   Thumb Code    58  tcp_out.o(.text)
    tcp_rexmit                               0x0800e0a3   Thumb Code    80  tcp_out.o(.text)
    tcp_rexmit_fast                          0x0800e0f3   Thumb Code   130  tcp_out.o(.text)
    tcp_keepalive                            0x0800e175   Thumb Code    82  tcp_out.o(.text)
    tcp_zero_window_probe                    0x0800e1c7   Thumb Code   168  tcp_out.o(.text)
    udp_input                                0x0800e271   Thumb Code   394  udp.o(.text)
    udp_bind                                 0x0800e3fb   Thumb Code   106  udp.o(.text)
    udp_sendto_if                            0x0800e465   Thumb Code   202  udp.o(.text)
    udp_sendto                               0x0800e52f   Thumb Code    46  udp.o(.text)
    udp_send                                 0x0800e55d   Thumb Code    20  udp.o(.text)
    udp_connect                              0x0800e571   Thumb Code    94  udp.o(.text)
    udp_disconnect                           0x0800e5cf   Thumb Code    28  udp.o(.text)
    udp_recv                                 0x0800e5eb   Thumb Code     6  udp.o(.text)
    udp_remove                               0x0800e5f1   Thumb Code    60  udp.o(.text)
    udp_new                                  0x0800e62d   Thumb Code    28  udp.o(.text)
    autoip_init                              0x0800e651   Thumb Code     2  autoip.o(.text)
    autoip_start                             0x0800e6f9   Thumb Code    96  autoip.o(.text)
    autoip_network_changed                   0x0800e809   Thumb Code    28  autoip.o(.text)
    autoip_stop                              0x0800e825   Thumb Code    20  autoip.o(.text)
    autoip_tmr                               0x0800e839   Thumb Code   262  autoip.o(.text)
    autoip_arp_reply                         0x0800e93f   Thumb Code   176  autoip.o(.text)
    icmp_input                               0x0800ea11   Thumb Code   368  icmp.o(.text)
    icmp_dest_unreach                        0x0800ebed   Thumb Code    18  icmp.o(.text)
    icmp_time_exceeded                       0x0800ebff   Thumb Code    18  icmp.o(.text)
    htonl                                    0x0800ec11   Thumb Code    26  inet.o(.text)
    inet_aton                                0x0800ec2b   Thumb Code   336  inet.o(.text)
    inet_addr                                0x0800ed7b   Thumb Code    24  inet.o(.text)
    inet_ntoa                                0x0800ed93   Thumb Code   112  inet.o(.text)
    htons                                    0x0800ee03   Thumb Code    12  inet.o(.text)
    ntohs                                    0x0800ee0f   Thumb Code    12  inet.o(.text)
    ntohl                                    0x0800ee1b   Thumb Code    12  inet.o(.text)
    inet_chksum_pseudo                       0x0800ee77   Thumb Code   162  inet_chksum.o(.text)
    inet_chksum                              0x0800ef19   Thumb Code    20  inet_chksum.o(.text)
    inet_chksum_pbuf                         0x0800ef2d   Thumb Code    86  inet_chksum.o(.text)
    ip_route                                 0x0800ef85   Thumb Code    70  ip.o(.text)
    ip_input                                 0x0800efcb   Thumb Code   398  ip.o(.text)
    ip_output_if                             0x0800f159   Thumb Code   246  ip.o(.text)
    ip_output                                0x0800f24f   Thumb Code    52  ip.o(.text)
    ip_addr_isbroadcast                      0x0800f299   Thumb Code    78  ip_addr.o(.text)
    ip_reass_tmr                             0x0800f393   Thumb Code    48  ip_frag.o(.text)
    ip_reass                                 0x0800f5eb   Thumb Code   410  ip_frag.o(.text)
    ip_frag                                  0x0800f785   Thumb Code   326  ip_frag.o(.text)
    etharp_tmr                               0x0800f8ff   Thumb Code   154  etharp.o(.text)
    etharp_find_addr                         0x0800fca5   Thumb Code    86  etharp.o(.text)
    etharp_ip_input                          0x0800fcfb   Thumb Code    60  etharp.o(.text)
    etharp_arp_input                         0x0800fd37   Thumb Code   332  etharp.o(.text)
    etharp_raw                               0x0800fe83   Thumb Code   212  etharp.o(.text)
    etharp_request                           0x0800ff57   Thumb Code    36  etharp.o(.text)
    etharp_query                             0x0800ff7b   Thumb Code   386  etharp.o(.text)
    etharp_output                            0x080100fd   Thumb Code   190  etharp.o(.text)
    ethernet_input                           0x080101bb   Thumb Code   122  etharp.o(.text)
    ethernetif_input                         0x0801038d   Thumb Code    44  ethernetif.o(.text)
    ethernetif_init                          0x080103b9   Thumb Code    38  ethernetif.o(.text)
    __aeabi_memcpy                           0x08010409   Thumb Code    36  memcpya.o(.text)
    __aeabi_memcpy4                          0x08010409   Thumb Code     0  memcpya.o(.text)
    __aeabi_memcpy8                          0x08010409   Thumb Code     0  memcpya.o(.text)
    __aeabi_memset                           0x0801042d   Thumb Code    14  memseta.o(.text)
    __aeabi_memset4                          0x0801042d   Thumb Code     0  memseta.o(.text)
    __aeabi_memset8                          0x0801042d   Thumb Code     0  memseta.o(.text)
    __aeabi_memclr                           0x0801043b   Thumb Code     4  memseta.o(.text)
    __aeabi_memclr4                          0x0801043b   Thumb Code     0  memseta.o(.text)
    __aeabi_memclr8                          0x0801043b   Thumb Code     0  memseta.o(.text)
    _memset$wrapper                          0x0801043f   Thumb Code    18  memseta.o(.text)
    strlen                                   0x08010451   Thumb Code    14  strlen.o(.text)
    strcmp                                   0x0801045f   Thumb Code    28  strcmp.o(.text)
    memcmp                                   0x0801047b   Thumb Code    26  memcmp.o(.text)
    strncmp                                  0x08010495   Thumb Code    30  strncmp.o(.text)
    __aeabi_dmul                             0x080104b3   Thumb Code   228  dmul.o(.text)
    __aeabi_ddiv                             0x08010597   Thumb Code   222  ddiv.o(.text)
    __aeabi_i2d                              0x08010675   Thumb Code    34  dflti.o(.text)
    __aeabi_d2iz                             0x08010697   Thumb Code    62  dfixi.o(.text)
    __aeabi_uidiv                            0x080106d5   Thumb Code     0  uidiv.o(.text)
    __aeabi_uidivmod                         0x080106d5   Thumb Code    44  uidiv.o(.text)
    __aeabi_llsr                             0x08010701   Thumb Code    32  llushr.o(.text)
    _ll_ushift_r                             0x08010701   Thumb Code     0  llushr.o(.text)
    __I$use$fp                               0x08010721   Thumb Code     0  iusefp.o(.text)
    _double_round                            0x08010721   Thumb Code    30  depilogue.o(.text)
    _double_epilogue                         0x0801073f   Thumb Code   156  depilogue.o(.text)
    __aeabi_dadd                             0x080107db   Thumb Code   322  dadd.o(.text)
    __aeabi_dsub                             0x0801091d   Thumb Code     6  dadd.o(.text)
    __aeabi_drsub                            0x08010923   Thumb Code     6  dadd.o(.text)
    __ARM_scalbn                             0x08010929   Thumb Code    46  dscalb.o(.text)
    scalbn                                   0x08010929   Thumb Code     0  dscalb.o(.text)
    __scatterload                            0x08010959   Thumb Code    28  init.o(.text)
    __scatterload_rt2                        0x08010959   Thumb Code     0  init.o(.text)
    __aeabi_llsl                             0x0801097d   Thumb Code    30  llshl.o(.text)
    _ll_shift_l                              0x0801097d   Thumb Code     0  llshl.o(.text)
    __aeabi_lasr                             0x0801099b   Thumb Code    36  llsshr.o(.text)
    _ll_sshift_r                             0x0801099b   Thumb Code     0  llsshr.o(.text)
    __aeabi_cdcmpeq                          0x080109c1   Thumb Code     0  cdcmple.o(.text)
    __aeabi_cdcmple                          0x080109c1   Thumb Code    48  cdcmple.o(.text)
    __decompress                             0x080109f1   Thumb Code     0  __dczerorl2.o(.text)
    __decompress1                            0x080109f1   Thumb Code    86  __dczerorl2.o(.text)
    Long Thumb to Thumb Veneer to ram_function 0x08010a47   Thumb Code    10  anon$$obj.o(Veneer$$Code)
    Long Thumb to Thumb Veneer to ram_flash_copy 0x08010a51   Thumb Code    10  anon$$obj.o(Veneer$$Code)
    __0sprintf$3                             0x08010a5d   Thumb Code    34  printf3.o(i.__0sprintf$3)
    __1sprintf$3                             0x08010a5d   Thumb Code     0  printf3.o(i.__0sprintf$3)
    __2sprintf                               0x08010a5d   Thumb Code     0  printf3.o(i.__0sprintf$3)
    __kernel_poly                            0x08010a85   Thumb Code   170  poly.o(i.__kernel_poly)
    __mathlib_dbl_divzero                    0x08010b31   Thumb Code    12  dunder.o(i.__mathlib_dbl_divzero)
    __mathlib_dbl_infnan                     0x08010b41   Thumb Code     6  dunder.o(i.__mathlib_dbl_infnan)
    __mathlib_dbl_invalid                    0x08010b47   Thumb Code    12  dunder.o(i.__mathlib_dbl_invalid)
    __scatterload_copy                       0x08010b53   Thumb Code    14  handlers.o(i.__scatterload_copy)
    __scatterload_null                       0x08010b61   Thumb Code     2  handlers.o(i.__scatterload_null)
    __scatterload_zeroinit                   0x08010b63   Thumb Code    14  handlers.o(i.__scatterload_zeroinit)
    __set_errno                              0x08010b71   Thumb Code     6  errno.o(i.__set_errno)
    log                                      0x08010d41   Thumb Code   808  log.o(i.log)
    log10                                    0x0801109d   Thumb Code   198  log10.o(i.log10)
    Sin100Sample                             0x08011180   Data         882  myaudiosample.o(.constdata)
    Sin200Sample                             0x080114f2   Data         882  myaudiosample.o(.constdata)
    Sin500Sample                             0x08011864   Data         882  myaudiosample.o(.constdata)
    Sin800Sample                             0x08011bd6   Data         882  myaudiosample.o(.constdata)
    Sin1kSample                              0x08011f48   Data         882  myaudiosample.o(.constdata)
    Sin2kSample                              0x080122ba   Data         882  myaudiosample.o(.constdata)
    Sin5kSample                              0x0801262c   Data         882  myaudiosample.o(.constdata)
    Sin8kSample                              0x0801299e   Data         882  myaudiosample.o(.constdata)
    Sin10kSample                             0x08012d10   Data         882  myaudiosample.o(.constdata)
    Sin15kSample                             0x08013082   Data         882  myaudiosample.o(.constdata)
    Sin20kSample                             0x080133f4   Data         882  myaudiosample.o(.constdata)
    PageLogin                                0x08013766   Data         464  myhttpd.o(.constdata)
    Page1                                    0x08013936   Data         175  myhttpd.o(.constdata)
    PageLogErr                               0x080139e5   Data         403  myhttpd.o(.constdata)
    PageFrameMain                            0x08013b78   Data         165  myhttpd.o(.constdata)
    PageFrameIndex                           0x08013c1d   Data         245  myhttpd.o(.constdata)
    PageFrame1                               0x08013d12   Data         269  myhttpd.o(.constdata)
    PageFrame2                               0x08013e1f   Data         131  myhttpd.o(.constdata)
    PageUpdate                               0x08013ea2   Data         741  myhttpd.o(.constdata)
    PageUpdateInputErr                       0x08014187   Data         155  myhttpd.o(.constdata)
    PageUpdating                             0x08014222   Data         250  myhttpd.o(.constdata)
    tcp_backoff                              0x08014340   Data          13  tcp.o(.constdata)
    tcp_persist_backoff                      0x0801434d   Data           7  tcp.o(.constdata)
    ip_addr_any                              0x08014354   Data           4  ip_addr.o(.constdata)
    ip_addr_broadcast                        0x08014358   Data           4  ip_addr.o(.constdata)
    ethbroadcast                             0x0801435c   Data           6  etharp.o(.constdata)
    ethzero                                  0x08014362   Data           6  etharp.o(.constdata)
    __mathlib_zero                           0x080143a0   Data           8  qnan.o(.constdata)
    Region$$Table$$Base                      0x0801448c   Number         0  anon$$obj.o(Region$$Table)
    Region$$Table$$Limit                     0x080144bc   Number         0  anon$$obj.o(Region$$Table)
    ram_function                             0x20000001   Thumb Code    52  myramfunc.o(.text)
    ram_feeddog                              0x20000035   Thumb Code    34  myramfunc.o(.text)
    ram_flash_copy                           0x20000057   Thumb Code   536  myramfunc.o(.text)
    Debuger                                  0x20000294   Data           4  main.o(.data)
    DevType                                  0x20000298   Data           1  myapp.o(.data)
    DevId                                    0x20000299   Data           1  myapp.o(.data)
    TrainId                                  0x2000029a   Data           2  myapp.o(.data)
    AppStartTimer                            0x2000029c   Data           4  myapp.o(.data)
    AppStartFlag                             0x200002a0   Data           4  myapp.o(.data)
    Addr                                     0x200002a4   Data           1  myapp.o(.data)
    AmpState                                 0x200002a8   Data           4  myapp.o(.data)
    DC24V1State                              0x200002ac   Data           4  myapp.o(.data)
    DC24V2State                              0x200002b0   Data           4  myapp.o(.data)
    NoiseDetectState                         0x200002b4   Data           4  myapp.o(.data)
    CurrentState                             0x200002b8   Data           1  myapp.o(.data)
    AppVersion1                              0x200002b9   Data           1  myapp.o(.data)
    AppVersion2                              0x200002ba   Data           1  myapp.o(.data)
    AppVersion3                              0x200002bb   Data           1  myapp.o(.data)
    AppVersion4                              0x200002bc   Data           1  myapp.o(.data)
    CcState                                  0x200002bd   Data           1  myapp.o(.data)
    CcDbSet                                  0x200002c0   Data           4  myapp.o(.data)
    CcTestSet                                0x200002c4   Data           1  myapp.o(.data)
    PcDbSet                                  0x200002c8   Data           4  myapp.o(.data)
    PcDbSet_Tmp                              0x200002cc   Data           4  myapp.o(.data)
    voltotalset                              0x200002d0   Data           1  myapp.o(.data)
    NetLocalMac                              0x200002d8   Data           6  mynet.o(.data)
    NetLocalIp                               0x200002de   Data           4  mynet.o(.data)
    NetRouterIp                              0x200002e2   Data           4  mynet.o(.data)
    NetMaskIp                                0x200002e6   Data           4  mynet.o(.data)
    NetShowIp                                0x200002ea   Data           4  mynet.o(.data)
    pNetReceiveBuf                           0x200002f0   Data           4  mynet.o(.data)
    NetReceiveBufSize                        0x200002f4   Data           4  mynet.o(.data)
    pNetSendBuf                              0x200002f8   Data           4  mynet.o(.data)
    NetSendBufSize                           0x200002fc   Data           4  mynet.o(.data)
    NetStartingFlag                          0x20000300   Data           4  mynet.o(.data)
    NetListenSendFlag                        0x20000304   Data           4  mynet.o(.data)
    NetBaseIp                                0x20000308   Data           4  mynet.o(.data)
    NetLocalBroadcastIp                      0x2000030c   Data           4  mynet.o(.data)
    NetDownloadStarted                       0x20000310   Data           4  mynet.o(.data)
    NetDownloadBlocks                        0x20000314   Data           4  mynet.o(.data)
    NetDownloadBlockNum                      0x20000318   Data           4  mynet.o(.data)
    reboot_flag                              0x2000031c   Data           4  mynet.o(.data)
    NetHad                                   0x20000320   Data           4  mynet.o(.data)
    NetOkFlag                                0x20000324   Data           4  mynet.o(.data)
    EthInitStatus                            0x20000328   Data           4  myethernet.o(.data)
    EthLinkStatus                            0x2000032c   Data           1  myethernet.o(.data)
    MyTmCnt10                                0x20000330   Data           4  mytimer.o(.data)
    MyTmCnt20                                0x20000334   Data           4  mytimer.o(.data)
    MyTmCnt50                                0x20000338   Data           4  mytimer.o(.data)
    MyTmCnt100                               0x2000033c   Data           4  mytimer.o(.data)
    MyTmCnt200                               0x20000340   Data           4  mytimer.o(.data)
    MyTmCnt500                               0x20000344   Data           4  mytimer.o(.data)
    MyTmCnt1000                              0x20000348   Data           4  mytimer.o(.data)
    MyTmCnt2000                              0x2000034c   Data           4  mytimer.o(.data)
    AllBroadIpAddr                           0x20000350   Data           4  mylwip.o(.data)
    LocalBroadIpAddr                         0x20000354   Data           4  mylwip.o(.data)
    pUdpTestPcb                              0x20000358   Data           4  mylwip.o(.data)
    pUdpCommanderPcb                         0x2000035c   Data           4  mylwip.o(.data)
    pUdpControlRcvPcb                        0x20000360   Data           4  mylwip.o(.data)
    pUdpControlSendPcb                       0x20000364   Data           4  mylwip.o(.data)
    pUdpBroadcastRcvPcb                      0x20000368   Data           4  mylwip.o(.data)
    pUdpBroadcastSendPcb                     0x2000036c   Data           4  mylwip.o(.data)
    pUdpTalkRcvPcb                           0x20000370   Data           4  mylwip.o(.data)
    pUdpTalkSendPcb                          0x20000374   Data           4  mylwip.o(.data)
    pUdpPlayclkRcvPcb                        0x20000378   Data           4  mylwip.o(.data)
    pUdpPlayclkSendPcb                       0x2000037c   Data           4  mylwip.o(.data)
    pUdpDownloadRcvPcb                       0x20000380   Data           4  mylwip.o(.data)
    pUdpDownloadSendPcb                      0x20000384   Data           4  mylwip.o(.data)
    I2cTimeout                               0x2000038c   Data           4  myi2c.o(.data)
    I2cError                                 0x20000390   Data           4  myi2c.o(.data)
    DmaPlayFlag                              0x20000394   Data           4  myi2s.o(.data)
    pPlayLeftFifo                            0x20000398   Data           4  myaudio.o(.data)
    PlayLeftProduceIndex                     0x2000039c   Data           4  myaudio.o(.data)
    PlayLeftConsumeIndex                     0x200003a0   Data           4  myaudio.o(.data)
    PlayLeftWaitFlag                         0x200003a4   Data           4  myaudio.o(.data)
    PlayLeftProduceByteIndex                 0x200003a8   Data           4  myaudio.o(.data)
    PlayLeftConsumeByteIndex                 0x200003ac   Data           4  myaudio.o(.data)
    PlayLeftBytesToWrite                     0x200003b0   Data           4  myaudio.o(.data)
    PlayLeftBytesToRead                      0x200003b4   Data           4  myaudio.o(.data)
    pPlayRightFifo                           0x200003b8   Data           4  myaudio.o(.data)
    PlayRightProduceIndex                    0x200003bc   Data           4  myaudio.o(.data)
    PlayRightConsumeIndex                    0x200003c0   Data           4  myaudio.o(.data)
    PlayRightWaitFlag                        0x200003c4   Data           4  myaudio.o(.data)
    pListenLeftFifo                          0x200003c8   Data           4  myaudio.o(.data)
    ListenLeftProduceIndex                   0x200003cc   Data           4  myaudio.o(.data)
    ListenLeftConsumeIndex                   0x200003d0   Data           4  myaudio.o(.data)
    pListenRightFifo                         0x200003d4   Data           4  myaudio.o(.data)
    ListenRightProduceIndex                  0x200003d8   Data           4  myaudio.o(.data)
    ListenRightConsumeIndex                  0x200003dc   Data           4  myaudio.o(.data)
    ListenLeftFlag                           0x200003e0   Data           4  myaudio.o(.data)
    ListenLeftEnable                         0x200003e4   Data           4  myaudio.o(.data)
    ListenRightFlag                          0x200003e8   Data           4  myaudio.o(.data)
    ListenRightEnable                        0x200003ec   Data           4  myaudio.o(.data)
    AudioVolume                              0x200003f0   Data           4  myaudio.o(.data)
    AudioTreble                              0x200003f4   Data           4  myaudio.o(.data)
    AudioBass                                0x200003f8   Data           4  myaudio.o(.data)
    AudioMute                                0x200003fc   Data           4  myaudio.o(.data)
    AudioFrontPlayFlag                       0x20000400   Data           4  myaudio.o(.data)
    AudioBackPlayFlag                        0x20000404   Data           4  myaudio.o(.data)
    PlayClock                                0x20000408   Data           4  myaudio.o(.data)
    PlayClockSendFlag                        0x2000040c   Data           4  myaudio.o(.data)
    PlayClockEnable                          0x20000410   Data           4  myaudio.o(.data)
    PlayClockRcvFlag                         0x20000414   Data           4  myaudio.o(.data)
    SampleV                                  0x20000418   Data           4  myaudio.o(.data)
    SampleI                                  0x2000041c   Data           4  myaudio.o(.data)
    SampleVIbufIndex                         0x20000420   Data           4  myaudio.o(.data)
    SampleR                                  0x20000424   Data           4  myaudio.o(.data)
    SpeakerState                             0x20000428   Data           4  myaudio.o(.data)
    EmeVolume                                0x2000042c   Data           4  myaudio.o(.data)
    EmeVolumeSetFlag                         0x20000430   Data           4  myaudio.o(.data)
    EmeAudioFlag                             0x20000434   Data           4  myaudio.o(.data)
    EmeAudioTestFlag                         0x20000438   Data           4  myaudio.o(.data)
    AudioUpDownFlag                          0x2000043c   Data           4  myaudio.o(.data)
    AudioNdOffset                            0x20000440   Data           4  myaudio.o(.data)
    AudioNdFlag                              0x20000444   Data           4  myaudio.o(.data)
    AudioNdOffsetAim                         0x20000448   Data           4  myaudio.o(.data)
    AudioNdedVolume                          0x2000044c   Data           4  myaudio.o(.data)
    AudioPlayTestSinFlag                     0x20000450   Data           4  myaudio.o(.data)
    AudioPlayTestSinFrequency                0x20000454   Data           4  myaudio.o(.data)
    AudioPlayTestSinSampleIndex              0x20000458   Data           4  myaudio.o(.data)
    AudioInputSampleV                        0x2000045c   Data           4  myaudio.o(.data)
    AudioInputSampleI                        0x20000460   Data           4  myaudio.o(.data)
    AudioPlayCurrentType                     0x20000464   Data           1  myaudio.o(.data)
    VolumeOccDb                              0x20000468   Data           4  myaudio.o(.data)
    VolumeMediaDb                            0x2000046c   Data           4  myaudio.o(.data)
    VolumeToalDb                             0x20000470   Data           4  myaudio.o(.data)
    VolumeBroadcastDb                        0x20000474   Data           4  myaudio.o(.data)
    VolumeDoorDb                             0x20000478   Data           4  myaudio.o(.data)
    VolumeEemergencyDb                       0x2000047c   Data           4  myaudio.o(.data)
    VolumeTestDb                             0x20000480   Data           4  myaudio.o(.data)
    VolumeMicDb                              0x20000484   Data           4  myaudio.o(.data)
    VolumeChangeFlag                         0x20000488   Data           1  myaudio.o(.data)
    ProtocolLocalInfo                        0x20000494   Data           8  myprotocol.o(.data)
    ProtocolBroadInfo                        0x2000049c   Data           8  myprotocol.o(.data)
    ThisDebuger                              0x200004a4   Data           4  myflash.o(.data)
    StorageInfoSaveFlag                      0x200004a8   Data           4  mystorage.o(.data)
    CommanderSendAdcValueFlag                0x200004ac   Data           4  mycommander.o(.data)
    CommanderSendSampleFlag                  0x200004b0   Data           4  mycommander.o(.data)
    CommanderSendNoiseFlag                   0x200004b4   Data           4  mycommander.o(.data)
    KeyValue                                 0x200004b8   Data           4  mykey.o(.data)
    KeyUpFlag                                0x200004bc   Data           4  mykey.o(.data)
    KeyUpStep                                0x200004c0   Data           4  mykey.o(.data)
    KeyUpContinuous                          0x200004c4   Data           4  mykey.o(.data)
    KeyDownFlag                              0x200004c8   Data           4  mykey.o(.data)
    KeyDownStep                              0x200004cc   Data           4  mykey.o(.data)
    KeyDownContinuous                        0x200004d0   Data           4  mykey.o(.data)
    SelfTestStartFlag                        0x200004d4   Data           4  myselftest.o(.data)
    SelfTestStep                             0x200004d8   Data           4  myselftest.o(.data)
    SelfTest1kVCount                         0x200004dc   Data           4  myselftest.o(.data)
    SelfTest1kVVolt                          0x200004e0   Data           4  myselftest.o(.data)
    SelfTest1kICount                         0x200004e4   Data           4  myselftest.o(.data)
    SelfTest1kIA                             0x200004e8   Data           4  myselftest.o(.data)
    SelfTestAmplification                    0x200004ec   Data           4  myselftest.o(.data)
    SelfTestSnr                              0x200004f0   Data           4  myselftest.o(.data)
    SelfTestOutputPower                      0x200004f4   Data           4  myselftest.o(.data)
    UDPpcb                                   0x200004f8   Data           4  mytftpclient.o(.data)
    ServerIp                                 0x200004fc   Data           4  mytftpclient.o(.data)
    ServerPort                               0x20000500   Data           4  mytftpclient.o(.data)
    ReadFlag                                 0x20000504   Data           4  mytftpclient.o(.data)
    ReadStep                                 0x20000508   Data           4  mytftpclient.o(.data)
    ReadTimer                                0x2000050c   Data           4  mytftpclient.o(.data)
    ReadFileOffset                           0x20000510   Data           4  mytftpclient.o(.data)
    count                                    0x20000514   Data           4  myramfunc.o(.data)
    NoiseTable_dB                            0x2000051c   Data         160  mynoise.o(.data)
    NoiseTable_Adv                           0x200005bc   Data         160  mynoise.o(.data)
    NoiseTable_SampleV                       0x2000065c   Data          48  mynoise.o(.data)
    Noise12BufIndex                          0x2000068c   Data           4  mynoise.o(.data)
    Noise1Value                              0x20000690   Data           4  mynoise.o(.data)
    Noise2Value                              0x20000694   Data           4  mynoise.o(.data)
    Noise1DB                                 0x20000698   Data           4  mynoise.o(.data)
    Noise2DB                                 0x2000069c   Data           4  mynoise.o(.data)
    NoiseDB                                  0x200006a0   Data           4  mynoise.o(.data)
    NoiseMyDB                                0x200006a4   Data           4  mynoise.o(.data)
    NoiseOtherDB                             0x200006a8   Data           4  mynoise.o(.data)
    NoiseNewMyValue                          0x200006ac   Data           4  mynoise.o(.data)
    NoiseNewMyDb                             0x200006b0   Data           4  mynoise.o(.data)
    NoiseNewSensorBufIndex                   0x200006b4   Data           4  mynoise.o(.data)
    NoiseNewSensor1Value                     0x200006b8   Data           4  mynoise.o(.data)
    NoiseNewSensor2Value                     0x200006bc   Data           4  mynoise.o(.data)
    NoiseNewSensor1Db                        0x200006c0   Data           4  mynoise.o(.data)
    NoiseNewSensor2Db                        0x200006c4   Data           4  mynoise.o(.data)
    NoiseNewSensorDb                         0x200006c8   Data           4  mynoise.o(.data)
    NoiseNewOtherDb                          0x200006cc   Data           4  mynoise.o(.data)
    NoiseFaultFun                            0x200006d0   Data           1  mynoise.o(.data)
    NoiseNoAudioInCnt                        0x200006d1   Data           1  mynoise.o(.data)
    I2C_SGTL5000_Error                       0x200006dc   Data           4  soundcard.o(.data)
    I2C_SGTL5000_Timeout                     0x200006e0   Data           4  soundcard.o(.data)
    g_SGTL5000_valid                         0x200006e4   Data           1  soundcard.o(.data)
    SystemCoreClock                          0x200006f8   Data           4  system_stm32f2xx.o(.data)
    AHBPrescTable                            0x200006fc   Data          16  system_stm32f2xx.o(.data)
    DMATxDescToSet                           0x2000070c   Data           4  stm32f2x7_eth.o(.data)
    DMARxDescToGet                           0x20000710   Data           4  stm32f2x7_eth.o(.data)
    DMA_RX_FRAME_infos                       0x20000714   Data           4  stm32f2x7_eth.o(.data)
    Frame_Rx_index                           0x20000718   Data           4  stm32f2x7_eth.o(.data)
    netif_list                               0x2000072c   Data           4  netif.o(.data)
    netif_default                            0x20000730   Data           4  netif.o(.data)
    tcp_state_str                            0x2000073c   Data          44  tcp.o(.data)
    tcp_ticks                                0x20000768   Data           4  tcp.o(.data)
    tcp_bound_pcbs                           0x2000076c   Data           4  tcp.o(.data)
    tcp_listen_pcbs                          0x20000770   Data           4  tcp.o(.data)
    tcp_active_pcbs                          0x20000774   Data           4  tcp.o(.data)
    tcp_tw_pcbs                              0x20000778   Data           4  tcp.o(.data)
    tcp_tmp_pcb                              0x2000077c   Data           4  tcp.o(.data)
    tcp_input_pcb                            0x200007a4   Data           4  tcp_in.o(.data)
    udp_pcbs                                 0x200007a8   Data           4  udp.o(.data)
    current_netif                            0x200007ac   Data           4  ip.o(.data)
    current_header                           0x200007b0   Data           4  ip.o(.data)
    LedBrightness                            0x200007c4   Data          20  myapp.o(.bss)
    NetBuf                                   0x200007d8   Data        1280  mynet.o(.bss)
    Netif                                    0x20000cd8   Data          52  mylwip.o(.bss)
    DmaPlayMem0                              0x20000d0c   Data        2048  myi2s.o(.bss)
    DmaPlayMem1                              0x2000150c   Data        2048  myi2s.o(.bss)
    DmaListenMem0                            0x20001d0c   Data        2048  myi2s.o(.bss)
    DmaListenMem1                            0x2000250c   Data        2048  myi2s.o(.bss)
    PlayLeftFifo                             0x20002d0c   Data        8192  myaudio.o(.bss)
    PlayRightFifo                            0x20004d0c   Data        8192  myaudio.o(.bss)
    ListenLeftFifo                           0x20006d0c   Data        2048  myaudio.o(.bss)
    ListenRightFifo                          0x2000750c   Data        2048  myaudio.o(.bss)
    AudioPlayInfo                            0x20007d0c   Data          12  myaudio.o(.bss)
    SampleVbuf                               0x20007d18   Data          32  myaudio.o(.bss)
    SampleIbuf                               0x20007d38   Data          32  myaudio.o(.bss)
    AudioPlayTestSinBuf                      0x20007d58   Data        1024  myaudio.o(.bss)
    HttpTest                                 0x20008198   Data        1024  myhttpd.o(.bss)
    PageBuf                                  0x20008598   Data        1024  myhttpd.o(.bss)
    StorageInfo                              0x20008998   Data          23  mystorage.o(.bss)
    OutStr                                   0x200089af   Data         512  mycommander.o(.bss)
    AdcConvertedValue                        0x20008bb0   Data         512  myadc.o(.bss)
    SelfTestFrequencyResponse                0x20008db0   Data         128  myselftest.o(.bss)
    DaBuf                                    0x20008e30   Data         516  mytftpclient.o(.bss)
    Noise1Buf                                0x20009034   Data         400  mynoise.o(.bss)
    Noise2Buf                                0x200091c4   Data         400  mynoise.o(.bss)
    NoiseNewSensor1Buf                       0x20009354   Data         400  mynoise.o(.bss)
    NoiseNewSensor2Buf                       0x200094e4   Data         400  mynoise.o(.bss)
    DMARxDscrTab                             0x20009674   Data         160  stm32f2x7_eth.o(.bss)
    DMATxDscrTab                             0x20009714   Data         160  stm32f2x7_eth.o(.bss)
    Rx_Buff                                  0x200097b4   Data        7620  stm32f2x7_eth.o(.bss)
    Tx_Buff                                  0x2000b578   Data        7620  stm32f2x7_eth.o(.bss)
    RX_Frame_Descriptor                      0x2000d33c   Data          12  stm32f2x7_eth.o(.bss)
    __initial_sp                             0x20017a70   Data           0  startup_stm32f2xx.o(STACK)



==============================================================================

Memory Map of the image

  Image Entry point : 0x08000185

  Load Region LR_IROM1 (Base: 0x08000000, Size: 0x00014c80, Max: 0x00040000, ABSOLUTE, COMPRESSED[0x00014874])

    Execution Region ER_IROM1 (Exec base: 0x08000000, Load base: 0x08000000, Size: 0x000144bc, Max: 0x00040000, ABSOLUTE)

    Exec Addr    Load Addr    Size         Type   Attr      Idx    E Section Name        Object

    0x08000000   0x08000000   0x00000184   Data   RO         1017    RESET               startup_stm32f2xx.o
    0x08000184   0x08000184   0x00000000   Code   RO         1654  * .ARM.Collect$$$$00000000  mc_w.l(entry.o)
    0x08000184   0x08000184   0x00000004   Code   RO         1964    .ARM.Collect$$$$00000001  mc_w.l(entry2.o)
    0x08000188   0x08000188   0x00000004   Code   RO         1967    .ARM.Collect$$$$00000004  mc_w.l(entry5.o)
    0x0800018c   0x0800018c   0x00000000   Code   RO         1969    .ARM.Collect$$$$00000008  mc_w.l(entry7b.o)
    0x0800018c   0x0800018c   0x00000000   Code   RO         1971    .ARM.Collect$$$$0000000A  mc_w.l(entry8b.o)
    0x0800018c   0x0800018c   0x00000008   Code   RO         1972    .ARM.Collect$$$$0000000B  mc_w.l(entry9a.o)
    0x08000194   0x08000194   0x00000000   Code   RO         1974    .ARM.Collect$$$$0000000D  mc_w.l(entry10a.o)
    0x08000194   0x08000194   0x00000000   Code   RO         1976    .ARM.Collect$$$$0000000F  mc_w.l(entry11a.o)
    0x08000194   0x08000194   0x00000004   Code   RO         1965    .ARM.Collect$$$$00002712  mc_w.l(entry2.o)
    0x08000198   0x08000198   0x000001b8   Code   RO            1    .text               main.o
    0x08000350   0x08000350   0x000007f8   Code   RO          293    .text               myapp.o
    0x08000b48   0x08000b48   0x000008a6   Code   RO          358    .text               myboard.o
    0x080013ee   0x080013ee   0x00000002   PAD
    0x080013f0   0x080013f0   0x00000300   Code   RO          373    .text               mymiscfunc.o
    0x080016f0   0x080016f0   0x00000c54   Code   RO          385    .text               mynet.o
    0x08002344   0x08002344   0x00000168   Code   RO          460    .text               myethernet.o
    0x080024ac   0x080024ac   0x0000002c   Code   RO          475    .text               stm32f2xx_it.o
    0x080024d8   0x080024d8   0x000001a0   Code   RO          490    .text               mytimer.o
    0x08002678   0x08002678   0x00000668   Code   RO          512    .text               mylwip.o
    0x08002ce0   0x08002ce0   0x00000ad4   Code   RO          528    .text               myi2c.o
    0x080037b4   0x080037b4   0x00000738   Code   RO          558    .text               myi2s.o
    0x08003eec   0x08003eec   0x00000d60   Code   RO          589    .text               myaudio.o
    0x08004c4c   0x08004c4c   0x000006a8   Code   RO          616    .text               myprotocol.o
    0x080052f4   0x080052f4   0x000006b0   Code   RO          631    .text               myhttpd.o
    0x080059a4   0x080059a4   0x00000118   Code   RO          648    .text               myflash.o
    0x08005abc   0x08005abc   0x00000114   Code   RO          663    .text               mystorage.o
    0x08005bd0   0x08005bd0   0x00000b9c   Code   RO          682    .text               mycommander.o
    0x0800676c   0x0800676c   0x000001f0   Code   RO          699    .text               myadc.o
    0x0800695c   0x0800695c   0x000001ac   Code   RO          714    .text               mykey.o
    0x08006b08   0x08006b08   0x0000041c   Code   RO          732    .text               myselftest.o
    0x08006f24   0x08006f24   0x0000031c   Code   RO          751    .text               mytftpclient.o
    0x08007240   0x08007240   0x0000047c   Code   RO          782    .text               mynoise.o
    0x080076bc   0x080076bc   0x000007d0   Code   RO          802    .text               soundcard.o
    0x08007e8c   0x08007e8c   0x000000e0   Code   RO          821    .text               misc.o
    0x08007f6c   0x08007f6c   0x000003a8   Code   RO          845    .text               stm32f2xx_dma.o
    0x08008314   0x08008314   0x000004bc   Code   RO          869    .text               stm32f2xx_flash.o
    0x080087d0   0x080087d0   0x0000025c   Code   RO          881    .text               stm32f2xx_gpio.o
    0x08008a2c   0x08008a2c   0x00000428   Code   RO          893    .text               stm32f2xx_i2c.o
    0x08008e54   0x08008e54   0x00000588   Code   RO          917    .text               stm32f2xx_rcc.o
    0x080093dc   0x080093dc   0x00000364   Code   RO          931    .text               stm32f2xx_spi.o
    0x08009740   0x08009740   0x0000008c   Code   RO          943    .text               stm32f2xx_syscfg.o
    0x080097cc   0x080097cc   0x00000464   Code   RO          979    .text               stm32f2xx_adc.o
    0x08009c30   0x08009c30   0x00000090   Code   RO          991    .text               stm32f2xx_wwdg.o
    0x08009cc0   0x08009cc0   0x00000024   Code   RO         1018    .text               startup_stm32f2xx.o
    0x08009ce4   0x08009ce4   0x000001e0   Code   RO         1023    .text               system_stm32f2xx.o
    0x08009ec4   0x08009ec4   0x00000d84   Code   RO         1073    .text               stm32f2x7_eth.o
    0x0800ac48   0x0800ac48   0x0000034c   Code   RO         1196    .text               mem.o
    0x0800af94   0x0800af94   0x000000a8   Code   RO         1211    .text               memp.o
    0x0800b03c   0x0800b03c   0x00000204   Code   RO         1241    .text               netif.o
    0x0800b240   0x0800b240   0x0000059c   Code   RO         1263    .text               pbuf.o
    0x0800b7dc   0x0800b7dc   0x000001a0   Code   RO         1278    .text               raw.o
    0x0800b97c   0x0800b97c   0x00000bd0   Code   RO         1304    .text               tcp.o
    0x0800c54c   0x0800c54c   0x00001294   Code   RO         1325    .text               tcp_in.o
    0x0800d7e0   0x0800d7e0   0x00000a8e   Code   RO         1348    .text               tcp_out.o
    0x0800e26e   0x0800e26e   0x00000002   PAD
    0x0800e270   0x0800e270   0x000003e0   Code   RO         1360    .text               udp.o
    0x0800e650   0x0800e650   0x000003c0   Code   RO         1378    .text               autoip.o
    0x0800ea10   0x0800ea10   0x00000200   Code   RO         1393    .text               icmp.o
    0x0800ec10   0x0800ec10   0x0000021c   Code   RO         1411    .text               inet.o
    0x0800ee2c   0x0800ee2c   0x00000156   Code   RO         1424    .text               inet_chksum.o
    0x0800ef82   0x0800ef82   0x00000002   PAD
    0x0800ef84   0x0800ef84   0x00000314   Code   RO         1443    .text               ip.o
    0x0800f298   0x0800f298   0x0000004e   Code   RO         1464    .text               ip_addr.o
    0x0800f2e6   0x0800f2e6   0x00000002   PAD
    0x0800f2e8   0x0800f2e8   0x000005ec   Code   RO         1486    .text               ip_frag.o
    0x0800f8d4   0x0800f8d4   0x00000960   Code   RO         1501    .text               etharp.o
    0x08010234   0x08010234   0x000001d4   Code   RO         1536    .text               ethernetif.o
    0x08010408   0x08010408   0x00000024   Code   RO         1657    .text               mc_w.l(memcpya.o)
    0x0801042c   0x0801042c   0x00000024   Code   RO         1659    .text               mc_w.l(memseta.o)
    0x08010450   0x08010450   0x0000000e   Code   RO         1661    .text               mc_w.l(strlen.o)
    0x0801045e   0x0801045e   0x0000001c   Code   RO         1663    .text               mc_w.l(strcmp.o)
    0x0801047a   0x0801047a   0x0000001a   Code   RO         1665    .text               mc_w.l(memcmp.o)
    0x08010494   0x08010494   0x0000001e   Code   RO         1667    .text               mc_w.l(strncmp.o)
    0x080104b2   0x080104b2   0x000000e4   Code   RO         1932    .text               mf_w.l(dmul.o)
    0x08010596   0x08010596   0x000000de   Code   RO         1934    .text               mf_w.l(ddiv.o)
    0x08010674   0x08010674   0x00000022   Code   RO         1936    .text               mf_w.l(dflti.o)
    0x08010696   0x08010696   0x0000003e   Code   RO         1938    .text               mf_w.l(dfixi.o)
    0x080106d4   0x080106d4   0x0000002c   Code   RO         1981    .text               mc_w.l(uidiv.o)
    0x08010700   0x08010700   0x00000020   Code   RO         1985    .text               mc_w.l(llushr.o)
    0x08010720   0x08010720   0x00000000   Code   RO         1994    .text               mc_w.l(iusefp.o)
    0x08010720   0x08010720   0x000000ba   Code   RO         1995    .text               mf_w.l(depilogue.o)
    0x080107da   0x080107da   0x0000014e   Code   RO         1997    .text               mf_w.l(dadd.o)
    0x08010928   0x08010928   0x0000002e   Code   RO         1999    .text               mf_w.l(dscalb.o)
    0x08010956   0x08010956   0x00000002   PAD
    0x08010958   0x08010958   0x00000024   Code   RO         2008    .text               mc_w.l(init.o)
    0x0801097c   0x0801097c   0x0000001e   Code   RO         2011    .text               mc_w.l(llshl.o)
    0x0801099a   0x0801099a   0x00000024   Code   RO         2013    .text               mc_w.l(llsshr.o)
    0x080109be   0x080109be   0x00000002   PAD
    0x080109c0   0x080109c0   0x00000030   Code   RO         2016    .text               mf_w.l(cdcmple.o)
    0x080109f0   0x080109f0   0x00000056   Code   RO         2026    .text               mc_w.l(__dczerorl2.o)
    0x08010a46   0x08010a46   0x0000000a   Ven    RO         2028    Veneer$$Code        anon$$obj.o
    0x08010a50   0x08010a50   0x0000000a   Ven    RO         2029    Veneer$$Code        anon$$obj.o
    0x08010a5a   0x08010a5a   0x00000002   PAD
    0x08010a5c   0x08010a5c   0x00000028   Code   RO         1762    i.__0sprintf$3      mc_w.l(printf3.o)
    0x08010a84   0x08010a84   0x000000aa   Code   RO         2005    i.__kernel_poly     m_ws.l(poly.o)
    0x08010b2e   0x08010b2e   0x00000002   PAD
    0x08010b30   0x08010b30   0x00000010   Code   RO         1940    i.__mathlib_dbl_divzero  m_ws.l(dunder.o)
    0x08010b40   0x08010b40   0x00000006   Code   RO         1941    i.__mathlib_dbl_infnan  m_ws.l(dunder.o)
    0x08010b46   0x08010b46   0x0000000c   Code   RO         1943    i.__mathlib_dbl_invalid  m_ws.l(dunder.o)
    0x08010b52   0x08010b52   0x0000000e   Code   RO         2020    i.__scatterload_copy  mc_w.l(handlers.o)
    0x08010b60   0x08010b60   0x00000002   Code   RO         2021    i.__scatterload_null  mc_w.l(handlers.o)
    0x08010b62   0x08010b62   0x0000000e   Code   RO         2022    i.__scatterload_zeroinit  mc_w.l(handlers.o)
    0x08010b70   0x08010b70   0x0000000c   Code   RO         1989    i.__set_errno       mc_w.l(errno.o)
    0x08010b7c   0x08010b7c   0x000001b8   Code   RO         1767    i._printf_core      mc_w.l(printf3.o)
    0x08010d34   0x08010d34   0x0000000a   Code   RO         1769    i._sputc            mc_w.l(printf3.o)
    0x08010d3e   0x08010d3e   0x00000002   PAD
    0x08010d40   0x08010d40   0x0000035c   Code   RO         1955    i.log               m_ws.l(log.o)
    0x0801109c   0x0801109c   0x000000e4   Code   RO         1647    i.log10             m_ws.l(log10.o)
    0x08011180   0x08011180   0x000025e6   Data   RO          577    .constdata          myaudiosample.o
    0x08013766   0x08013766   0x00000bb6   Data   RO          633    .constdata          myhttpd.o
    0x0801431c   0x0801431c   0x00000024   Data   RO         1213    .constdata          memp.o
    0x08014340   0x08014340   0x00000014   Data   RO         1305    .constdata          tcp.o
    0x08014354   0x08014354   0x00000008   Data   RO         1465    .constdata          ip_addr.o
    0x0801435c   0x0801435c   0x0000000c   Data   RO         1503    .constdata          etharp.o
    0x08014368   0x08014368   0x00000038   Data   RO         1956    .constdata          m_ws.l(log.o)
    0x080143a0   0x080143a0   0x00000008   Data   RO         2007    .constdata          m_ws.l(qnan.o)
    0x080143a8   0x080143a8   0x00000069   Data   RO          684    .conststring        mycommander.o
    0x08014411   0x08014411   0x00000003   PAD
    0x08014414   0x08014414   0x00000075   Data   RO         1306    .conststring        tcp.o
    0x08014489   0x08014489   0x00000003   PAD
    0x0801448c   0x0801448c   0x00000030   Data   RO         2018    Region$$Table       anon$$obj.o


    Execution Region RW_IRAM1 (Exec base: 0x20000000, Load base: 0x080144bc, Size: 0x00017a70, Max: 0x00020000, ABSOLUTE, COMPRESSED[0x00000124])

    Exec Addr    Load Addr    Size         Type   Attr      Idx    E Section Name        Object

    0x20000000   0x080144bc   0x00000294   Code   RO          767    .text               myramfunc.o
    0x20000294   COMPRESSED   0x00000004   Data   RW            2    .data               main.o
    0x20000298   COMPRESSED   0x00000040   Data   RW          295    .data               myapp.o
    0x200002d8   COMPRESSED   0x00000050   Data   RW          387    .data               mynet.o
    0x20000328   COMPRESSED   0x00000005   Data   RW          461    .data               myethernet.o
    0x2000032d   COMPRESSED   0x00000003   PAD
    0x20000330   COMPRESSED   0x00000020   Data   RW          491    .data               mytimer.o
    0x20000350   COMPRESSED   0x0000003c   Data   RW          514    .data               mylwip.o
    0x2000038c   COMPRESSED   0x00000008   Data   RW          529    .data               myi2c.o
    0x20000394   COMPRESSED   0x00000004   Data   RW          560    .data               myi2s.o
    0x20000398   COMPRESSED   0x000000fc   Data   RW          591    .data               myaudio.o
    0x20000494   COMPRESSED   0x00000010   Data   RW          617    .data               myprotocol.o
    0x200004a4   COMPRESSED   0x00000004   Data   RW          649    .data               myflash.o
    0x200004a8   COMPRESSED   0x00000004   Data   RW          665    .data               mystorage.o
    0x200004ac   COMPRESSED   0x0000000c   Data   RW          685    .data               mycommander.o
    0x200004b8   COMPRESSED   0x0000001c   Data   RW          715    .data               mykey.o
    0x200004d4   COMPRESSED   0x00000024   Data   RW          734    .data               myselftest.o
    0x200004f8   COMPRESSED   0x0000001c   Data   RW          753    .data               mytftpclient.o
    0x20000514   COMPRESSED   0x00000008   Data   RW          768    .data               myramfunc.o
    0x2000051c   COMPRESSED   0x000001c0   Data   RW          784    .data               mynoise.o
    0x200006dc   COMPRESSED   0x00000009   Data   RW          803    .data               soundcard.o
    0x200006e5   COMPRESSED   0x00000010   Data   RW          918    .data               stm32f2xx_rcc.o
    0x200006f5   COMPRESSED   0x00000003   PAD
    0x200006f8   COMPRESSED   0x00000014   Data   RW         1024    .data               system_stm32f2xx.o
    0x2000070c   COMPRESSED   0x00000010   Data   RW         1075    .data               stm32f2x7_eth.o
    0x2000071c   COMPRESSED   0x0000000d   Data   RW         1198    .data               mem.o
    0x20000729   COMPRESSED   0x00000003   PAD
    0x2000072c   COMPRESSED   0x00000009   Data   RW         1242    .data               netif.o
    0x20000735   COMPRESSED   0x00000003   PAD
    0x20000738   COMPRESSED   0x00000004   Data   RW         1279    .data               raw.o
    0x2000073c   COMPRESSED   0x0000004c   Data   RW         1307    .data               tcp.o
    0x20000788   COMPRESSED   0x00000020   Data   RW         1327    .data               tcp_in.o
    0x200007a8   COMPRESSED   0x00000004   Data   RW         1361    .data               udp.o
    0x200007ac   COMPRESSED   0x0000000a   Data   RW         1444    .data               ip.o
    0x200007b6   COMPRESSED   0x00000002   PAD
    0x200007b8   COMPRESSED   0x00000006   Data   RW         1488    .data               ip_frag.o
    0x200007be   COMPRESSED   0x00000001   Data   RW         1504    .data               etharp.o
    0x200007bf   COMPRESSED   0x00000001   PAD
    0x200007c0   COMPRESSED   0x00000004   Data   RW         1990    .data               mc_w.l(errno.o)
    0x200007c4        -       0x00000014   Zero   RW          294    .bss                myapp.o
    0x200007d8        -       0x00000500   Zero   RW          386    .bss                mynet.o
    0x20000cd8        -       0x00000034   Zero   RW          513    .bss                mylwip.o
    0x20000d0c        -       0x00002000   Zero   RW          559    .bss                myi2s.o
    0x20002d0c        -       0x0000548c   Zero   RW          590    .bss                myaudio.o
    0x20008198        -       0x00000800   Zero   RW          632    .bss                myhttpd.o
    0x20008998        -       0x00000017   Zero   RW          664    .bss                mystorage.o
    0x200089af        -       0x00000200   Zero   RW          683    .bss                mycommander.o
    0x20008baf   COMPRESSED   0x00000001   PAD
    0x20008bb0        -       0x00000200   Zero   RW          700    .bss                myadc.o
    0x20008db0        -       0x00000080   Zero   RW          733    .bss                myselftest.o
    0x20008e30        -       0x00000204   Zero   RW          752    .bss                mytftpclient.o
    0x20009034        -       0x00000640   Zero   RW          783    .bss                mynoise.o
    0x20009674        -       0x00003cd4   Zero   RW         1074    .bss                stm32f2x7_eth.o
    0x2000d348        -       0x00002814   Zero   RW         1197    .bss                mem.o
    0x2000fb5c        -       0x00006847   Zero   RW         1212    .bss                memp.o
    0x200163a3   COMPRESSED   0x00000001   PAD
    0x200163a4        -       0x00000014   Zero   RW         1326    .bss                tcp_in.o
    0x200163b8        -       0x00000010   Zero   RW         1412    .bss                inet.o
    0x200163c8        -       0x000005e0   Zero   RW         1487    .bss                ip_frag.o
    0x200169a8        -       0x000000c8   Zero   RW         1502    .bss                etharp.o
    0x20016a70        -       0x00001000   Zero   RW         1015    STACK               startup_stm32f2xx.o


==============================================================================

Image component sizes


      Code (inc. data)   RO Data    RW Data    ZI Data      Debug   Object Name

       960         34          0          0          0       4410   autoip.o
      2400         22         12          1        200       9822   etharp.o
       468         42          0          0          0       2880   ethernetif.o
       512          0          0          0          0       2586   icmp.o
       540         12          0          0         16       3208   inet.o
       342          0          0          0          0       5270   inet_chksum.o
         0          0          0          0          0       5122   init.o
       788         22          0         10          0       5906   ip.o
        78          0          8          0          0       5453   ip_addr.o
      1516         18          0          6       1504       5936   ip_frag.o
       440         48          0          4          0     318749   main.o
       844         22          0         13      10260       3730   mem.o
       168         18         36          0      26695       2922   memp.o
       224         20          0          0          0       1757   misc.o
       496         22          0          0        512       2682   myadc.o
      2040        120          0         64         20       5739   myapp.o
      3424        496          0        252      21644      12545   myaudio.o
         0          0       9702          0          0       1053   myaudiosample.o
      2214         54          0          0          0       6379   myboard.o
      2972       1008        105         12        512       6540   mycommander.o
       360         18          0          5          0       1405   myethernet.o
       280          8          0          4          0       2684   myflash.o
      1712        298       2998          0       2048       9134   myhttpd.o
      2772         82          0          8          0       5500   myi2c.o
      1848        120          0          4       8192       6101   myi2s.o
       428         32          0         28          0       1408   mykey.o
      1640        122          0         60         52       8854   mylwip.o
       768          4          0          0          0       4488   mymiscfunc.o
      3156        240          0         80       1280      33717   mynet.o
      1148        270          0        448       1600       4227   mynoise.o
      1704        112          0         16          0       8848   myprotocol.o
       660         38          0          8          0       1698   myramfunc.o
      1052         52          0         36        128       4160   myselftest.o
       276         36          0          4         23       1775   mystorage.o
       796         48          0         28        516       4370   mytftpclient.o
       416         56          0         32          0      19346   mytimer.o
       516         20          0          9          0       5420   netif.o
      1436          0          0          0          0       5860   pbuf.o
       416          4          0          4          0       3481   raw.o
      2000         56          0          9          0       5584   soundcard.o
        36          8        388          0       4096        832   startup_stm32f2xx.o
      3460         92          0         16      15572      55636   stm32f2x7_eth.o
      1124         24          0          0          0      10434   stm32f2xx_adc.o
       936         32          0          0          0       6285   stm32f2xx_dma.o
      1212         26          0          0          0       6881   stm32f2xx_flash.o
       604         36          0          0          0       3917   stm32f2xx_gpio.o
      1064         26          0          0          0       8039   stm32f2xx_i2c.o
        44          0          0          0          0       1387   stm32f2xx_it.o
      1416         48          0         16          0      10907   stm32f2xx_rcc.o
       868         22          0          0          0       6248   stm32f2xx_spi.o
       140         12          0          0          0       1503   stm32f2xx_syscfg.o
       144         10          0          0          0       2192   stm32f2xx_wwdg.o
       480         40          0         20          0       1751   system_stm32f2xx.o
      3024        116        137         76          0      18132   tcp.o
      4756        214          0         32         20      13268   tcp_in.o
      2702         12          0          0          0       7162   tcp_out.o
       992          8          0          4          0       6357   udp.o

    ----------------------------------------------------------------------
     66842       4300      13440       1324      94892     711680   Object Totals
        20          0         48          0          0          0   (incl. Generated)
        10          0          6         15          2          0   (incl. Padding)

    ----------------------------------------------------------------------

      Code (inc. data)   RO Data    RW Data    ZI Data      Debug   Library Member Name

        34          4          0          0          0        204   dunder.o
       860         52         56          0          0        256   log.o
       228         30          0          0          0        120   log10.o
       170          0          0          0          0         96   poly.o
         0          0          8          0          0          0   qnan.o
        86          0          0          0          0          0   __dczerorl2.o
         0          0          0          0          0          0   entry.o
         0          0          0          0          0          0   entry10a.o
         0          0          0          0          0          0   entry11a.o
         8          4          0          0          0          0   entry2.o
         4          0          0          0          0          0   entry5.o
         0          0          0          0          0          0   entry7b.o
         0          0          0          0          0          0   entry8b.o
         8          4          0          0          0          0   entry9a.o
        12          6          0          4          0         68   errno.o
        30          0          0          0          0          0   handlers.o
        36          8          0          0          0         68   init.o
         0          0          0          0          0          0   iusefp.o
        30          0          0          0          0         68   llshl.o
        36          0          0          0          0         68   llsshr.o
        32          0          0          0          0         68   llushr.o
        26          0          0          0          0         80   memcmp.o
        36          0          0          0          0         68   memcpya.o
        36          0          0          0          0        108   memseta.o
       490         10          0          0          0        252   printf3.o
        28          0          0          0          0         76   strcmp.o
        14          0          0          0          0         68   strlen.o
        30          0          0          0          0         80   strncmp.o
        44          0          0          0          0         80   uidiv.o
        48          0          0          0          0         68   cdcmple.o
       334          0          0          0          0        148   dadd.o
       222          0          0          0          0        100   ddiv.o
       186          0          0          0          0        176   depilogue.o
        62          0          0          0          0         80   dfixi.o
        34          0          0          0          0         76   dflti.o
       228          0          0          0          0         96   dmul.o
        46          0          0          0          0         80   dscalb.o

    ----------------------------------------------------------------------
      3446        118         64          4          0       2652   Library Totals
         8          0          0          0          0          0   (incl. Padding)

    ----------------------------------------------------------------------

      Code (inc. data)   RO Data    RW Data    ZI Data      Debug   Library Name

      1292         86         64          0          0        676   m_ws.l
       986         32          0          4          0       1152   mc_w.l
      1160          0          0          0          0        824   mf_w.l

    ----------------------------------------------------------------------
      3446        118         64          4          0       2652   Library Totals

    ----------------------------------------------------------------------

==============================================================================


      Code (inc. data)   RO Data    RW Data    ZI Data      Debug   

     70288       4418      13504       1328      94892     707076   Grand Totals
     70288       4418      13504        292      94892     707076   ELF Image Totals (compressed)
     70288       4418      13504        292          0          0   ROM Totals

==============================================================================

    Total RO  Size (Code + RO Data)                83792 (  81.83kB)
    Total RW  Size (RW Data + ZI Data)             96220 (  93.96kB)
    Total ROM Size (Code + RO Data + RW Data)      84084 (  82.11kB)

==============================================================================

