ARM Linker, 4.1 [Build 791] [Professional]

==============================================================================

Section Cross References

    main.o(.text) refers to flash_if.o(.text) for App_SetVectorTable
    main.o(.text) refers to mymiscfunc.o(.text) for Delay
    main.o(.text) refers to myboard.o(.text) for RCC_Configuration
    main.o(.text) refers to mytimer.o(.text) for SysTick_Init
    main.o(.text) refers to p_sys.o(.text) for feed_dog
    main.o(.text) refers to myapp.o(.text) for AppInit
    main.o(.text) refers to mystorage.o(.text) for StorageInit
    main.o(.text) refers to mynet.o(.text) for NetInit
    main.o(.text) refers to process_ledscreen.o(.text) for ledscreen_init
    main.o(.text) refers to mylwip.o(.text) for LwipProcess
    main.o(.text) refers to process_net.o(.text) for udp_CtrlMsg_send_process
    main.o(.text) refers to mycommander.o(.text) for send_AppInfo
    main.o(.text) refers to myhttpd.o(.text) for check_iap_req_process
    main.o(.text) refers to main.o(.data) for timer_3
    main.o(.text) refers to mytimer.o(.data) for MyTmCnt10
    p_sys.o(.text) refers to stm32f2xx_gpio.o(.text) for GPIO_Init
    p_sys.o(.text) refers to p_sys.o(.data) for tmp
    p_sys.o(.text) refers to process_ledscreen.o(.data) for roll_speed
    p_sys.o(.text) refers to main.o(.data) for timer2_flag
    hc595.o(.text) refers to stm32f2xx_gpio.o(.text) for GPIO_SetBits
    hc595.o(.text) refers to process_ledscreen.o(.text) for clr_led_buf
    hc595.o(.text) refers to mymiscfunc.o(.text) for Delay
    hc595.o(.text) refers to hc595.o(.constdata) for led_row_select
    hc595.o(.text) refers to hc595.o(.data) for line_No
    hc595.o(.text) refers to hc595.o(.bss) for green_CN
    hc595.o(.text) refers to process_ledscreen.o(.data) for brightness
    hc595.o(.text) refers to main.o(.data) for refresh_flag
    myapp.o(.text) refers to bsp_dev_id.o(.text) for get_devecie_id
    myapp.o(.text) refers to mystorage.o(.text) for StorageInfoSave
    myapp.o(.text) refers to mycommander.o(.text) for CommanderSendDeviceId
    myapp.o(.text) refers to myapp.o(.data) for AppStartTimer
    myaudio.o(.text) refers to myi2s.o(.text) for L3Uda1341SetVolume
    myaudio.o(.text) refers to mystorage.o(.text) for StorageInfoSave
    myaudio.o(.text) refers to mymiscfunc.o(.text) for Delay
    myaudio.o(.text) refers to myaudio.o(.data) for AudioVolume
    myaudio.o(.text) refers to myaudio.o(.bss) for ListenLeftFifo
    myaudio.o(.text) refers to myi2s.o(.data) for DmaPlayFlag
    myboard.o(.text) refers to stm32f2xx_rcc.o(.text) for RCC_AHB1PeriphClockCmd
    myboard.o(.text) refers to stm32f2xx_gpio.o(.text) for GPIO_Init
    myboard.o(.text) refers to p_sys.o(.text) for watchdog_GPIO_config
    myboard.o(.text) refers to bsp_dev_id.o(.text) for Device_id_GPIO_config
    myboard.o(.text) refers to hc595.o(.text) for HC595_GPIO_config
    mycommander.o(.text) refers to _printf_percent.o(.ARM.Collect$$_printf_percent$$00000000) for _printf_percent
    mycommander.o(.text) refers to _printf_d.o(.ARM.Collect$$_printf_percent$$00000009) for _printf_d
    mycommander.o(.text) refers to _printf_dec.o(.text) for _printf_int_dec
    mycommander.o(.text) refers to _printf_pad.o(.text) for _printf_pre_padding
    mycommander.o(.text) refers to _printf_x.o(.ARM.Collect$$_printf_percent$$0000000C) for _printf_x
    mycommander.o(.text) refers to _printf_hex_int.o(.text) for _printf_longlong_hex
    mycommander.o(.text) refers to strlen.o(.text) for strlen
    mycommander.o(.text) refers to mylwip.o(.text) for UdpCommanderSend
    mycommander.o(.text) refers to rt_memclr.o(.text) for __aeabi_memclr
    mycommander.o(.text) refers to noretval__2sprintf.o(.text) for __2sprintf
    mycommander.o(.text) refers to rt_memcpy_w.o(.text) for __aeabi_memcpy4
    mycommander.o(.text) refers to rt_memclr_w.o(.text) for __aeabi_memclr4
    mycommander.o(.text) refers to strcat.o(.text) for strcat
    mycommander.o(.text) refers to mymiscfunc.o(.text) for LineToWords
    mycommander.o(.text) refers to strcmpv7m.o(.text) for strcmp
    mycommander.o(.text) refers to mynet.o(.text) for NetSetLocalIp4
    mycommander.o(.text) refers to myapp.o(.text) for SetDeviceId
    mycommander.o(.text) refers to myaudio.o(.text) for AudioSetVolume
    mycommander.o(.text) refers to mycommander.o(.bss) for OutStr
    mycommander.o(.text) refers to myapp.o(.data) for TrainId
    mycommander.o(.text) refers to mynet.o(.data) for NetLocalIp
    mycommander.o(.text) refers to mycommander.o(.constdata) for .constdata
    mycommander.o(.text) refers to process_ledscreen.o(.constdata) for software_version
    myethernet.o(.text) refers to stm32f2xx_rcc.o(.text) for RCC_AHB1PeriphClockCmd
    myethernet.o(.text) refers to stm32f2x7_eth.o(.text) for ETH_DeInit
    myethernet.o(.text) refers to stm32f2xx_gpio.o(.text) for GPIO_Init
    myethernet.o(.text) refers to stm32f2xx_syscfg.o(.text) for SYSCFG_ETH_MediaInterfaceConfig
[...]
    mem_realloc                              0x08024fd5   Thumb Code   302  mem.o(.text)
    mem_malloc                               0x08025103   Thumb Code   244  mem.o(.text)
    mem_calloc                               0x080251f7   Thumb Code    34  mem.o(.text)
    memp_init                                0x0802522d   Thumb Code    94  memp.o(.text)
    memp_malloc                              0x0802528b   Thumb Code    40  memp.o(.text)
    memp_free                                0x080252b3   Thumb Code    28  memp.o(.text)
    netif_set_gw                             0x080252e1   Thumb Code    14  netif.o(.text)
    netif_set_netmask                        0x080252ef   Thumb Code    14  netif.o(.text)
    netif_set_ipaddr                         0x080252fd   Thumb Code   114  netif.o(.text)
    netif_set_addr                           0x0802536f   Thumb Code    40  netif.o(.text)
    netif_add                                0x08025397   Thumb Code   102  netif.o(.text)
    netif_set_default                        0x080253fd   Thumb Code     6  netif.o(.text)
    netif_remove                             0x08025403   Thumb Code    74  netif.o(.text)
    netif_find                               0x0802544d   Thumb Code    66  netif.o(.text)
    netif_set_up                             0x0802548f   Thumb Code    44  netif.o(.text)
    netif_set_down                           0x080254bb   Thumb Code    24  netif.o(.text)
    netif_is_up                              0x080254d3   Thumb Code    12  netif.o(.text)
    pbuf_free                                0x080254f5   Thumb Code   118  pbuf.o(.text)
    pbuf_alloc                               0x0802556b   Thumb Code   442  pbuf.o(.text)
    pbuf_realloc                             0x08025725   Thumb Code   124  pbuf.o(.text)
    pbuf_header                              0x080257a1   Thumb Code   134  pbuf.o(.text)
    pbuf_clen                                0x08025827   Thumb Code    22  pbuf.o(.text)
    pbuf_ref                                 0x0802583d   Thumb Code    12  pbuf.o(.text)
    pbuf_cat                                 0x08025849   Thumb Code    56  pbuf.o(.text)
    pbuf_chain                               0x08025881   Thumb Code    22  pbuf.o(.text)
    pbuf_dechain                             0x08025897   Thumb Code    62  pbuf.o(.text)
    pbuf_copy                                0x080258d5   Thumb Code   192  pbuf.o(.text)
    pbuf_copy_partial                        0x08025995   Thumb Code   154  pbuf.o(.text)
    pbuf_take                                0x08025a2f   Thumb Code   116  pbuf.o(.text)
    pbuf_coalesce                            0x08025aa3   Thumb Code    60  pbuf.o(.text)
    raw_input                                0x08025ae1   Thumb Code   102  raw.o(.text)
    raw_bind                                 0x08025b47   Thumb Code    18  raw.o(.text)
    raw_connect                              0x08025b59   Thumb Code    18  raw.o(.text)
    raw_recv                                 0x08025b6b   Thumb Code     6  raw.o(.text)
    raw_sendto                               0x08025b71   Thumb Code   156  raw.o(.text)
    raw_send                                 0x08025c0d   Thumb Code    20  raw.o(.text)
    raw_remove                               0x08025c21   Thumb Code    60  raw.o(.text)
    raw_new                                  0x08025c5d   Thumb Code    46  raw.o(.text)
    tcp_seg_free                             0x08025c91   Thumb Code    34  tcp.o(.text)
    tcp_segs_free                            0x08025cb3   Thumb Code    32  tcp.o(.text)
    tcp_pcb_purge                            0x08025cd3   Thumb Code    58  tcp.o(.text)
    tcp_slowtmr                              0x08025d0d   Thumb Code   758  tcp.o(.text)
    tcp_pcb_remove                           0x08026003   Thumb Code   150  tcp.o(.text)
    tcp_close                                0x08026099   Thumb Code   292  tcp.o(.text)
    tcp_update_rcv_ann_wnd                   0x080261bd   Thumb Code    78  tcp.o(.text)
    tcp_recved                               0x0802620b   Thumb Code    70  tcp.o(.text)
    tcp_recv_null                            0x08026251   Thumb Code    46  tcp.o(.text)
    tcp_fasttmr                              0x0802627f   Thumb Code   116  tcp.o(.text)
    tcp_tmr                                  0x080262f3   Thumb Code    32  tcp.o(.text)
    tcp_abandon                              0x08026313   Thumb Code   148  tcp.o(.text)
    tcp_bind                                 0x0802640f   Thumb Code   228  tcp.o(.text)
    tcp_listen_with_backlog                  0x080264fb   Thumb Code   224  tcp.o(.text)
    tcp_eff_send_mss                         0x080265db   Thumb Code    48  tcp.o(.text)
    tcp_next_iss                             0x0802660b   Thumb Code    20  tcp.o(.text)
    tcp_connect                              0x0802661f   Thumb Code   282  tcp.o(.text)
    tcp_setprio                              0x08026739   Thumb Code     4  tcp.o(.text)
    tcp_alloc                                0x080267c7   Thumb Code   200  tcp.o(.text)
    tcp_new                                  0x0802688f   Thumb Code    10  tcp.o(.text)
    tcp_arg                                  0x08026899   Thumb Code     4  tcp.o(.text)
    tcp_recv                                 0x0802689d   Thumb Code     6  tcp.o(.text)
    tcp_sent                                 0x080268a3   Thumb Code     6  tcp.o(.text)
    tcp_err                                  0x080268a9   Thumb Code     6  tcp.o(.text)
    tcp_accept                               0x080268af   Thumb Code     4  tcp.o(.text)
    tcp_poll                                 0x080268b3   Thumb Code    10  tcp.o(.text)
    tcp_debug_state_str                      0x080268bd   Thumb Code    10  tcp.o(.text)
    tcp_input                                0x08027779   Thumb Code  1128  tcp_in.o(.text)
    tcp_enqueue                              0x08027c9f   Thumb Code  1042  tcp_out.o(.text)
    tcp_send_ctrl                            0x080280b1   Thumb Code    32  tcp_out.o(.text)
    tcp_write                                0x080280d1   Thumb Code    72  tcp_out.o(.text)
    tcp_send_empty_ack                       0x08028119   Thumb Code   104  tcp_out.o(.text)
    tcp_output                               0x0802824b   Thumb Code   488  tcp_out.o(.text)
    tcp_rst                                  0x08028433   Thumb Code   186  tcp_out.o(.text)
    tcp_rexmit_rto                           0x080284ed   Thumb Code    64  tcp_out.o(.text)
    tcp_rexmit                               0x0802852d   Thumb Code    84  tcp_out.o(.text)
    tcp_rexmit_fast                          0x08028581   Thumb Code   146  tcp_out.o(.text)
    tcp_keepalive                            0x08028613   Thumb Code    94  tcp_out.o(.text)
    tcp_zero_window_probe                    0x08028671   Thumb Code   180  tcp_out.o(.text)
    udp_input                                0x08028725   Thumb Code   400  udp.o(.text)
    udp_bind                                 0x080288b5   Thumb Code   112  udp.o(.text)
    udp_sendto_if                            0x08028925   Thumb Code   208  udp.o(.text)
    udp_sendto                               0x080289f5   Thumb Code    46  udp.o(.text)
    udp_send                                 0x08028a23   Thumb Code    22  udp.o(.text)
    udp_connect                              0x08028a39   Thumb Code    96  udp.o(.text)
    udp_disconnect                           0x08028a99   Thumb Code    32  udp.o(.text)
    udp_recv                                 0x08028ab9   Thumb Code     6  udp.o(.text)
    udp_remove                               0x08028abf   Thumb Code    60  udp.o(.text)
    udp_new                                  0x08028afb   Thumb Code    30  udp.o(.text)
    autoip_init                              0x08028b21   Thumb Code     2  autoip.o(.text)
    autoip_start                             0x08028be3   Thumb Code   106  autoip.o(.text)
    autoip_network_changed                   0x08028d05   Thumb Code    28  autoip.o(.text)
    autoip_stop                              0x08028d21   Thumb Code    22  autoip.o(.text)
    autoip_tmr                               0x08028d37   Thumb Code   306  autoip.o(.text)
    autoip_arp_reply                         0x08028e69   Thumb Code   186  autoip.o(.text)
    icmp_input                               0x08028f45   Thumb Code   380  icmp.o(.text)
    icmp_dest_unreach                        0x08029139   Thumb Code    20  icmp.o(.text)
    icmp_time_exceeded                       0x0802914d   Thumb Code    20  icmp.o(.text)
    htonl                                    0x08029161   Thumb Code    28  inet.o(.text)
    inet_aton                                0x0802917d   Thumb Code   362  inet.o(.text)
    inet_addr                                0x080292e7   Thumb Code    24  inet.o(.text)
    inet_ntoa                                0x080292ff   Thumb Code   130  inet.o(.text)
    htons                                    0x08029381   Thumb Code    16  inet.o(.text)
    ntohs                                    0x08029391   Thumb Code    12  inet.o(.text)
    ntohl                                    0x0802939d   Thumb Code    12  inet.o(.text)
    inet_chksum_pseudo                       0x08029405   Thumb Code   168  inet_chksum.o(.text)
    inet_chksum                              0x080294ad   Thumb Code    20  inet_chksum.o(.text)
    inet_chksum_pbuf                         0x080294c1   Thumb Code    90  inet_chksum.o(.text)
    ip_route                                 0x0802951d   Thumb Code    70  ip.o(.text)
    ip_input                                 0x08029563   Thumb Code   396  ip.o(.text)
    ip_output_if                             0x080296ef   Thumb Code   254  ip.o(.text)
    ip_output                                0x080297ed   Thumb Code    52  ip.o(.text)
    ip_addr_isbroadcast                      0x08029835   Thumb Code    78  ip_addr.o(.text)
    ip_reass_tmr                             0x08029933   Thumb Code    52  ip_frag.o(.text)
    ip_reass                                 0x08029ba3   Thumb Code   422  ip_frag.o(.text)
    ip_frag                                  0x08029d49   Thumb Code   346  ip_frag.o(.text)
    etharp_tmr                               0x08029ed7   Thumb Code   164  etharp.o(.text)
    etharp_find_addr                         0x0802a2a5   Thumb Code    96  etharp.o(.text)
    etharp_ip_input                          0x0802a305   Thumb Code    64  etharp.o(.text)
    etharp_arp_input                         0x0802a345   Thumb Code   344  etharp.o(.text)
    etharp_raw                               0x0802a49d   Thumb Code   224  etharp.o(.text)
    etharp_request                           0x0802a57d   Thumb Code    40  etharp.o(.text)
    etharp_query                             0x0802a5a5   Thumb Code   394  etharp.o(.text)
    etharp_output                            0x0802a72f   Thumb Code   206  etharp.o(.text)
    ethernet_input                           0x0802a7fd   Thumb Code   128  etharp.o(.text)
    ethernetif_input                         0x0802a9f7   Thumb Code    46  ethernetif.o(.text)
    ethernetif_init                          0x0802aa25   Thumb Code    44  ethernetif.o(.text)
    NVIC_PriorityGroupConfig                 0x0802aa79   Thumb Code    12  misc.o(.text)
    NVIC_Init                                0x0802aa85   Thumb Code   136  misc.o(.text)
    NVIC_SetVectorTable                      0x0802ab0d   Thumb Code    16  misc.o(.text)
    NVIC_SystemLPConfig                      0x0802ab1d   Thumb Code    30  misc.o(.text)
    SysTick_CLKSourceConfig                  0x0802ab3b   Thumb Code    40  misc.o(.text)
    DMA_DeInit                               0x0802ab81   Thumb Code   300  stm32f2xx_dma.o(.text)
    DMA_Init                                 0x0802acad   Thumb Code   110  stm32f2xx_dma.o(.text)
    DMA_StructInit                           0x0802ad1b   Thumb Code    36  stm32f2xx_dma.o(.text)
    DMA_Cmd                                  0x0802ad3f   Thumb Code    22  stm32f2xx_dma.o(.text)
    DMA_PeriphIncOffsetSizeConfig            0x0802ad55   Thumb Code    22  stm32f2xx_dma.o(.text)
    DMA_FlowControllerConfig                 0x0802ad6b   Thumb Code    22  stm32f2xx_dma.o(.text)
    DMA_SetCurrDataCounter                   0x0802ad81   Thumb Code     4  stm32f2xx_dma.o(.text)
    DMA_GetCurrDataCounter                   0x0802ad85   Thumb Code     8  stm32f2xx_dma.o(.text)
    DMA_DoubleBufferModeConfig               0x0802ad8d   Thumb Code    24  stm32f2xx_dma.o(.text)
    DMA_DoubleBufferModeCmd                  0x0802ada5   Thumb Code    22  stm32f2xx_dma.o(.text)
    DMA_MemoryTargetConfig                   0x0802adbb   Thumb Code    10  stm32f2xx_dma.o(.text)
    DMA_GetCurrentMemoryTarget               0x0802adc5   Thumb Code    26  stm32f2xx_dma.o(.text)
    DMA_GetCmdStatus                         0x0802addf   Thumb Code    26  stm32f2xx_dma.o(.text)
    DMA_GetFIFOStatus                        0x0802adf9   Thumb Code    14  stm32f2xx_dma.o(.text)
    DMA_GetFlagStatus                        0x0802ae07   Thumb Code    58  stm32f2xx_dma.o(.text)
    DMA_ClearFlag                            0x0802ae41   Thumb Code    40  stm32f2xx_dma.o(.text)
    DMA_ITConfig                             0x0802ae69   Thumb Code    62  stm32f2xx_dma.o(.text)
    DMA_GetITStatus                          0x0802aea7   Thumb Code    88  stm32f2xx_dma.o(.text)
    DMA_ClearITPendingBit                    0x0802aeff   Thumb Code    40  stm32f2xx_dma.o(.text)
    FLASH_SetLatency                         0x0802af59   Thumb Code     6  stm32f2xx_flash.o(.text)
    FLASH_PrefetchBufferCmd                  0x0802af5f   Thumb Code    30  stm32f2xx_flash.o(.text)
    FLASH_InstructionCacheCmd                0x0802af7d   Thumb Code    30  stm32f2xx_flash.o(.text)
    FLASH_DataCacheCmd                       0x0802af9b   Thumb Code    30  stm32f2xx_flash.o(.text)
    FLASH_InstructionCacheReset              0x0802afb9   Thumb Code    14  stm32f2xx_flash.o(.text)
    FLASH_DataCacheReset                     0x0802afc7   Thumb Code    14  stm32f2xx_flash.o(.text)
    FLASH_Unlock                             0x0802afd5   Thumb Code    24  stm32f2xx_flash.o(.text)
    FLASH_Lock                               0x0802afed   Thumb Code    14  stm32f2xx_flash.o(.text)
    FLASH_GetStatus                          0x0802affb   Thumb Code    78  stm32f2xx_flash.o(.text)
    FLASH_WaitForLastOperation               0x0802b049   Thumb Code    28  stm32f2xx_flash.o(.text)
    FLASH_EraseSector                        0x0802b065   Thumb Code   142  stm32f2xx_flash.o(.text)
    FLASH_EraseAllSectors                    0x0802b0f3   Thumb Code   114  stm32f2xx_flash.o(.text)
    FLASH_ProgramDoubleWord                  0x0802b165   Thumb Code    80  stm32f2xx_flash.o(.text)
    FLASH_ProgramWord                        0x0802b1b5   Thumb Code    76  stm32f2xx_flash.o(.text)
    FLASH_ProgramHalfWord                    0x0802b201   Thumb Code    76  stm32f2xx_flash.o(.text)
    FLASH_ProgramByte                        0x0802b24d   Thumb Code    72  stm32f2xx_flash.o(.text)
    FLASH_OB_Unlock                          0x0802b295   Thumb Code    24  stm32f2xx_flash.o(.text)
    FLASH_OB_Lock                            0x0802b2ad   Thumb Code    14  stm32f2xx_flash.o(.text)
    FLASH_OB_WRPConfig                       0x0802b2bb   Thumb Code    52  stm32f2xx_flash.o(.text)
    FLASH_OB_RDPConfig                       0x0802b2ef   Thumb Code    24  stm32f2xx_flash.o(.text)
    FLASH_OB_UserConfig                      0x0802b307   Thumb Code   102  stm32f2xx_flash.o(.text)
    FLASH_OB_BORConfig                       0x0802b36d   Thumb Code    24  stm32f2xx_flash.o(.text)
    FLASH_OB_Launch                          0x0802b385   Thumb Code    28  stm32f2xx_flash.o(.text)
    FLASH_OB_GetUser                         0x0802b3a1   Thumb Code    10  stm32f2xx_flash.o(.text)
    FLASH_OB_GetWRP                          0x0802b3ab   Thumb Code     8  stm32f2xx_flash.o(.text)
    FLASH_OB_GetRDP                          0x0802b3b3   Thumb Code    24  stm32f2xx_flash.o(.text)
    FLASH_OB_GetBOR                          0x0802b3cb   Thumb Code    10  stm32f2xx_flash.o(.text)
    FLASH_ITConfig                           0x0802b3d5   Thumb Code    30  stm32f2xx_flash.o(.text)
    FLASH_GetFlagStatus                      0x0802b3f3   Thumb Code    26  stm32f2xx_flash.o(.text)
    FLASH_ClearFlag                          0x0802b40d   Thumb Code     6  stm32f2xx_flash.o(.text)
    GPIO_DeInit                              0x0802b425   Thumb Code   220  stm32f2xx_gpio.o(.text)
    GPIO_Init                                0x0802b501   Thumb Code   202  stm32f2xx_gpio.o(.text)
    GPIO_StructInit                          0x0802b5cb   Thumb Code    20  stm32f2xx_gpio.o(.text)
    GPIO_PinLockConfig                       0x0802b5df   Thumb Code    20  stm32f2xx_gpio.o(.text)
    GPIO_ReadInputDataBit                    0x0802b5f3   Thumb Code    24  stm32f2xx_gpio.o(.text)
    GPIO_ReadInputData                       0x0802b60b   Thumb Code     8  stm32f2xx_gpio.o(.text)
    GPIO_ReadOutputDataBit                   0x0802b613   Thumb Code    24  stm32f2xx_gpio.o(.text)
    GPIO_ReadOutputData                      0x0802b62b   Thumb Code     8  stm32f2xx_gpio.o(.text)
    GPIO_SetBits                             0x0802b633   Thumb Code     4  stm32f2xx_gpio.o(.text)
    GPIO_ResetBits                           0x0802b637   Thumb Code     4  stm32f2xx_gpio.o(.text)
    GPIO_WriteBit                            0x0802b63b   Thumb Code    10  stm32f2xx_gpio.o(.text)
    GPIO_Write                               0x0802b645   Thumb Code     4  stm32f2xx_gpio.o(.text)
    GPIO_ToggleBits                          0x0802b649   Thumb Code    10  stm32f2xx_gpio.o(.text)
    GPIO_PinAFConfig                         0x0802b653   Thumb Code    94  stm32f2xx_gpio.o(.text)
    I2C_DeInit                               0x0802b6d5   Thumb Code    82  stm32f2xx_i2c.o(.text)
    I2C_Init                                 0x0802b727   Thumb Code   246  stm32f2xx_i2c.o(.text)
    I2C_StructInit                           0x0802b81d   Thumb Code    34  stm32f2xx_i2c.o(.text)
    I2C_Cmd                                  0x0802b83f   Thumb Code    26  stm32f2xx_i2c.o(.text)
    I2C_GenerateSTART                        0x0802b859   Thumb Code    26  stm32f2xx_i2c.o(.text)
    I2C_GenerateSTOP                         0x0802b873   Thumb Code    26  stm32f2xx_i2c.o(.text)
    I2C_Send7bitAddress                      0x0802b88d   Thumb Code    16  stm32f2xx_i2c.o(.text)
    I2C_AcknowledgeConfig                    0x0802b89d   Thumb Code    26  stm32f2xx_i2c.o(.text)
    I2C_OwnAddress2Config                    0x0802b8b7   Thumb Code    28  stm32f2xx_i2c.o(.text)
    I2C_DualAddressCmd                       0x0802b8d3   Thumb Code    26  stm32f2xx_i2c.o(.text)
    I2C_GeneralCallCmd                       0x0802b8ed   Thumb Code    26  stm32f2xx_i2c.o(.text)
    I2C_SoftwareResetCmd                     0x0802b907   Thumb Code    22  stm32f2xx_i2c.o(.text)
    I2C_StretchClockCmd                      0x0802b91d   Thumb Code    26  stm32f2xx_i2c.o(.text)
    I2C_FastModeDutyCycleConfig              0x0802b937   Thumb Code    30  stm32f2xx_i2c.o(.text)
    I2C_NACKPositionConfig                   0x0802b955   Thumb Code    30  stm32f2xx_i2c.o(.text)
    I2C_SMBusAlertConfig                     0x0802b973   Thumb Code    30  stm32f2xx_i2c.o(.text)
    I2C_ARPCmd                               0x0802b991   Thumb Code    26  stm32f2xx_i2c.o(.text)
    I2C_SendData                             0x0802b9ab   Thumb Code     4  stm32f2xx_i2c.o(.text)
    I2C_ReceiveData                          0x0802b9af   Thumb Code     8  stm32f2xx_i2c.o(.text)
    I2C_TransmitPEC                          0x0802b9b7   Thumb Code    26  stm32f2xx_i2c.o(.text)
    I2C_PECPositionConfig                    0x0802b9d1   Thumb Code    30  stm32f2xx_i2c.o(.text)
    I2C_CalculatePEC                         0x0802b9ef   Thumb Code    26  stm32f2xx_i2c.o(.text)
    I2C_GetPEC                               0x0802ba09   Thumb Code    10  stm32f2xx_i2c.o(.text)
    I2C_DMACmd                               0x0802ba13   Thumb Code    26  stm32f2xx_i2c.o(.text)
    I2C_DMALastTransferCmd                   0x0802ba2d   Thumb Code    26  stm32f2xx_i2c.o(.text)
    I2C_ReadRegister                         0x0802ba47   Thumb Code    14  stm32f2xx_i2c.o(.text)
    I2C_ITConfig                             0x0802ba55   Thumb Code    30  stm32f2xx_i2c.o(.text)
    I2C_CheckEvent                           0x0802ba73   Thumb Code    50  stm32f2xx_i2c.o(.text)
    I2C_GetLastEvent                         0x0802baa5   Thumb Code    56  stm32f2xx_i2c.o(.text)
    I2C_GetFlagStatus                        0x0802badd   Thumb Code    56  stm32f2xx_i2c.o(.text)
    I2C_ClearFlag                            0x0802bb15   Thumb Code    16  stm32f2xx_i2c.o(.text)
    I2C_GetITStatus                          0x0802bb25   Thumb Code    44  stm32f2xx_i2c.o(.text)
    I2C_ClearITPendingBit                    0x0802bb51   Thumb Code    16  stm32f2xx_i2c.o(.text)
    RCC_DeInit                               0x0802bb61   Thumb Code    64  stm32f2xx_rcc.o(.text)
    RCC_HSEConfig                            0x0802bba1   Thumb Code    14  stm32f2xx_rcc.o(.text)
    RCC_GetFlagStatus                        0x0802bbaf   Thumb Code    68  stm32f2xx_rcc.o(.text)
    RCC_WaitForHSEStartUp                    0x0802bbf3   Thumb Code    56  stm32f2xx_rcc.o(.text)
    RCC_AdjustHSICalibrationValue            0x0802bc2b   Thumb Code    22  stm32f2xx_rcc.o(.text)
    RCC_HSICmd                               0x0802bc41   Thumb Code     6  stm32f2xx_rcc.o(.text)
    RCC_LSEConfig                            0x0802bc47   Thumb Code    46  stm32f2xx_rcc.o(.text)
    RCC_LSICmd                               0x0802bc75   Thumb Code     6  stm32f2xx_rcc.o(.text)
    RCC_PLLConfig                            0x0802bc7b   Thumb Code    34  stm32f2xx_rcc.o(.text)
    RCC_PLLCmd                               0x0802bc9d   Thumb Code     6  stm32f2xx_rcc.o(.text)
    RCC_PLLI2SConfig                         0x0802bca3   Thumb Code    14  stm32f2xx_rcc.o(.text)
    RCC_PLLI2SCmd                            0x0802bcb1   Thumb Code     6  stm32f2xx_rcc.o(.text)
    RCC_ClockSecuritySystemCmd               0x0802bcb7   Thumb Code     6  stm32f2xx_rcc.o(.text)
    RCC_MCO1Config                           0x0802bcbd   Thumb Code    28  stm32f2xx_rcc.o(.text)
    RCC_MCO2Config                           0x0802bcd9   Thumb Code    28  stm32f2xx_rcc.o(.text)
    RCC_SYSCLKConfig                         0x0802bcf5   Thumb Code    22  stm32f2xx_rcc.o(.text)
    RCC_GetSYSCLKSource                      0x0802bd0b   Thumb Code    10  stm32f2xx_rcc.o(.text)
    RCC_HCLKConfig                           0x0802bd15   Thumb Code    22  stm32f2xx_rcc.o(.text)
    RCC_PCLK1Config                          0x0802bd2b   Thumb Code    22  stm32f2xx_rcc.o(.text)
    RCC_PCLK2Config                          0x0802bd41   Thumb Code    22  stm32f2xx_rcc.o(.text)
    RCC_GetClocksFreq                        0x0802bd57   Thumb Code   222  stm32f2xx_rcc.o(.text)
    RCC_RTCCLKConfig                         0x0802be35   Thumb Code    54  stm32f2xx_rcc.o(.text)
    RCC_RTCCLKCmd                            0x0802be6b   Thumb Code     6  stm32f2xx_rcc.o(.text)
    RCC_BackupResetCmd                       0x0802be71   Thumb Code     6  stm32f2xx_rcc.o(.text)
    RCC_I2SCLKConfig                         0x0802be77   Thumb Code     6  stm32f2xx_rcc.o(.text)
    RCC_AHB1PeriphClockCmd                   0x0802be7d   Thumb Code    30  stm32f2xx_rcc.o(.text)
    RCC_AHB2PeriphClockCmd                   0x0802be9b   Thumb Code    30  stm32f2xx_rcc.o(.text)
    RCC_AHB3PeriphClockCmd                   0x0802beb9   Thumb Code    30  stm32f2xx_rcc.o(.text)
    RCC_APB1PeriphClockCmd                   0x0802bed7   Thumb Code    30  stm32f2xx_rcc.o(.text)
    RCC_APB2PeriphClockCmd                   0x0802bef5   Thumb Code    30  stm32f2xx_rcc.o(.text)
    RCC_AHB1PeriphResetCmd                   0x0802bf13   Thumb Code    30  stm32f2xx_rcc.o(.text)
    RCC_AHB2PeriphResetCmd                   0x0802bf31   Thumb Code   136  stm32f2xx_rcc.o(.text)
    RCC_AHB3PeriphResetCmd                   0x0802bfb9   Thumb Code    30  stm32f2xx_rcc.o(.text)
    RCC_APB1PeriphResetCmd                   0x0802bfd7   Thumb Code    30  stm32f2xx_rcc.o(.text)
    RCC_APB2PeriphResetCmd                   0x0802bff5   Thumb Code    30  stm32f2xx_rcc.o(.text)
    RCC_AHB1PeriphClockLPModeCmd             0x0802c013   Thumb Code    30  stm32f2xx_rcc.o(.text)
    RCC_AHB2PeriphClockLPModeCmd             0x0802c031   Thumb Code    30  stm32f2xx_rcc.o(.text)
    RCC_AHB3PeriphClockLPModeCmd             0x0802c04f   Thumb Code    30  stm32f2xx_rcc.o(.text)
    RCC_APB1PeriphClockLPModeCmd             0x0802c06d   Thumb Code    30  stm32f2xx_rcc.o(.text)
    RCC_APB2PeriphClockLPModeCmd             0x0802c08b   Thumb Code    30  stm32f2xx_rcc.o(.text)
    RCC_ITConfig                             0x0802c0a9   Thumb Code    36  stm32f2xx_rcc.o(.text)
    RCC_ClearFlag                            0x0802c0cd   Thumb Code    14  stm32f2xx_rcc.o(.text)
    RCC_GetITStatus                          0x0802c0db   Thumb Code    26  stm32f2xx_rcc.o(.text)
    RCC_ClearITPendingBit                    0x0802c0f5   Thumb Code     6  stm32f2xx_rcc.o(.text)
    SPI_I2S_DeInit                           0x0802c131   Thumb Code    76  stm32f2xx_spi.o(.text)
    SPI_Init                                 0x0802c17d   Thumb Code    80  stm32f2xx_spi.o(.text)
    I2S_Init                                 0x0802c1cd   Thumb Code   292  stm32f2xx_spi.o(.text)
    SPI_StructInit                           0x0802c2f1   Thumb Code    28  stm32f2xx_spi.o(.text)
    I2S_StructInit                           0x0802c30d   Thumb Code    26  stm32f2xx_spi.o(.text)
    SPI_Cmd                                  0x0802c327   Thumb Code    26  stm32f2xx_spi.o(.text)
    I2S_Cmd                                  0x0802c341   Thumb Code    26  stm32f2xx_spi.o(.text)
    SPI_DataSizeConfig                       0x0802c35b   Thumb Code    22  stm32f2xx_spi.o(.text)
    SPI_BiDirectionalLineConfig              0x0802c371   Thumb Code    30  stm32f2xx_spi.o(.text)
    SPI_NSSInternalSoftwareConfig            0x0802c38f   Thumb Code    32  stm32f2xx_spi.o(.text)
    SPI_SSOutputCmd                          0x0802c3af   Thumb Code    26  stm32f2xx_spi.o(.text)
    SPI_TIModeCmd                            0x0802c3c9   Thumb Code    26  stm32f2xx_spi.o(.text)
    SPI_I2S_ReceiveData                      0x0802c3e3   Thumb Code     6  stm32f2xx_spi.o(.text)
    SPI_I2S_SendData                         0x0802c3e9   Thumb Code     4  stm32f2xx_spi.o(.text)
    SPI_CalculateCRC                         0x0802c3ed   Thumb Code    26  stm32f2xx_spi.o(.text)
    SPI_TransmitCRC                          0x0802c407   Thumb Code    10  stm32f2xx_spi.o(.text)
    SPI_GetCRC                               0x0802c411   Thumb Code    18  stm32f2xx_spi.o(.text)
    SPI_GetCRCPolynomial                     0x0802c423   Thumb Code     6  stm32f2xx_spi.o(.text)
    SPI_I2S_DMACmd                           0x0802c429   Thumb Code    30  stm32f2xx_spi.o(.text)
    SPI_I2S_ITConfig                         0x0802c447   Thumb Code    50  stm32f2xx_spi.o(.text)
    SPI_I2S_GetFlagStatus                    0x0802c479   Thumb Code    24  stm32f2xx_spi.o(.text)
    SPI_I2S_ClearFlag                        0x0802c491   Thumb Code     8  stm32f2xx_spi.o(.text)
    SPI_I2S_GetITStatus                      0x0802c499   Thumb Code    68  stm32f2xx_spi.o(.text)
    SPI_I2S_ClearITPendingBit                0x0802c4dd   Thumb Code    28  stm32f2xx_spi.o(.text)
    SYSCFG_DeInit                            0x0802c50d   Thumb Code    22  stm32f2xx_syscfg.o(.text)
    SYSCFG_MemoryRemapConfig                 0x0802c523   Thumb Code     6  stm32f2xx_syscfg.o(.text)
    SYSCFG_EXTILineConfig                    0x0802c529   Thumb Code    84  stm32f2xx_syscfg.o(.text)
    SYSCFG_ETH_MediaInterfaceConfig          0x0802c57d   Thumb Code     6  stm32f2xx_syscfg.o(.text)
    SYSCFG_CompensationCellCmd               0x0802c583   Thumb Code     6  stm32f2xx_syscfg.o(.text)
    SYSCFG_GetCompensationCellStatus         0x0802c589   Thumb Code    26  stm32f2xx_syscfg.o(.text)
    report_error                             0x0802c5b9   Thumb Code     6  process_net.o(.text)
    read_local_info                          0x0802c5bf   Thumb Code    34  process_net.o(.text)
    pis_pack_data                            0x0802c5e1   Thumb Code    78  process_net.o(.text)
    send_ProcessData                         0x0802c62f   Thumb Code     2  process_net.o(.text)
    send_ProcessData_ledScreen               0x0802c631   Thumb Code    92  process_net.o(.text)
    send_ip_mac_id                           0x0802c68d   Thumb Code    76  process_net.o(.text)
    send_ip_mac_id_ledScreen                 0x0802c6d9   Thumb Code    76  process_net.o(.text)
    send_softwareVersion                     0x0802c725   Thumb Code    80  process_net.o(.text)
    send_softwareVersion_ledScreen           0x0802c775   Thumb Code    74  process_net.o(.text)
    udp_CtrlMsg_send_process                 0x0802c7bf   Thumb Code    56  process_net.o(.text)
    check_dst_is_self                        0x0802c7f7   Thumb Code    36  process_net.o(.text)
    check_dst_is_AllSameType                 0x0802c81b   Thumb Code    36  process_net.o(.text)
    respond_Ctrl_KEYWORD_ProcessData         0x0802c83f   Thumb Code   242  process_net.o(.text)
    respond_Ctrl_KEYWORD_ProcessData_ledscreen 0x0802c931   Thumb Code   310  process_net.o(.text)
    respond_Get_KEYWORD_softwareVersion      0x0802ca67   Thumb Code    26  process_net.o(.text)
    respond_Get_KEYWORD_softwareVersion_ledscreen 0x0802ca81   Thumb Code    26  process_net.o(.text)
    respond_Get_KEYWORD_ip_mac_id            0x0802ca9b   Thumb Code    26  process_net.o(.text)
    respond_Get_KEYWORD_ip_mac_id_ledscreen  0x0802cab5   Thumb Code    26  process_net.o(.text)
    respond_Set_KEYWORD_mac                  0x0802cacf   Thumb Code   112  process_net.o(.text)
    respond_Set_KEYWORD_mac_ledscreen        0x0802cb3f   Thumb Code   142  process_net.o(.text)
    respond_Set_KEYWORD_IP                   0x0802cbcd   Thumb Code    50  process_net.o(.text)
    respond_Set_KEYWORD_IP_ledscreen         0x0802cbff   Thumb Code    98  process_net.o(.text)
    reset_TAG_Disp_Info                      0x0802cc61   Thumb Code    34  process_net.o(.text)
    reset_TAG_protocol_Disp_Info             0x0802cc83   Thumb Code    32  process_net.o(.text)
    clr_dispinfo                             0x0802cca3   Thumb Code    22  process_net.o(.text)
    prc_set_roll_speed                       0x0802ccb9   Thumb Code    38  process_net.o(.text)
    prc_set_brightness                       0x0802ccdf   Thumb Code    46  process_net.o(.text)
    ptu_set_mode                             0x0802cd0d   Thumb Code   142  process_net.o(.text)
    prc_down_content                         0x0802cd9b   Thumb Code   476  process_net.o(.text)
    udp_CtrlMsg_receive_process              0x0802cf77   Thumb Code    62  process_net.o(.text)
    respond_CMD_TEST_debug                   0x0802cfb5   Thumb Code    20  process_net.o(.text)
    respond_CMD_TEST_run_iap                 0x0802cfc9   Thumb Code    14  process_net.o(.text)
    respond_CMD_TEST_download_app            0x0802cfd7   Thumb Code    46  process_net.o(.text)
    respond_CMD_TEST_set_dispMode            0x0802d005   Thumb Code   124  process_net.o(.text)
    UdpTestReceiveProcess                    0x0802d081   Thumb Code   208  process_net.o(.text)
    udpTest_send_process                     0x0802d151   Thumb Code    66  process_net.o(.text)
    udpTest_send_download_app                0x0802d193   Thumb Code   162  process_net.o(.text)
    udpTest_send_run_iap                     0x0802d235   Thumb Code   100  process_net.o(.text)
    udpTest_send_set_dispMode                0x0802d299   Thumb Code   100  process_net.o(.text)
    screen_roll                              0x0802d32d   Thumb Code   628  process_ledscreen.o(.text)
    Vertical_8_16_to_dispbuf                 0x0802d5a1   Thumb Code    84  process_ledscreen.o(.text)
    Vertical_16_16_to_dispbuf                0x0802d5f5   Thumb Code    84  process_ledscreen.o(.text)
    static_test_fill_ledbuf                  0x0802d649   Thumb Code    94  process_ledscreen.o(.text)
    test_fill_ledbuf                         0x0802d6a7   Thumb Code   456  process_ledscreen.o(.text)
    clr_led_buf                              0x0802d86f   Thumb Code    96  process_ledscreen.o(.text)
    turn_off_screen_clrbuf                   0x0802d8cf   Thumb Code    18  process_ledscreen.o(.text)
    turn_off_screen                          0x0802d8e1   Thumb Code    14  process_ledscreen.o(.text)
    ledscreen_init                           0x0802d8ef   Thumb Code    12  process_ledscreen.o(.text)
    set_dispmode_SCREEN_MODE_softwareVersion 0x0802d8fb   Thumb Code    52  process_ledscreen.o(.text)
    dispcall_SCREEN_MODE_softwareVersion     0x0802d92f   Thumb Code   104  process_ledscreen.o(.text)
    set_dispmode_SCREEN_MODE_test            0x0802d997   Thumb Code    18  process_ledscreen.o(.text)
    dispcall_SCREEN_MODE_test                0x0802d9a9   Thumb Code   140  process_ledscreen.o(.text)
    set_dispmode_SCREEN_MODE_static_test     0x0802da35   Thumb Code    18  process_ledscreen.o(.text)
    set_dispmode_SCREEN_MODE_off             0x0802da47   Thumb Code    18  process_ledscreen.o(.text)
    set_dispmode_SCREEN_MODE_stationID       0x0802da59   Thumb Code    18  process_ledscreen.o(.text)
    dispcall_SCREEN_MODE_off                 0x0802da6b   Thumb Code    16  process_ledscreen.o(.text)
    callback_SCREEN_MODE_stationID_m2        0x0802da7b   Thumb Code   494  process_ledscreen.o(.text)
    callback_SCREEN_MODE_stationID_m1        0x0802dc69   Thumb Code   220  process_ledscreen.o(.text)
    dispcall_SCREEN_MODE_stationID           0x0802dd45   Thumb Code    76  process_ledscreen.o(.text)
    dispcall_SCREEN_MODE_static_test         0x0802dd91   Thumb Code    20  process_ledscreen.o(.text)
    set_dispmode                             0x0802dda5   Thumb Code    54  process_ledscreen.o(.text)
    LedScreen_process                        0x0802dddb   Thumb Code   160  process_ledscreen.o(.text)
    FLASH_If_Init                            0x0802dfa5   Thumb Code    18  flash_if.o(.text)
    FLASH_If_Write                           0x0802dfb7   Thumb Code   102  flash_if.o(.text)
    FLASH_If_AddrSectorErease                0x0802e01d   Thumb Code   114  flash_if.o(.text)
    FLASH_If_write_flash                     0x0802e08f   Thumb Code   164  flash_if.o(.text)
    FLASH_If_set_flash                       0x0802e133   Thumb Code   156  flash_if.o(.text)
    FLASH_If_Erase_Application_sectors       0x0802e1cf   Thumb Code   132  flash_if.o(.text)
    check_prog_flag                          0x0802e253   Thumb Code    24  flash_if.o(.text)
    clr_prog_flag                            0x0802e26b   Thumb Code    58  flash_if.o(.text)
    set_prog_flag                            0x0802e2a5   Thumb Code    86  flash_if.o(.text)
    app_to_iap_init                          0x0802e2fb   Thumb Code     8  flash_if.o(.text)
    iap_to_app_init                          0x0802e303   Thumb Code     8  flash_if.o(.text)
    run_app                                  0x0802e30b   Thumb Code     2  flash_if.o(.text)
    run_iap_prog                             0x0802e30d   Thumb Code    78  flash_if.o(.text)
    flash_pro_test                           0x0802e35b   Thumb Code     2  flash_if.o(.text)
    Check_And_RunAPP                         0x0802e35d   Thumb Code    44  flash_if.o(.text)
    App_SetVectorTable                       0x0802e389   Thumb Code    14  flash_if.o(.text)
    tftp_err_to_str                          0x0802e3ad   Thumb Code    22  tftp_cli.o(.text)
    UdpSend                                  0x0802e3c3   Thumb Code   100  tftp_cli.o(.text)
    tftp_send_rrq                            0x0802e427   Thumb Code   172  tftp_cli.o(.text)
    tftp_send_ack                            0x0802e4d3   Thumb Code    64  tftp_cli.o(.text)
    erase_app                                0x0802e513   Thumb Code    32  tftp_cli.o(.text)
    FLASH_If_Write_tftp_cli                  0x0802e533   Thumb Code    44  tftp_cli.o(.text)
    tftp_cli_clearup_r                       0x0802e55f   Thumb Code    22  tftp_cli.o(.text)
    check_UDPpcb_tftp                        0x0802e575   Thumb Code    14  tftp_cli.o(.text)
    tftp_cli_timeout_set                     0x0802e583   Thumb Code    10  tftp_cli.o(.text)
    tftp_cli_timeout_process                 0x0802e58d   Thumb Code   122  tftp_cli.o(.text)
    tftp_connect                             0x0802e76d   Thumb Code   202  tftp_cli.o(.text)
    tftp_check_param                         0x0802e837   Thumb Code    98  tftp_cli.o(.text)
    tftp_cli_start                           0x0802e899   Thumb Code   104  tftp_cli.o(.text)
    malloc                                   0x0802e921   Thumb Code    94  h1_alloc.o(.text)
    free                                     0x0802e97f   Thumb Code    78  h1_free.o(.text)
    __2sprintf                               0x0802e9cd   Thumb Code    34  noretval__2sprintf.o(.text)
    _printf_pre_padding                      0x0802e9f5   Thumb Code    46  _printf_pad.o(.text)
    _printf_post_padding                     0x0802ea23   Thumb Code    36  _printf_pad.o(.text)
    _printf_str                              0x0802ea47   Thumb Code    82  _printf_str.o(.text)
    _printf_int_dec                          0x0802ea99   Thumb Code   102  _printf_dec.o(.text)
    _printf_int_hex                          0x0802eb11   Thumb Code    88  _printf_hex_int.o(.text)
    _printf_longlong_hex                     0x0802eb11   Thumb Code     0  _printf_hex_int.o(.text)
    __printf                                 0x0802eb6d   Thumb Code   310  __printf_flags_wp.o(.text)
    memcmp                                   0x0802eca9   Thumb Code    88  memcmp.o(.text)
    strlen                                   0x0802ed01   Thumb Code    62  strlen.o(.text)
    strncmp                                  0x0802ed3f   Thumb Code   150  strncmp.o(.text)
    strcat                                   0x0802edd5   Thumb Code    24  strcat.o(.text)
    __aeabi_memcpy                           0x0802eded   Thumb Code     0  rt_memcpy_v6.o(.text)
    __rt_memcpy                              0x0802eded   Thumb Code   138  rt_memcpy_v6.o(.text)
    _memcpy_lastbytes                        0x0802ee53   Thumb Code     0  rt_memcpy_v6.o(.text)
    __aeabi_memcpy4                          0x0802ee77   Thumb Code     0  rt_memcpy_w.o(.text)
    __aeabi_memcpy8                          0x0802ee77   Thumb Code     0  rt_memcpy_w.o(.text)
    __rt_memcpy_w                            0x0802ee77   Thumb Code   100  rt_memcpy_w.o(.text)
    _memcpy_lastbytes_aligned                0x0802eebf   Thumb Code     0  rt_memcpy_w.o(.text)
    __aeabi_memset                           0x0802eedb   Thumb Code    16  aeabi_memset.o(.text)
    __aeabi_memclr                           0x0802eeeb   Thumb Code     0  rt_memclr.o(.text)
    __rt_memclr                              0x0802eeeb   Thumb Code    68  rt_memclr.o(.text)
    _memset                                  0x0802eeef   Thumb Code     0  rt_memclr.o(.text)
    __aeabi_memclr4                          0x0802ef2f   Thumb Code     0  rt_memclr_w.o(.text)
    __aeabi_memclr8                          0x0802ef2f   Thumb Code     0  rt_memclr_w.o(.text)
    __rt_memclr_w                            0x0802ef2f   Thumb Code    78  rt_memclr_w.o(.text)
    _memset_w                                0x0802ef33   Thumb Code     0  rt_memclr_w.o(.text)
    strcmp                                   0x0802ef7d   Thumb Code   128  strcmpv7m.o(.text)
    __use_two_region_memory                  0x0802effd   Thumb Code     2  heapauxi.o(.text)
    __rt_heap_escrow                         0x0802efff   Thumb Code     2  heapauxi.o(.text)
    __rt_heap_expand                         0x0802f001   Thumb Code     2  heapauxi.o(.text)
    __rt_heap_descriptor                     0x0802f005   Thumb Code     8  rt_heap_descriptor_intlibspace.o(.text)
    __use_no_heap                            0x0802f00d   Thumb Code     2  hguard.o(.text)
    __heap$guard                             0x0802f00f   Thumb Code     2  hguard.o(.text)
    _terminate_user_alloc                    0x0802f011   Thumb Code     2  init_alloc.o(.text)
    _init_user_alloc                         0x0802f013   Thumb Code     2  init_alloc.o(.text)
    __Heap_Full                              0x0802f015   Thumb Code    34  init_alloc.o(.text)
    __Heap_Broken                            0x0802f037   Thumb Code     6  init_alloc.o(.text)
    _init_alloc                              0x0802f03d   Thumb Code    94  init_alloc.o(.text)
    __Heap_Initialize                        0x0802f09b   Thumb Code    10  h1_init.o(.text)
    __Heap_DescSize                          0x0802f0a5   Thumb Code     4  h1_init.o(.text)
    _printf_int_common                       0x0802f0a9   Thumb Code   184  _printf_intcommon.o(.text)
    _printf_char_common                      0x0802f16b   Thumb Code    32  _printf_char_common.o(.text)
    _sputc                                   0x0802f191   Thumb Code    10  _sputc.o(.text)
    _printf_cs_common                        0x0802f19b   Thumb Code    20  _printf_char.o(.text)
    _printf_char                             0x0802f1af   Thumb Code    16  _printf_char.o(.text)
    _printf_string                           0x0802f1bf   Thumb Code     8  _printf_char.o(.text)
    __user_libspace                          0x0802f1c9   Thumb Code     8  libspace.o(.text)
    __user_perproc_libspace                  0x0802f1c9   Thumb Code     0  libspace.o(.text)
    __user_perthread_libspace                0x0802f1c9   Thumb Code     0  libspace.o(.text)
    __Heap_ProvideMemory                     0x0802f1d1   Thumb Code    52  h1_extend.o(.text)
    __rt_SIGRTMEM                            0x0802f205   Thumb Code    14  defsig_rtmem_outer.o(.text)
    __I$use$semihosting                      0x0802f213   Thumb Code     0  use_no_semi.o(.text)
    __use_no_semihosting_swi                 0x0802f213   Thumb Code     2  use_no_semi.o(.text)
    __semihosting_library_function           0x0802f215   Thumb Code     0  indicate_semi.o(.text)
    __user_setup_stackheap                   0x0802f215   Thumb Code    74  sys_stackheap_outer.o(.text)
    exit                                     0x0802f25f   Thumb Code    12  exit.o(.text)
    __sig_exit                               0x0802f26b   Thumb Code    10  defsig_exit.o(.text)
    __rt_SIGRTMEM_inner                      0x0802f275   Thumb Code    22  defsig_rtmem_inner.o(.text)
    _sys_exit                                0x0802f2c5   Thumb Code     8  sys_exit.o(.text)
    __default_signal_display                 0x0802f2d1   Thumb Code    50  defsig_general.o(.text)
    _ttywrch                                 0x0802f303   Thumb Code    14  sys_wrch.o(.text)
    __rt_fp_status_addr                      0x0802f311   Thumb Code     8  rt_fp_status_addr_intlibspace.o(.text)
    _is_digit                                0x0802f319   Thumb Code    14  __printf_wp.o(i._is_digit)
    _fp_init                                 0x0802f327   Thumb Code    14  fpinit.o(x$fpl$fpinit)
    __fplib_config_pureend_doubles           0x0802f333   Thumb Code     0  fpinit.o(x$fpl$fpinit)
    led_row_select                           0x0802f334   Data          34  hc595.o(.constdata)
    head_buf                                 0x0802f5a8   Data          45  myhttpd.o(.constdata)
    frame_info                               0x0802f5d5   Data         150  myhttpd.o(.constdata)
    frame_set                                0x0802f66b   Data         192  myhttpd.o(.constdata)
    left                                     0x0802f72b   Data         243  myhttpd.o(.constdata)
    log_err                                  0x0802f81e   Data         308  myhttpd.o(.constdata)
    login                                    0x0802f952   Data         386  myhttpd.o(.constdata)
    mode_sel                                 0x0802fad4   Data         671  myhttpd.o(.constdata)
    update_sw                                0x0802fd73   Data         441  myhttpd.o(.constdata)
    updating                                 0x0802ff2c   Data         247  myhttpd.o(.constdata)
    tcp_backoff                              0x0803049a   Data          13  tcp.o(.constdata)
    tcp_persist_backoff                      0x080304a7   Data           7  tcp.o(.constdata)
    ip_addr_any                              0x080304ae   Data           4  ip_addr.o(.constdata)
    ip_addr_broadcast                        0x080304b2   Data           4  ip_addr.o(.constdata)
    ethbroadcast                             0x080304b6   Data           6  etharp.o(.constdata)
    ethzero                                  0x080304bc   Data           6  etharp.o(.constdata)
    Evt_udp_CtrlMsg_send_Tbl_ledScreen       0x080304c4   Data          40  process_net.o(.constdata)
    Evt_udp_CtrlMsg_recv_Tbl                 0x080304ec   Data          56  process_net.o(.constdata)
    Evt_udp_CtrlMsg_recv_Tbl_ledScreen       0x08030524   Data          64  process_net.o(.constdata)
    Evt_udp_TEST_recv_Tbl                    0x08030564   Data          32  process_net.o(.constdata)
    Evt_udpTest_send_Tbl                     0x08030584   Data          32  process_net.o(.constdata)
    software_version                         0x080305a4   Data           4  process_ledscreen.o(.constdata)
    build_date_str                           0x080305a8   Data          12  process_ledscreen.o(.constdata)
    build_time_str                           0x080305b4   Data           9  process_ledscreen.o(.constdata)
    char_tbl                                 0x080305be   Data         304  process_ledscreen.o(.constdata)
    zimo                                     0x080306ee   Data        1216  process_ledscreen.o(.constdata)
    Software_Version_V10                     0x08030bae   Data         336  process_ledscreen.o(.constdata)
    device_name                              0x08030cfe   Data         384  process_ledscreen.o(.constdata)
    ceshizhong                               0x08030e7e   Data          96  process_ledscreen.o(.constdata)
    Region$$Table$$Base                      0x0803117c   Number         0  anon$$obj.o(Region$$Table)
    Region$$Table$$Limit                     0x0803119c   Number         0  anon$$obj.o(Region$$Table)
    timer_flag                               0x20000000   Data           1  main.o(.data)
    refresh_flag                             0x20000001   Data           1  main.o(.data)
    timer2_flag                              0x20000002   Data           1  main.o(.data)
    Debuger                                  0x20000010   Data           4  main.o(.data)
    test                                     0x20000014   Data           2  main.o(.data)
    timer3_flag                              0x20000016   Data           1  main.o(.data)
    blank_buf                                0x20000022   Data           6  hc595.o(.data)
    DevType                                  0x2000002c   Data           1  myapp.o(.data)
    DevId                                    0x2000002d   Data           1  myapp.o(.data)
    TrainId                                  0x2000002e   Data           2  myapp.o(.data)
    AppStartTimer                            0x20000030   Data           4  myapp.o(.data)
    AppStartFlag                             0x20000034   Data           4  myapp.o(.data)
    PlayLeftFifo                             0x20000038   Data           1  myaudio.o(.data)
    pPlayLeftFifo                            0x2000003c   Data           4  myaudio.o(.data)
    PlayLeftProduceIndex                     0x20000040   Data           4  myaudio.o(.data)
    PlayLeftConsumeIndex                     0x20000044   Data           4  myaudio.o(.data)
    PlayLeftWaitFlag                         0x20000048   Data           4  myaudio.o(.data)
    PlayRightFifo                            0x2000004c   Data           1  myaudio.o(.data)
    pPlayRightFifo                           0x20000050   Data           4  myaudio.o(.data)
    PlayRightProduceIndex                    0x20000054   Data           4  myaudio.o(.data)
    PlayRightConsumeIndex                    0x20000058   Data           4  myaudio.o(.data)
    PlayRightWaitFlag                        0x2000005c   Data           4  myaudio.o(.data)
    pListenLeftFifo                          0x20000060   Data           4  myaudio.o(.data)
    ListenLeftProduceIndex                   0x20000064   Data           4  myaudio.o(.data)
    ListenLeftConsumeIndex                   0x20000068   Data           4  myaudio.o(.data)
    pListenRightFifo                         0x2000006c   Data           4  myaudio.o(.data)
    ListenRightProduceIndex                  0x20000070   Data           4  myaudio.o(.data)
    ListenRightConsumeIndex                  0x20000074   Data           4  myaudio.o(.data)
    ListenFlag                               0x20000078   Data           4  myaudio.o(.data)
    ListenEnable                             0x2000007c   Data           4  myaudio.o(.data)
    AudioPlayInfo                            0x20000080   Data           8  myaudio.o(.data)
    AudioVolume                              0x20000088   Data           4  myaudio.o(.data)
    AudioTreble                              0x2000008c   Data           4  myaudio.o(.data)
    AudioBass                                0x20000090   Data           4  myaudio.o(.data)
    AudioFrontPlayFlag                       0x20000094   Data           4  myaudio.o(.data)
    AudioBackPlayFlag                        0x20000098   Data           4  myaudio.o(.data)
    PlayClock                                0x2000009c   Data           4  myaudio.o(.data)
    PlayClockSendFlag                        0x200000a0   Data           4  myaudio.o(.data)
    EthInitStatus                            0x200000a4   Data           4  myethernet.o(.data)
    EthLinkStatus                            0x200000a8   Data           1  myethernet.o(.data)
    run_iap_req                              0x200000ac   Data           1  myhttpd.o(.data)
    HttpTestAAA                              0x200000ad   Data         128  myhttpd.o(.data)
    HttpTestBBB                              0x2000012d   Data         128  myhttpd.o(.data)
    mode_description                         0x200001b0   Data          20  myhttpd.o(.data)
    dev_description                          0x200001c4   Data          12  myhttpd.o(.data)
    DmaPlayFlag                              0x200001d8   Data           4  myi2s.o(.data)
    AllBroadIpAddr                           0x200001e0   Data           4  mylwip.o(.data)
    pUdpTestRcvPcb                           0x200001e4   Data           4  mylwip.o(.data)
    pUdpTestSendPcb                          0x200001e8   Data           4  mylwip.o(.data)
    pUdpCommanderPcb                         0x200001ec   Data           4  mylwip.o(.data)
    pUdpControlRcvPcb                        0x200001f0   Data           4  mylwip.o(.data)
    pUdpControlSendPcb                       0x200001f4   Data           4  mylwip.o(.data)
    pUdpBroadcastRcvPcb                      0x200001f8   Data           4  mylwip.o(.data)
    pUdpBroadcastSendPcb                     0x200001fc   Data           4  mylwip.o(.data)
    pUdpTalkRcvPcb                           0x20000200   Data           4  mylwip.o(.data)
    pUdpTalkSendPcb                          0x20000204   Data           4  mylwip.o(.data)
    pUdpPlayclkRcvPcb                        0x20000208   Data           4  mylwip.o(.data)
    pUdpPlayclkSendPcb                       0x2000020c   Data           4  mylwip.o(.data)
    NetLocalMac                              0x20000210   Data           6  mynet.o(.data)
    NetLocalIp                               0x20000216   Data           4  mynet.o(.data)
    NetRouterIp                              0x2000021a   Data           4  mynet.o(.data)
    NetMaskIp                                0x2000021e   Data           4  mynet.o(.data)
    NetShowIp                                0x20000222   Data           4  mynet.o(.data)
    pNetReceiveBuf                           0x20000228   Data           4  mynet.o(.data)
    NetReceiveBufSize                        0x2000022c   Data           4  mynet.o(.data)
    pNetSendBuf                              0x20000230   Data           4  mynet.o(.data)
    NetSendBufSize                           0x20000234   Data           4  mynet.o(.data)
    NetStartingFlag                          0x20000238   Data           4  mynet.o(.data)
    NetListenSendFlag                        0x2000023c   Data           4  mynet.o(.data)
    ProtocolLocalInfo                        0x20000244   Data           8  myprotocol.o(.data)
    ProtocolBroadInfo                        0x2000024c   Data           8  myprotocol.o(.data)
    StorageInfoSaveFlag                      0x20000254   Data           4  mystorage.o(.data)
    MyTmCnt10                                0x20000258   Data           4  mytimer.o(.data)
    MyTmCnt20                                0x2000025c   Data           4  mytimer.o(.data)
    MyTmCnt50                                0x20000260   Data           4  mytimer.o(.data)
    MyTmCnt100                               0x20000264   Data           4  mytimer.o(.data)
    MyTmCnt500                               0x20000268   Data           4  mytimer.o(.data)
    MyTmCnt1000                              0x2000026c   Data           4  mytimer.o(.data)
    MyTmCnt2000                              0x20000270   Data           4  mytimer.o(.data)
    SystemCoreClock                          0x20000274   Data           4  system_stm32f2xx.o(.data)
    AHBPrescTable                            0x20000278   Data          16  system_stm32f2xx.o(.data)
    DMATxDescToSet                           0x20000288   Data           4  stm32f2x7_eth.o(.data)
    DMARxDescToGet                           0x2000028c   Data           4  stm32f2x7_eth.o(.data)
    DMA_RX_FRAME_infos                       0x20000290   Data           4  stm32f2x7_eth.o(.data)
    Frame_Rx_index                           0x20000294   Data           4  stm32f2x7_eth.o(.data)
    netif_list                               0x200002ac   Data           4  netif.o(.data)
    netif_default                            0x200002b0   Data           4  netif.o(.data)
    tcp_state_str                            0x200002b8   Data          44  tcp.o(.data)
    tcp_ticks                                0x200002ec   Data           4  tcp.o(.data)
    tcp_bound_pcbs                           0x200002f0   Data           4  tcp.o(.data)
    tcp_listen_pcbs                          0x200002f4   Data           4  tcp.o(.data)
    tcp_active_pcbs                          0x200002f8   Data           4  tcp.o(.data)
    tcp_tw_pcbs                              0x200002fc   Data           4  tcp.o(.data)
    tcp_tmp_pcb                              0x20000300   Data           4  tcp.o(.data)
    tcp_input_pcb                            0x20000324   Data           4  tcp_in.o(.data)
    udp_pcbs                                 0x20000328   Data           4  udp.o(.data)
    current_netif                            0x20000330   Data           4  ip.o(.data)
    current_header                           0x20000334   Data           4  ip.o(.data)
    dmp_process_data                         0x20000350   Data           3  process_net.o(.data)
    dmp_run_status                           0x20000353   Data           1  process_net.o(.data)
    hled_process_data                        0x20000354   Data           5  process_net.o(.data)
    Hled_run_status                          0x20000359   Data           1  process_net.o(.data)
    pack_len                                 0x2000035a   Data           2  process_net.o(.data)
    roll_col_sum_tmp                         0x2000035c   Data           2  process_ledscreen.o(.data)
    color_tmp                                0x2000035e   Data           1  process_ledscreen.o(.data)
    roll_col_num                             0x20000360   Data           2  process_ledscreen.o(.data)
    roll_speed                               0x20000362   Data           1  process_ledscreen.o(.data)
    brightness                               0x20000364   Data           2  process_ledscreen.o(.data)
    DISP_COL_TAIL                            0x20000366   Data           2  process_ledscreen.o(.data)
    DISP_COL_HEAD                            0x20000368   Data           2  process_ledscreen.o(.data)
    DIV                                      0x2000036a   Data           2  process_ledscreen.o(.data)
    FILL_COLsum_tail                         0x2000036c   Data           2  process_ledscreen.o(.data)
    FILL_COLsum_head                         0x2000036e   Data           2  process_ledscreen.o(.data)
    sel_screen_MODE                          0x20000370   Data          12  process_ledscreen.o(.data)
    SCREEN_MODE_stationID_SEL2_tbl           0x2000037c   Data          48  process_ledscreen.o(.data)
    screen_mode_disp_tbl                     0x200003ac   Data          48  process_ledscreen.o(.data)
    screen_mode_set_tbl                      0x200003dc   Data          48  process_ledscreen.o(.data)
    mode_index_tbl                           0x2000040c   Data           5  process_ledscreen.o(.data)
    ptu_SetMode                              0x20000411   Data           1  process_ledscreen.o(.data)
    Jump_To_Application                      0x20000418   Data           4  flash_if.o(.data)
    Jump_To_iapPROG                          0x2000041c   Data           4  flash_if.o(.data)
    JumpAddress                              0x20000420   Data           4  flash_if.o(.data)
    err_codes                                0x2000042c   Data          32  tftp_cli.o(.data)
    red_CN                                   0x20000460   Data         288  hc595.o(.bss)
    green_CN                                 0x20000580   Data         288  hc595.o(.bss)
    red_EN                                   0x200006a0   Data         144  hc595.o(.bss)
    green_EN                                 0x20000730   Data         144  hc595.o(.bss)
    ListenLeftFifo                           0x200007c0   Data        4096  myaudio.o(.bss)
    ListenRightFifo                          0x200017c0   Data        4096  myaudio.o(.bss)
    OutStr                                   0x200027c0   Data         256  mycommander.o(.bss)
    HttpTest                                 0x200028c0   Data        1024  myhttpd.o(.bss)
    str_tmp                                  0x20002cc0   Data        1024  myhttpd.o(.bss)
    DmaPlayMem0                              0x200030c0   Data        2048  myi2s.o(.bss)
    DmaPlayMem1                              0x200038c0   Data        2048  myi2s.o(.bss)
    DmaListenMem0                            0x200040c0   Data        2048  myi2s.o(.bss)
    DmaListenMem1                            0x200048c0   Data        2048  myi2s.o(.bss)
    Netif                                    0x200050c0   Data          52  mylwip.o(.bss)
    NetBuf                                   0x200050f4   Data        1280  mynet.o(.bss)
    StorageInfo                              0x200055f4   Data          24  mystorage.o(.bss)
    DMARxDscrTab                             0x2000560c   Data         160  stm32f2x7_eth.o(.bss)
    DMATxDscrTab                             0x200056ac   Data         160  stm32f2x7_eth.o(.bss)
    Rx_Buff                                  0x2000574c   Data        7620  stm32f2x7_eth.o(.bss)
    Tx_Buff                                  0x20007510   Data        7620  stm32f2x7_eth.o(.bss)
    RX_Frame_Descriptor                      0x200092d4   Data          12  stm32f2x7_eth.o(.bss)
    pack_data                                0x20012a08   Data        1156  process_net.o(.bss)
    netCNDispInfo                            0x20012e8c   Data        1030  process_net.o(.bss)
    netENDispInfo                            0x20013292   Data        1030  process_net.o(.bss)
    tmpProtocolDispInfo                      0x20013698   Data        1028  process_net.o(.bss)
    ledbuf_tmp1                              0x20013aa8   Data        6200  process_ledscreen.o(.bss)
    ledbuf_tmp                               0x200152e0   Data        6200  process_ledscreen.o(.bss)
    red_tmp                                  0x20016b18   Data         288  process_ledscreen.o(.bss)
    green_tmp                                0x20016c38   Data         288  process_ledscreen.o(.bss)
    disp_param_SCREEN_MODE_softwareVersion   0x20016d58   Data          10  process_ledscreen.o(.bss)
    tftp_conn_cli                            0x20016d64   Data         544  tftp_cli.o(.bss)
    __libspace_start                         0x20016f84   Data          96  libspace.o(.bss)
    __temporary_stack_top$libspace           0x20016fe4   Data           0  libspace.o(.bss)



==============================================================================

Memory Map of the image

  Image Entry point : 0x08020185

  Load Region LR_IROM1 (Base: 0x08020000, Size: 0x000115fc, Max: 0x00020000, ABSOLUTE, COMPRESSED[0x000112dc])

    Execution Region ER_IROM1 (Base: 0x08020000, Size: 0x0001119c, Max: 0x00020000, ABSOLUTE)

    Base Addr    Size         Type   Attr      Idx    E Section Name        Object

    0x08020000   0x00000184   Data   RO          777    RESET               startup_stm32f2xx.o
    0x08020184   0x00000008   Code   RO         1668  * !!!main             c_w.l(__main.o)
    0x0802018c   0x00000034   Code   RO         1882    !!!scatter          c_w.l(__scatter.o)
    0x080201c0   0x0000005a   Code   RO         1880    !!dczerorl2         c_w.l(__dczerorl2.o)
    0x0802021a   0x00000002   PAD
    0x0802021c   0x0000001c   Code   RO         1884    !!handler_zi        c_w.l(__scatter_zi.o)
    0x08020238   0x00000000   Code   RO         1643    .ARM.Collect$$_printf_percent$$00000000  c_w.l(_printf_percent.o)
    0x08020238   0x00000006   Code   RO         1642    .ARM.Collect$$_printf_percent$$00000009  c_w.l(_printf_d.o)
    0x0802023e   0x00000006   Code   RO         1641    .ARM.Collect$$_printf_percent$$0000000C  c_w.l(_printf_x.o)
    0x08020244   0x00000006   Code   RO         1640    .ARM.Collect$$_printf_percent$$00000014  c_w.l(_printf_s.o)
    0x0802024a   0x00000004   Code   RO         1706    .ARM.Collect$$_printf_percent$$00000017  c_w.l(_printf_percent_end.o)
    0x0802024e   0x00000006   Code   RO         1813    .ARM.Collect$$libinit$$00000000  c_w.l(libinit.o)
    0x08020254   0x00000008   Code   RO         1709    .ARM.Collect$$libinit$$00000001  c_w.l(libinit2.o)
    0x0802025c   0x00000000   Code   RO         1711    .ARM.Collect$$libinit$$00000006  c_w.l(libinit2.o)
    0x0802025c   0x00000000   Code   RO         1713    .ARM.Collect$$libinit$$00000008  c_w.l(libinit2.o)
    0x0802025c   0x00000000   Code   RO         1715    .ARM.Collect$$libinit$$0000000A  c_w.l(libinit2.o)
    0x0802025c   0x00000000   Code   RO         1718    .ARM.Collect$$libinit$$0000000D  c_w.l(libinit2.o)
    0x0802025c   0x00000000   Code   RO         1720    .ARM.Collect$$libinit$$0000000F  c_w.l(libinit2.o)
    0x0802025c   0x00000000   Code   RO         1722    .ARM.Collect$$libinit$$00000011  c_w.l(libinit2.o)
    0x0802025c   0x00000000   Code   RO         1724    .ARM.Collect$$libinit$$00000013  c_w.l(libinit2.o)
    0x0802025c   0x00000000   Code   RO         1726    .ARM.Collect$$libinit$$00000015  c_w.l(libinit2.o)
    0x0802025c   0x00000000   Code   RO         1728    .ARM.Collect$$libinit$$00000017  c_w.l(libinit2.o)
    0x0802025c   0x00000000   Code   RO         1730    .ARM.Collect$$libinit$$00000019  c_w.l(libinit2.o)
    0x0802025c   0x00000000   Code   RO         1732    .ARM.Collect$$libinit$$0000001B  c_w.l(libinit2.o)
    0x0802025c   0x00000000   Code   RO         1734    .ARM.Collect$$libinit$$0000001D  c_w.l(libinit2.o)
    0x0802025c   0x00000000   Code   RO         1736    .ARM.Collect$$libinit$$0000001F  c_w.l(libinit2.o)
    0x0802025c   0x00000000   Code   RO         1738    .ARM.Collect$$libinit$$00000021  c_w.l(libinit2.o)
    0x0802025c   0x00000000   Code   RO         1742    .ARM.Collect$$libinit$$00000028  c_w.l(libinit2.o)
    0x0802025c   0x00000000   Code   RO         1744    .ARM.Collect$$libinit$$0000002A  c_w.l(libinit2.o)
    0x0802025c   0x00000000   Code   RO         1746    .ARM.Collect$$libinit$$0000002C  c_w.l(libinit2.o)
    0x0802025c   0x00000000   Code   RO         1748    .ARM.Collect$$libinit$$0000002E  c_w.l(libinit2.o)
    0x0802025c   0x00000002   Code   RO         1749    .ARM.Collect$$libinit$$0000002F  c_w.l(libinit2.o)
    0x0802025e   0x00000002   Code   RO         1877    .ARM.Collect$$libshutdown$$00000000  c_w.l(libshutdown.o)
    0x08020260   0x00000000   Code   RO         1828    .ARM.Collect$$libshutdown$$00000003  c_w.l(libshutdown2.o)
    0x08020260   0x00000000   Code   RO         1831    .ARM.Collect$$libshutdown$$00000006  c_w.l(libshutdown2.o)
    0x08020260   0x00000000   Code   RO         1834    .ARM.Collect$$libshutdown$$00000009  c_w.l(libshutdown2.o)
    0x08020260   0x00000000   Code   RO         1836    .ARM.Collect$$libshutdown$$0000000B  c_w.l(libshutdown2.o)
    0x08020260   0x00000000   Code   RO         1839    .ARM.Collect$$libshutdown$$0000000E  c_w.l(libshutdown2.o)
    0x08020260   0x00000002   Code   RO         1840    .ARM.Collect$$libshutdown$$0000000F  c_w.l(libshutdown2.o)
    0x08020262   0x00000000   Code   RO         1672    .ARM.Collect$$rtentry$$00000000  c_w.l(rtentry.o)
    0x08020262   0x00000000   Code   RO         1756    .ARM.Collect$$rtentry$$00000002  c_w.l(rtentry2.o)
    0x08020262   0x00000006   Code   RO         1768    .ARM.Collect$$rtentry$$00000004  c_w.l(rtentry4.o)
    0x08020268   0x00000000   Code   RO         1758    .ARM.Collect$$rtentry$$00000009  c_w.l(rtentry2.o)
    0x08020268   0x00000004   Code   RO         1759    .ARM.Collect$$rtentry$$0000000A  c_w.l(rtentry2.o)
    0x0802026c   0x00000000   Code   RO         1761    .ARM.Collect$$rtentry$$0000000C  c_w.l(rtentry2.o)
    0x0802026c   0x00000008   Code   RO         1762    .ARM.Collect$$rtentry$$0000000D  c_w.l(rtentry2.o)
    0x08020274   0x00000002   Code   RO         1816    .ARM.Collect$$rtexit$$00000000  c_w.l(rtexit.o)
    0x08020276   0x00000000   Code   RO         1846    .ARM.Collect$$rtexit$$00000002  c_w.l(rtexit2.o)
    0x08020276   0x00000004   Code   RO         1847    .ARM.Collect$$rtexit$$00000003  c_w.l(rtexit2.o)
    0x0802027a   0x00000006   Code   RO         1848    .ARM.Collect$$rtexit$$00000004  c_w.l(rtexit2.o)
    0x08020280   0x00000020   Code   RO          764    .emb_text           core_cm3.o
    0x080202a0   0x00000000   Code   RO         1772    .emb_text           c_w.l(maybetermalloc1.o)
    0x080202a0   0x00000188   Code   RO            1    .text               main.o
    0x08020428   0x0000003e   Code   RO          288    .text               mem_str.o
    0x08020466   0x00000002   PAD
    0x08020468   0x00000120   Code   RO          338    .text               p_sys.o
    0x08020588   0x00000298   Code   RO          352    .text               hc595.o
    0x08020820   0x000000bc   Code   RO          372    .text               myapp.o
    0x080208dc   0x00000258   Code   RO          390    .text               myaudio.o
    0x08020b34   0x000003ec   Code   RO          418    .text               myboard.o
    0x08020f20   0x000004e0   Code   RO          433    .text               mycommander.o
    0x08021400   0x00000178   Code   RO          449    .text               myethernet.o
    0x08021578   0x000009ec   Code   RO          479    .text               myhttpd.o
    0x08021f64   0x000003dc   Code   RO          577    .text               myi2c.o
    0x08022340   0x00000622   Code   RO          589    .text               myi2s.o
    0x08022962   0x00000002   PAD
    0x08022964   0x0000056c   Code   RO          608    .text               mylwip.o
    0x08022ed0   0x0000038c   Code   RO          627    .text               mymiscfunc.o
    0x0802325c   0x00000404   Code   RO          639    .text               mynet.o
    0x08023660   0x000002f4   Code   RO          662    .text               myprotocol.o
    0x08023954   0x00000238   Code   RO          684    .text               mystorage.o
    0x08023b8c   0x00000130   Code   RO          715    .text               mytimer.o
    0x08023cbc   0x00000030   Code   RO          737    .text               stm32f2xx_it.o
    0x08023cec   0x00000114   Code   RO          752    .text               bsp_dev_id.o
    0x08023e00   0x00000040   Code   RO          778    .text               startup_stm32f2xx.o
    0x08023e40   0x000001d8   Code   RO          782    .text               system_stm32f2xx.o
    0x08024018   0x00000e9c   Code   RO          800    .text               stm32f2x7_eth.o
    0x08024eb4   0x00000378   Code   RO          917    .text               mem.o
    0x0802522c   0x000000b4   Code   RO          932    .text               memp.o
    0x080252e0   0x00000214   Code   RO          962    .text               netif.o
    0x080254f4   0x000005ea   Code   RO          984    .text               pbuf.o
    0x08025ade   0x00000002   PAD
    0x08025ae0   0x000001b0   Code   RO          999    .text               raw.o
    0x08025c90   0x00000c60   Code   RO         1025    .text               tcp.o
    0x080268f0   0x00001320   Code   RO         1046    .text               tcp_in.o
    0x08027c10   0x00000b14   Code   RO         1069    .text               tcp_out.o
    0x08028724   0x000003fc   Code   RO         1081    .text               udp.o
    0x08028b20   0x00000424   Code   RO         1099    .text               autoip.o
    0x08028f44   0x0000021c   Code   RO         1111    .text               icmp.o
    0x08029160   0x0000024c   Code   RO         1129    .text               inet.o
    0x080293ac   0x0000016e   Code   RO         1142    .text               inet_chksum.o
    0x0802951a   0x00000002   PAD
    0x0802951c   0x00000318   Code   RO         1161    .text               ip.o
    0x08029834   0x0000004e   Code   RO         1182    .text               ip_addr.o
    0x08029882   0x00000002   PAD
    0x08029884   0x00000628   Code   RO         1204    .text               ip_frag.o
    0x08029eac   0x000009d0   Code   RO         1219    .text               etharp.o
    0x0802a87c   0x000001fc   Code   RO         1260    .text               ethernetif.o
    0x0802aa78   0x00000108   Code   RO         1273    .text               misc.o
    0x0802ab80   0x000003d8   Code   RO         1297    .text               stm32f2xx_dma.o
    0x0802af58   0x000004cc   Code   RO         1321    .text               stm32f2xx_flash.o
    0x0802b424   0x000002b0   Code   RO         1333    .text               stm32f2xx_gpio.o
    0x0802b6d4   0x0000048c   Code   RO         1345    .text               stm32f2xx_i2c.o
    0x0802bb60   0x000005d0   Code   RO         1369    .text               stm32f2xx_rcc.o
    0x0802c130   0x000003dc   Code   RO         1383    .text               stm32f2xx_spi.o
    0x0802c50c   0x000000ac   Code   RO         1395    .text               stm32f2xx_syscfg.o
    0x0802c5b8   0x00000d74   Code   RO         1437    .text               process_net.o
    0x0802d32c   0x00000b9c   Code   RO         1457    .text               process_ledscreen.o
    0x0802dec8   0x000004e4   Code   RO         1477    .text               flash_if.o
    0x0802e3ac   0x00000574   Code   RO         1506    .text               tftp_cli.o
    0x0802e920   0x0000005e   Code   RO         1529    .text               c_w.l(h1_alloc.o)
    0x0802e97e   0x0000004e   Code   RO         1531    .text               c_w.l(h1_free.o)
    0x0802e9cc   0x00000028   Code   RO         1589    .text               c_w.l(noretval__2sprintf.o)
    0x0802e9f4   0x00000052   Code   RO         1593    .text               c_w.l(_printf_pad.o)
    0x0802ea46   0x00000052   Code   RO         1595    .text               c_w.l(_printf_str.o)
    0x0802ea98   0x00000078   Code   RO         1597    .text               c_w.l(_printf_dec.o)
    0x0802eb10   0x0000005c   Code   RO         1602    .text               c_w.l(_printf_hex_int.o)
    0x0802eb6c   0x0000013c   Code   RO         1632    .text               c_w.l(__printf_flags_wp.o)
    0x0802eca8   0x00000058   Code   RO         1644    .text               c_w.l(memcmp.o)
    0x0802ed00   0x0000003e   Code   RO         1646    .text               c_w.l(strlen.o)
    0x0802ed3e   0x00000096   Code   RO         1648    .text               c_w.l(strncmp.o)
    0x0802edd4   0x00000018   Code   RO         1650    .text               c_w.l(strcat.o)
    0x0802edec   0x0000008a   Code   RO         1652    .text               c_w.l(rt_memcpy_v6.o)
    0x0802ee76   0x00000064   Code   RO         1654    .text               c_w.l(rt_memcpy_w.o)
    0x0802eeda   0x00000010   Code   RO         1656    .text               c_w.l(aeabi_memset.o)
    0x0802eeea   0x00000044   Code   RO         1658    .text               c_w.l(rt_memclr.o)
    0x0802ef2e   0x0000004e   Code   RO         1660    .text               c_w.l(rt_memclr_w.o)
    0x0802ef7c   0x00000080   Code   RO         1664    .text               c_w.l(strcmpv7m.o)
    0x0802effc   0x00000006   Code   RO         1666    .text               c_w.l(heapauxi.o)
    0x0802f002   0x00000002   PAD
    0x0802f004   0x00000008   Code   RO         1676    .text               c_w.l(rt_heap_descriptor_intlibspace.o)
    0x0802f00c   0x00000004   Code   RO         1678    .text               c_w.l(hguard.o)
    0x0802f010   0x0000008a   Code   RO         1680    .text               c_w.l(init_alloc.o)
    0x0802f09a   0x0000000e   Code   RO         1684    .text               c_w.l(h1_init.o)
    0x0802f0a8   0x000000b8   Code   RO         1698    .text               c_w.l(_printf_intcommon.o)
    0x0802f160   0x00000030   Code   RO         1700    .text               c_w.l(_printf_char_common.o)
    0x0802f190   0x0000000a   Code   RO         1702    .text               c_w.l(_sputc.o)
    0x0802f19a   0x0000002c   Code   RO         1704    .text               c_w.l(_printf_char.o)
    0x0802f1c6   0x00000002   PAD
    0x0802f1c8   0x00000008   Code   RO         1752    .text               c_w.l(libspace.o)
    0x0802f1d0   0x00000034   Code   RO         1774    .text               c_w.l(h1_extend.o)
    0x0802f204   0x0000000e   Code   RO         1780    .text               c_w.l(defsig_rtmem_outer.o)
    0x0802f212   0x00000002   Code   RO         1789    .text               c_w.l(use_no_semi.o)
    0x0802f214   0x00000000   Code   RO         1791    .text               c_w.l(indicate_semi.o)
    0x0802f214   0x0000004a   Code   RO         1792    .text               c_w.l(sys_stackheap_outer.o)
    0x0802f25e   0x0000000c   Code   RO         1798    .text               c_w.l(exit.o)
    0x0802f26a   0x0000000a   Code   RO         1800    .text               c_w.l(defsig_exit.o)
    0x0802f274   0x00000050   Code   RO         1802    .text               c_w.l(defsig_rtmem_inner.o)
    0x0802f2c4   0x0000000c   Code   RO         1814    .text               c_w.l(sys_exit.o)
    0x0802f2d0   0x00000032   Code   RO         1824    .text               c_w.l(defsig_general.o)
    0x0802f302   0x0000000e   Code   RO         1843    .text               c_w.l(sys_wrch.o)
    0x0802f310   0x00000008   Code   RO         1855    .text               c_w.l(rt_fp_status_addr_intlibspace.o)
    0x0802f318   0x0000000e   Code   RO         1630    i._is_digit         c_w.l(__printf_wp.o)
    0x0802f326   0x0000000e   Code   RO         1841    x$fpl$fpinit        fz_ws.l(fpinit.o)
    0x0802f334   0x00000022   Data   RO          354    .constdata          hc595.o
    0x0802f356   0x00000002   PAD
    0x0802f358   0x00000250   Data   RO          435    .constdata          mycommander.o
    0x0802f5a8   0x00000ece   Data   RO          481    .constdata          myhttpd.o
    0x08030476   0x00000024   Data   RO          934    .constdata          memp.o
    0x0803049a   0x00000014   Data   RO         1026    .constdata          tcp.o
    0x080304ae   0x00000008   Data   RO         1183    .constdata          ip_addr.o
    0x080304b6   0x0000000c   Data   RO         1221    .constdata          etharp.o
    0x080304c2   0x00000002   PAD
    0x080304c4   0x000000e0   Data   RO         1439    .constdata          process_net.o
    0x080305a4   0x0000093a   Data   RO         1459    .constdata          process_ledscreen.o
    0x08030ede   0x00000028   Data   RO         1603    .constdata          c_w.l(_printf_hex_int.o)
    0x08030f06   0x00000011   Data   RO         1633    .constdata          c_w.l(__printf_flags_wp.o)
    0x08030f17   0x0000012a   Data   RO          482    .conststring        myhttpd.o
    0x08031041   0x00000068   Data   RO         1027    .conststring        tcp.o
    0x080310a9   0x00000099   Data   RO         1508    .conststring        tftp_cli.o
    0x08031142   0x00000038   Data   RO          483    .conststrlit        myhttpd.o
    0x0803117a   0x00000002   PAD
    0x0803117c   0x00000020   Data   RO         1878    Region$$Table       anon$$obj.o


    Execution Region RW_IRAM1 (Base: 0x20000000, Size: 0x000187e8, Max: 0x00020000, ABSOLUTE, COMPRESSED[0x00000140])

    Base Addr    Size         Type   Attr      Idx    E Section Name        Object

    0x20000000   0x00000017   Data   RW            2    .data               main.o
    0x20000017   0x00000001   PAD
    0x20000018   0x0000000a   Data   RW          339    .data               p_sys.o
    0x20000022   0x00000007   Data   RW          355    .data               hc595.o
    0x20000029   0x00000003   PAD
    0x2000002c   0x0000000c   Data   RW          373    .data               myapp.o
    0x20000038   0x0000006c   Data   RW          392    .data               myaudio.o
    0x200000a4   0x00000005   Data   RW          450    .data               myethernet.o
    0x200000a9   0x00000003   PAD
    0x200000ac   0x0000012a   Data   RW          484    .data               myhttpd.o
    0x200001d6   0x00000002   PAD
    0x200001d8   0x00000004   Data   RW          591    .data               myi2s.o
    0x200001dc   0x00000034   Data   RW          610    .data               mylwip.o
    0x20000210   0x00000030   Data   RW          641    .data               mynet.o
    0x20000240   0x00000014   Data   RW          663    .data               myprotocol.o
    0x20000254   0x00000004   Data   RW          686    .data               mystorage.o
    0x20000258   0x0000001c   Data   RW          716    .data               mytimer.o
    0x20000274   0x00000014   Data   RW          783    .data               system_stm32f2xx.o
    0x20000288   0x00000010   Data   RW          802    .data               stm32f2x7_eth.o
    0x20000298   0x0000000d   Data   RW          919    .data               mem.o
    0x200002a5   0x00000003   PAD
    0x200002a8   0x0000000c   Data   RW          963    .data               netif.o
    0x200002b4   0x00000004   Data   RW         1000    .data               raw.o
    0x200002b8   0x0000004d   Data   RW         1028    .data               tcp.o
    0x20000305   0x00000003   PAD
    0x20000308   0x00000020   Data   RW         1048    .data               tcp_in.o
    0x20000328   0x00000004   Data   RW         1082    .data               udp.o
    0x2000032c   0x0000000c   Data   RW         1162    .data               ip.o
    0x20000338   0x00000006   Data   RW         1206    .data               ip_frag.o
    0x2000033e   0x00000001   Data   RW         1222    .data               etharp.o
    0x2000033f   0x00000010   Data   RW         1370    .data               stm32f2xx_rcc.o
    0x2000034f   0x00000001   PAD
    0x20000350   0x0000000c   Data   RW         1440    .data               process_net.o
    0x2000035c   0x000000bb   Data   RW         1460    .data               process_ledscreen.o
    0x20000417   0x00000001   PAD
    0x20000418   0x0000000c   Data   RW         1478    .data               flash_if.o
    0x20000424   0x0000003c   Data   RW         1509    .data               tftp_cli.o
    0x20000460   0x00000360   Zero   RW          353    .bss                hc595.o
    0x200007c0   0x00002000   Zero   RW          391    .bss                myaudio.o
    0x200027c0   0x00000100   Zero   RW          434    .bss                mycommander.o
    0x200028c0   0x00000800   Zero   RW          480    .bss                myhttpd.o
    0x200030c0   0x00002000   Zero   RW          590    .bss                myi2s.o
    0x200050c0   0x00000034   Zero   RW          609    .bss                mylwip.o
    0x200050f4   0x00000500   Zero   RW          640    .bss                mynet.o
    0x200055f4   0x00000018   Zero   RW          685    .bss                mystorage.o
    0x2000560c   0x00003cd4   Zero   RW          801    .bss                stm32f2x7_eth.o
    0x200092e0   0x00002814   Zero   RW          918    .bss                mem.o
    0x2000baf4   0x00006847   Zero   RW          933    .bss                memp.o
    0x2001233b   0x00000001   PAD
    0x2001233c   0x00000014   Zero   RW         1047    .bss                tcp_in.o
    0x20012350   0x00000010   Zero   RW         1130    .bss                inet.o
    0x20012360   0x000005e0   Zero   RW         1205    .bss                ip_frag.o
    0x20012940   0x000000c8   Zero   RW         1220    .bss                etharp.o
    0x20012a08   0x00001094   Zero   RW         1438    .bss                process_net.o
    0x20013a9c   0x000032c6   Zero   RW         1458    .bss                process_ledscreen.o
    0x20016d62   0x00000002   PAD
    0x20016d64   0x00000220   Zero   RW         1507    .bss                tftp_cli.o
    0x20016f84   0x00000060   Zero   RW         1753    .bss                c_w.l(libspace.o)
    0x20016fe4   0x00000004   PAD
    0x20016fe8   0x00000800   Zero   RW          776    HEAP                startup_stm32f2xx.o
    0x200177e8   0x00001000   Zero   RW          775    STACK               startup_stm32f2xx.o


==============================================================================

Image component sizes


      Code (inc. data)   RO Data    RW Data    ZI Data      Debug   Object Name

      1060         34          0          0          0       4474   autoip.o
       276          8          0          0          0       1386   bsp_dev_id.o
        32          0          0          0          0        580   core_cm3.o
      2512         24         12          1        200       9918   etharp.o
       508         40          0          0          0       2972   ethernetif.o
      1252         52          0         12          0       5610   flash_if.o
       664         34         34          7        864       2381   hc595.o
       540          0          0          0          0       2654   icmp.o
       588         10          0          0         16       3300   inet.o
       366          0          0          0          0       5378   inet_chksum.o
         0          0          0          0          0       5266   init.o
       792         20          0         12          0       6018   ip.o
        78          0          8          0          0       5597   ip_addr.o
      1576         18          0          6       1504       5980   ip_frag.o
       392         42          0         23          0     307359   main.o
       888         20          0         13      10260       3786   mem.o
        62          0          0          0          0       1258   mem_str.o
       180         18         36          0      26695       3026   memp.o
       264         30          0          0          0       1889   misc.o
       188         22          0         12          0       1787   myapp.o
       600         88          0        108       8192       4127   myaudio.o
      1004         20          0          0          0       2437   myboard.o
      1248        272        592          0        256       3437   mycommander.o
       376         16          0          5          0       1301   myethernet.o
      2540        374       4144        298       2048      35059   myhttpd.o
       988         26          0          0          0       3143   myi2c.o
      1570        100          0          4       8192       5079   myi2s.o
      1388        102          0         52         52       7938   mylwip.o
       908          6          0          0          0       4660   mymiscfunc.o
      1028         72          0         48       1280      22693   mynet.o
       756         30          0         20          0       7484   myprotocol.o
       568         32          0          4         24       2515   mystorage.o
       304         40          0         28          0      18959   mytimer.o
       532         22          0         12          0       5540   netif.o
       288         30          0         10          0       1855   p_sys.o
      1514          0          0          0          0       5912   pbuf.o
      2972        308       2362        187      12998      11101   process_ledscreen.o
      3444        176        224         12       4244      16654   process_net.o
       432          6          0          4          0       3565   raw.o
        64         26        388          0       6144        808   startup_stm32f2xx.o
      3740        100          0         16      15572      19992   stm32f2x7_eth.o
       984         50          0          0          0       6425   stm32f2xx_dma.o
      1228         68          0          0          0       7017   stm32f2xx_flash.o
       688         36          0          0          0       4045   stm32f2xx_gpio.o
      1164         26          0          0          0       8207   stm32f2xx_i2c.o
        48          0          0          0          0       1419   stm32f2xx_it.o
      1488        158          0         16          0      11111   stm32f2xx_rcc.o
       988         20          0          0          0       6444   stm32f2xx_spi.o
       172         22          0          0          0       1559   stm32f2xx_syscfg.o
       472         52          0         20          0       1787   system_stm32f2xx.o
      3168        108        124         77          0      18244   tcp.o
      4896        210          0         32         20      13376   tcp_in.o
      2836         14          0          0          0       7206   tcp_out.o
      1396         68        153         60        544       6606   tftp_cli.o
      1020          8          0          4          0       6489   udp.o

    ----------------------------------------------------------------------
     59040       3058       8115       1120      99108     664813   Object Totals
         0          0         32          0          0          0   (incl. Generated)
        10          0          6         17          3          0   (incl. Padding)

    ----------------------------------------------------------------------

      Code (inc. data)   RO Data    RW Data    ZI Data      Debug   Library Member Name

        90          0          0          0          0          0   __dczerorl2.o
         8          0          0          0          0         68   __main.o
       316          6         17          0          0         92   __printf_flags_wp.o
        14          0          0          0          0         68   __printf_wp.o
        52          8          0          0          0          0   __scatter.o
        28          0          0          0          0          0   __scatter_zi.o
        44          0          0          0          0        108   _printf_char.o
        48          6          0          0          0         96   _printf_char_common.o
         6          0          0          0          0          0   _printf_d.o
       120         18          0          0          0         92   _printf_dec.o
        92          4         40          0          0         88   _printf_hex_int.o
       184          0          0          0          0         88   _printf_intcommon.o
        82          0          0          0          0        108   _printf_pad.o
         0          0          0          0          0          0   _printf_percent.o
         4          0          0          0          0          0   _printf_percent_end.o
         6          0          0          0          0          0   _printf_s.o
        82          0          0          0          0         80   _printf_str.o
         6          0          0          0          0          0   _printf_x.o
        10          0          0          0          0         68   _sputc.o
        16          0          0          0          0         68   aeabi_memset.o
        10          0          0          0          0         68   defsig_exit.o
        50          0          0          0          0         88   defsig_general.o
        80         58          0          0          0         76   defsig_rtmem_inner.o
        14          0          0          0          0         80   defsig_rtmem_outer.o
        12          0          0          0          0         72   exit.o
        94          0          0          0          0         80   h1_alloc.o
        52          0          0          0          0         68   h1_extend.o
        78          0          0          0          0         80   h1_free.o
        14          0          0          0          0         84   h1_init.o
         6          0          0          0          0        152   heapauxi.o
         4          0          0          0          0        136   hguard.o
         0          0          0          0          0          0   indicate_semi.o
       138          0          0          0          0        168   init_alloc.o
         6          0          0          0          0          0   libinit.o
        10          0          0          0          0          0   libinit2.o
         2          0          0          0          0          0   libshutdown.o
         2          0          0          0          0          0   libshutdown2.o
         8          4          0          0         96         68   libspace.o
         0          0          0          0          0          0   maybetermalloc1.o
        88          0          0          0          0         76   memcmp.o
        40          6          0          0          0         84   noretval__2sprintf.o
         8          4          0          0          0         68   rt_fp_status_addr_intlibspace.o
         8          4          0          0          0         68   rt_heap_descriptor_intlibspace.o
        68          0          0          0          0         68   rt_memclr.o
        78          0          0          0          0         80   rt_memclr_w.o
       138          0          0          0          0         68   rt_memcpy_v6.o
       100          0          0          0          0         80   rt_memcpy_w.o
         0          0          0          0          0          0   rtentry.o
        12          0          0          0          0          0   rtentry2.o
         6          0          0          0          0          0   rtentry4.o
         2          0          0          0          0          0   rtexit.o
        10          0          0          0          0          0   rtexit2.o
        24          0          0          0          0         68   strcat.o
       128          0          0          0          0         68   strcmpv7m.o
        62          0          0          0          0         76   strlen.o
       150          0          0          0          0         80   strncmp.o
        12          4          0          0          0         68   sys_exit.o
        74          0          0          0          0         80   sys_stackheap_outer.o
        14          0          0          0          0         76   sys_wrch.o
         2          0          0          0          0         68   use_no_semi.o
        14          0          0          0          0         76   fpinit.o

    ----------------------------------------------------------------------
      2832        122         57          0        100       3496   Library Totals
         6          0          0          0          4          0   (incl. Padding)

    ----------------------------------------------------------------------

      Code (inc. data)   RO Data    RW Data    ZI Data      Debug   Library Name

      2812        122         57          0         96       3420   c_w.l
        14          0          0          0          0         76   fz_ws.l

    ----------------------------------------------------------------------
      2832        122         57          0        100       3496   Library Totals

    ----------------------------------------------------------------------

==============================================================================


      Code (inc. data)   RO Data    RW Data    ZI Data      Debug   

     61872       3180       8172       1120      99208     660613   Grand Totals
     61872       3180       8172        320      99208     660613   ELF Image Totals (compressed)
     61872       3180       8172        320          0          0   ROM Totals

==============================================================================

    Total RO  Size (Code + RO Data)                70044 (  68.40kB)
    Total RW  Size (RW Data + ZI Data)            100328 (  97.98kB)
    Total ROM Size (Code + RO Data + RW Data)      70364 (  68.71kB)

==============================================================================

