ARM Linker, 4.1 [Build 791] [Professional]

==============================================================================

Section Cross References

    main.o(.text) refers to flash_if.o(.text) for Check_And_RunAPP
    main.o(.text) refers to mymiscfunc.o(.text) for Delay
    main.o(.text) refers to myboard.o(.text) for RCC_Configuration
    main.o(.text) refers to mytimer.o(.text) for SysTick_Init
    main.o(.text) refers to p_sys.o(.text) for feed_dog
    main.o(.text) refers to myapp.o(.text) for AppInit
    main.o(.text) refers to mystorage.o(.text) for StorageInit
    main.o(.text) refers to mynet.o(.text) for NetInit
    main.o(.text) refers to tftpserver.o(.text) for IAP_tftpd_init
    main.o(.text) refers to process_ledscreen.o(.text) for ledscreen_init
    main.o(.text) refers to mylwip.o(.text) for LwipProcess
    main.o(.text) refers to process_net.o(.text) for udp_CtrlMsg_send_process
    main.o(.text) refers to mycommander.o(.text) for send_downloadReq
    main.o(.text) refers to main.o(.data) for timer_3
    main.o(.text) refers to process_net.o(.data) for Hled_run_status
    main.o(.text) refers to mytimer.o(.data) for MyTmCnt10
    p_sys.o(.text) refers to stm32f2xx_gpio.o(.text) for GPIO_Init
    p_sys.o(.text) refers to p_sys.o(.data) for tmp
    p_sys.o(.text) refers to process_ledscreen.o(.data) for roll_speed
    p_sys.o(.text) refers to main.o(.data) for timer2_flag
    hc595.o(.text) refers to stm32f2xx_gpio.o(.text) for GPIO_SetBits
    hc595.o(.text) refers to process_ledscreen.o(.text) for clr_led_buf
    hc595.o(.text) refers to mymiscfunc.o(.text) for Delay
    hc595.o(.text) refers to hc595.o(.constdata) for led_row_select
    hc595.o(.text) refers to hc595.o(.data) for line_No
    hc595.o(.text) refers to hc595.o(.bss) for green_CN
    hc595.o(.text) refers to process_ledscreen.o(.data) for brightness
    hc595.o(.text) refers to main.o(.data) for refresh_flag
    myapp.o(.text) refers to bsp_dev_id.o(.text) for get_devecie_id
    myapp.o(.text) refers to mycommander.o(.text) for CommanderInit
    myapp.o(.text) refers to mystorage.o(.text) for StorageInfoSave
    myapp.o(.text) refers to myapp.o(.data) for AppStartTimer
    myaudio.o(.text) refers to myi2s.o(.text) for L3Uda1341SetVolume
    myaudio.o(.text) refers to mystorage.o(.text) for StorageInfoSave
    myaudio.o(.text) refers to mymiscfunc.o(.text) for Delay
    myaudio.o(.text) refers to myaudio.o(.data) for AudioVolume
    myaudio.o(.text) refers to myaudio.o(.bss) for ListenLeftFifo
    myaudio.o(.text) refers to myi2s.o(.data) for DmaPlayFlag
    myboard.o(.text) refers to stm32f2xx_rcc.o(.text) for RCC_AHB1PeriphClockCmd
    myboard.o(.text) refers to stm32f2xx_gpio.o(.text) for GPIO_Init
    myboard.o(.text) refers to p_sys.o(.text) for watchdog_GPIO_config
    myboard.o(.text) refers to bsp_dev_id.o(.text) for Device_id_GPIO_config
    myboard.o(.text) refers to hc595.o(.text) for HC595_GPIO_config
    mycommander.o(.text) refers to _printf_percent.o(.ARM.Collect$$_printf_percent$$00000000) for _printf_percent
    mycommander.o(.text) refers to _printf_d.o(.ARM.Collect$$_printf_percent$$00000009) for _printf_d
    mycommander.o(.text) refers to _printf_dec.o(.text) for _printf_int_dec
    mycommander.o(.text) refers to strlen.o(.text) for strlen
    mycommander.o(.text) refers to mylwip.o(.text) for UdpCommanderSend
    mycommander.o(.text) refers to rt_memclr.o(.text) for __aeabi_memclr
    mycommander.o(.text) refers to noretval__2sprintf.o(.text) for __2sprintf
    mycommander.o(.text) refers to rt_memcpy_w.o(.text) for __aeabi_memcpy4
    mycommander.o(.text) refers to rt_memclr_w.o(.text) for __aeabi_memclr4
    mycommander.o(.text) refers to mymiscfunc.o(.text) for LineToWords
    mycommander.o(.text) refers to strcmpv7m.o(.text) for strcmp
    mycommander.o(.text) refers to mynet.o(.text) for NetSetLocalIp4
    mycommander.o(.text) refers to myapp.o(.text) for SetDeviceId
    mycommander.o(.text) refers to myaudio.o(.text) for AudioSetVolume
    mycommander.o(.text) refers to mycommander.o(.bss) for OutStr
    mycommander.o(.text) refers to myapp.o(.data) for TrainId
    mycommander.o(.text) refers to mynet.o(.data) for NetLocalIp
    mycommander.o(.text) refers to mycommander.o(.constdata) for .constdata
    myethernet.o(.text) refers to stm32f2xx_rcc.o(.text) for RCC_AHB1PeriphClockCmd
    myethernet.o(.text) refers to stm32f2x7_eth.o(.text) for ETH_DeInit
    myethernet.o(.text) refers to stm32f2xx_gpio.o(.text) for GPIO_Init
    myethernet.o(.text) refers to stm32f2xx_syscfg.o(.text) for SYSCFG_ETH_MediaInterfaceConfig
    myethernet.o(.text) refers to myethernet.o(.data) for EthInitStatus
    myflash.o(.text) refers to stm32f2xx_flash.o(.text) for FLASH_Unlock
    myflash.o(.text) refers to myflash.o(.data) for FlashPage1Addr
    myflash.o(.text) refers to mystorage.o(.bss) for StorageInfo
    myhttpd.o(.text) refers to _printf_percent.o(.ARM.Collect$$_printf_percent$$00000000) for _printf_percent
[...]
    TIM2_IRQHandler                          0x08003573   Thumb Code     0  startup_stm32f2xx.o(.text)
    TIM3_IRQHandler                          0x08003573   Thumb Code     0  startup_stm32f2xx.o(.text)
    TIM4_IRQHandler                          0x08003573   Thumb Code     0  startup_stm32f2xx.o(.text)
    TIM5_IRQHandler                          0x08003573   Thumb Code     0  startup_stm32f2xx.o(.text)
    TIM6_DAC_IRQHandler                      0x08003573   Thumb Code     0  startup_stm32f2xx.o(.text)
    TIM7_IRQHandler                          0x08003573   Thumb Code     0  startup_stm32f2xx.o(.text)
    TIM8_BRK_TIM12_IRQHandler                0x08003573   Thumb Code     0  startup_stm32f2xx.o(.text)
    TIM8_CC_IRQHandler                       0x08003573   Thumb Code     0  startup_stm32f2xx.o(.text)
    TIM8_TRG_COM_TIM14_IRQHandler            0x08003573   Thumb Code     0  startup_stm32f2xx.o(.text)
    TIM8_UP_TIM13_IRQHandler                 0x08003573   Thumb Code     0  startup_stm32f2xx.o(.text)
    UART4_IRQHandler                         0x08003573   Thumb Code     0  startup_stm32f2xx.o(.text)
    UART5_IRQHandler                         0x08003573   Thumb Code     0  startup_stm32f2xx.o(.text)
    USART1_IRQHandler                        0x08003573   Thumb Code     0  startup_stm32f2xx.o(.text)
    USART2_IRQHandler                        0x08003573   Thumb Code     0  startup_stm32f2xx.o(.text)
    USART3_IRQHandler                        0x08003573   Thumb Code     0  startup_stm32f2xx.o(.text)
    USART6_IRQHandler                        0x08003573   Thumb Code     0  startup_stm32f2xx.o(.text)
    WWDG_IRQHandler                          0x08003573   Thumb Code     0  startup_stm32f2xx.o(.text)
    __user_initial_stackheap                 0x08003575   Thumb Code     0  startup_stm32f2xx.o(.text)
    SystemInit                               0x08003643   Thumb Code    78  system_stm32f2xx.o(.text)
    SystemCoreClockUpdate                    0x08003691   Thumb Code   172  system_stm32f2xx.o(.text)
    ETH_DeInit                               0x08003783   Thumb Code    22  stm32f2x7_eth.o(.text)
    ETH_StructInit                           0x08003799   Thumb Code   210  stm32f2x7_eth.o(.text)
    ETH_Init                                 0x0800386b   Thumb Code   516  stm32f2x7_eth.o(.text)
    ETH_DMAReceptionCmd                      0x08003a6f   Thumb Code    30  stm32f2x7_eth.o(.text)
    ETH_DMATransmissionCmd                   0x08003a8d   Thumb Code    30  stm32f2x7_eth.o(.text)
    ETH_MACReceptionCmd                      0x08003aab   Thumb Code    30  stm32f2x7_eth.o(.text)
    ETH_FlushTransmitFIFO                    0x08003ac9   Thumb Code    14  stm32f2x7_eth.o(.text)
    ETH_MACTransmissionCmd                   0x08003ad7   Thumb Code    30  stm32f2x7_eth.o(.text)
    ETH_Start                                0x08003af5   Thumb Code    32  stm32f2x7_eth.o(.text)
    ETH_GetFlowControlBusyStatus             0x08003b15   Thumb Code    26  stm32f2x7_eth.o(.text)
    ETH_InitiatePauseControlFrame            0x08003b2f   Thumb Code    14  stm32f2x7_eth.o(.text)
    ETH_BackPressureActivationCmd            0x08003b3d   Thumb Code    30  stm32f2x7_eth.o(.text)
    ETH_GetMACFlagStatus                     0x08003b5b   Thumb Code    26  stm32f2x7_eth.o(.text)
    ETH_GetMACITStatus                       0x08003b75   Thumb Code    26  stm32f2x7_eth.o(.text)
    ETH_MACITConfig                          0x08003b8f   Thumb Code    30  stm32f2x7_eth.o(.text)
    ETH_MACAddressConfig                     0x08003bad   Thumb Code    48  stm32f2x7_eth.o(.text)
    ETH_GetMACAddress                        0x08003bdd   Thumb Code    44  stm32f2x7_eth.o(.text)
    ETH_MACAddressPerfectFilterCmd           0x08003c09   Thumb Code    38  stm32f2x7_eth.o(.text)
    ETH_MACAddressFilterConfig               0x08003c2f   Thumb Code    82  stm32f2x7_eth.o(.text)
    ETH_MACAddressMaskBytesFilterConfig      0x08003c81   Thumb Code    34  stm32f2x7_eth.o(.text)
    ETH_Get_Received_Frame                   0x08003ca3   Thumb Code    86  stm32f2x7_eth.o(.text)
    ETH_Get_Received_Frame_interrupt         0x08003cf9   Thumb Code   274  stm32f2x7_eth.o(.text)
    ETH_Prepare_Transmit_Descriptors         0x08003e0b   Thumb Code   240  stm32f2x7_eth.o(.text)
    ETH_DMARxDescChainInit                   0x08003efb   Thumb Code    90  stm32f2x7_eth.o(.text)
    ETH_CheckFrameReceived                   0x08003f55   Thumb Code   200  stm32f2x7_eth.o(.text)
    ETH_DMATxDescChainInit                   0x0800401d   Thumb Code   104  stm32f2x7_eth.o(.text)
    ETH_GetDMATxDescFlagStatus               0x08004085   Thumb Code    24  stm32f2x7_eth.o(.text)
    ETH_GetDMATxDescCollisionCount           0x0800409d   Thumb Code    10  stm32f2x7_eth.o(.text)
    ETH_SetDMATxDescOwnBit                   0x080040a7   Thumb Code    10  stm32f2x7_eth.o(.text)
    ETH_DMATxDescTransmitITConfig            0x080040b1   Thumb Code    22  stm32f2x7_eth.o(.text)
    ETH_DMATxDescFrameSegmentConfig          0x080040c7   Thumb Code    10  stm32f2x7_eth.o(.text)
    ETH_DMATxDescChecksumInsertionConfig     0x080040d1   Thumb Code    10  stm32f2x7_eth.o(.text)
    ETH_DMATxDescCRCCmd                      0x080040db   Thumb Code    22  stm32f2x7_eth.o(.text)
    ETH_DMATxDescSecondAddressChainedCmd     0x080040f1   Thumb Code    22  stm32f2x7_eth.o(.text)
    ETH_DMATxDescShortFramePaddingCmd        0x08004107   Thumb Code    22  stm32f2x7_eth.o(.text)
    ETH_DMATxDescBufferSizeConfig            0x0800411d   Thumb Code    16  stm32f2x7_eth.o(.text)
    ETH_GetDMARxDescFlagStatus               0x0800412d   Thumb Code    24  stm32f2x7_eth.o(.text)
    ETH_GetDMAPTPRxDescExtendedFlagStatus    0x08004145   Thumb Code    24  stm32f2x7_eth.o(.text)
    ETH_SetDMARxDescOwnBit                   0x0800415d   Thumb Code    10  stm32f2x7_eth.o(.text)
    ETH_GetDMARxDescFrameLength              0x08004167   Thumb Code    10  stm32f2x7_eth.o(.text)
    ETH_DMARxDescReceiveITConfig             0x08004171   Thumb Code    22  stm32f2x7_eth.o(.text)
    ETH_GetDMARxDescBufferSize               0x08004187   Thumb Code    20  stm32f2x7_eth.o(.text)
    ETH_GetRxPktSize                         0x0800419b   Thumb Code    44  stm32f2x7_eth.o(.text)
    ETH_EnhancedDescriptorCmd                0x080041c7   Thumb Code    30  stm32f2x7_eth.o(.text)
    ETH_SoftwareReset                        0x080041e5   Thumb Code    14  stm32f2x7_eth.o(.text)
    ETH_GetSoftwareResetStatus               0x080041f3   Thumb Code    26  stm32f2x7_eth.o(.text)
    ETH_GetDMAFlagStatus                     0x0800420d   Thumb Code    26  stm32f2x7_eth.o(.text)
    ETH_DMAClearFlag                         0x08004227   Thumb Code     6  stm32f2x7_eth.o(.text)
    ETH_DMAITConfig                          0x0800422d   Thumb Code    30  stm32f2x7_eth.o(.text)
    ETH_GetDMAITStatus                       0x0800424b   Thumb Code    26  stm32f2x7_eth.o(.text)
    ETH_DMAClearITPendingBit                 0x08004265   Thumb Code     6  stm32f2x7_eth.o(.text)
    ETH_GetTransmitProcessState              0x0800426b   Thumb Code    10  stm32f2x7_eth.o(.text)
    ETH_GetReceiveProcessState               0x08004275   Thumb Code    10  stm32f2x7_eth.o(.text)
    ETH_GetFlushTransmitFIFOStatus           0x0800427f   Thumb Code    26  stm32f2x7_eth.o(.text)
    ETH_GetDMAOverflowStatus                 0x08004299   Thumb Code    26  stm32f2x7_eth.o(.text)
    ETH_GetRxOverflowMissedFrameCounter      0x080042b3   Thumb Code    10  stm32f2x7_eth.o(.text)
    ETH_GetBufferUnavailableMissedFrameCounter 0x080042bd   Thumb Code     8  stm32f2x7_eth.o(.text)
    ETH_GetCurrentTxDescStartAddress         0x080042c5   Thumb Code     6  stm32f2x7_eth.o(.text)
    ETH_GetCurrentRxDescStartAddress         0x080042cb   Thumb Code     6  stm32f2x7_eth.o(.text)
    ETH_GetCurrentTxBufferAddress            0x080042d1   Thumb Code     6  stm32f2x7_eth.o(.text)
    ETH_GetCurrentRxBufferAddress            0x080042d7   Thumb Code     6  stm32f2x7_eth.o(.text)
    ETH_ResumeDMATransmission                0x080042dd   Thumb Code    10  stm32f2x7_eth.o(.text)
    ETH_ResumeDMAReception                   0x080042e7   Thumb Code    10  stm32f2x7_eth.o(.text)
    ETH_SetReceiveWatchdogTimer              0x080042f1   Thumb Code     6  stm32f2x7_eth.o(.text)
    ETH_ReadPHYRegister                      0x080042f7   Thumb Code    96  stm32f2x7_eth.o(.text)
    ETH_WritePHYRegister                     0x08004357   Thumb Code    96  stm32f2x7_eth.o(.text)
    ETH_PHYLoopBackCmd                       0x080043b7   Thumb Code    56  stm32f2x7_eth.o(.text)
    ETH_ResetWakeUpFrameFilterRegisterPointer 0x080043ef   Thumb Code    14  stm32f2x7_eth.o(.text)
    ETH_SetWakeUpFrameFilterRegister         0x080043fd   Thumb Code    28  stm32f2x7_eth.o(.text)
    ETH_GlobalUnicastWakeUpCmd               0x08004419   Thumb Code    30  stm32f2x7_eth.o(.text)
    ETH_GetPMTFlagStatus                     0x08004437   Thumb Code    26  stm32f2x7_eth.o(.text)
    ETH_WakeUpFrameDetectionCmd              0x08004451   Thumb Code    30  stm32f2x7_eth.o(.text)
    ETH_MagicPacketDetectionCmd              0x0800446f   Thumb Code    30  stm32f2x7_eth.o(.text)
    ETH_PowerDownCmd                         0x0800448d   Thumb Code    30  stm32f2x7_eth.o(.text)
    ETH_MMCCounterFullPreset                 0x080044ab   Thumb Code    16  stm32f2x7_eth.o(.text)
    ETH_MMCCounterHalfPreset                 0x080044bb   Thumb Code    30  stm32f2x7_eth.o(.text)
    ETH_MMCCounterFreezeCmd                  0x080044d9   Thumb Code    34  stm32f2x7_eth.o(.text)
    ETH_MMCResetOnReadCmd                    0x080044fb   Thumb Code    34  stm32f2x7_eth.o(.text)
    ETH_MMCCounterRolloverCmd                0x0800451d   Thumb Code    34  stm32f2x7_eth.o(.text)
    ETH_MMCCountersReset                     0x0800453f   Thumb Code    16  stm32f2x7_eth.o(.text)
    ETH_MMCITConfig                          0x0800454f   Thumb Code    78  stm32f2x7_eth.o(.text)
    ETH_GetMMCITStatus                       0x0800459d   Thumb Code    96  stm32f2x7_eth.o(.text)
    ETH_GetMMCRegister                       0x080045fd   Thumb Code     8  stm32f2x7_eth.o(.text)
    mem_init                                 0x08004691   Thumb Code    86  mem.o(.text)
    mem_free                                 0x080046e7   Thumb Code    70  mem.o(.text)
    mem_realloc                              0x0800472d   Thumb Code   302  mem.o(.text)
    mem_malloc                               0x0800485b   Thumb Code   244  mem.o(.text)
    mem_calloc                               0x0800494f   Thumb Code    34  mem.o(.text)
    memp_init                                0x08004985   Thumb Code    94  memp.o(.text)
    memp_malloc                              0x080049e3   Thumb Code    40  memp.o(.text)
    memp_free                                0x08004a0b   Thumb Code    28  memp.o(.text)
    netif_set_gw                             0x08004a39   Thumb Code    14  netif.o(.text)
    netif_set_netmask                        0x08004a47   Thumb Code    14  netif.o(.text)
    netif_set_ipaddr                         0x08004a55   Thumb Code   114  netif.o(.text)
    netif_set_addr                           0x08004ac7   Thumb Code    40  netif.o(.text)
    netif_add                                0x08004aef   Thumb Code   102  netif.o(.text)
    netif_set_default                        0x08004b55   Thumb Code     6  netif.o(.text)
    netif_remove                             0x08004b5b   Thumb Code    74  netif.o(.text)
    netif_find                               0x08004ba5   Thumb Code    66  netif.o(.text)
    netif_set_up                             0x08004be7   Thumb Code    44  netif.o(.text)
    netif_set_down                           0x08004c13   Thumb Code    24  netif.o(.text)
    netif_is_up                              0x08004c2b   Thumb Code    12  netif.o(.text)
    pbuf_free                                0x08004c4d   Thumb Code   118  pbuf.o(.text)
    pbuf_alloc                               0x08004cc3   Thumb Code   442  pbuf.o(.text)
    pbuf_realloc                             0x08004e7d   Thumb Code   124  pbuf.o(.text)
    pbuf_header                              0x08004ef9   Thumb Code   134  pbuf.o(.text)
    pbuf_clen                                0x08004f7f   Thumb Code    22  pbuf.o(.text)
    pbuf_ref                                 0x08004f95   Thumb Code    12  pbuf.o(.text)
    pbuf_cat                                 0x08004fa1   Thumb Code    56  pbuf.o(.text)
    pbuf_chain                               0x08004fd9   Thumb Code    22  pbuf.o(.text)
    pbuf_dechain                             0x08004fef   Thumb Code    62  pbuf.o(.text)
    pbuf_copy                                0x0800502d   Thumb Code   192  pbuf.o(.text)
    pbuf_copy_partial                        0x080050ed   Thumb Code   154  pbuf.o(.text)
    pbuf_take                                0x08005187   Thumb Code   116  pbuf.o(.text)
    pbuf_coalesce                            0x080051fb   Thumb Code    60  pbuf.o(.text)
    raw_input                                0x08005239   Thumb Code   102  raw.o(.text)
    raw_bind                                 0x0800529f   Thumb Code    18  raw.o(.text)
    raw_connect                              0x080052b1   Thumb Code    18  raw.o(.text)
    raw_recv                                 0x080052c3   Thumb Code     6  raw.o(.text)
    raw_sendto                               0x080052c9   Thumb Code   156  raw.o(.text)
    raw_send                                 0x08005365   Thumb Code    20  raw.o(.text)
    raw_remove                               0x08005379   Thumb Code    60  raw.o(.text)
    raw_new                                  0x080053b5   Thumb Code    46  raw.o(.text)
    tcp_seg_free                             0x080053e9   Thumb Code    34  tcp.o(.text)
    tcp_segs_free                            0x0800540b   Thumb Code    32  tcp.o(.text)
    tcp_pcb_purge                            0x0800542b   Thumb Code    58  tcp.o(.text)
    tcp_slowtmr                              0x08005465   Thumb Code   758  tcp.o(.text)
    tcp_pcb_remove                           0x0800575b   Thumb Code   150  tcp.o(.text)
    tcp_close                                0x080057f1   Thumb Code   292  tcp.o(.text)
    tcp_update_rcv_ann_wnd                   0x08005915   Thumb Code    78  tcp.o(.text)
    tcp_recved                               0x08005963   Thumb Code    70  tcp.o(.text)
    tcp_recv_null                            0x080059a9   Thumb Code    46  tcp.o(.text)
    tcp_fasttmr                              0x080059d7   Thumb Code   116  tcp.o(.text)
    tcp_tmr                                  0x08005a4b   Thumb Code    32  tcp.o(.text)
    tcp_abandon                              0x08005a6b   Thumb Code   148  tcp.o(.text)
    tcp_bind                                 0x08005b67   Thumb Code   228  tcp.o(.text)
    tcp_listen_with_backlog                  0x08005c53   Thumb Code   224  tcp.o(.text)
    tcp_eff_send_mss                         0x08005d33   Thumb Code    48  tcp.o(.text)
    tcp_next_iss                             0x08005d63   Thumb Code    20  tcp.o(.text)
    tcp_connect                              0x08005d77   Thumb Code   282  tcp.o(.text)
    tcp_setprio                              0x08005e91   Thumb Code     4  tcp.o(.text)
    tcp_alloc                                0x08005f1f   Thumb Code   200  tcp.o(.text)
    tcp_new                                  0x08005fe7   Thumb Code    10  tcp.o(.text)
    tcp_arg                                  0x08005ff1   Thumb Code     4  tcp.o(.text)
    tcp_recv                                 0x08005ff5   Thumb Code     6  tcp.o(.text)
    tcp_sent                                 0x08005ffb   Thumb Code     6  tcp.o(.text)
    tcp_err                                  0x08006001   Thumb Code     6  tcp.o(.text)
    tcp_accept                               0x08006007   Thumb Code     4  tcp.o(.text)
    tcp_poll                                 0x0800600b   Thumb Code    10  tcp.o(.text)
    tcp_debug_state_str                      0x08006015   Thumb Code    10  tcp.o(.text)
    tcp_input                                0x08006ed1   Thumb Code  1128  tcp_in.o(.text)
    tcp_enqueue                              0x080073f7   Thumb Code  1042  tcp_out.o(.text)
    tcp_send_ctrl                            0x08007809   Thumb Code    32  tcp_out.o(.text)
    tcp_write                                0x08007829   Thumb Code    72  tcp_out.o(.text)
    tcp_send_empty_ack                       0x08007871   Thumb Code   104  tcp_out.o(.text)
    tcp_output                               0x080079a3   Thumb Code   488  tcp_out.o(.text)
    tcp_rst                                  0x08007b8b   Thumb Code   186  tcp_out.o(.text)
    tcp_rexmit_rto                           0x08007c45   Thumb Code    64  tcp_out.o(.text)
    tcp_rexmit                               0x08007c85   Thumb Code    84  tcp_out.o(.text)
    tcp_rexmit_fast                          0x08007cd9   Thumb Code   146  tcp_out.o(.text)
    tcp_keepalive                            0x08007d6b   Thumb Code    94  tcp_out.o(.text)
    tcp_zero_window_probe                    0x08007dc9   Thumb Code   180  tcp_out.o(.text)
    udp_input                                0x08007e7d   Thumb Code   400  udp.o(.text)
    udp_bind                                 0x0800800d   Thumb Code   112  udp.o(.text)
    udp_sendto_if                            0x0800807d   Thumb Code   208  udp.o(.text)
    udp_sendto                               0x0800814d   Thumb Code    46  udp.o(.text)
    udp_send                                 0x0800817b   Thumb Code    22  udp.o(.text)
    udp_connect                              0x08008191   Thumb Code    96  udp.o(.text)
    udp_disconnect                           0x080081f1   Thumb Code    32  udp.o(.text)
    udp_recv                                 0x08008211   Thumb Code     6  udp.o(.text)
    udp_remove                               0x08008217   Thumb Code    60  udp.o(.text)
    udp_new                                  0x08008253   Thumb Code    30  udp.o(.text)
    autoip_init                              0x08008279   Thumb Code     2  autoip.o(.text)
    autoip_start                             0x0800833b   Thumb Code   106  autoip.o(.text)
    autoip_network_changed                   0x0800845d   Thumb Code    28  autoip.o(.text)
    autoip_stop                              0x08008479   Thumb Code    22  autoip.o(.text)
    autoip_tmr                               0x0800848f   Thumb Code   306  autoip.o(.text)
    autoip_arp_reply                         0x080085c1   Thumb Code   186  autoip.o(.text)
    icmp_input                               0x0800869d   Thumb Code   380  icmp.o(.text)
    icmp_dest_unreach                        0x08008891   Thumb Code    20  icmp.o(.text)
    icmp_time_exceeded                       0x080088a5   Thumb Code    20  icmp.o(.text)
    htonl                                    0x080088b9   Thumb Code    28  inet.o(.text)
    inet_aton                                0x080088d5   Thumb Code   362  inet.o(.text)
    inet_addr                                0x08008a3f   Thumb Code    24  inet.o(.text)
    inet_ntoa                                0x08008a57   Thumb Code   130  inet.o(.text)
    htons                                    0x08008ad9   Thumb Code    16  inet.o(.text)
    ntohs                                    0x08008ae9   Thumb Code    12  inet.o(.text)
    ntohl                                    0x08008af5   Thumb Code    12  inet.o(.text)
    inet_chksum_pseudo                       0x08008b5d   Thumb Code   168  inet_chksum.o(.text)
    inet_chksum                              0x08008c05   Thumb Code    20  inet_chksum.o(.text)
    inet_chksum_pbuf                         0x08008c19   Thumb Code    90  inet_chksum.o(.text)
    ip_route                                 0x08008c75   Thumb Code    70  ip.o(.text)
    ip_input                                 0x08008cbb   Thumb Code   396  ip.o(.text)
    ip_output_if                             0x08008e47   Thumb Code   254  ip.o(.text)
    ip_output                                0x08008f45   Thumb Code    52  ip.o(.text)
    ip_addr_isbroadcast                      0x08008f8d   Thumb Code    78  ip_addr.o(.text)
    ip_reass_tmr                             0x0800908b   Thumb Code    52  ip_frag.o(.text)
    ip_reass                                 0x080092fb   Thumb Code   422  ip_frag.o(.text)
    ip_frag                                  0x080094a1   Thumb Code   346  ip_frag.o(.text)
    etharp_tmr                               0x0800962f   Thumb Code   164  etharp.o(.text)
    etharp_find_addr                         0x080099fd   Thumb Code    96  etharp.o(.text)
    etharp_ip_input                          0x08009a5d   Thumb Code    64  etharp.o(.text)
    etharp_arp_input                         0x08009a9d   Thumb Code   344  etharp.o(.text)
    etharp_raw                               0x08009bf5   Thumb Code   224  etharp.o(.text)
    etharp_request                           0x08009cd5   Thumb Code    40  etharp.o(.text)
    etharp_query                             0x08009cfd   Thumb Code   394  etharp.o(.text)
    etharp_output                            0x08009e87   Thumb Code   206  etharp.o(.text)
    ethernet_input                           0x08009f55   Thumb Code   128  etharp.o(.text)
    ethernetif_input                         0x0800a14f   Thumb Code    46  ethernetif.o(.text)
    ethernetif_init                          0x0800a17d   Thumb Code    44  ethernetif.o(.text)
    NVIC_PriorityGroupConfig                 0x0800a1d1   Thumb Code    12  misc.o(.text)
    NVIC_Init                                0x0800a1dd   Thumb Code   136  misc.o(.text)
    NVIC_SetVectorTable                      0x0800a265   Thumb Code    16  misc.o(.text)
    NVIC_SystemLPConfig                      0x0800a275   Thumb Code    30  misc.o(.text)
    SysTick_CLKSourceConfig                  0x0800a293   Thumb Code    40  misc.o(.text)
    DMA_DeInit                               0x0800a2d9   Thumb Code   300  stm32f2xx_dma.o(.text)
    DMA_Init                                 0x0800a405   Thumb Code   110  stm32f2xx_dma.o(.text)
    DMA_StructInit                           0x0800a473   Thumb Code    36  stm32f2xx_dma.o(.text)
    DMA_Cmd                                  0x0800a497   Thumb Code    22  stm32f2xx_dma.o(.text)
    DMA_PeriphIncOffsetSizeConfig            0x0800a4ad   Thumb Code    22  stm32f2xx_dma.o(.text)
    DMA_FlowControllerConfig                 0x0800a4c3   Thumb Code    22  stm32f2xx_dma.o(.text)
    DMA_SetCurrDataCounter                   0x0800a4d9   Thumb Code     4  stm32f2xx_dma.o(.text)
    DMA_GetCurrDataCounter                   0x0800a4dd   Thumb Code     8  stm32f2xx_dma.o(.text)
    DMA_DoubleBufferModeConfig               0x0800a4e5   Thumb Code    24  stm32f2xx_dma.o(.text)
    DMA_DoubleBufferModeCmd                  0x0800a4fd   Thumb Code    22  stm32f2xx_dma.o(.text)
    DMA_MemoryTargetConfig                   0x0800a513   Thumb Code    10  stm32f2xx_dma.o(.text)
    DMA_GetCurrentMemoryTarget               0x0800a51d   Thumb Code    26  stm32f2xx_dma.o(.text)
    DMA_GetCmdStatus                         0x0800a537   Thumb Code    26  stm32f2xx_dma.o(.text)
    DMA_GetFIFOStatus                        0x0800a551   Thumb Code    14  stm32f2xx_dma.o(.text)
    DMA_GetFlagStatus                        0x0800a55f   Thumb Code    58  stm32f2xx_dma.o(.text)
    DMA_ClearFlag                            0x0800a599   Thumb Code    40  stm32f2xx_dma.o(.text)
    DMA_ITConfig                             0x0800a5c1   Thumb Code    62  stm32f2xx_dma.o(.text)
    DMA_GetITStatus                          0x0800a5ff   Thumb Code    88  stm32f2xx_dma.o(.text)
    DMA_ClearITPendingBit                    0x0800a657   Thumb Code    40  stm32f2xx_dma.o(.text)
    FLASH_SetLatency                         0x0800a6b1   Thumb Code     6  stm32f2xx_flash.o(.text)
    FLASH_PrefetchBufferCmd                  0x0800a6b7   Thumb Code    30  stm32f2xx_flash.o(.text)
    FLASH_InstructionCacheCmd                0x0800a6d5   Thumb Code    30  stm32f2xx_flash.o(.text)
    FLASH_DataCacheCmd                       0x0800a6f3   Thumb Code    30  stm32f2xx_flash.o(.text)
    FLASH_InstructionCacheReset              0x0800a711   Thumb Code    14  stm32f2xx_flash.o(.text)
    FLASH_DataCacheReset                     0x0800a71f   Thumb Code    14  stm32f2xx_flash.o(.text)
    FLASH_Unlock                             0x0800a72d   Thumb Code    24  stm32f2xx_flash.o(.text)
    FLASH_Lock                               0x0800a745   Thumb Code    14  stm32f2xx_flash.o(.text)
    FLASH_GetStatus                          0x0800a753   Thumb Code    78  stm32f2xx_flash.o(.text)
    FLASH_WaitForLastOperation               0x0800a7a1   Thumb Code    28  stm32f2xx_flash.o(.text)
    FLASH_EraseSector                        0x0800a7bd   Thumb Code   142  stm32f2xx_flash.o(.text)
    FLASH_EraseAllSectors                    0x0800a84b   Thumb Code   114  stm32f2xx_flash.o(.text)
    FLASH_ProgramDoubleWord                  0x0800a8bd   Thumb Code    80  stm32f2xx_flash.o(.text)
    FLASH_ProgramWord                        0x0800a90d   Thumb Code    76  stm32f2xx_flash.o(.text)
    FLASH_ProgramHalfWord                    0x0800a959   Thumb Code    76  stm32f2xx_flash.o(.text)
    FLASH_ProgramByte                        0x0800a9a5   Thumb Code    72  stm32f2xx_flash.o(.text)
    FLASH_OB_Unlock                          0x0800a9ed   Thumb Code    24  stm32f2xx_flash.o(.text)
    FLASH_OB_Lock                            0x0800aa05   Thumb Code    14  stm32f2xx_flash.o(.text)
    FLASH_OB_WRPConfig                       0x0800aa13   Thumb Code    52  stm32f2xx_flash.o(.text)
    FLASH_OB_RDPConfig                       0x0800aa47   Thumb Code    24  stm32f2xx_flash.o(.text)
    FLASH_OB_UserConfig                      0x0800aa5f   Thumb Code   102  stm32f2xx_flash.o(.text)
    FLASH_OB_BORConfig                       0x0800aac5   Thumb Code    24  stm32f2xx_flash.o(.text)
    FLASH_OB_Launch                          0x0800aadd   Thumb Code    28  stm32f2xx_flash.o(.text)
    FLASH_OB_GetUser                         0x0800aaf9   Thumb Code    10  stm32f2xx_flash.o(.text)
    FLASH_OB_GetWRP                          0x0800ab03   Thumb Code     8  stm32f2xx_flash.o(.text)
    FLASH_OB_GetRDP                          0x0800ab0b   Thumb Code    24  stm32f2xx_flash.o(.text)
    FLASH_OB_GetBOR                          0x0800ab23   Thumb Code    10  stm32f2xx_flash.o(.text)
    FLASH_ITConfig                           0x0800ab2d   Thumb Code    30  stm32f2xx_flash.o(.text)
    FLASH_GetFlagStatus                      0x0800ab4b   Thumb Code    26  stm32f2xx_flash.o(.text)
    FLASH_ClearFlag                          0x0800ab65   Thumb Code     6  stm32f2xx_flash.o(.text)
    GPIO_DeInit                              0x0800ab7d   Thumb Code   220  stm32f2xx_gpio.o(.text)
    GPIO_Init                                0x0800ac59   Thumb Code   202  stm32f2xx_gpio.o(.text)
    GPIO_StructInit                          0x0800ad23   Thumb Code    20  stm32f2xx_gpio.o(.text)
    GPIO_PinLockConfig                       0x0800ad37   Thumb Code    20  stm32f2xx_gpio.o(.text)
    GPIO_ReadInputDataBit                    0x0800ad4b   Thumb Code    24  stm32f2xx_gpio.o(.text)
    GPIO_ReadInputData                       0x0800ad63   Thumb Code     8  stm32f2xx_gpio.o(.text)
    GPIO_ReadOutputDataBit                   0x0800ad6b   Thumb Code    24  stm32f2xx_gpio.o(.text)
    GPIO_ReadOutputData                      0x0800ad83   Thumb Code     8  stm32f2xx_gpio.o(.text)
    GPIO_SetBits                             0x0800ad8b   Thumb Code     4  stm32f2xx_gpio.o(.text)
    GPIO_ResetBits                           0x0800ad8f   Thumb Code     4  stm32f2xx_gpio.o(.text)
    GPIO_WriteBit                            0x0800ad93   Thumb Code    10  stm32f2xx_gpio.o(.text)
    GPIO_Write                               0x0800ad9d   Thumb Code     4  stm32f2xx_gpio.o(.text)
    GPIO_ToggleBits                          0x0800ada1   Thumb Code    10  stm32f2xx_gpio.o(.text)
    GPIO_PinAFConfig                         0x0800adab   Thumb Code    94  stm32f2xx_gpio.o(.text)
    I2C_DeInit                               0x0800ae2d   Thumb Code    82  stm32f2xx_i2c.o(.text)
    I2C_Init                                 0x0800ae7f   Thumb Code   246  stm32f2xx_i2c.o(.text)
    I2C_StructInit                           0x0800af75   Thumb Code    34  stm32f2xx_i2c.o(.text)
    I2C_Cmd                                  0x0800af97   Thumb Code    26  stm32f2xx_i2c.o(.text)
    I2C_GenerateSTART                        0x0800afb1   Thumb Code    26  stm32f2xx_i2c.o(.text)
    I2C_GenerateSTOP                         0x0800afcb   Thumb Code    26  stm32f2xx_i2c.o(.text)
    I2C_Send7bitAddress                      0x0800afe5   Thumb Code    16  stm32f2xx_i2c.o(.text)
    I2C_AcknowledgeConfig                    0x0800aff5   Thumb Code    26  stm32f2xx_i2c.o(.text)
    I2C_OwnAddress2Config                    0x0800b00f   Thumb Code    28  stm32f2xx_i2c.o(.text)
    I2C_DualAddressCmd                       0x0800b02b   Thumb Code    26  stm32f2xx_i2c.o(.text)
    I2C_GeneralCallCmd                       0x0800b045   Thumb Code    26  stm32f2xx_i2c.o(.text)
    I2C_SoftwareResetCmd                     0x0800b05f   Thumb Code    22  stm32f2xx_i2c.o(.text)
    I2C_StretchClockCmd                      0x0800b075   Thumb Code    26  stm32f2xx_i2c.o(.text)
    I2C_FastModeDutyCycleConfig              0x0800b08f   Thumb Code    30  stm32f2xx_i2c.o(.text)
    I2C_NACKPositionConfig                   0x0800b0ad   Thumb Code    30  stm32f2xx_i2c.o(.text)
    I2C_SMBusAlertConfig                     0x0800b0cb   Thumb Code    30  stm32f2xx_i2c.o(.text)
    I2C_ARPCmd                               0x0800b0e9   Thumb Code    26  stm32f2xx_i2c.o(.text)
    I2C_SendData                             0x0800b103   Thumb Code     4  stm32f2xx_i2c.o(.text)
    I2C_ReceiveData                          0x0800b107   Thumb Code     8  stm32f2xx_i2c.o(.text)
    I2C_TransmitPEC                          0x0800b10f   Thumb Code    26  stm32f2xx_i2c.o(.text)
    I2C_PECPositionConfig                    0x0800b129   Thumb Code    30  stm32f2xx_i2c.o(.text)
    I2C_CalculatePEC                         0x0800b147   Thumb Code    26  stm32f2xx_i2c.o(.text)
    I2C_GetPEC                               0x0800b161   Thumb Code    10  stm32f2xx_i2c.o(.text)
    I2C_DMACmd                               0x0800b16b   Thumb Code    26  stm32f2xx_i2c.o(.text)
    I2C_DMALastTransferCmd                   0x0800b185   Thumb Code    26  stm32f2xx_i2c.o(.text)
    I2C_ReadRegister                         0x0800b19f   Thumb Code    14  stm32f2xx_i2c.o(.text)
    I2C_ITConfig                             0x0800b1ad   Thumb Code    30  stm32f2xx_i2c.o(.text)
    I2C_CheckEvent                           0x0800b1cb   Thumb Code    50  stm32f2xx_i2c.o(.text)
    I2C_GetLastEvent                         0x0800b1fd   Thumb Code    56  stm32f2xx_i2c.o(.text)
    I2C_GetFlagStatus                        0x0800b235   Thumb Code    56  stm32f2xx_i2c.o(.text)
    I2C_ClearFlag                            0x0800b26d   Thumb Code    16  stm32f2xx_i2c.o(.text)
    I2C_GetITStatus                          0x0800b27d   Thumb Code    44  stm32f2xx_i2c.o(.text)
    I2C_ClearITPendingBit                    0x0800b2a9   Thumb Code    16  stm32f2xx_i2c.o(.text)
    RCC_DeInit                               0x0800b2b9   Thumb Code    64  stm32f2xx_rcc.o(.text)
    RCC_HSEConfig                            0x0800b2f9   Thumb Code    14  stm32f2xx_rcc.o(.text)
    RCC_GetFlagStatus                        0x0800b307   Thumb Code    68  stm32f2xx_rcc.o(.text)
    RCC_WaitForHSEStartUp                    0x0800b34b   Thumb Code    56  stm32f2xx_rcc.o(.text)
    RCC_AdjustHSICalibrationValue            0x0800b383   Thumb Code    22  stm32f2xx_rcc.o(.text)
    RCC_HSICmd                               0x0800b399   Thumb Code     6  stm32f2xx_rcc.o(.text)
    RCC_LSEConfig                            0x0800b39f   Thumb Code    46  stm32f2xx_rcc.o(.text)
    RCC_LSICmd                               0x0800b3cd   Thumb Code     6  stm32f2xx_rcc.o(.text)
    RCC_PLLConfig                            0x0800b3d3   Thumb Code    34  stm32f2xx_rcc.o(.text)
    RCC_PLLCmd                               0x0800b3f5   Thumb Code     6  stm32f2xx_rcc.o(.text)
    RCC_PLLI2SConfig                         0x0800b3fb   Thumb Code    14  stm32f2xx_rcc.o(.text)
    RCC_PLLI2SCmd                            0x0800b409   Thumb Code     6  stm32f2xx_rcc.o(.text)
    RCC_ClockSecuritySystemCmd               0x0800b40f   Thumb Code     6  stm32f2xx_rcc.o(.text)
    RCC_MCO1Config                           0x0800b415   Thumb Code    28  stm32f2xx_rcc.o(.text)
    RCC_MCO2Config                           0x0800b431   Thumb Code    28  stm32f2xx_rcc.o(.text)
    RCC_SYSCLKConfig                         0x0800b44d   Thumb Code    22  stm32f2xx_rcc.o(.text)
    RCC_GetSYSCLKSource                      0x0800b463   Thumb Code    10  stm32f2xx_rcc.o(.text)
    RCC_HCLKConfig                           0x0800b46d   Thumb Code    22  stm32f2xx_rcc.o(.text)
    RCC_PCLK1Config                          0x0800b483   Thumb Code    22  stm32f2xx_rcc.o(.text)
    RCC_PCLK2Config                          0x0800b499   Thumb Code    22  stm32f2xx_rcc.o(.text)
    RCC_GetClocksFreq                        0x0800b4af   Thumb Code   222  stm32f2xx_rcc.o(.text)
    RCC_RTCCLKConfig                         0x0800b58d   Thumb Code    54  stm32f2xx_rcc.o(.text)
    RCC_RTCCLKCmd                            0x0800b5c3   Thumb Code     6  stm32f2xx_rcc.o(.text)
    RCC_BackupResetCmd                       0x0800b5c9   Thumb Code     6  stm32f2xx_rcc.o(.text)
    RCC_I2SCLKConfig                         0x0800b5cf   Thumb Code     6  stm32f2xx_rcc.o(.text)
    RCC_AHB1PeriphClockCmd                   0x0800b5d5   Thumb Code    30  stm32f2xx_rcc.o(.text)
    RCC_AHB2PeriphClockCmd                   0x0800b5f3   Thumb Code    30  stm32f2xx_rcc.o(.text)
    RCC_AHB3PeriphClockCmd                   0x0800b611   Thumb Code    30  stm32f2xx_rcc.o(.text)
    RCC_APB1PeriphClockCmd                   0x0800b62f   Thumb Code    30  stm32f2xx_rcc.o(.text)
    RCC_APB2PeriphClockCmd                   0x0800b64d   Thumb Code    30  stm32f2xx_rcc.o(.text)
    RCC_AHB1PeriphResetCmd                   0x0800b66b   Thumb Code    30  stm32f2xx_rcc.o(.text)
    RCC_AHB2PeriphResetCmd                   0x0800b689   Thumb Code   136  stm32f2xx_rcc.o(.text)
    RCC_AHB3PeriphResetCmd                   0x0800b711   Thumb Code    30  stm32f2xx_rcc.o(.text)
    RCC_APB1PeriphResetCmd                   0x0800b72f   Thumb Code    30  stm32f2xx_rcc.o(.text)
    RCC_APB2PeriphResetCmd                   0x0800b74d   Thumb Code    30  stm32f2xx_rcc.o(.text)
    RCC_AHB1PeriphClockLPModeCmd             0x0800b76b   Thumb Code    30  stm32f2xx_rcc.o(.text)
    RCC_AHB2PeriphClockLPModeCmd             0x0800b789   Thumb Code    30  stm32f2xx_rcc.o(.text)
    RCC_AHB3PeriphClockLPModeCmd             0x0800b7a7   Thumb Code    30  stm32f2xx_rcc.o(.text)
    RCC_APB1PeriphClockLPModeCmd             0x0800b7c5   Thumb Code    30  stm32f2xx_rcc.o(.text)
    RCC_APB2PeriphClockLPModeCmd             0x0800b7e3   Thumb Code    30  stm32f2xx_rcc.o(.text)
    RCC_ITConfig                             0x0800b801   Thumb Code    36  stm32f2xx_rcc.o(.text)
    RCC_ClearFlag                            0x0800b825   Thumb Code    14  stm32f2xx_rcc.o(.text)
    RCC_GetITStatus                          0x0800b833   Thumb Code    26  stm32f2xx_rcc.o(.text)
    RCC_ClearITPendingBit                    0x0800b84d   Thumb Code     6  stm32f2xx_rcc.o(.text)
    SPI_I2S_DeInit                           0x0800b889   Thumb Code    76  stm32f2xx_spi.o(.text)
    SPI_Init                                 0x0800b8d5   Thumb Code    80  stm32f2xx_spi.o(.text)
    I2S_Init                                 0x0800b925   Thumb Code   292  stm32f2xx_spi.o(.text)
    SPI_StructInit                           0x0800ba49   Thumb Code    28  stm32f2xx_spi.o(.text)
    I2S_StructInit                           0x0800ba65   Thumb Code    26  stm32f2xx_spi.o(.text)
    SPI_Cmd                                  0x0800ba7f   Thumb Code    26  stm32f2xx_spi.o(.text)
    I2S_Cmd                                  0x0800ba99   Thumb Code    26  stm32f2xx_spi.o(.text)
    SPI_DataSizeConfig                       0x0800bab3   Thumb Code    22  stm32f2xx_spi.o(.text)
    SPI_BiDirectionalLineConfig              0x0800bac9   Thumb Code    30  stm32f2xx_spi.o(.text)
    SPI_NSSInternalSoftwareConfig            0x0800bae7   Thumb Code    32  stm32f2xx_spi.o(.text)
    SPI_SSOutputCmd                          0x0800bb07   Thumb Code    26  stm32f2xx_spi.o(.text)
    SPI_TIModeCmd                            0x0800bb21   Thumb Code    26  stm32f2xx_spi.o(.text)
    SPI_I2S_ReceiveData                      0x0800bb3b   Thumb Code     6  stm32f2xx_spi.o(.text)
    SPI_I2S_SendData                         0x0800bb41   Thumb Code     4  stm32f2xx_spi.o(.text)
    SPI_CalculateCRC                         0x0800bb45   Thumb Code    26  stm32f2xx_spi.o(.text)
    SPI_TransmitCRC                          0x0800bb5f   Thumb Code    10  stm32f2xx_spi.o(.text)
    SPI_GetCRC                               0x0800bb69   Thumb Code    18  stm32f2xx_spi.o(.text)
    SPI_GetCRCPolynomial                     0x0800bb7b   Thumb Code     6  stm32f2xx_spi.o(.text)
    SPI_I2S_DMACmd                           0x0800bb81   Thumb Code    30  stm32f2xx_spi.o(.text)
    SPI_I2S_ITConfig                         0x0800bb9f   Thumb Code    50  stm32f2xx_spi.o(.text)
    SPI_I2S_GetFlagStatus                    0x0800bbd1   Thumb Code    24  stm32f2xx_spi.o(.text)
    SPI_I2S_ClearFlag                        0x0800bbe9   Thumb Code     8  stm32f2xx_spi.o(.text)
    SPI_I2S_GetITStatus                      0x0800bbf1   Thumb Code    68  stm32f2xx_spi.o(.text)
    SPI_I2S_ClearITPendingBit                0x0800bc35   Thumb Code    28  stm32f2xx_spi.o(.text)
    SYSCFG_DeInit                            0x0800bc65   Thumb Code    22  stm32f2xx_syscfg.o(.text)
    SYSCFG_MemoryRemapConfig                 0x0800bc7b   Thumb Code     6  stm32f2xx_syscfg.o(.text)
    SYSCFG_EXTILineConfig                    0x0800bc81   Thumb Code    84  stm32f2xx_syscfg.o(.text)
    SYSCFG_ETH_MediaInterfaceConfig          0x0800bcd5   Thumb Code     6  stm32f2xx_syscfg.o(.text)
    SYSCFG_CompensationCellCmd               0x0800bcdb   Thumb Code     6  stm32f2xx_syscfg.o(.text)
    SYSCFG_GetCompensationCellStatus         0x0800bce1   Thumb Code    26  stm32f2xx_syscfg.o(.text)
    report_error                             0x0800bd11   Thumb Code     6  process_net.o(.text)
    read_local_info                          0x0800bd17   Thumb Code    34  process_net.o(.text)
    pis_pack_data                            0x0800bd39   Thumb Code    78  process_net.o(.text)
    send_ProcessData                         0x0800bd87   Thumb Code     2  process_net.o(.text)
    send_ProcessData_ledScreen               0x0800bd89   Thumb Code    88  process_net.o(.text)
    send_ip_mac_id                           0x0800bde1   Thumb Code    76  process_net.o(.text)
    send_ip_mac_id_ledScreen                 0x0800be2d   Thumb Code    76  process_net.o(.text)
    send_softwareVersion                     0x0800be79   Thumb Code    80  process_net.o(.text)
    send_softwareVersion_ledScreen           0x0800bec9   Thumb Code    80  process_net.o(.text)
    udp_CtrlMsg_send_process                 0x0800bf19   Thumb Code    56  process_net.o(.text)
    check_dst_is_self                        0x0800bf51   Thumb Code    36  process_net.o(.text)
    respond_Ctrl_KEYWORD_ProcessData         0x0800bf75   Thumb Code   242  process_net.o(.text)
    respond_Ctrl_KEYWORD_ProcessData_ledscreen 0x0800c067   Thumb Code   300  process_net.o(.text)
    respond_Get_KEYWORD_softwareVersion      0x0800c193   Thumb Code    26  process_net.o(.text)
    respond_Get_KEYWORD_softwareVersion_ledscreen 0x0800c1ad   Thumb Code    26  process_net.o(.text)
    respond_Get_KEYWORD_ip_mac_id            0x0800c1c7   Thumb Code    26  process_net.o(.text)
    respond_Get_KEYWORD_ip_mac_id_ledscreen  0x0800c1e1   Thumb Code    26  process_net.o(.text)
    respond_Set_KEYWORD_mac                  0x0800c1fb   Thumb Code   112  process_net.o(.text)
    respond_Set_KEYWORD_mac_ledscreen        0x0800c26b   Thumb Code   142  process_net.o(.text)
    respond_Set_KEYWORD_IP                   0x0800c2f9   Thumb Code    50  process_net.o(.text)
    respond_Set_KEYWORD_IP_ledscreen         0x0800c32b   Thumb Code    98  process_net.o(.text)
    reset_TAG_Disp_Info                      0x0800c38d   Thumb Code    34  process_net.o(.text)
    reset_TAG_protocol_Disp_Info             0x0800c3af   Thumb Code    32  process_net.o(.text)
    clr_dispinfo                             0x0800c3cf   Thumb Code    22  process_net.o(.text)
    prc_set_roll_speed                       0x0800c3e5   Thumb Code    38  process_net.o(.text)
    prc_set_brightness                       0x0800c40b   Thumb Code    46  process_net.o(.text)
    prc_down_content                         0x0800c439   Thumb Code   466  process_net.o(.text)
    udp_CtrlMsg_receive_process              0x0800c60b   Thumb Code    62  process_net.o(.text)
    screen_roll                              0x0800c689   Thumb Code   628  process_ledscreen.o(.text)
    Vertical_8_16_to_dispbuf                 0x0800c8fd   Thumb Code    84  process_ledscreen.o(.text)
    Vertical_16_16_to_dispbuf                0x0800c951   Thumb Code    84  process_ledscreen.o(.text)
    static_test_fill_ledbuf                  0x0800c9a5   Thumb Code    64  process_ledscreen.o(.text)
    test_fill_ledbuf                         0x0800c9e5   Thumb Code    90  process_ledscreen.o(.text)
    clr_led_buf                              0x0800ca3f   Thumb Code   178  process_ledscreen.o(.text)
    turn_off_screen_clrbuf                   0x0800caf1   Thumb Code    18  process_ledscreen.o(.text)
    turn_off_screen                          0x0800cb03   Thumb Code    14  process_ledscreen.o(.text)
    ledscreen_init                           0x0800cb11   Thumb Code    12  process_ledscreen.o(.text)
    set_dispmode_SCREEN_MODE_softwareVersion 0x0800cb1d   Thumb Code    52  process_ledscreen.o(.text)
    dispcall_SCREEN_MODE_softwareVersion     0x0800cb51   Thumb Code   104  process_ledscreen.o(.text)
    set_dispmode_SCREEN_MODE_test            0x0800cbb9   Thumb Code    18  process_ledscreen.o(.text)
    dispcall_SCREEN_MODE_test                0x0800cbcb   Thumb Code   140  process_ledscreen.o(.text)
    set_dispmode_SCREEN_MODE_static_test     0x0800cc57   Thumb Code    18  process_ledscreen.o(.text)
    set_dispmode_SCREEN_MODE_off             0x0800cc69   Thumb Code    18  process_ledscreen.o(.text)
    set_dispmode_SCREEN_MODE_stationID       0x0800cc7b   Thumb Code    18  process_ledscreen.o(.text)
    dispcall_SCREEN_MODE_off                 0x0800cc8d   Thumb Code    16  process_ledscreen.o(.text)
    callback_SCREEN_MODE_stationID_m2        0x0800cc9d   Thumb Code   350  process_ledscreen.o(.text)
    callback_SCREEN_MODE_stationID_m1        0x0800cdfb   Thumb Code   290  process_ledscreen.o(.text)
    dispcall_SCREEN_MODE_stationID           0x0800cf1d   Thumb Code    76  process_ledscreen.o(.text)
    dispcall_SCREEN_MODE_static_test         0x0800cf69   Thumb Code    20  process_ledscreen.o(.text)
    set_dispmode                             0x0800cf7d   Thumb Code    50  process_ledscreen.o(.text)
    LedScreen_process                        0x0800cfaf   Thumb Code   160  process_ledscreen.o(.text)
    FLASH_If_Init                            0x0800d155   Thumb Code    18  flash_if.o(.text)
    FLASH_If_Write                           0x0800d167   Thumb Code   100  flash_if.o(.text)
    FLASH_If_AddrSectorErease                0x0800d1cb   Thumb Code   114  flash_if.o(.text)
    FLASH_If_write_flash                     0x0800d23d   Thumb Code   162  flash_if.o(.text)
    FLASH_If_set_flash                       0x0800d2df   Thumb Code   154  flash_if.o(.text)
    FLASH_If_Erase_Application_sectors       0x0800d379   Thumb Code   132  flash_if.o(.text)
    check_prog_flag                          0x0800d3fd   Thumb Code    36  flash_if.o(.text)
    clr_prog_flag                            0x0800d421   Thumb Code   112  flash_if.o(.text)
    set_prog_flag                            0x0800d491   Thumb Code    56  flash_if.o(.text)
    app_to_iap_init                          0x0800d4c9   Thumb Code     8  flash_if.o(.text)
    iap_to_app_init                          0x0800d4d1   Thumb Code     8  flash_if.o(.text)
    run_app                                  0x0800d4d9   Thumb Code    74  flash_if.o(.text)
    run_iap_prog                             0x0800d523   Thumb Code     2  flash_if.o(.text)
    flash_pro_test                           0x0800d525   Thumb Code     2  flash_if.o(.text)
    Check_And_RunAPP                         0x0800d527   Thumb Code    44  flash_if.o(.text)
    App_SetVectorTable                       0x0800d553   Thumb Code    16  flash_if.o(.text)
    IAP_tftpd_init                           0x0800d84d   Thumb Code    54  tftpserver.o(.text)
    __2sprintf                               0x0800d8b5   Thumb Code    34  noretval__2sprintf.o(.text)
    __printf                                 0x0800d8dd   Thumb Code   106  __printf.o(.text)
    _printf_str                              0x0800d947   Thumb Code    82  _printf_str.o(.text)
    _printf_int_dec                          0x0800d999   Thumb Code   102  _printf_dec.o(.text)
    memcmp                                   0x0800da11   Thumb Code    88  memcmp.o(.text)
    strlen                                   0x0800da69   Thumb Code    62  strlen.o(.text)
    strncmp                                  0x0800daa7   Thumb Code   150  strncmp.o(.text)
    __aeabi_memcpy                           0x0800db3d   Thumb Code     0  rt_memcpy_v6.o(.text)
    __rt_memcpy                              0x0800db3d   Thumb Code   138  rt_memcpy_v6.o(.text)
    _memcpy_lastbytes                        0x0800dba3   Thumb Code     0  rt_memcpy_v6.o(.text)
    __aeabi_memcpy4                          0x0800dbc7   Thumb Code     0  rt_memcpy_w.o(.text)
    __aeabi_memcpy8                          0x0800dbc7   Thumb Code     0  rt_memcpy_w.o(.text)
    __rt_memcpy_w                            0x0800dbc7   Thumb Code   100  rt_memcpy_w.o(.text)
    _memcpy_lastbytes_aligned                0x0800dc0f   Thumb Code     0  rt_memcpy_w.o(.text)
    __aeabi_memset                           0x0800dc2b   Thumb Code    16  aeabi_memset.o(.text)
    __aeabi_memclr                           0x0800dc3b   Thumb Code     0  rt_memclr.o(.text)
    __rt_memclr                              0x0800dc3b   Thumb Code    68  rt_memclr.o(.text)
    _memset                                  0x0800dc3f   Thumb Code     0  rt_memclr.o(.text)
    __aeabi_memclr4                          0x0800dc7f   Thumb Code     0  rt_memclr_w.o(.text)
    __aeabi_memclr8                          0x0800dc7f   Thumb Code     0  rt_memclr_w.o(.text)
    __rt_memclr_w                            0x0800dc7f   Thumb Code    78  rt_memclr_w.o(.text)
    _memset_w                                0x0800dc83   Thumb Code     0  rt_memclr_w.o(.text)
    strncpy                                  0x0800dccd   Thumb Code    86  strncpy.o(.text)
    strcmp                                   0x0800dd25   Thumb Code   128  strcmpv7m.o(.text)
    __use_two_region_memory                  0x0800dda5   Thumb Code     2  heapauxi.o(.text)
    __rt_heap_escrow$2region                 0x0800dda7   Thumb Code     2  heapauxi.o(.text)
    __rt_heap_expand$2region                 0x0800dda9   Thumb Code     2  heapauxi.o(.text)
    _printf_int_common                       0x0800ddab   Thumb Code   184  _printf_intcommon.o(.text)
    _printf_char_common                      0x0800de6f   Thumb Code    32  _printf_char_common.o(.text)
    _sputc                                   0x0800de95   Thumb Code    10  _sputc.o(.text)
    _printf_cs_common                        0x0800de9f   Thumb Code    20  _printf_char.o(.text)
    _printf_char                             0x0800deb3   Thumb Code    16  _printf_char.o(.text)
    _printf_string                           0x0800dec3   Thumb Code     8  _printf_char.o(.text)
    __user_setup_stackheap                   0x0800decb   Thumb Code    74  sys_stackheap_outer.o(.text)
    exit                                     0x0800df15   Thumb Code    12  exit.o(.text)
    __user_libspace                          0x0800df21   Thumb Code     8  libspace.o(.text)
    __user_perproc_libspace                  0x0800df21   Thumb Code     0  libspace.o(.text)
    __user_perthread_libspace                0x0800df21   Thumb Code     0  libspace.o(.text)
    __rt_fp_status_addr                      0x0800df29   Thumb Code     8  rt_fp_status_addr_intlibspace.o(.text)
    _sys_exit                                0x0800df31   Thumb Code     8  sys_exit.o(.text)
    __I$use$semihosting                      0x0800df3d   Thumb Code     0  use_no_semi.o(.text)
    __use_no_semihosting_swi                 0x0800df3d   Thumb Code     2  use_no_semi.o(.text)
    __semihosting_library_function           0x0800df3f   Thumb Code     0  indicate_semi.o(.text)
    _fp_init                                 0x0800df3f   Thumb Code    14  fpinit.o(x$fpl$fpinit)
    __fplib_config_pureend_doubles           0x0800df4b   Thumb Code     0  fpinit.o(x$fpl$fpinit)
    led_row_select                           0x0800df4c   Data          34  hc595.o(.constdata)
    tcp_backoff                              0x0800e1b4   Data          13  tcp.o(.constdata)
    tcp_persist_backoff                      0x0800e1c1   Data           7  tcp.o(.constdata)
    ip_addr_any                              0x0800e1c8   Data           4  ip_addr.o(.constdata)
    ip_addr_broadcast                        0x0800e1cc   Data           4  ip_addr.o(.constdata)
    ethbroadcast                             0x0800e1d0   Data           6  etharp.o(.constdata)
    ethzero                                  0x0800e1d6   Data           6  etharp.o(.constdata)
    Evt_udp_CtrlMsg_send_Tbl_ledScreen       0x0800e1dc   Data          40  process_net.o(.constdata)
    Evt_udp_CtrlMsg_recv_Tbl                 0x0800e204   Data          56  process_net.o(.constdata)
    Evt_udp_CtrlMsg_recv_Tbl_ledScreen       0x0800e23c   Data          56  process_net.o(.constdata)
    Software_Version_V10                     0x0800e274   Data         336  process_ledscreen.o(.constdata)
    device_name                              0x0800e3c4   Data         384  process_ledscreen.o(.constdata)
    ceshizhong                               0x0800e544   Data          96  process_ledscreen.o(.constdata)
    Region$$Table$$Base                      0x0800e60c   Number         0  anon$$obj.o(Region$$Table)
    Region$$Table$$Limit                     0x0800e62c   Number         0  anon$$obj.o(Region$$Table)
    timer_flag                               0x20000000   Data           1  main.o(.data)
    refresh_flag                             0x20000001   Data           1  main.o(.data)
    timer2_flag                              0x20000002   Data           1  main.o(.data)
    Debuger                                  0x20000010   Data           4  main.o(.data)
    test                                     0x20000014   Data           2  main.o(.data)
    timer3_flag                              0x20000016   Data           1  main.o(.data)
    blank_buf                                0x20000022   Data           6  hc595.o(.data)
    DevType                                  0x2000002c   Data           1  myapp.o(.data)
    DevId                                    0x2000002d   Data           1  myapp.o(.data)
    TrainId                                  0x2000002e   Data           2  myapp.o(.data)
    AppStartTimer                            0x20000030   Data           4  myapp.o(.data)
    AppStartFlag                             0x20000034   Data           4  myapp.o(.data)
    PlayLeftFifo                             0x20000038   Data           1  myaudio.o(.data)
    pPlayLeftFifo                            0x2000003c   Data           4  myaudio.o(.data)
    PlayLeftProduceIndex                     0x20000040   Data           4  myaudio.o(.data)
    PlayLeftConsumeIndex                     0x20000044   Data           4  myaudio.o(.data)
    PlayLeftWaitFlag                         0x20000048   Data           4  myaudio.o(.data)
    PlayRightFifo                            0x2000004c   Data           1  myaudio.o(.data)
    pPlayRightFifo                           0x20000050   Data           4  myaudio.o(.data)
    PlayRightProduceIndex                    0x20000054   Data           4  myaudio.o(.data)
    PlayRightConsumeIndex                    0x20000058   Data           4  myaudio.o(.data)
    PlayRightWaitFlag                        0x2000005c   Data           4  myaudio.o(.data)
    pListenLeftFifo                          0x20000060   Data           4  myaudio.o(.data)
    ListenLeftProduceIndex                   0x20000064   Data           4  myaudio.o(.data)
    ListenLeftConsumeIndex                   0x20000068   Data           4  myaudio.o(.data)
    pListenRightFifo                         0x2000006c   Data           4  myaudio.o(.data)
    ListenRightProduceIndex                  0x20000070   Data           4  myaudio.o(.data)
    ListenRightConsumeIndex                  0x20000074   Data           4  myaudio.o(.data)
    ListenFlag                               0x20000078   Data           4  myaudio.o(.data)
    ListenEnable                             0x2000007c   Data           4  myaudio.o(.data)
    AudioPlayInfo                            0x20000080   Data           8  myaudio.o(.data)
    AudioVolume                              0x20000088   Data           4  myaudio.o(.data)
    AudioTreble                              0x2000008c   Data           4  myaudio.o(.data)
    AudioBass                                0x20000090   Data           4  myaudio.o(.data)
    AudioFrontPlayFlag                       0x20000094   Data           4  myaudio.o(.data)
    AudioBackPlayFlag                        0x20000098   Data           4  myaudio.o(.data)
    PlayClock                                0x2000009c   Data           4  myaudio.o(.data)
    PlayClockSendFlag                        0x200000a0   Data           4  myaudio.o(.data)
    EthInitStatus                            0x200000a4   Data           4  myethernet.o(.data)
    EthLinkStatus                            0x200000a8   Data           1  myethernet.o(.data)
    HttpTestAAA                              0x200000a9   Data         128  myhttpd.o(.data)
    HttpTestBBB                              0x20000129   Data         128  myhttpd.o(.data)
    DmaPlayFlag                              0x200001ac   Data           4  myi2s.o(.data)
    AllBroadIpAddr                           0x200001b4   Data           4  mylwip.o(.data)
    pUdpTestPcb                              0x200001b8   Data           4  mylwip.o(.data)
    pUdpCommanderPcb                         0x200001bc   Data           4  mylwip.o(.data)
    pUdpControlRcvPcb                        0x200001c0   Data           4  mylwip.o(.data)
    pUdpControlSendPcb                       0x200001c4   Data           4  mylwip.o(.data)
    pUdpBroadcastRcvPcb                      0x200001c8   Data           4  mylwip.o(.data)
    pUdpBroadcastSendPcb                     0x200001cc   Data           4  mylwip.o(.data)
    pUdpTalkRcvPcb                           0x200001d0   Data           4  mylwip.o(.data)
    pUdpTalkSendPcb                          0x200001d4   Data           4  mylwip.o(.data)
    pUdpPlayclkRcvPcb                        0x200001d8   Data           4  mylwip.o(.data)
    pUdpPlayclkSendPcb                       0x200001dc   Data           4  mylwip.o(.data)
    NetLocalMac                              0x200001e0   Data           6  mynet.o(.data)
    NetLocalIp                               0x200001e6   Data           4  mynet.o(.data)
    NetRouterIp                              0x200001ea   Data           4  mynet.o(.data)
    NetMaskIp                                0x200001ee   Data           4  mynet.o(.data)
    NetShowIp                                0x200001f2   Data           4  mynet.o(.data)
    pNetReceiveBuf                           0x200001f8   Data           4  mynet.o(.data)
    NetReceiveBufSize                        0x200001fc   Data           4  mynet.o(.data)
    pNetSendBuf                              0x20000200   Data           4  mynet.o(.data)
    NetSendBufSize                           0x20000204   Data           4  mynet.o(.data)
    NetStartingFlag                          0x20000208   Data           4  mynet.o(.data)
    NetListenSendFlag                        0x2000020c   Data           4  mynet.o(.data)
    ProtocolLocalInfo                        0x20000214   Data           8  myprotocol.o(.data)
    ProtocolBroadInfo                        0x2000021c   Data           8  myprotocol.o(.data)
    StorageInfoSaveFlag                      0x20000224   Data           4  mystorage.o(.data)
    MyTmCnt10                                0x20000228   Data           4  mytimer.o(.data)
    MyTmCnt20                                0x2000022c   Data           4  mytimer.o(.data)
    MyTmCnt50                                0x20000230   Data           4  mytimer.o(.data)
    MyTmCnt100                               0x20000234   Data           4  mytimer.o(.data)
    MyTmCnt500                               0x20000238   Data           4  mytimer.o(.data)
    MyTmCnt1000                              0x2000023c   Data           4  mytimer.o(.data)
    MyTmCnt2000                              0x20000240   Data           4  mytimer.o(.data)
    SystemCoreClock                          0x20000244   Data           4  system_stm32f2xx.o(.data)
    AHBPrescTable                            0x20000248   Data          16  system_stm32f2xx.o(.data)
    DMATxDescToSet                           0x20000258   Data           4  stm32f2x7_eth.o(.data)
    DMARxDescToGet                           0x2000025c   Data           4  stm32f2x7_eth.o(.data)
    DMA_RX_FRAME_infos                       0x20000260   Data           4  stm32f2x7_eth.o(.data)
    Frame_Rx_index                           0x20000264   Data           4  stm32f2x7_eth.o(.data)
    netif_list                               0x2000027c   Data           4  netif.o(.data)
    netif_default                            0x20000280   Data           4  netif.o(.data)
    tcp_state_str                            0x20000288   Data          44  tcp.o(.data)
    tcp_ticks                                0x200002bc   Data           4  tcp.o(.data)
    tcp_bound_pcbs                           0x200002c0   Data           4  tcp.o(.data)
    tcp_listen_pcbs                          0x200002c4   Data           4  tcp.o(.data)
    tcp_active_pcbs                          0x200002c8   Data           4  tcp.o(.data)
    tcp_tw_pcbs                              0x200002cc   Data           4  tcp.o(.data)
    tcp_tmp_pcb                              0x200002d0   Data           4  tcp.o(.data)
    tcp_input_pcb                            0x200002f4   Data           4  tcp_in.o(.data)
    udp_pcbs                                 0x200002f8   Data           4  udp.o(.data)
    current_netif                            0x20000300   Data           4  ip.o(.data)
    current_header                           0x20000304   Data           4  ip.o(.data)
    dmp_process_data                         0x20000320   Data           3  process_net.o(.data)
    dmp_run_status                           0x20000323   Data           1  process_net.o(.data)
    hled_process_data                        0x20000324   Data           2  process_net.o(.data)
    Hled_run_status                          0x20000326   Data           1  process_net.o(.data)
    pack_len                                 0x20000328   Data           2  process_net.o(.data)
    roll_col_sum_tmp                         0x2000032c   Data           2  process_ledscreen.o(.data)
    color_tmp                                0x2000032e   Data           1  process_ledscreen.o(.data)
    roll_col_num                             0x20000330   Data           2  process_ledscreen.o(.data)
    roll_speed                               0x20000332   Data           1  process_ledscreen.o(.data)
    brightness                               0x20000334   Data           2  process_ledscreen.o(.data)
    DISP_COL_TAIL                            0x20000336   Data           2  process_ledscreen.o(.data)
    DISP_COL_HEAD                            0x20000338   Data           2  process_ledscreen.o(.data)
    DIV                                      0x2000033a   Data           2  process_ledscreen.o(.data)
    FILL_COLsum_tail                         0x2000033c   Data           2  process_ledscreen.o(.data)
    FILL_COLsum_head                         0x2000033e   Data           2  process_ledscreen.o(.data)
    sel_screen_MODE                          0x20000340   Data          12  process_ledscreen.o(.data)
    SCREEN_MODE_stationID_SEL2_tbl           0x2000034c   Data          48  process_ledscreen.o(.data)
    screen_mode_disp_tbl                     0x2000037c   Data          48  process_ledscreen.o(.data)
    screen_mode_set_tbl                      0x200003ac   Data          48  process_ledscreen.o(.data)
    mode_index_tbl                           0x200003dc   Data           4  process_ledscreen.o(.data)
    prog_flag                                0x200003f0   Data           4  flash_if.o(.data)
    Jump_To_Application                      0x200003f4   Data           4  flash_if.o(.data)
    Jump_To_iapPROG                          0x200003f8   Data           4  flash_if.o(.data)
    JumpAddress                              0x200003fc   Data           4  flash_if.o(.data)
    red_CN                                   0x2000040c   Data         288  hc595.o(.bss)
    green_CN                                 0x2000052c   Data         288  hc595.o(.bss)
    red_EN                                   0x2000064c   Data         144  hc595.o(.bss)
    green_EN                                 0x200006dc   Data         144  hc595.o(.bss)
    ListenLeftFifo                           0x2000076c   Data        4096  myaudio.o(.bss)
    ListenRightFifo                          0x2000176c   Data        4096  myaudio.o(.bss)
    OutStr                                   0x2000276c   Data         256  mycommander.o(.bss)
    HttpTest                                 0x2000286c   Data        1024  myhttpd.o(.bss)
    DmaPlayMem0                              0x20002c6c   Data        2048  myi2s.o(.bss)
    DmaPlayMem1                              0x2000346c   Data        2048  myi2s.o(.bss)
    DmaListenMem0                            0x20003c6c   Data        2048  myi2s.o(.bss)
    DmaListenMem1                            0x2000446c   Data        2048  myi2s.o(.bss)
    Netif                                    0x20004c6c   Data          52  mylwip.o(.bss)
    NetBuf                                   0x20004ca0   Data        1280  mynet.o(.bss)
    StorageInfo                              0x200051a0   Data          24  mystorage.o(.bss)
    DMARxDscrTab                             0x200051b8   Data         160  stm32f2x7_eth.o(.bss)
    DMATxDscrTab                             0x20005258   Data         160  stm32f2x7_eth.o(.bss)
    Rx_Buff                                  0x200052f8   Data        7620  stm32f2x7_eth.o(.bss)
    Tx_Buff                                  0x200070bc   Data        7620  stm32f2x7_eth.o(.bss)
    RX_Frame_Descriptor                      0x20008e80   Data          12  stm32f2x7_eth.o(.bss)
    pack_data                                0x200125b4   Data        1156  process_net.o(.bss)
    netCNDispInfo                            0x20012a38   Data        1030  process_net.o(.bss)
    netENDispInfo                            0x20012e3e   Data        1030  process_net.o(.bss)
    tmpProtocolDispInfo                      0x20013244   Data        1028  process_net.o(.bss)
    ledbuf_tmp1                              0x20013654   Data        6200  process_ledscreen.o(.bss)
    ledbuf_tmp                               0x20014e8c   Data        6200  process_ledscreen.o(.bss)
    red_tmp                                  0x200166c4   Data         288  process_ledscreen.o(.bss)
    green_tmp                                0x200167e4   Data         288  process_ledscreen.o(.bss)
    disp_param_SCREEN_MODE_softwareVersion   0x20016904   Data          10  process_ledscreen.o(.bss)
    __libspace_start                         0x20016910   Data          96  libspace.o(.bss)
    __temporary_stack_top$libspace           0x20016970   Data           0  libspace.o(.bss)



==============================================================================

Memory Map of the image

  Image Entry point : 0x08000185

  Load Region LR_IROM1 (Base: 0x08000000, Size: 0x0000ea38, Max: 0x00020000, ABSOLUTE, COMPRESSED[0x0000e730])

    Execution Region ER_IROM1 (Base: 0x08000000, Size: 0x0000e62c, Max: 0x00020000, ABSOLUTE)

    Base Addr    Size         Type   Attr      Idx    E Section Name        Object

    0x08000000   0x00000184   Data   RO          699    RESET               startup_stm32f2xx.o
    0x08000184   0x00000008   Code   RO         1488  * !!!main             c_w.l(__main.o)
    0x0800018c   0x00000034   Code   RO         1658    !!!scatter          c_w.l(__scatter.o)
    0x080001c0   0x0000005a   Code   RO         1656    !!dczerorl2         c_w.l(__dczerorl2.o)
    0x0800021a   0x00000002   PAD
    0x0800021c   0x0000001c   Code   RO         1660    !!handler_zi        c_w.l(__scatter_zi.o)
    0x08000238   0x00000000   Code   RO         1465    .ARM.Collect$$_printf_percent$$00000000  c_w.l(_printf_percent.o)
    0x08000238   0x00000006   Code   RO         1464    .ARM.Collect$$_printf_percent$$00000009  c_w.l(_printf_d.o)
    0x0800023e   0x00000006   Code   RO         1463    .ARM.Collect$$_printf_percent$$00000014  c_w.l(_printf_s.o)
    0x08000244   0x00000004   Code   RO         1499    .ARM.Collect$$_printf_percent$$00000017  c_w.l(_printf_percent_end.o)
    0x08000248   0x00000006   Code   RO         1526    .ARM.Collect$$libinit$$00000000  c_w.l(libinit.o)
    0x0800024e   0x00000000   Code   RO         1534    .ARM.Collect$$libinit$$00000006  c_w.l(libinit2.o)
    0x0800024e   0x00000000   Code   RO         1536    .ARM.Collect$$libinit$$00000008  c_w.l(libinit2.o)
    0x0800024e   0x00000000   Code   RO         1538    .ARM.Collect$$libinit$$0000000A  c_w.l(libinit2.o)
    0x0800024e   0x00000000   Code   RO         1541    .ARM.Collect$$libinit$$0000000D  c_w.l(libinit2.o)
    0x0800024e   0x00000000   Code   RO         1543    .ARM.Collect$$libinit$$0000000F  c_w.l(libinit2.o)
    0x0800024e   0x00000000   Code   RO         1545    .ARM.Collect$$libinit$$00000011  c_w.l(libinit2.o)
    0x0800024e   0x00000000   Code   RO         1547    .ARM.Collect$$libinit$$00000013  c_w.l(libinit2.o)
    0x0800024e   0x00000000   Code   RO         1549    .ARM.Collect$$libinit$$00000015  c_w.l(libinit2.o)
    0x0800024e   0x00000000   Code   RO         1551    .ARM.Collect$$libinit$$00000017  c_w.l(libinit2.o)
    0x0800024e   0x00000000   Code   RO         1553    .ARM.Collect$$libinit$$00000019  c_w.l(libinit2.o)
    0x0800024e   0x00000000   Code   RO         1555    .ARM.Collect$$libinit$$0000001B  c_w.l(libinit2.o)
    0x0800024e   0x00000000   Code   RO         1557    .ARM.Collect$$libinit$$0000001D  c_w.l(libinit2.o)
    0x0800024e   0x00000000   Code   RO         1559    .ARM.Collect$$libinit$$0000001F  c_w.l(libinit2.o)
    0x0800024e   0x00000000   Code   RO         1561    .ARM.Collect$$libinit$$00000021  c_w.l(libinit2.o)
    0x0800024e   0x00000000   Code   RO         1565    .ARM.Collect$$libinit$$00000028  c_w.l(libinit2.o)
    0x0800024e   0x00000000   Code   RO         1567    .ARM.Collect$$libinit$$0000002A  c_w.l(libinit2.o)
    0x0800024e   0x00000000   Code   RO         1569    .ARM.Collect$$libinit$$0000002C  c_w.l(libinit2.o)
    0x0800024e   0x00000000   Code   RO         1571    .ARM.Collect$$libinit$$0000002E  c_w.l(libinit2.o)
    0x0800024e   0x00000002   Code   RO         1572    .ARM.Collect$$libinit$$0000002F  c_w.l(libinit2.o)
    0x08000250   0x00000002   Code   RO         1597    .ARM.Collect$$libshutdown$$00000000  c_w.l(libshutdown.o)
    0x08000252   0x00000000   Code   RO         1611    .ARM.Collect$$libshutdown$$00000003  c_w.l(libshutdown2.o)
    0x08000252   0x00000000   Code   RO         1614    .ARM.Collect$$libshutdown$$00000006  c_w.l(libshutdown2.o)
    0x08000252   0x00000000   Code   RO         1617    .ARM.Collect$$libshutdown$$00000009  c_w.l(libshutdown2.o)
    0x08000252   0x00000000   Code   RO         1619    .ARM.Collect$$libshutdown$$0000000B  c_w.l(libshutdown2.o)
    0x08000252   0x00000000   Code   RO         1622    .ARM.Collect$$libshutdown$$0000000E  c_w.l(libshutdown2.o)
    0x08000252   0x00000002   Code   RO         1623    .ARM.Collect$$libshutdown$$0000000F  c_w.l(libshutdown2.o)
    0x08000254   0x00000000   Code   RO         1490    .ARM.Collect$$rtentry$$00000000  c_w.l(rtentry.o)
    0x08000254   0x00000000   Code   RO         1501    .ARM.Collect$$rtentry$$00000002  c_w.l(rtentry2.o)
    0x08000254   0x00000006   Code   RO         1513    .ARM.Collect$$rtentry$$00000004  c_w.l(rtentry4.o)
    0x0800025a   0x00000000   Code   RO         1503    .ARM.Collect$$rtentry$$00000009  c_w.l(rtentry2.o)
    0x0800025a   0x00000004   Code   RO         1504    .ARM.Collect$$rtentry$$0000000A  c_w.l(rtentry2.o)
    0x0800025e   0x00000000   Code   RO         1506    .ARM.Collect$$rtentry$$0000000C  c_w.l(rtentry2.o)
    0x0800025e   0x00000008   Code   RO         1507    .ARM.Collect$$rtentry$$0000000D  c_w.l(rtentry2.o)
    0x08000266   0x00000002   Code   RO         1530    .ARM.Collect$$rtexit$$00000000  c_w.l(rtexit.o)
    0x08000268   0x00000000   Code   RO         1576    .ARM.Collect$$rtexit$$00000002  c_w.l(rtexit2.o)
    0x08000268   0x00000004   Code   RO         1577    .ARM.Collect$$rtexit$$00000003  c_w.l(rtexit2.o)
    0x0800026c   0x00000006   Code   RO         1578    .ARM.Collect$$rtexit$$00000004  c_w.l(rtexit2.o)
    0x08000272   0x00000002   PAD
    0x08000274   0x00000020   Code   RO          686    .emb_text           core_cm3.o
    0x08000294   0x00000194   Code   RO            1    .text               main.o
    0x08000428   0x0000003e   Code   RO          232    .text               mem_str.o
    0x08000466   0x00000002   PAD
    0x08000468   0x00000118   Code   RO          251    .text               p_sys.o
    0x08000580   0x00000298   Code   RO          265    .text               hc595.o
    0x08000818   0x000000c0   Code   RO          285    .text               myapp.o
    0x080008d8   0x00000258   Code   RO          303    .text               myaudio.o
    0x08000b30   0x000003ec   Code   RO          331    .text               myboard.o
    0x08000f1c   0x000003b4   Code   RO          346    .text               mycommander.o
    0x080012d0   0x00000178   Code   RO          362    .text               myethernet.o
    0x08001448   0x000002d4   Code   RO          392    .text               myhttpd.o
    0x0800171c   0x000003dc   Code   RO          499    .text               myi2c.o
    0x08001af8   0x00000622   Code   RO          511    .text               myi2s.o
    0x0800211a   0x00000002   PAD
    0x0800211c   0x00000584   Code   RO          530    .text               mylwip.o
    0x080026a0   0x0000038c   Code   RO          549    .text               mymiscfunc.o
    0x08002a2c   0x00000400   Code   RO          561    .text               mynet.o
    0x08002e2c   0x000002f0   Code   RO          584    .text               myprotocol.o
    0x0800311c   0x000001f4   Code   RO          606    .text               mystorage.o
    0x08003310   0x00000130   Code   RO          637    .text               mytimer.o
    0x08003440   0x0000002c   Code   RO          659    .text               stm32f2xx_it.o
    0x0800346c   0x000000ec   Code   RO          674    .text               bsp_dev_id.o
    0x08003558   0x00000040   Code   RO          700    .text               startup_stm32f2xx.o
    0x08003598   0x000001d8   Code   RO          704    .text               system_stm32f2xx.o
    0x08003770   0x00000e9c   Code   RO          722    .text               stm32f2x7_eth.o
    0x0800460c   0x00000378   Code   RO          839    .text               mem.o
    0x08004984   0x000000b4   Code   RO          854    .text               memp.o
    0x08004a38   0x00000214   Code   RO          884    .text               netif.o
    0x08004c4c   0x000005ea   Code   RO          906    .text               pbuf.o
    0x08005236   0x00000002   PAD
    0x08005238   0x000001b0   Code   RO          921    .text               raw.o
    0x080053e8   0x00000c60   Code   RO          947    .text               tcp.o
    0x08006048   0x00001320   Code   RO          968    .text               tcp_in.o
    0x08007368   0x00000b14   Code   RO          991    .text               tcp_out.o
    0x08007e7c   0x000003fc   Code   RO         1003    .text               udp.o
    0x08008278   0x00000424   Code   RO         1021    .text               autoip.o
    0x0800869c   0x0000021c   Code   RO         1033    .text               icmp.o
    0x080088b8   0x0000024c   Code   RO         1051    .text               inet.o
    0x08008b04   0x0000016e   Code   RO         1064    .text               inet_chksum.o
    0x08008c72   0x00000002   PAD
    0x08008c74   0x00000318   Code   RO         1083    .text               ip.o
    0x08008f8c   0x0000004e   Code   RO         1104    .text               ip_addr.o
    0x08008fda   0x00000002   PAD
    0x08008fdc   0x00000628   Code   RO         1126    .text               ip_frag.o
    0x08009604   0x000009d0   Code   RO         1141    .text               etharp.o
    0x08009fd4   0x000001fc   Code   RO         1182    .text               ethernetif.o
    0x0800a1d0   0x00000108   Code   RO         1195    .text               misc.o
    0x0800a2d8   0x000003d8   Code   RO         1219    .text               stm32f2xx_dma.o
    0x0800a6b0   0x000004cc   Code   RO         1243    .text               stm32f2xx_flash.o
    0x0800ab7c   0x000002b0   Code   RO         1255    .text               stm32f2xx_gpio.o
    0x0800ae2c   0x0000048c   Code   RO         1267    .text               stm32f2xx_i2c.o
    0x0800b2b8   0x000005d0   Code   RO         1291    .text               stm32f2xx_rcc.o
    0x0800b888   0x000003dc   Code   RO         1305    .text               stm32f2xx_spi.o
    0x0800bc64   0x000000ac   Code   RO         1317    .text               stm32f2xx_syscfg.o
    0x0800bd10   0x00000978   Code   RO         1359    .text               process_net.o
    0x0800c688   0x000009e8   Code   RO         1379    .text               process_ledscreen.o
    0x0800d070   0x00000508   Code   RO         1399    .text               flash_if.o
    0x0800d578   0x0000033c   Code   RO         1414    .text               tftpserver.o
    0x0800d8b4   0x00000028   Code   RO         1435    .text               c_w.l(noretval__2sprintf.o)
    0x0800d8dc   0x0000006a   Code   RO         1437    .text               c_w.l(__printf.o)
    0x0800d946   0x00000052   Code   RO         1439    .text               c_w.l(_printf_str.o)
    0x0800d998   0x00000078   Code   RO         1441    .text               c_w.l(_printf_dec.o)
    0x0800da10   0x00000058   Code   RO         1466    .text               c_w.l(memcmp.o)
    0x0800da68   0x0000003e   Code   RO         1468    .text               c_w.l(strlen.o)
    0x0800daa6   0x00000096   Code   RO         1470    .text               c_w.l(strncmp.o)
    0x0800db3c   0x0000008a   Code   RO         1472    .text               c_w.l(rt_memcpy_v6.o)
    0x0800dbc6   0x00000064   Code   RO         1474    .text               c_w.l(rt_memcpy_w.o)
    0x0800dc2a   0x00000010   Code   RO         1476    .text               c_w.l(aeabi_memset.o)
    0x0800dc3a   0x00000044   Code   RO         1478    .text               c_w.l(rt_memclr.o)
    0x0800dc7e   0x0000004e   Code   RO         1480    .text               c_w.l(rt_memclr_w.o)
    0x0800dccc   0x00000056   Code   RO         1482    .text               c_w.l(strncpy.o)
    0x0800dd22   0x00000002   PAD
    0x0800dd24   0x00000080   Code   RO         1484    .text               c_w.l(strcmpv7m.o)
    0x0800dda4   0x00000006   Code   RO         1486    .text               c_w.l(heapauxi.o)
    0x0800ddaa   0x000000b8   Code   RO         1491    .text               c_w.l(_printf_intcommon.o)
    0x0800de62   0x00000002   PAD
    0x0800de64   0x00000030   Code   RO         1493    .text               c_w.l(_printf_char_common.o)
    0x0800de94   0x0000000a   Code   RO         1495    .text               c_w.l(_sputc.o)
    0x0800de9e   0x0000002c   Code   RO         1497    .text               c_w.l(_printf_char.o)
    0x0800deca   0x0000004a   Code   RO         1517    .text               c_w.l(sys_stackheap_outer.o)
    0x0800df14   0x0000000c   Code   RO         1519    .text               c_w.l(exit.o)
    0x0800df20   0x00000008   Code   RO         1527    .text               c_w.l(libspace.o)
    0x0800df28   0x00000008   Code   RO         1585    .text               c_w.l(rt_fp_status_addr_intlibspace.o)
    0x0800df30   0x0000000c   Code   RO         1589    .text               c_w.l(sys_exit.o)
    0x0800df3c   0x00000002   Code   RO         1600    .text               c_w.l(use_no_semi.o)
    0x0800df3e   0x00000000   Code   RO         1602    .text               c_w.l(indicate_semi.o)
    0x0800df3e   0x0000000e   Code   RO         1573    x$fpl$fpinit        fz_ws.l(fpinit.o)
    0x0800df4c   0x00000022   Data   RO          267    .constdata          hc595.o
    0x0800df6e   0x00000002   PAD
    0x0800df70   0x000000d6   Data   RO          348    .constdata          mycommander.o
    0x0800e046   0x00000002   PAD
    0x0800e048   0x00000147   Data   RO          394    .constdata          myhttpd.o
    0x0800e18f   0x00000001   PAD
    0x0800e190   0x00000024   Data   RO          856    .constdata          memp.o
    0x0800e1b4   0x00000014   Data   RO          948    .constdata          tcp.o
    0x0800e1c8   0x00000008   Data   RO         1105    .constdata          ip_addr.o
    0x0800e1d0   0x0000000c   Data   RO         1143    .constdata          etharp.o
    0x0800e1dc   0x00000098   Data   RO         1361    .constdata          process_net.o
    0x0800e274   0x00000330   Data   RO         1381    .constdata          process_ledscreen.o
    0x0800e5a4   0x00000068   Data   RO          949    .conststring        tcp.o
    0x0800e60c   0x00000020   Data   RO         1654    Region$$Table       anon$$obj.o


    Execution Region RW_IRAM1 (Base: 0x20000000, Size: 0x00016f70, Max: 0x00020000, ABSOLUTE, COMPRESSED[0x00000104])

    Base Addr    Size         Type   Attr      Idx    E Section Name        Object

    0x20000000   0x00000017   Data   RW            2    .data               main.o
    0x20000017   0x00000001   PAD
    0x20000018   0x0000000a   Data   RW          252    .data               p_sys.o
    0x20000022   0x00000007   Data   RW          268    .data               hc595.o
    0x20000029   0x00000003   PAD
    0x2000002c   0x0000000c   Data   RW          286    .data               myapp.o
    0x20000038   0x0000006c   Data   RW          305    .data               myaudio.o
    0x200000a4   0x00000005   Data   RW          363    .data               myethernet.o
    0x200000a9   0x00000100   Data   RW          395    .data               myhttpd.o
    0x200001a9   0x00000003   PAD
    0x200001ac   0x00000004   Data   RW          513    .data               myi2s.o
    0x200001b0   0x00000030   Data   RW          532    .data               mylwip.o
    0x200001e0   0x00000030   Data   RW          563    .data               mynet.o
    0x20000210   0x00000014   Data   RW          585    .data               myprotocol.o
    0x20000224   0x00000004   Data   RW          608    .data               mystorage.o
    0x20000228   0x0000001c   Data   RW          638    .data               mytimer.o
    0x20000244   0x00000014   Data   RW          705    .data               system_stm32f2xx.o
    0x20000258   0x00000010   Data   RW          724    .data               stm32f2x7_eth.o
    0x20000268   0x0000000d   Data   RW          841    .data               mem.o
    0x20000275   0x00000003   PAD
    0x20000278   0x0000000c   Data   RW          885    .data               netif.o
    0x20000284   0x00000004   Data   RW          922    .data               raw.o
    0x20000288   0x0000004d   Data   RW          950    .data               tcp.o
    0x200002d5   0x00000003   PAD
    0x200002d8   0x00000020   Data   RW          970    .data               tcp_in.o
    0x200002f8   0x00000004   Data   RW         1004    .data               udp.o
    0x200002fc   0x0000000c   Data   RW         1084    .data               ip.o
    0x20000308   0x00000006   Data   RW         1128    .data               ip_frag.o
    0x2000030e   0x00000001   Data   RW         1144    .data               etharp.o
    0x2000030f   0x00000010   Data   RW         1292    .data               stm32f2xx_rcc.o
    0x2000031f   0x00000001   PAD
    0x20000320   0x0000000a   Data   RW         1362    .data               process_net.o
    0x2000032a   0x00000002   PAD
    0x2000032c   0x000000c1   Data   RW         1382    .data               process_ledscreen.o
    0x200003ed   0x00000003   PAD
    0x200003f0   0x00000010   Data   RW         1400    .data               flash_if.o
    0x20000400   0x0000000c   Data   RW         1415    .data               tftpserver.o
    0x2000040c   0x00000360   Zero   RW          266    .bss                hc595.o
    0x2000076c   0x00002000   Zero   RW          304    .bss                myaudio.o
    0x2000276c   0x00000100   Zero   RW          347    .bss                mycommander.o
    0x2000286c   0x00000400   Zero   RW          393    .bss                myhttpd.o
    0x20002c6c   0x00002000   Zero   RW          512    .bss                myi2s.o
    0x20004c6c   0x00000034   Zero   RW          531    .bss                mylwip.o
    0x20004ca0   0x00000500   Zero   RW          562    .bss                mynet.o
    0x200051a0   0x00000018   Zero   RW          607    .bss                mystorage.o
    0x200051b8   0x00003cd4   Zero   RW          723    .bss                stm32f2x7_eth.o
    0x20008e8c   0x00002814   Zero   RW          840    .bss                mem.o
    0x2000b6a0   0x00006847   Zero   RW          855    .bss                memp.o
    0x20011ee7   0x00000001   PAD
    0x20011ee8   0x00000014   Zero   RW          969    .bss                tcp_in.o
    0x20011efc   0x00000010   Zero   RW         1052    .bss                inet.o
    0x20011f0c   0x000005e0   Zero   RW         1127    .bss                ip_frag.o
    0x200124ec   0x000000c8   Zero   RW         1142    .bss                etharp.o
    0x200125b4   0x00001094   Zero   RW         1360    .bss                process_net.o
    0x20013648   0x000032c6   Zero   RW         1380    .bss                process_ledscreen.o
    0x2001690e   0x00000002   PAD
    0x20016910   0x00000060   Zero   RW         1528    .bss                c_w.l(libspace.o)
    0x20016970   0x00000200   Zero   RW          698    HEAP                startup_stm32f2xx.o
    0x20016b70   0x00000400   Zero   RW          697    STACK               startup_stm32f2xx.o


==============================================================================

Image component sizes


      Code (inc. data)   RO Data    RW Data    ZI Data      Debug   Object Name

      1060         34          0          0          0       4434   autoip.o
       236          8          0          0          0       1099   bsp_dev_id.o
        32          0          0          0          0        560   core_cm3.o
      2512         24         12          1        200       9826   etharp.o
       508         40          0          0          0       2928   ethernetif.o
      1288         76          0         16          0       5588   flash_if.o
       664         34         34          7        864       2317   hc595.o
       540          0          0          0          0       2610   icmp.o
       588         10          0          0         16       3260   inet.o
       366          0          0          0          0       5318   inet_chksum.o
         0          0          0          0          0       5170   init.o
       792         20          0         12          0       5926   ip.o
        78          0          8          0          0       5481   ip_addr.o
      1576         18          0          6       1504       5920   ip_frag.o
       404         46          0         23          0     306859   main.o
       888         20          0         13      10260       3722   mem.o
        62          0          0          0          0       1218   mem_str.o
       180         18         36          0      26695       2938   memp.o
       264         30          0          0          0       1845   misc.o
       192         20          0         12          0       1715   myapp.o
       600         88          0        108       8192       4035   myaudio.o
      1004         20          0          0          0       2413   myboard.o
       948        244        214          0        256       2832   mycommander.o
       376         16          0          5          0       1261   myethernet.o
       724        100        327        256       1024      26929   myhttpd.o
       988         26          0          0          0       3095   myi2c.o
      1570        100          0          4       8192       5015   myi2s.o
      1412         96          0         48         52       7640   mylwip.o
       908          6          0          0          0       4620   mymiscfunc.o
      1024         72          0         48       1280      22613   mynet.o
       752         30          0         20          0       7404   myprotocol.o
       500         32          0          4         24       2387   mystorage.o
       304         40          0         28          0      18895   mytimer.o
       532         22          0         12          0       5444   netif.o
       280         28          0         10          0       1634   p_sys.o
      1514          0          0          0          0       5888   pbuf.o
      2536        184        816        193      12998      10024   process_ledscreen.o
      2424        124        152         10       4244      12381   process_net.o
       432          6          0          4          0       3493   raw.o
        64         26        388          0       1536        788   startup_stm32f2xx.o
      3740        100          0         16      15572      19924   stm32f2x7_eth.o
       984         50          0          0          0       6385   stm32f2xx_dma.o
      1228         68          0          0          0       6969   stm32f2xx_flash.o
       688         36          0          0          0       4005   stm32f2xx_gpio.o
      1164         26          0          0          0       8163   stm32f2xx_i2c.o
        44          0          0          0          0       1383   stm32f2xx_it.o
      1488        158          0         16          0      11043   stm32f2xx_rcc.o
       988         20          0          0          0       6400   stm32f2xx_spi.o
       172         22          0          0          0       1535   stm32f2xx_syscfg.o
       472         52          0         20          0       1715   system_stm32f2xx.o
      3168        108        124         77          0      18152   tcp.o
      4896        210          0         32         20      13292   tcp_in.o
      2836         14          0          0          0       7162   tcp_out.o
       828         50          0         12          0       5785   tftpserver.o
      1020          8          0          4          0       6401   udp.o

    ----------------------------------------------------------------------
     54848       2580       2148       1036      92932     645839   Object Totals
         0          0         32          0          0          0   (incl. Generated)
        10          0          5         19          3          0   (incl. Padding)

    ----------------------------------------------------------------------

      Code (inc. data)   RO Data    RW Data    ZI Data      Debug   Library Member Name

        90          0          0          0          0          0   __dczerorl2.o
         8          0          0          0          0         68   __main.o
       106          0          0          0          0         84   __printf.o
        52          8          0          0          0          0   __scatter.o
        28          0          0          0          0          0   __scatter_zi.o
        44          0          0          0          0        108   _printf_char.o
        48          6          0          0          0         96   _printf_char_common.o
         6          0          0          0          0          0   _printf_d.o
       120         18          0          0          0         92   _printf_dec.o
       184          0          0          0          0         88   _printf_intcommon.o
         0          0          0          0          0          0   _printf_percent.o
         4          0          0          0          0          0   _printf_percent_end.o
         6          0          0          0          0          0   _printf_s.o
        82          0          0          0          0         80   _printf_str.o
        10          0          0          0          0         68   _sputc.o
        16          0          0          0          0         68   aeabi_memset.o
        12          0          0          0          0         72   exit.o
         6          0          0          0          0        152   heapauxi.o
         0          0          0          0          0          0   indicate_semi.o
         6          0          0          0          0          0   libinit.o
         2          0          0          0          0          0   libinit2.o
         2          0          0          0          0          0   libshutdown.o
         2          0          0          0          0          0   libshutdown2.o
         8          4          0          0         96         68   libspace.o
        88          0          0          0          0         76   memcmp.o
        40          6          0          0          0         84   noretval__2sprintf.o
         8          4          0          0          0         68   rt_fp_status_addr_intlibspace.o
        68          0          0          0          0         68   rt_memclr.o
        78          0          0          0          0         80   rt_memclr_w.o
       138          0          0          0          0         68   rt_memcpy_v6.o
       100          0          0          0          0         80   rt_memcpy_w.o
         0          0          0          0          0          0   rtentry.o
        12          0          0          0          0          0   rtentry2.o
         6          0          0          0          0          0   rtentry4.o
         2          0          0          0          0          0   rtexit.o
        10          0          0          0          0          0   rtexit2.o
       128          0          0          0          0         68   strcmpv7m.o
        62          0          0          0          0         76   strlen.o
       150          0          0          0          0         80   strncmp.o
        86          0          0          0          0         76   strncpy.o
        12          4          0          0          0         68   sys_exit.o
        74          0          0          0          0         80   sys_stackheap_outer.o
         2          0          0          0          0         68   use_no_semi.o
        14          0          0          0          0         76   fpinit.o

    ----------------------------------------------------------------------
      1928         50          0          0         96       2160   Library Totals
         8          0          0          0          0          0   (incl. Padding)

    ----------------------------------------------------------------------

      Code (inc. data)   RO Data    RW Data    ZI Data      Debug   Library Name

      1906         50          0          0         96       2084   c_w.l
        14          0          0          0          0         76   fz_ws.l

    ----------------------------------------------------------------------
      1928         50          0          0         96       2160   Library Totals

    ----------------------------------------------------------------------

==============================================================================


      Code (inc. data)   RO Data    RW Data    ZI Data      Debug   

     56776       2630       2148       1036      93028     641395   Grand Totals
     56776       2630       2148        260      93028     641395   ELF Image Totals (compressed)
     56776       2630       2148        260          0          0   ROM Totals

==============================================================================

    Total RO  Size (Code + RO Data)                58924 (  57.54kB)
    Total RW  Size (RW Data + ZI Data)             94064 (  91.86kB)
    Total ROM Size (Code + RO Data + RW Data)      59184 (  57.80kB)

==============================================================================

